2016-02-25 21:46:10.248 2728 INFO cinder.api.openstack.wsgi [req-3776e0aa-ac4c-4de5-955d-779650baa9c3 8b01dff85bb640f5ac72eb634117d3f1 802906d526ed42e8a5980f390847fa87 - - -] GET http://192.168.0.10:8776/v2/802906d526ed42e8a5980f390847fa87/os-volume-transfer/detail
2016-02-25 21:46:10.257 2728 INFO cinder.api.openstack.wsgi [req-3776e0aa-ac4c-4de5-955d-779650baa9c3 8b01dff85bb640f5ac72eb634117d3f1 802906d526ed42e8a5980f390847fa87 - - -] http://192.168.0.10:8776/v2/802906d526ed42e8a5980f390847fa87/os-volume-transfer/detail returned with HTTP 200
2016-02-25 21:46:10.258 2728 INFO eventlet.wsgi.server [req-3776e0aa-ac4c-4de5-955d-779650baa9c3 8b01dff85bb640f5ac72eb634117d3f1 802906d526ed42e8a5980f390847fa87 - - -] 192.168.0.10 - - [25/Feb/2016 21:46:10] "GET /v2/802906d526ed42e8a5980f390847fa87/os-volume-transfer/detail HTTP/1.1" 200 279 0.016516
2016-02-25 21:46:10.265 2728 INFO eventlet.wsgi.server [-] (2728) accepted ('192.168.0.10', 46250)
2016-02-25 21:46:10.271 2728 INFO cinder.api.openstack.wsgi [req-dbdb7f52-62b9-4ec8-aef0-be576d14fa59 8b01dff85bb640f5ac72eb634117d3f1 802906d526ed42e8a5980f390847fa87 - - -] GET http://192.168.0.10:8776/v2/802906d526ed42e8a5980f390847fa87/volumes/detail
2016-02-25 21:46:10.330 2728 INFO cinder.api.openstack.wsgi [req-dbdb7f52-62b9-4ec8-aef0-be576d14fa59 8b01dff85bb640f5ac72eb634117d3f1 802906d526ed42e8a5980f390847fa87 - - -] http://192.168.0.10:8776/v2/802906d526ed42e8a5980f390847fa87/volumes/detail returned with HTTP 200
2016-02-25 21:46:10.331 2728 INFO eventlet.wsgi.server [req-dbdb7f52-62b9-4ec8-aef0-be576d14fa59 8b01dff85bb640f5ac72eb634117d3f1 802906d526ed42e8a5980f390847fa87 - - -] 192.168.0.10 - - [25/Feb/2016 21:46:10] "GET /v2/802906d526ed42e8a5980f390847fa87/volumes/detail HTTP/1.1" 200 1201 0.064594
2016-02-25 21:46:10.623 2728 INFO eventlet.wsgi.server [-] (2728) accepted ('192.168.0.10', 46252)
2016-02-25 21:46:10.641 2728 INFO cinder.api.openstack.wsgi [req-fbafca2a-2325-4434-b891-faa3d2c96e01 8b01dff85bb640f5ac72eb634117d3f1 802906d526ed42e8a5980f390847fa87 - - -] GET http://192.168.0.10:8776/v2/802906d526ed42e8a5980f390847fa87/snapshots/detail
2016-02-25 21:46:10.670 2728 INFO cinder.api.openstack.wsgi [req-fbafca2a-2325-4434-b891-faa3d2c96e01 8b01dff85bb640f5ac72eb634117d3f1 802906d526ed42e8a5980f390847fa87 - - -] http://192.168.0.10:8776/v2/802906d526ed42e8a5980f390847fa87/snapshots/detail returned with HTTP 200
2016-02-25 21:46:10.672 2728 INFO eventlet.wsgi.server [req-fbafca2a-2325-4434-b891-faa3d2c96e01 8b01dff85bb640f5ac72eb634117d3f1 802906d526ed42e8a5980f390847fa87 - - -] 192.168.0.10 - - [25/Feb/2016 21:46:10] "GET /v2/802906d526ed42e8a5980f390847fa87/snapshots/detail HTTP/1.1" 200 279 0.044918
2016-02-25 21:46:10.770 2728 INFO eventlet.wsgi.server [-] (2728) accepted ('192.168.0.10', 46254)
2016-02-25 21:46:10.780 2728 INFO cinder.api.openstack.wsgi [req-c8bc7e8a-771c-460d-9333-f88453cecc7e 8b01dff85bb640f5ac72eb634117d3f1 802906d526ed42e8a5980f390847fa87 - - -] GET http://192.168.0.10:8776/v2/802906d526ed42e8a5980f390847fa87/limits
2016-02-25 21:46:10.842 2728 INFO cinder.api.openstack.wsgi [req-75104340-7f7b-431d-b799-4ebde43963e2 - - - - -] http://192.168.0.10:8776/v2/802906d526ed42e8a5980f390847fa87/limits returned with HTTP 200
2016-02-25 21:46:10.844 2728 INFO eventlet.wsgi.server [req-75104340-7f7b-431d-b799-4ebde43963e2 - - - - -] 192.168.0.10 - - [25/Feb/2016 21:46:10] "GET /v2/802906d526ed42e8a5980f390847fa87/limits HTTP/1.1" 200 565 0.070487
2016-02-25 21:46:12.374 2728 INFO eventlet.wsgi.server [-] (2728) accepted ('192.168.0.10', 46255)
2016-02-25 21:46:12.383 2728 INFO cinder.api.openstack.wsgi [req-0ca7d54d-9315-4006-9b72-4c0d076bc928 8b01dff85bb640f5ac72eb634117d3f1 802906d526ed42e8a5980f390847fa87 - - -] GET http://192.168.0.10:8776/v2/802906d526ed42e8a5980f390847fa87/volumes/4c67fd2e-c8e7-4af4-832e-085b77e6d3a6
2016-02-25 21:46:12.582 2728 INFO cinder.api.openstack.wsgi [req-0ca7d54d-9315-4006-9b72-4c0d076bc928 8b01dff85bb640f5ac72eb634117d3f1 802906d526ed42e8a5980f390847fa87 - - -] http://192.168.0.10:8776/v2/802906d526ed42e8a5980f390847fa87/volumes/4c67fd2e-c8e7-4af4-832e-085b77e6d3a6 returned with HTTP 200
2016-02-25 21:46:12.583 2728 INFO eventlet.wsgi.server [req-0ca7d54d-9315-4006-9b72-4c0d076bc928 8b01dff85bb640f5ac72eb634117d3f1 802906d526ed42e8a5980f390847fa87 - - -] 192.168.0.10 - - [25/Feb/2016 21:46:12] "GET /v2/802906d526ed42e8a5980f390847fa87/volumes/4c67fd2e-c8e7-4af4-832e-085b77e6d3a6 HTTP/1.1" 200 1199 0.203816
2016-02-25 21:46:12.617 2725 INFO eventlet.wsgi.server [-] (2725) accepted ('192.168.0.10', 46256)
2016-02-25 21:46:12.633 2725 INFO cinder.api.openstack.wsgi [req-b93d7d11-a8d8-446c-aa37-ae8f8a498dbe 8b01dff85bb640f5ac72eb634117d3f1 802906d526ed42e8a5980f390847fa87 - - -] GET http://192.168.0.10:8776/v2/802906d526ed42e8a5980f390847fa87/limits
2016-02-25 21:46:12.701 2725 INFO cinder.api.openstack.wsgi [req-670da504-b18f-4c9a-a996-65a862d2170d - - - - -] http://192.168.0.10:8776/v2/802906d526ed42e8a5980f390847fa87/limits returned with HTTP 200
2016-02-25 21:46:12.703 2725 INFO eventlet.wsgi.server [req-670da504-b18f-4c9a-a996-65a862d2170d - - - - -] 192.168.0.10 - - [25/Feb/2016 21:46:12] "GET /v2/802906d526ed42e8a5980f390847fa87/limits HTTP/1.1" 200 565 0.081910
2016-02-25 21:46:32.907 2727 INFO eventlet.wsgi.server [-] (2727) accepted ('192.168.0.10', 46270)
2016-02-25 21:46:32.941 2727 INFO cinder.api.openstack.wsgi [req-eed32f8d-c7aa-4e0a-b36e-b5c029a5ef16 8b01dff85bb640f5ac72eb634117d3f1 802906d526ed42e8a5980f390847fa87 - - -] GET http://192.168.0.10:8776/v2/802906d526ed42e8a5980f390847fa87/volumes/4c67fd2e-c8e7-4af4-832e-085b77e6d3a6
2016-02-25 21:46:33.167 2727 INFO cinder.api.openstack.wsgi [req-eed32f8d-c7aa-4e0a-b36e-b5c029a5ef16 8b01dff85bb640f5ac72eb634117d3f1 802906d526ed42e8a5980f390847fa87 - - -] http://192.168.0.10:8776/v2/802906d526ed42e8a5980f390847fa87/volumes/4c67fd2e-c8e7-4af4-832e-085b77e6d3a6 returned with HTTP 200
2016-02-25 21:46:33.169 2727 INFO eventlet.wsgi.server [req-eed32f8d-c7aa-4e0a-b36e-b5c029a5ef16 8b01dff85bb640f5ac72eb634117d3f1 802906d526ed42e8a5980f390847fa87 - - -] 192.168.0.10 - - [25/Feb/2016 21:46:33] "GET /v2/802906d526ed42e8a5980f390847fa87/volumes/4c67fd2e-c8e7-4af4-832e-085b77e6d3a6 HTTP/1.1" 200 1199 0.238980
2016-02-25 21:46:40.282 2730 INFO eventlet.wsgi.server [-] (2730) accepted ('192.168.0.10', 46281)
2016-02-25 21:46:40.296 2730 INFO cinder.api.openstack.wsgi [req-273ffed5-3fe7-4fd9-9bd9-d371b891ef88 8b01dff85bb640f5ac72eb634117d3f1 802906d526ed42e8a5980f390847fa87 - - -] GET http://192.168.0.10:8776/v2/802906d526ed42e8a5980f390847fa87/volumes/4c67fd2e-c8e7-4af4-832e-085b77e6d3a6
2016-02-25 21:46:40.476 2730 INFO cinder.api.openstack.wsgi [req-273ffed5-3fe7-4fd9-9bd9-d371b891ef88 8b01dff85bb640f5ac72eb634117d3f1 802906d526ed42e8a5980f390847fa87 - - -] http://192.168.0.10:8776/v2/802906d526ed42e8a5980f390847fa87/volumes/4c67fd2e-c8e7-4af4-832e-085b77e6d3a6 returned with HTTP 200
2016-02-25 21:46:40.478 2730 INFO eventlet.wsgi.server [req-273ffed5-3fe7-4fd9-9bd9-d371b891ef88 8b01dff85bb640f5ac72eb634117d3f1 802906d526ed42e8a5980f390847fa87 - - -] 192.168.0.10 - - [25/Feb/2016 21:46:40] "GET /v2/802906d526ed42e8a5980f390847fa87/volumes/4c67fd2e-c8e7-4af4-832e-085b77e6d3a6 HTTP/1.1" 200 1199 0.190540
2016-02-25 21:46:40.774 2730 INFO eventlet.wsgi.server [-] (2730) accepted ('192.168.0.10', 46284)
2016-02-25 21:46:40.779 2730 INFO cinder.api.openstack.wsgi [req-a4af463a-ce74-464d-9e59-ba90588ec1e5 8b01dff85bb640f5ac72eb634117d3f1 802906d526ed42e8a5980f390847fa87 - - -] GET http://192.168.0.10:8776/v2/802906d526ed42e8a5980f390847fa87/volumes/4c67fd2e-c8e7-4af4-832e-085b77e6d3a6
2016-02-25 21:46:40.968 2730 INFO cinder.api.openstack.wsgi [req-a4af463a-ce74-464d-9e59-ba90588ec1e5 8b01dff85bb640f5ac72eb634117d3f1 802906d526ed42e8a5980f390847fa87 - - -] http://192.168.0.10:8776/v2/802906d526ed42e8a5980f390847fa87/volumes/4c67fd2e-c8e7-4af4-832e-085b77e6d3a6 returned with HTTP 200
2016-02-25 21:46:40.970 2730 INFO eventlet.wsgi.server [req-a4af463a-ce74-464d-9e59-ba90588ec1e5 8b01dff85bb640f5ac72eb634117d3f1 802906d526ed42e8a5980f390847fa87 - - -] 192.168.0.10 - - [25/Feb/2016 21:46:40] "GET /v2/802906d526ed42e8a5980f390847fa87/volumes/4c67fd2e-c8e7-4af4-832e-085b77e6d3a6 HTTP/1.1" 200 1199 0.194801
2016-02-25 21:46:40.980 2730 INFO cinder.api.openstack.wsgi [req-cbf72190-a45d-4e85-b754-8ec9e5597c08 8b01dff85bb640f5ac72eb634117d3f1 802906d526ed42e8a5980f390847fa87 - - -] POST http://192.168.0.10:8776/v2/802906d526ed42e8a5980f390847fa87/volumes/4c67fd2e-c8e7-4af4-832e-085b77e6d3a6/action
2016-02-25 21:46:41.179 2730 INFO cinder.api.openstack.wsgi [req-cbf72190-a45d-4e85-b754-8ec9e5597c08 8b01dff85bb640f5ac72eb634117d3f1 802906d526ed42e8a5980f390847fa87 - - -] http://192.168.0.10:8776/v2/802906d526ed42e8a5980f390847fa87/volumes/4c67fd2e-c8e7-4af4-832e-085b77e6d3a6/action returned with HTTP 202
2016-02-25 21:46:41.181 2730 INFO eventlet.wsgi.server [req-cbf72190-a45d-4e85-b754-8ec9e5597c08 8b01dff85bb640f5ac72eb634117d3f1 802906d526ed42e8a5980f390847fa87 - - -] 192.168.0.10 - - [25/Feb/2016 21:46:41] "POST /v2/802906d526ed42e8a5980f390847fa87/volumes/4c67fd2e-c8e7-4af4-832e-085b77e6d3a6/action HTTP/1.1" 202 211 0.204811
2016-02-25 21:46:41.205 2725 INFO eventlet.wsgi.server [-] (2725) accepted ('192.168.0.10', 46285)
2016-02-25 21:46:41.221 2725 INFO cinder.api.openstack.wsgi [req-4bdc89bf-4de6-4b00-bd99-14e51a7dc8c8 8b01dff85bb640f5ac72eb634117d3f1 802906d526ed42e8a5980f390847fa87 - - -] GET http://192.168.0.10:8776/v2/802906d526ed42e8a5980f390847fa87/volumes/4c67fd2e-c8e7-4af4-832e-085b77e6d3a6
2016-02-25 21:46:41.222 2728 INFO cinder.api.openstack.wsgi [req-9bc970bf-d027-41e4-a85b-053f9a768a95 8b01dff85bb640f5ac72eb634117d3f1 802906d526ed42e8a5980f390847fa87 - - -] GET http://192.168.0.10:8776/v2/802906d526ed42e8a5980f390847fa87/volumes/4c67fd2e-c8e7-4af4-832e-085b77e6d3a6
2016-02-25 21:46:41.435 2728 INFO cinder.api.openstack.wsgi [req-9bc970bf-d027-41e4-a85b-053f9a768a95 8b01dff85bb640f5ac72eb634117d3f1 802906d526ed42e8a5980f390847fa87 - - -] http://192.168.0.10:8776/v2/802906d526ed42e8a5980f390847fa87/volumes/4c67fd2e-c8e7-4af4-832e-085b77e6d3a6 returned with HTTP 200
2016-02-25 21:46:41.438 2728 INFO eventlet.wsgi.server [req-9bc970bf-d027-41e4-a85b-053f9a768a95 8b01dff85bb640f5ac72eb634117d3f1 802906d526ed42e8a5980f390847fa87 - - -] 192.168.0.12 - - [25/Feb/2016 21:46:41] "GET /v2/802906d526ed42e8a5980f390847fa87/volumes/4c67fd2e-c8e7-4af4-832e-085b77e6d3a6 HTTP/1.1" 200 1199 0.229273
2016-02-25 21:46:41.450 2728 INFO cinder.api.openstack.wsgi [req-2c123f5e-c01f-4c74-bd1c-ad090d144e83 8b01dff85bb640f5ac72eb634117d3f1 802906d526ed42e8a5980f390847fa87 - - -] POST http://192.168.0.10:8776/v2/802906d526ed42e8a5980f390847fa87/volumes/4c67fd2e-c8e7-4af4-832e-085b77e6d3a6/action
2016-02-25 21:46:41.496 2725 INFO cinder.api.openstack.wsgi [req-4bdc89bf-4de6-4b00-bd99-14e51a7dc8c8 8b01dff85bb640f5ac72eb634117d3f1 802906d526ed42e8a5980f390847fa87 - - -] http://192.168.0.10:8776/v2/802906d526ed42e8a5980f390847fa87/volumes/4c67fd2e-c8e7-4af4-832e-085b77e6d3a6 returned with HTTP 200
2016-02-25 21:46:41.498 2725 INFO eventlet.wsgi.server [req-4bdc89bf-4de6-4b00-bd99-14e51a7dc8c8 8b01dff85bb640f5ac72eb634117d3f1 802906d526ed42e8a5980f390847fa87 - - -] 192.168.0.10 - - [25/Feb/2016 21:46:41] "GET /v2/802906d526ed42e8a5980f390847fa87/volumes/4c67fd2e-c8e7-4af4-832e-085b77e6d3a6 HTTP/1.1" 200 1199 0.289000
2016-02-25 21:46:42.023 2728 INFO eventlet.wsgi.server [-] (2728) accepted ('192.168.0.10', 46286)
2016-02-25 21:46:42.032 2728 INFO cinder.api.openstack.wsgi [req-cea03703-1942-4173-9ab7-c51c9e657cdb 8b01dff85bb640f5ac72eb634117d3f1 802906d526ed42e8a5980f390847fa87 - - -] GET http://192.168.0.10:8776/v2/802906d526ed42e8a5980f390847fa87/os-volume-transfer/detail
2016-02-25 21:46:42.041 2728 INFO cinder.api.openstack.wsgi [req-cea03703-1942-4173-9ab7-c51c9e657cdb 8b01dff85bb640f5ac72eb634117d3f1 802906d526ed42e8a5980f390847fa87 - - -] http://192.168.0.10:8776/v2/802906d526ed42e8a5980f390847fa87/os-volume-transfer/detail returned with HTTP 200
2016-02-25 21:46:42.042 2728 INFO eventlet.wsgi.server [req-cea03703-1942-4173-9ab7-c51c9e657cdb 8b01dff85bb640f5ac72eb634117d3f1 802906d526ed42e8a5980f390847fa87 - - -] 192.168.0.10 - - [25/Feb/2016 21:46:42] "GET /v2/802906d526ed42e8a5980f390847fa87/os-volume-transfer/detail HTTP/1.1" 200 279 0.017255
2016-02-25 21:46:42.049 2727 INFO eventlet.wsgi.server [-] (2727) accepted ('192.168.0.10', 46287)
2016-02-25 21:46:42.066 2727 INFO cinder.api.openstack.wsgi [req-1574d434-3090-4203-94dd-ecabcb0c3aa5 8b01dff85bb640f5ac72eb634117d3f1 802906d526ed42e8a5980f390847fa87 - - -] GET http://192.168.0.10:8776/v2/802906d526ed42e8a5980f390847fa87/volumes/detail
2016-02-25 21:46:42.330 2727 INFO cinder.api.openstack.wsgi [req-1574d434-3090-4203-94dd-ecabcb0c3aa5 8b01dff85bb640f5ac72eb634117d3f1 802906d526ed42e8a5980f390847fa87 - - -] http://192.168.0.10:8776/v2/802906d526ed42e8a5980f390847fa87/volumes/detail returned with HTTP 200
2016-02-25 21:46:42.332 2727 INFO eventlet.wsgi.server [req-1574d434-3090-4203-94dd-ecabcb0c3aa5 8b01dff85bb640f5ac72eb634117d3f1 802906d526ed42e8a5980f390847fa87 - - -] 192.168.0.10 - - [25/Feb/2016 21:46:42] "GET /v2/802906d526ed42e8a5980f390847fa87/volumes/detail HTTP/1.1" 200 1202 0.278242
2016-02-25 21:46:42.556 2730 INFO eventlet.wsgi.server [-] (2730) accepted ('192.168.0.10', 46289)
2016-02-25 21:46:42.568 2730 INFO cinder.api.openstack.wsgi [req-c23ac572-92b9-474b-914c-52afcfede85d 8b01dff85bb640f5ac72eb634117d3f1 802906d526ed42e8a5980f390847fa87 - - -] GET http://192.168.0.10:8776/v2/802906d526ed42e8a5980f390847fa87/snapshots/detail
2016-02-25 21:46:42.587 2730 INFO cinder.api.openstack.wsgi [req-c23ac572-92b9-474b-914c-52afcfede85d 8b01dff85bb640f5ac72eb634117d3f1 802906d526ed42e8a5980f390847fa87 - - -] http://192.168.0.10:8776/v2/802906d526ed42e8a5980f390847fa87/snapshots/detail returned with HTTP 200
2016-02-25 21:46:42.589 2730 INFO eventlet.wsgi.server [req-c23ac572-92b9-474b-914c-52afcfede85d 8b01dff85bb640f5ac72eb634117d3f1 802906d526ed42e8a5980f390847fa87 - - -] 192.168.0.10 - - [25/Feb/2016 21:46:42] "GET /v2/802906d526ed42e8a5980f390847fa87/snapshots/detail HTTP/1.1" 200 279 0.029086
2016-02-25 21:46:42.708 2728 INFO eventlet.wsgi.server [-] (2728) accepted ('192.168.0.10', 46291)
2016-02-25 21:46:42.715 2728 INFO cinder.api.openstack.wsgi [req-8d04d298-3db8-4e69-a66a-b9f3e404d84c 8b01dff85bb640f5ac72eb634117d3f1 802906d526ed42e8a5980f390847fa87 - - -] GET http://192.168.0.10:8776/v2/802906d526ed42e8a5980f390847fa87/limits
2016-02-25 21:46:42.775 2728 INFO cinder.api.openstack.wsgi [req-73a03876-3ee4-4861-8ef3-ece6af114296 - - - - -] http://192.168.0.10:8776/v2/802906d526ed42e8a5980f390847fa87/limits returned with HTTP 200
2016-02-25 21:46:42.777 2728 INFO eventlet.wsgi.server [req-73a03876-3ee4-4861-8ef3-ece6af114296 - - - - -] 192.168.0.10 - - [25/Feb/2016 21:46:42] "GET /v2/802906d526ed42e8a5980f390847fa87/limits HTTP/1.1" 200 565 0.067130
2016-02-25 21:46:44.187 2727 INFO eventlet.wsgi.server [-] (2727) accepted ('192.168.0.10', 46292)
2016-02-25 21:46:44.194 2727 INFO cinder.api.openstack.wsgi [req-c9d165ba-3fcb-4dce-85e6-0a2591c2ed06 8b01dff85bb640f5ac72eb634117d3f1 802906d526ed42e8a5980f390847fa87 - - -] GET http://192.168.0.10:8776/v2/802906d526ed42e8a5980f390847fa87/volumes/4c67fd2e-c8e7-4af4-832e-085b77e6d3a6
2016-02-25 21:46:44.393 2727 INFO cinder.api.openstack.wsgi [req-c9d165ba-3fcb-4dce-85e6-0a2591c2ed06 8b01dff85bb640f5ac72eb634117d3f1 802906d526ed42e8a5980f390847fa87 - - -] http://192.168.0.10:8776/v2/802906d526ed42e8a5980f390847fa87/volumes/4c67fd2e-c8e7-4af4-832e-085b77e6d3a6 returned with HTTP 200
2016-02-25 21:46:44.395 2727 INFO eventlet.wsgi.server [req-c9d165ba-3fcb-4dce-85e6-0a2591c2ed06 8b01dff85bb640f5ac72eb634117d3f1 802906d526ed42e8a5980f390847fa87 - - -] 192.168.0.10 - - [25/Feb/2016 21:46:44] "GET /v2/802906d526ed42e8a5980f390847fa87/volumes/4c67fd2e-c8e7-4af4-832e-085b77e6d3a6 HTTP/1.1" 200 1199 0.205279
2016-02-25 21:46:44.414 2727 INFO eventlet.wsgi.server [-] (2727) accepted ('192.168.0.10', 46293)
2016-02-25 21:46:44.421 2727 INFO cinder.api.openstack.wsgi [req-a507b67e-0f5d-4ce2-9657-63cfd5dfaded 8b01dff85bb640f5ac72eb634117d3f1 802906d526ed42e8a5980f390847fa87 - - -] GET http://192.168.0.10:8776/v2/802906d526ed42e8a5980f390847fa87/limits
2016-02-25 21:46:44.476 2727 INFO cinder.api.openstack.wsgi [req-fbf2909d-0ac8-4d17-b314-c7891e341294 - - - - -] http://192.168.0.10:8776/v2/802906d526ed42e8a5980f390847fa87/limits returned with HTTP 200
2016-02-25 21:46:44.478 2727 INFO eventlet.wsgi.server [req-fbf2909d-0ac8-4d17-b314-c7891e341294 - - - - -] 192.168.0.10 - - [25/Feb/2016 21:46:44] "GET /v2/802906d526ed42e8a5980f390847fa87/limits HTTP/1.1" 200 565 0.062345
2016-02-25 21:46:44.873 2728 INFO cinder.api.openstack.wsgi [req-2c123f5e-c01f-4c74-bd1c-ad090d144e83 8b01dff85bb640f5ac72eb634117d3f1 802906d526ed42e8a5980f390847fa87 - - -] http://192.168.0.10:8776/v2/802906d526ed42e8a5980f390847fa87/volumes/4c67fd2e-c8e7-4af4-832e-085b77e6d3a6/action returned with HTTP 200
2016-02-25 21:46:44.875 2728 INFO eventlet.wsgi.server [req-2c123f5e-c01f-4c74-bd1c-ad090d144e83 8b01dff85bb640f5ac72eb634117d3f1 802906d526ed42e8a5980f390847fa87 - - -] 192.168.0.12 - - [25/Feb/2016 21:46:44] "POST /v2/802906d526ed42e8a5980f390847fa87/volumes/4c67fd2e-c8e7-4af4-832e-085b77e6d3a6/action HTTP/1.1" 200 709 3.429968
2016-02-25 21:46:47.361 2728 INFO cinder.api.openstack.wsgi [req-f8304a6e-b1fe-4b06-a179-1af8d6c89e1d 8b01dff85bb640f5ac72eb634117d3f1 802906d526ed42e8a5980f390847fa87 - - -] POST http://192.168.0.10:8776/v2/802906d526ed42e8a5980f390847fa87/volumes/4c67fd2e-c8e7-4af4-832e-085b77e6d3a6/action
2016-02-25 21:46:47.487 2730 INFO eventlet.wsgi.server [-] (2730) accepted ('192.168.0.10', 46294)
2016-02-25 21:46:47.492 2730 INFO cinder.api.openstack.wsgi [req-b96fc056-7eff-4c6e-87b6-5608b3f8a847 8b01dff85bb640f5ac72eb634117d3f1 802906d526ed42e8a5980f390847fa87 - - -] GET http://192.168.0.10:8776/v2/802906d526ed42e8a5980f390847fa87/volumes/4c67fd2e-c8e7-4af4-832e-085b77e6d3a6
2016-02-25 21:46:47.872 2730 INFO cinder.api.openstack.wsgi [req-b96fc056-7eff-4c6e-87b6-5608b3f8a847 8b01dff85bb640f5ac72eb634117d3f1 802906d526ed42e8a5980f390847fa87 - - -] http://192.168.0.10:8776/v2/802906d526ed42e8a5980f390847fa87/volumes/4c67fd2e-c8e7-4af4-832e-085b77e6d3a6 returned with HTTP 200
2016-02-25 21:46:47.874 2730 INFO eventlet.wsgi.server [req-b96fc056-7eff-4c6e-87b6-5608b3f8a847 8b01dff85bb640f5ac72eb634117d3f1 802906d526ed42e8a5980f390847fa87 - - -] 192.168.0.10 - - [25/Feb/2016 21:46:47] "GET /v2/802906d526ed42e8a5980f390847fa87/volumes/4c67fd2e-c8e7-4af4-832e-085b77e6d3a6 HTTP/1.1" 200 1199 0.385550
2016-02-25 21:46:47.894 2725 INFO eventlet.wsgi.server [-] (2725) accepted ('192.168.0.10', 46295)
2016-02-25 21:46:47.908 2725 INFO cinder.api.openstack.wsgi [req-5d810341-7639-4335-b855-2f9babda3fb3 8b01dff85bb640f5ac72eb634117d3f1 802906d526ed42e8a5980f390847fa87 - - -] GET http://192.168.0.10:8776/v2/802906d526ed42e8a5980f390847fa87/limits
2016-02-25 21:46:47.959 2725 INFO cinder.api.openstack.wsgi [req-8d76d595-dbee-49b3-82fc-f56c49b5ac79 - - - - -] http://192.168.0.10:8776/v2/802906d526ed42e8a5980f390847fa87/limits returned with HTTP 200
2016-02-25 21:46:47.961 2725 INFO eventlet.wsgi.server [req-8d76d595-dbee-49b3-82fc-f56c49b5ac79 - - - - -] 192.168.0.10 - - [25/Feb/2016 21:46:47] "GET /v2/802906d526ed42e8a5980f390847fa87/limits HTTP/1.1" 200 565 0.062201
2016-02-25 21:46:48.318 2728 INFO cinder.api.openstack.wsgi [req-f8304a6e-b1fe-4b06-a179-1af8d6c89e1d 8b01dff85bb640f5ac72eb634117d3f1 802906d526ed42e8a5980f390847fa87 - - -] http://192.168.0.10:8776/v2/802906d526ed42e8a5980f390847fa87/volumes/4c67fd2e-c8e7-4af4-832e-085b77e6d3a6/action returned with HTTP 202
2016-02-25 21:46:48.319 2728 INFO eventlet.wsgi.server [req-f8304a6e-b1fe-4b06-a179-1af8d6c89e1d 8b01dff85bb640f5ac72eb634117d3f1 802906d526ed42e8a5980f390847fa87 - - -] 192.168.0.12 - - [25/Feb/2016 21:46:48] "POST /v2/802906d526ed42e8a5980f390847fa87/volumes/4c67fd2e-c8e7-4af4-832e-085b77e6d3a6/action HTTP/1.1" 202 211 0.963271
2016-02-25 21:46:53.502 2727 INFO eventlet.wsgi.server [-] (2727) accepted ('192.168.0.10', 46368)
2016-02-25 21:46:53.525 2727 INFO cinder.api.openstack.wsgi [req-e5910d70-692c-475e-b086-03dac79cd46f 8b01dff85bb640f5ac72eb634117d3f1 802906d526ed42e8a5980f390847fa87 - - -] GET http://192.168.0.10:8776/v2/802906d526ed42e8a5980f390847fa87/volumes/4c67fd2e-c8e7-4af4-832e-085b77e6d3a6
2016-02-25 21:46:53.733 2727 INFO cinder.api.openstack.wsgi [req-e5910d70-692c-475e-b086-03dac79cd46f 8b01dff85bb640f5ac72eb634117d3f1 802906d526ed42e8a5980f390847fa87 - - -] http://192.168.0.10:8776/v2/802906d526ed42e8a5980f390847fa87/volumes/4c67fd2e-c8e7-4af4-832e-085b77e6d3a6 returned with HTTP 200
2016-02-25 21:46:53.734 2727 INFO eventlet.wsgi.server [req-e5910d70-692c-475e-b086-03dac79cd46f 8b01dff85bb640f5ac72eb634117d3f1 802906d526ed42e8a5980f390847fa87 - - -] 192.168.0.10 - - [25/Feb/2016 21:46:53] "GET /v2/802906d526ed42e8a5980f390847fa87/volumes/4c67fd2e-c8e7-4af4-832e-085b77e6d3a6 HTTP/1.1" 200 1489 0.225128
2016-02-25 21:46:54.124 2727 INFO eventlet.wsgi.server [-] (2727) accepted ('192.168.0.10', 46371)
2016-02-25 21:46:54.130 2727 INFO cinder.api.openstack.wsgi [req-776c713d-c604-4bf8-bec8-22c06f411547 8b01dff85bb640f5ac72eb634117d3f1 802906d526ed42e8a5980f390847fa87 - - -] GET http://192.168.0.10:8776/v2/802906d526ed42e8a5980f390847fa87/limits
2016-02-25 21:46:54.183 2727 INFO cinder.api.openstack.wsgi [req-81ed6846-7c36-4c4f-84bc-e2e964aaafab - - - - -] http://192.168.0.10:8776/v2/802906d526ed42e8a5980f390847fa87/limits returned with HTTP 200
2016-02-25 21:46:54.185 2727 INFO eventlet.wsgi.server [req-81ed6846-7c36-4c4f-84bc-e2e964aaafab - - - - -] 192.168.0.10 - - [25/Feb/2016 21:46:54] "GET /v2/802906d526ed42e8a5980f390847fa87/limits HTTP/1.1" 200 565 0.058549
2016-02-25 21:49:27.328 2728 INFO eventlet.wsgi.server [-] (2728) accepted ('192.168.0.10', 46402)
2016-02-25 21:49:27.342 2728 INFO cinder.api.openstack.wsgi [req-71bdb8e6-c1bf-425e-a9ea-17db8a41aa28 8b01dff85bb640f5ac72eb634117d3f1 802906d526ed42e8a5980f390847fa87 - - -] GET http://192.168.0.10:8776/v2/802906d526ed42e8a5980f390847fa87/snapshots/detail
2016-02-25 21:49:27.360 2728 INFO cinder.api.openstack.wsgi [req-71bdb8e6-c1bf-425e-a9ea-17db8a41aa28 8b01dff85bb640f5ac72eb634117d3f1 802906d526ed42e8a5980f390847fa87 - - -] http://192.168.0.10:8776/v2/802906d526ed42e8a5980f390847fa87/snapshots/detail returned with HTTP 200
2016-02-25 21:49:27.361 2728 INFO eventlet.wsgi.server [req-71bdb8e6-c1bf-425e-a9ea-17db8a41aa28 8b01dff85bb640f5ac72eb634117d3f1 802906d526ed42e8a5980f390847fa87 - - -] 192.168.0.10 - - [25/Feb/2016 21:49:27] "GET /v2/802906d526ed42e8a5980f390847fa87/snapshots/detail HTTP/1.1" 200 279 0.027143
2016-02-25 21:49:27.367 2728 INFO eventlet.wsgi.server [-] (2728) accepted ('192.168.0.10', 46403)
2016-02-25 21:49:27.376 2728 INFO cinder.api.openstack.wsgi [req-cad576a8-9e31-455e-9823-b08cf1d8e487 8b01dff85bb640f5ac72eb634117d3f1 802906d526ed42e8a5980f390847fa87 - - -] GET http://192.168.0.10:8776/v2/802906d526ed42e8a5980f390847fa87/os-volume-transfer/detail
2016-02-25 21:49:27.385 2728 INFO cinder.api.openstack.wsgi [req-cad576a8-9e31-455e-9823-b08cf1d8e487 8b01dff85bb640f5ac72eb634117d3f1 802906d526ed42e8a5980f390847fa87 - - -] http://192.168.0.10:8776/v2/802906d526ed42e8a5980f390847fa87/os-volume-transfer/detail returned with HTTP 200
2016-02-25 21:49:27.387 2728 INFO eventlet.wsgi.server [req-cad576a8-9e31-455e-9823-b08cf1d8e487 8b01dff85bb640f5ac72eb634117d3f1 802906d526ed42e8a5980f390847fa87 - - -] 192.168.0.10 - - [25/Feb/2016 21:49:27] "GET /v2/802906d526ed42e8a5980f390847fa87/os-volume-transfer/detail HTTP/1.1" 200 279 0.018288
2016-02-25 21:49:27.392 2728 INFO eventlet.wsgi.server [-] (2728) accepted ('192.168.0.10', 46404)
2016-02-25 21:49:27.397 2728 INFO cinder.api.openstack.wsgi [req-4a6f64d0-27b9-4c9d-8e48-0d842c4552ee 8b01dff85bb640f5ac72eb634117d3f1 802906d526ed42e8a5980f390847fa87 - - -] GET http://192.168.0.10:8776/v2/802906d526ed42e8a5980f390847fa87/volumes/detail
2016-02-25 21:49:27.454 2728 INFO cinder.api.openstack.wsgi [req-4a6f64d0-27b9-4c9d-8e48-0d842c4552ee 8b01dff85bb640f5ac72eb634117d3f1 802906d526ed42e8a5980f390847fa87 - - -] http://192.168.0.10:8776/v2/802906d526ed42e8a5980f390847fa87/volumes/detail returned with HTTP 200
2016-02-25 21:49:27.455 2728 INFO eventlet.wsgi.server [req-4a6f64d0-27b9-4c9d-8e48-0d842c4552ee 8b01dff85bb640f5ac72eb634117d3f1 802906d526ed42e8a5980f390847fa87 - - -] 192.168.0.10 - - [25/Feb/2016 21:49:27] "GET /v2/802906d526ed42e8a5980f390847fa87/volumes/detail HTTP/1.1" 200 1492 0.061958
2016-02-25 21:49:34.847 2730 INFO eventlet.wsgi.server [-] (2730) accepted ('192.168.0.10', 46408)
2016-02-25 21:49:34.862 2730 INFO cinder.api.openstack.wsgi [req-c9ed52c0-5c6c-4090-8cfc-f01dfbfba235 8b01dff85bb640f5ac72eb634117d3f1 802906d526ed42e8a5980f390847fa87 - - -] GET http://192.168.0.10:8776/v2/802906d526ed42e8a5980f390847fa87/volumes/4c67fd2e-c8e7-4af4-832e-085b77e6d3a6
2016-02-25 21:49:35.052 2730 INFO cinder.api.openstack.wsgi [req-c9ed52c0-5c6c-4090-8cfc-f01dfbfba235 8b01dff85bb640f5ac72eb634117d3f1 802906d526ed42e8a5980f390847fa87 - - -] http://192.168.0.10:8776/v2/802906d526ed42e8a5980f390847fa87/volumes/4c67fd2e-c8e7-4af4-832e-085b77e6d3a6 returned with HTTP 200
2016-02-25 21:49:35.053 2730 INFO eventlet.wsgi.server [req-c9ed52c0-5c6c-4090-8cfc-f01dfbfba235 8b01dff85bb640f5ac72eb634117d3f1 802906d526ed42e8a5980f390847fa87 - - -] 192.168.0.10 - - [25/Feb/2016 21:49:35] "GET /v2/802906d526ed42e8a5980f390847fa87/volumes/4c67fd2e-c8e7-4af4-832e-085b77e6d3a6 HTTP/1.1" 200 1489 0.199990
2016-02-25 21:49:42.063 2728 INFO eventlet.wsgi.server [-] (2728) accepted ('192.168.0.10', 46418)
2016-02-25 21:49:42.081 2728 INFO cinder.api.openstack.wsgi [req-ff21c570-78d4-406c-ad0b-51f739504f5c 8b01dff85bb640f5ac72eb634117d3f1 802906d526ed42e8a5980f390847fa87 - - -] GET http://192.168.0.10:8776/v2/802906d526ed42e8a5980f390847fa87/volumes/4c67fd2e-c8e7-4af4-832e-085b77e6d3a6
2016-02-25 21:49:42.248 2728 INFO cinder.api.openstack.wsgi [req-ff21c570-78d4-406c-ad0b-51f739504f5c 8b01dff85bb640f5ac72eb634117d3f1 802906d526ed42e8a5980f390847fa87 - - -] http://192.168.0.10:8776/v2/802906d526ed42e8a5980f390847fa87/volumes/4c67fd2e-c8e7-4af4-832e-085b77e6d3a6 returned with HTTP 200
2016-02-25 21:49:42.250 2728 INFO eventlet.wsgi.server [req-ff21c570-78d4-406c-ad0b-51f739504f5c 8b01dff85bb640f5ac72eb634117d3f1 802906d526ed42e8a5980f390847fa87 - - -] 192.168.0.10 - - [25/Feb/2016 21:49:42] "GET /v2/802906d526ed42e8a5980f390847fa87/volumes/4c67fd2e-c8e7-4af4-832e-085b77e6d3a6 HTTP/1.1" 200 1489 0.183173
2016-02-25 21:49:42.885 2728 INFO eventlet.wsgi.server [-] (2728) accepted ('192.168.0.10', 46422)
2016-02-25 21:49:42.891 2728 INFO cinder.api.openstack.wsgi [req-e7726a1d-9902-42f1-a832-2d01423c5478 8b01dff85bb640f5ac72eb634117d3f1 802906d526ed42e8a5980f390847fa87 - - -] GET http://192.168.0.10:8776/v2/802906d526ed42e8a5980f390847fa87/volumes/4c67fd2e-c8e7-4af4-832e-085b77e6d3a6
2016-02-25 21:49:43.043 2728 INFO cinder.api.openstack.wsgi [req-e7726a1d-9902-42f1-a832-2d01423c5478 8b01dff85bb640f5ac72eb634117d3f1 802906d526ed42e8a5980f390847fa87 - - -] http://192.168.0.10:8776/v2/802906d526ed42e8a5980f390847fa87/volumes/4c67fd2e-c8e7-4af4-832e-085b77e6d3a6 returned with HTTP 200
2016-02-25 21:49:43.045 2728 INFO eventlet.wsgi.server [req-e7726a1d-9902-42f1-a832-2d01423c5478 8b01dff85bb640f5ac72eb634117d3f1 802906d526ed42e8a5980f390847fa87 - - -] 192.168.0.10 - - [25/Feb/2016 21:49:43] "GET /v2/802906d526ed42e8a5980f390847fa87/volumes/4c67fd2e-c8e7-4af4-832e-085b77e6d3a6 HTTP/1.1" 200 1489 0.158046
2016-02-25 21:49:43.060 2728 INFO cinder.api.openstack.wsgi [req-a5c3411c-43c6-4d82-8c1f-4c9c9c6e166d 8b01dff85bb640f5ac72eb634117d3f1 802906d526ed42e8a5980f390847fa87 - - -] POST http://192.168.0.10:8776/v2/802906d526ed42e8a5980f390847fa87/volumes/4c67fd2e-c8e7-4af4-832e-085b77e6d3a6/action
2016-02-25 21:49:43.325 2728 INFO cinder.api.openstack.wsgi [req-a5c3411c-43c6-4d82-8c1f-4c9c9c6e166d 8b01dff85bb640f5ac72eb634117d3f1 802906d526ed42e8a5980f390847fa87 - - -] http://192.168.0.10:8776/v2/802906d526ed42e8a5980f390847fa87/volumes/4c67fd2e-c8e7-4af4-832e-085b77e6d3a6/action returned with HTTP 202
2016-02-25 21:49:43.327 2728 INFO eventlet.wsgi.server [req-a5c3411c-43c6-4d82-8c1f-4c9c9c6e166d 8b01dff85bb640f5ac72eb634117d3f1 802906d526ed42e8a5980f390847fa87 - - -] 192.168.0.10 - - [25/Feb/2016 21:49:43] "POST /v2/802906d526ed42e8a5980f390847fa87/volumes/4c67fd2e-c8e7-4af4-832e-085b77e6d3a6/action HTTP/1.1" 202 211 0.269575
2016-02-25 21:49:43.781 2725 INFO eventlet.wsgi.server [-] (2725) accepted ('192.168.0.10', 46423)
2016-02-25 21:49:43.800 2725 INFO cinder.api.openstack.wsgi [req-f00ecd34-0628-4637-8a2e-e899989592f8 8b01dff85bb640f5ac72eb634117d3f1 802906d526ed42e8a5980f390847fa87 - - -] GET http://192.168.0.10:8776/v2/802906d526ed42e8a5980f390847fa87/os-volume-transfer/detail
2016-02-25 21:49:43.817 2725 INFO cinder.api.openstack.wsgi [req-f00ecd34-0628-4637-8a2e-e899989592f8 8b01dff85bb640f5ac72eb634117d3f1 802906d526ed42e8a5980f390847fa87 - - -] http://192.168.0.10:8776/v2/802906d526ed42e8a5980f390847fa87/os-volume-transfer/detail returned with HTTP 200
2016-02-25 21:49:43.818 2725 INFO eventlet.wsgi.server [req-f00ecd34-0628-4637-8a2e-e899989592f8 8b01dff85bb640f5ac72eb634117d3f1 802906d526ed42e8a5980f390847fa87 - - -] 192.168.0.10 - - [25/Feb/2016 21:49:43] "GET /v2/802906d526ed42e8a5980f390847fa87/os-volume-transfer/detail HTTP/1.1" 200 279 0.032027
2016-02-25 21:49:43.827 2725 INFO eventlet.wsgi.server [-] (2725) accepted ('192.168.0.10', 46424)
2016-02-25 21:49:43.844 2725 INFO cinder.api.openstack.wsgi [req-e910522f-520c-44b7-a521-74bfe36622e5 8b01dff85bb640f5ac72eb634117d3f1 802906d526ed42e8a5980f390847fa87 - - -] GET http://192.168.0.10:8776/v2/802906d526ed42e8a5980f390847fa87/volumes/detail
2016-02-25 21:49:43.910 2725 INFO cinder.api.openstack.wsgi [req-e910522f-520c-44b7-a521-74bfe36622e5 8b01dff85bb640f5ac72eb634117d3f1 802906d526ed42e8a5980f390847fa87 - - -] http://192.168.0.10:8776/v2/802906d526ed42e8a5980f390847fa87/volumes/detail returned with HTTP 200
2016-02-25 21:49:43.911 2725 INFO eventlet.wsgi.server [req-e910522f-520c-44b7-a521-74bfe36622e5 8b01dff85bb640f5ac72eb634117d3f1 802906d526ed42e8a5980f390847fa87 - - -] 192.168.0.10 - - [25/Feb/2016 21:49:43] "GET /v2/802906d526ed42e8a5980f390847fa87/volumes/detail HTTP/1.1" 200 1495 0.082162
2016-02-25 21:49:44.219 2725 INFO eventlet.wsgi.server [-] (2725) accepted ('192.168.0.10', 46426)
2016-02-25 21:49:44.225 2725 INFO cinder.api.openstack.wsgi [req-74b2279a-bfad-4912-a9c7-a8e82c5c175a 8b01dff85bb640f5ac72eb634117d3f1 802906d526ed42e8a5980f390847fa87 - - -] GET http://192.168.0.10:8776/v2/802906d526ed42e8a5980f390847fa87/snapshots/detail
2016-02-25 21:49:44.242 2725 INFO cinder.api.openstack.wsgi [req-74b2279a-bfad-4912-a9c7-a8e82c5c175a 8b01dff85bb640f5ac72eb634117d3f1 802906d526ed42e8a5980f390847fa87 - - -] http://192.168.0.10:8776/v2/802906d526ed42e8a5980f390847fa87/snapshots/detail returned with HTTP 200
2016-02-25 21:49:44.243 2725 INFO eventlet.wsgi.server [req-74b2279a-bfad-4912-a9c7-a8e82c5c175a 8b01dff85bb640f5ac72eb634117d3f1 802906d526ed42e8a5980f390847fa87 - - -] 192.168.0.10 - - [25/Feb/2016 21:49:44] "GET /v2/802906d526ed42e8a5980f390847fa87/snapshots/detail HTTP/1.1" 200 279 0.022234
2016-02-25 21:49:44.262 2728 INFO cinder.api.openstack.wsgi [req-062812f6-b790-4f59-8e36-c77ebddff7a6 8b01dff85bb640f5ac72eb634117d3f1 802906d526ed42e8a5980f390847fa87 - - -] POST http://192.168.0.10:8776/v2/802906d526ed42e8a5980f390847fa87/volumes/4c67fd2e-c8e7-4af4-832e-085b77e6d3a6/action
2016-02-25 21:49:44.336 2730 INFO eventlet.wsgi.server [-] (2730) accepted ('192.168.0.10', 46428)
2016-02-25 21:49:44.354 2730 INFO cinder.api.openstack.wsgi [req-c2185dc5-c803-4c42-abf9-f593b5e1bd53 8b01dff85bb640f5ac72eb634117d3f1 802906d526ed42e8a5980f390847fa87 - - -] GET http://192.168.0.10:8776/v2/802906d526ed42e8a5980f390847fa87/limits
2016-02-25 21:49:44.414 2730 INFO cinder.api.openstack.wsgi [req-1fa3a715-607c-499a-a173-cb9b70272e28 - - - - -] http://192.168.0.10:8776/v2/802906d526ed42e8a5980f390847fa87/limits returned with HTTP 200
2016-02-25 21:49:44.416 2730 INFO eventlet.wsgi.server [req-1fa3a715-607c-499a-a173-cb9b70272e28 - - - - -] 192.168.0.10 - - [25/Feb/2016 21:49:44] "GET /v2/802906d526ed42e8a5980f390847fa87/limits HTTP/1.1" 200 565 0.075526
2016-02-25 21:49:45.450 2728 INFO cinder.api.openstack.wsgi [req-062812f6-b790-4f59-8e36-c77ebddff7a6 8b01dff85bb640f5ac72eb634117d3f1 802906d526ed42e8a5980f390847fa87 - - -] http://192.168.0.10:8776/v2/802906d526ed42e8a5980f390847fa87/volumes/4c67fd2e-c8e7-4af4-832e-085b77e6d3a6/action returned with HTTP 202
2016-02-25 21:49:45.452 2728 INFO eventlet.wsgi.server [req-062812f6-b790-4f59-8e36-c77ebddff7a6 8b01dff85bb640f5ac72eb634117d3f1 802906d526ed42e8a5980f390847fa87 - - -] 192.168.0.12 - - [25/Feb/2016 21:49:45] "POST /v2/802906d526ed42e8a5980f390847fa87/volumes/4c67fd2e-c8e7-4af4-832e-085b77e6d3a6/action HTTP/1.1" 202 211 1.201876
2016-02-25 21:49:45.513 2728 INFO cinder.api.openstack.wsgi [req-ea72651a-abfa-46f3-bc42-b3c3adb25043 8b01dff85bb640f5ac72eb634117d3f1 802906d526ed42e8a5980f390847fa87 - - -] POST http://192.168.0.10:8776/v2/802906d526ed42e8a5980f390847fa87/volumes/4c67fd2e-c8e7-4af4-832e-085b77e6d3a6/action
2016-02-25 21:49:45.883 2730 INFO eventlet.wsgi.server [-] (2730) accepted ('192.168.0.10', 46429)
2016-02-25 21:49:45.889 2730 INFO cinder.api.openstack.wsgi [req-7f7766da-ab7f-4d47-bf7f-8def3936d31b 8b01dff85bb640f5ac72eb634117d3f1 802906d526ed42e8a5980f390847fa87 - - -] GET http://192.168.0.10:8776/v2/802906d526ed42e8a5980f390847fa87/volumes/4c67fd2e-c8e7-4af4-832e-085b77e6d3a6
2016-02-25 21:49:46.106 2730 INFO cinder.api.openstack.wsgi [req-7f7766da-ab7f-4d47-bf7f-8def3936d31b 8b01dff85bb640f5ac72eb634117d3f1 802906d526ed42e8a5980f390847fa87 - - -] http://192.168.0.10:8776/v2/802906d526ed42e8a5980f390847fa87/volumes/4c67fd2e-c8e7-4af4-832e-085b77e6d3a6 returned with HTTP 200
2016-02-25 21:49:46.108 2730 INFO eventlet.wsgi.server [req-7f7766da-ab7f-4d47-bf7f-8def3936d31b 8b01dff85bb640f5ac72eb634117d3f1 802906d526ed42e8a5980f390847fa87 - - -] 192.168.0.10 - - [25/Feb/2016 21:49:46] "GET /v2/802906d526ed42e8a5980f390847fa87/volumes/4c67fd2e-c8e7-4af4-832e-085b77e6d3a6 HTTP/1.1" 200 1218 0.222675
2016-02-25 21:49:46.128 2727 INFO eventlet.wsgi.server [-] (2727) accepted ('192.168.0.10', 46430)
2016-02-25 21:49:46.159 2727 INFO cinder.api.openstack.wsgi [req-af4c7106-df96-49ee-a1a4-4336a4686a6a 8b01dff85bb640f5ac72eb634117d3f1 802906d526ed42e8a5980f390847fa87 - - -] GET http://192.168.0.10:8776/v2/802906d526ed42e8a5980f390847fa87/limits
2016-02-25 21:49:46.233 2727 INFO cinder.api.openstack.wsgi [req-27bf8583-a882-4712-be40-ee09530b7e92 - - - - -] http://192.168.0.10:8776/v2/802906d526ed42e8a5980f390847fa87/limits returned with HTTP 200
2016-02-25 21:49:46.235 2727 INFO eventlet.wsgi.server [req-27bf8583-a882-4712-be40-ee09530b7e92 - - - - -] 192.168.0.10 - - [25/Feb/2016 21:49:46] "GET /v2/802906d526ed42e8a5980f390847fa87/limits HTTP/1.1" 200 565 0.087357
2016-02-25 21:49:47.402 2728 INFO cinder.api.openstack.wsgi [req-ea72651a-abfa-46f3-bc42-b3c3adb25043 8b01dff85bb640f5ac72eb634117d3f1 802906d526ed42e8a5980f390847fa87 - - -] http://192.168.0.10:8776/v2/802906d526ed42e8a5980f390847fa87/volumes/4c67fd2e-c8e7-4af4-832e-085b77e6d3a6/action returned with HTTP 202
2016-02-25 21:49:47.404 2728 INFO eventlet.wsgi.server [req-ea72651a-abfa-46f3-bc42-b3c3adb25043 8b01dff85bb640f5ac72eb634117d3f1 802906d526ed42e8a5980f390847fa87 - - -] 192.168.0.12 - - [25/Feb/2016 21:49:47] "POST /v2/802906d526ed42e8a5980f390847fa87/volumes/4c67fd2e-c8e7-4af4-832e-085b77e6d3a6/action HTTP/1.1" 202 211 1.894939
2016-02-25 21:49:49.725 2728 INFO eventlet.wsgi.server [-] (2728) accepted ('192.168.0.10', 46433)
2016-02-25 21:49:49.732 2728 INFO cinder.api.openstack.wsgi [req-c52c2998-3759-4141-a927-d2b455fdefbc 8b01dff85bb640f5ac72eb634117d3f1 802906d526ed42e8a5980f390847fa87 - - -] GET http://192.168.0.10:8776/v2/802906d526ed42e8a5980f390847fa87/volumes/4c67fd2e-c8e7-4af4-832e-085b77e6d3a6
2016-02-25 21:49:49.887 2728 INFO cinder.api.openstack.wsgi [req-c52c2998-3759-4141-a927-d2b455fdefbc 8b01dff85bb640f5ac72eb634117d3f1 802906d526ed42e8a5980f390847fa87 - - -] http://192.168.0.10:8776/v2/802906d526ed42e8a5980f390847fa87/volumes/4c67fd2e-c8e7-4af4-832e-085b77e6d3a6 returned with HTTP 200
2016-02-25 21:49:49.888 2728 INFO eventlet.wsgi.server [req-c52c2998-3759-4141-a927-d2b455fdefbc 8b01dff85bb640f5ac72eb634117d3f1 802906d526ed42e8a5980f390847fa87 - - -] 192.168.0.10 - - [25/Feb/2016 21:49:49] "GET /v2/802906d526ed42e8a5980f390847fa87/volumes/4c67fd2e-c8e7-4af4-832e-085b77e6d3a6 HTTP/1.1" 200 1218 0.160996
2016-02-25 21:50:01.200 2730 INFO eventlet.wsgi.server [-] (2730) accepted ('192.168.0.10', 46436)
2016-02-25 21:50:01.211 2730 INFO cinder.api.openstack.wsgi [req-35b33855-370c-4c72-9cee-a87dae5e5fec 8b01dff85bb640f5ac72eb634117d3f1 802906d526ed42e8a5980f390847fa87 - - -] GET http://192.168.0.10:8776/v2/802906d526ed42e8a5980f390847fa87/volumes/4c67fd2e-c8e7-4af4-832e-085b77e6d3a6
2016-02-25 21:50:01.355 2730 INFO cinder.api.openstack.wsgi [req-35b33855-370c-4c72-9cee-a87dae5e5fec 8b01dff85bb640f5ac72eb634117d3f1 802906d526ed42e8a5980f390847fa87 - - -] http://192.168.0.10:8776/v2/802906d526ed42e8a5980f390847fa87/volumes/4c67fd2e-c8e7-4af4-832e-085b77e6d3a6 returned with HTTP 200
2016-02-25 21:50:01.356 2730 INFO eventlet.wsgi.server [req-35b33855-370c-4c72-9cee-a87dae5e5fec 8b01dff85bb640f5ac72eb634117d3f1 802906d526ed42e8a5980f390847fa87 - - -] 192.168.0.10 - - [25/Feb/2016 21:50:01] "GET /v2/802906d526ed42e8a5980f390847fa87/volumes/4c67fd2e-c8e7-4af4-832e-085b77e6d3a6 HTTP/1.1" 200 1218 0.152929
2016-02-25 21:50:01.572 2728 INFO eventlet.wsgi.server [-] (2728) accepted ('192.168.0.10', 46439)
2016-02-25 21:50:01.581 2728 INFO cinder.api.openstack.wsgi [req-aab76b33-994e-4fee-97ac-6d31e4f72a9a 8b01dff85bb640f5ac72eb634117d3f1 802906d526ed42e8a5980f390847fa87 - - -] GET http://192.168.0.10:8776/v2/802906d526ed42e8a5980f390847fa87/volumes/4c67fd2e-c8e7-4af4-832e-085b77e6d3a6
2016-02-25 21:50:01.718 2728 INFO cinder.api.openstack.wsgi [req-aab76b33-994e-4fee-97ac-6d31e4f72a9a 8b01dff85bb640f5ac72eb634117d3f1 802906d526ed42e8a5980f390847fa87 - - -] http://192.168.0.10:8776/v2/802906d526ed42e8a5980f390847fa87/volumes/4c67fd2e-c8e7-4af4-832e-085b77e6d3a6 returned with HTTP 200
2016-02-25 21:50:01.720 2728 INFO eventlet.wsgi.server [req-aab76b33-994e-4fee-97ac-6d31e4f72a9a 8b01dff85bb640f5ac72eb634117d3f1 802906d526ed42e8a5980f390847fa87 - - -] 192.168.0.10 - - [25/Feb/2016 21:50:01] "GET /v2/802906d526ed42e8a5980f390847fa87/volumes/4c67fd2e-c8e7-4af4-832e-085b77e6d3a6 HTTP/1.1" 200 1218 0.145483
2016-02-25 21:50:01.727 2728 INFO cinder.api.openstack.wsgi [req-3bc02869-05bd-4fb0-8ab1-a92d854b4da8 8b01dff85bb640f5ac72eb634117d3f1 802906d526ed42e8a5980f390847fa87 - - -] POST http://192.168.0.10:8776/v2/802906d526ed42e8a5980f390847fa87/volumes/4c67fd2e-c8e7-4af4-832e-085b77e6d3a6/action
2016-02-25 21:50:01.845 2728 INFO cinder.api.openstack.wsgi [req-3bc02869-05bd-4fb0-8ab1-a92d854b4da8 8b01dff85bb640f5ac72eb634117d3f1 802906d526ed42e8a5980f390847fa87 - - -] http://192.168.0.10:8776/v2/802906d526ed42e8a5980f390847fa87/volumes/4c67fd2e-c8e7-4af4-832e-085b77e6d3a6/action returned with HTTP 202
2016-02-25 21:50:01.847 2728 INFO eventlet.wsgi.server [req-3bc02869-05bd-4fb0-8ab1-a92d854b4da8 8b01dff85bb640f5ac72eb634117d3f1 802906d526ed42e8a5980f390847fa87 - - -] 192.168.0.10 - - [25/Feb/2016 21:50:01] "POST /v2/802906d526ed42e8a5980f390847fa87/volumes/4c67fd2e-c8e7-4af4-832e-085b77e6d3a6/action HTTP/1.1" 202 211 0.122670
2016-02-25 21:50:01.860 2730 INFO eventlet.wsgi.server [-] (2730) accepted ('192.168.0.10', 46440)
2016-02-25 21:50:01.864 2730 INFO cinder.api.openstack.wsgi [req-e730889a-bff0-4e49-9b20-7d7e78b84c51 8b01dff85bb640f5ac72eb634117d3f1 802906d526ed42e8a5980f390847fa87 - - -] GET http://192.168.0.10:8776/v2/802906d526ed42e8a5980f390847fa87/volumes/4c67fd2e-c8e7-4af4-832e-085b77e6d3a6
2016-02-25 21:50:01.868 2728 INFO cinder.api.openstack.wsgi [req-db4cf7de-4493-4f0e-ab93-df224b60e1e8 8b01dff85bb640f5ac72eb634117d3f1 802906d526ed42e8a5980f390847fa87 - - -] GET http://192.168.0.10:8776/v2/802906d526ed42e8a5980f390847fa87/volumes/4c67fd2e-c8e7-4af4-832e-085b77e6d3a6
2016-02-25 21:50:02.001 2728 INFO cinder.api.openstack.wsgi [req-db4cf7de-4493-4f0e-ab93-df224b60e1e8 8b01dff85bb640f5ac72eb634117d3f1 802906d526ed42e8a5980f390847fa87 - - -] http://192.168.0.10:8776/v2/802906d526ed42e8a5980f390847fa87/volumes/4c67fd2e-c8e7-4af4-832e-085b77e6d3a6 returned with HTTP 200
2016-02-25 21:50:02.002 2730 INFO cinder.api.openstack.wsgi [req-e730889a-bff0-4e49-9b20-7d7e78b84c51 8b01dff85bb640f5ac72eb634117d3f1 802906d526ed42e8a5980f390847fa87 - - -] http://192.168.0.10:8776/v2/802906d526ed42e8a5980f390847fa87/volumes/4c67fd2e-c8e7-4af4-832e-085b77e6d3a6 returned with HTTP 200
2016-02-25 21:50:02.002 2728 INFO eventlet.wsgi.server [req-db4cf7de-4493-4f0e-ab93-df224b60e1e8 8b01dff85bb640f5ac72eb634117d3f1 802906d526ed42e8a5980f390847fa87 - - -] 192.168.0.12 - - [25/Feb/2016 21:50:02] "GET /v2/802906d526ed42e8a5980f390847fa87/volumes/4c67fd2e-c8e7-4af4-832e-085b77e6d3a6 HTTP/1.1" 200 1218 0.137641
2016-02-25 21:50:02.004 2730 INFO eventlet.wsgi.server [req-e730889a-bff0-4e49-9b20-7d7e78b84c51 8b01dff85bb640f5ac72eb634117d3f1 802906d526ed42e8a5980f390847fa87 - - -] 192.168.0.10 - - [25/Feb/2016 21:50:02] "GET /v2/802906d526ed42e8a5980f390847fa87/volumes/4c67fd2e-c8e7-4af4-832e-085b77e6d3a6 HTTP/1.1" 200 1218 0.143027
2016-02-25 21:50:02.015 2728 INFO cinder.api.openstack.wsgi [req-2c255e77-2da3-40e5-a5d6-7ffb20acd7c8 8b01dff85bb640f5ac72eb634117d3f1 802906d526ed42e8a5980f390847fa87 - - -] POST http://192.168.0.10:8776/v2/802906d526ed42e8a5980f390847fa87/volumes/4c67fd2e-c8e7-4af4-832e-085b77e6d3a6/action
2016-02-25 21:50:02.425 2728 INFO eventlet.wsgi.server [-] (2728) accepted ('192.168.0.10', 46442)
2016-02-25 21:50:02.435 2728 INFO cinder.api.openstack.wsgi [req-d6b47089-fe38-434f-9762-560c85055559 8b01dff85bb640f5ac72eb634117d3f1 802906d526ed42e8a5980f390847fa87 - - -] GET http://192.168.0.10:8776/v2/802906d526ed42e8a5980f390847fa87/os-volume-transfer/detail
2016-02-25 21:50:02.445 2728 INFO cinder.api.openstack.wsgi [req-d6b47089-fe38-434f-9762-560c85055559 8b01dff85bb640f5ac72eb634117d3f1 802906d526ed42e8a5980f390847fa87 - - -] http://192.168.0.10:8776/v2/802906d526ed42e8a5980f390847fa87/os-volume-transfer/detail returned with HTTP 200
2016-02-25 21:50:02.447 2728 INFO eventlet.wsgi.server [req-d6b47089-fe38-434f-9762-560c85055559 8b01dff85bb640f5ac72eb634117d3f1 802906d526ed42e8a5980f390847fa87 - - -] 192.168.0.10 - - [25/Feb/2016 21:50:02] "GET /v2/802906d526ed42e8a5980f390847fa87/os-volume-transfer/detail HTTP/1.1" 200 279 0.017760
2016-02-25 21:50:02.458 2730 INFO eventlet.wsgi.server [-] (2730) accepted ('192.168.0.10', 46443)
2016-02-25 21:50:02.479 2730 INFO cinder.api.openstack.wsgi [req-e643eccc-be0b-470b-b8ae-67dafc57304a 8b01dff85bb640f5ac72eb634117d3f1 802906d526ed42e8a5980f390847fa87 - - -] GET http://192.168.0.10:8776/v2/802906d526ed42e8a5980f390847fa87/volumes/detail
2016-02-25 21:50:02.584 2730 INFO cinder.api.openstack.wsgi [req-e643eccc-be0b-470b-b8ae-67dafc57304a 8b01dff85bb640f5ac72eb634117d3f1 802906d526ed42e8a5980f390847fa87 - - -] http://192.168.0.10:8776/v2/802906d526ed42e8a5980f390847fa87/volumes/detail returned with HTTP 200
2016-02-25 21:50:02.587 2730 INFO eventlet.wsgi.server [req-e643eccc-be0b-470b-b8ae-67dafc57304a 8b01dff85bb640f5ac72eb634117d3f1 802906d526ed42e8a5980f390847fa87 - - -] 192.168.0.10 - - [25/Feb/2016 21:50:02] "GET /v2/802906d526ed42e8a5980f390847fa87/volumes/detail HTTP/1.1" 200 1221 0.123478
2016-02-25 21:50:02.921 2730 INFO eventlet.wsgi.server [-] (2730) accepted ('192.168.0.10', 46445)
2016-02-25 21:50:02.929 2730 INFO cinder.api.openstack.wsgi [req-befc1943-4558-4a2c-8457-04a805444e1d 8b01dff85bb640f5ac72eb634117d3f1 802906d526ed42e8a5980f390847fa87 - - -] GET http://192.168.0.10:8776/v2/802906d526ed42e8a5980f390847fa87/snapshots/detail
2016-02-25 21:50:02.944 2730 INFO cinder.api.openstack.wsgi [req-befc1943-4558-4a2c-8457-04a805444e1d 8b01dff85bb640f5ac72eb634117d3f1 802906d526ed42e8a5980f390847fa87 - - -] http://192.168.0.10:8776/v2/802906d526ed42e8a5980f390847fa87/snapshots/detail returned with HTTP 200
2016-02-25 21:50:02.945 2730 INFO eventlet.wsgi.server [req-befc1943-4558-4a2c-8457-04a805444e1d 8b01dff85bb640f5ac72eb634117d3f1 802906d526ed42e8a5980f390847fa87 - - -] 192.168.0.10 - - [25/Feb/2016 21:50:02] "GET /v2/802906d526ed42e8a5980f390847fa87/snapshots/detail HTTP/1.1" 200 279 0.021172
2016-02-25 21:50:03.076 2730 INFO eventlet.wsgi.server [-] (2730) accepted ('192.168.0.10', 46447)
2016-02-25 21:50:03.091 2730 INFO cinder.api.openstack.wsgi [req-b18cf9d9-ea72-43c9-ac65-bff57e7d263d 8b01dff85bb640f5ac72eb634117d3f1 802906d526ed42e8a5980f390847fa87 - - -] GET http://192.168.0.10:8776/v2/802906d526ed42e8a5980f390847fa87/limits
2016-02-25 21:50:03.181 2730 INFO cinder.api.openstack.wsgi [req-aed30f09-9e92-4fa5-a0ca-2200663c8a6f - - - - -] http://192.168.0.10:8776/v2/802906d526ed42e8a5980f390847fa87/limits returned with HTTP 200
2016-02-25 21:50:03.194 2730 INFO eventlet.wsgi.server [req-aed30f09-9e92-4fa5-a0ca-2200663c8a6f - - - - -] 192.168.0.10 - - [25/Feb/2016 21:50:03] "GET /v2/802906d526ed42e8a5980f390847fa87/limits HTTP/1.1" 200 565 0.098383
2016-02-25 21:50:04.575 2727 INFO eventlet.wsgi.server [-] (2727) accepted ('192.168.0.10', 46451)
2016-02-25 21:50:04.590 2727 INFO cinder.api.openstack.wsgi [req-9157415d-3a7e-4224-ac44-b77553a27c2b 8b01dff85bb640f5ac72eb634117d3f1 802906d526ed42e8a5980f390847fa87 - - -] GET http://192.168.0.10:8776/v2/802906d526ed42e8a5980f390847fa87/volumes/4c67fd2e-c8e7-4af4-832e-085b77e6d3a6
2016-02-25 21:50:04.781 2727 INFO cinder.api.openstack.wsgi [req-9157415d-3a7e-4224-ac44-b77553a27c2b 8b01dff85bb640f5ac72eb634117d3f1 802906d526ed42e8a5980f390847fa87 - - -] http://192.168.0.10:8776/v2/802906d526ed42e8a5980f390847fa87/volumes/4c67fd2e-c8e7-4af4-832e-085b77e6d3a6 returned with HTTP 200
2016-02-25 21:50:04.783 2727 INFO eventlet.wsgi.server [req-9157415d-3a7e-4224-ac44-b77553a27c2b 8b01dff85bb640f5ac72eb634117d3f1 802906d526ed42e8a5980f390847fa87 - - -] 192.168.0.10 - - [25/Feb/2016 21:50:04] "GET /v2/802906d526ed42e8a5980f390847fa87/volumes/4c67fd2e-c8e7-4af4-832e-085b77e6d3a6 HTTP/1.1" 200 1218 0.203117
2016-02-25 21:50:04.802 2730 INFO eventlet.wsgi.server [-] (2730) accepted ('192.168.0.10', 46452)
2016-02-25 21:50:04.809 2730 INFO cinder.api.openstack.wsgi [req-0a57be3e-cc48-4ec8-99a3-021168559781 8b01dff85bb640f5ac72eb634117d3f1 802906d526ed42e8a5980f390847fa87 - - -] GET http://192.168.0.10:8776/v2/802906d526ed42e8a5980f390847fa87/limits
2016-02-25 21:50:04.858 2730 INFO cinder.api.openstack.wsgi [req-898285a0-cdc0-4081-a971-c0fe2d234f33 - - - - -] http://192.168.0.10:8776/v2/802906d526ed42e8a5980f390847fa87/limits returned with HTTP 200
2016-02-25 21:50:04.859 2730 INFO eventlet.wsgi.server [req-898285a0-cdc0-4081-a971-c0fe2d234f33 - - - - -] 192.168.0.10 - - [25/Feb/2016 21:50:04] "GET /v2/802906d526ed42e8a5980f390847fa87/limits HTTP/1.1" 200 565 0.055789
2016-02-25 21:50:05.558 2728 INFO cinder.api.openstack.wsgi [req-2c255e77-2da3-40e5-a5d6-7ffb20acd7c8 8b01dff85bb640f5ac72eb634117d3f1 802906d526ed42e8a5980f390847fa87 - - -] http://192.168.0.10:8776/v2/802906d526ed42e8a5980f390847fa87/volumes/4c67fd2e-c8e7-4af4-832e-085b77e6d3a6/action returned with HTTP 200
2016-02-25 21:50:05.562 2728 INFO eventlet.wsgi.server [req-2c255e77-2da3-40e5-a5d6-7ffb20acd7c8 8b01dff85bb640f5ac72eb634117d3f1 802906d526ed42e8a5980f390847fa87 - - -] 192.168.0.12 - - [25/Feb/2016 21:50:05] "POST /v2/802906d526ed42e8a5980f390847fa87/volumes/4c67fd2e-c8e7-4af4-832e-085b77e6d3a6/action HTTP/1.1" 200 709 3.550822
2016-02-25 21:50:07.825 2728 INFO eventlet.wsgi.server [-] (2728) accepted ('192.168.0.10', 46453)
2016-02-25 21:50:07.837 2728 INFO cinder.api.openstack.wsgi [req-e5724dbb-0682-4fb7-8e70-de05723b91ee 8b01dff85bb640f5ac72eb634117d3f1 802906d526ed42e8a5980f390847fa87 - - -] GET http://192.168.0.10:8776/v2/802906d526ed42e8a5980f390847fa87/volumes/4c67fd2e-c8e7-4af4-832e-085b77e6d3a6
2016-02-25 21:50:07.966 2728 INFO cinder.api.openstack.wsgi [req-ef5e34c1-897d-4ce8-a84c-f1785d76ae9f 8b01dff85bb640f5ac72eb634117d3f1 802906d526ed42e8a5980f390847fa87 - - -] POST http://192.168.0.10:8776/v2/802906d526ed42e8a5980f390847fa87/volumes/4c67fd2e-c8e7-4af4-832e-085b77e6d3a6/action
2016-02-25 21:50:08.187 2728 INFO cinder.api.openstack.wsgi [req-e5724dbb-0682-4fb7-8e70-de05723b91ee 8b01dff85bb640f5ac72eb634117d3f1 802906d526ed42e8a5980f390847fa87 - - -] http://192.168.0.10:8776/v2/802906d526ed42e8a5980f390847fa87/volumes/4c67fd2e-c8e7-4af4-832e-085b77e6d3a6 returned with HTTP 200
2016-02-25 21:50:08.189 2728 INFO eventlet.wsgi.server [req-e5724dbb-0682-4fb7-8e70-de05723b91ee 8b01dff85bb640f5ac72eb634117d3f1 802906d526ed42e8a5980f390847fa87 - - -] 192.168.0.10 - - [25/Feb/2016 21:50:08] "GET /v2/802906d526ed42e8a5980f390847fa87/volumes/4c67fd2e-c8e7-4af4-832e-085b77e6d3a6 HTTP/1.1" 200 1218 0.360750
2016-02-25 21:50:08.202 2727 INFO eventlet.wsgi.server [-] (2727) accepted ('192.168.0.10', 46455)
2016-02-25 21:50:08.218 2727 INFO cinder.api.openstack.wsgi [req-18ad8681-d38b-4804-8719-2490b81d7440 8b01dff85bb640f5ac72eb634117d3f1 802906d526ed42e8a5980f390847fa87 - - -] GET http://192.168.0.10:8776/v2/802906d526ed42e8a5980f390847fa87/limits
