2015-10-01 01:27:37.107 2353 INFO nova.osapi_compute.wsgi.server [req-52ad922c-3def-4e13-8d72-90a723a9bdba e9483918caa940a48fe882ba092c7e0b 300b2cc45c3846939e589310ae714e46 - - -] 192.168.0.10 "GET /v2/300b2cc45c3846939e589310ae714e46/flavors/detail HTTP/1.1" status: 200 len: 2287 time: 0.1328590
2015-10-01 01:30:05.199 2353 INFO nova.osapi_compute.wsgi.server [req-ece9e078-8c2a-4d8f-9e84-f3e4a33bd0ff 9b1f9b36d7354b1ea121ccfbae339d8b 85a11a1515f94848be7aa5b56adec8bf - - -] 192.168.0.13 "GET /v2/85a11a1515f94848be7aa5b56adec8bf/servers/detail?all_tenants=True&host=compute2.localdomain HTTP/1.1" status: 200 len: 2042 time: 0.6586659
2015-10-01 01:30:05.337 2352 INFO nova.osapi_compute.wsgi.server [req-6c5d23f0-487a-45a2-9ed3-40a875d25035 9b1f9b36d7354b1ea121ccfbae339d8b 85a11a1515f94848be7aa5b56adec8bf - - -] 192.168.0.13 "GET /v2/85a11a1515f94848be7aa5b56adec8bf/flavors/1 HTTP/1.1" status: 200 len: 619 time: 0.1217902
2015-10-01 01:30:05.835 2352 INFO nova.osapi_compute.wsgi.server [req-5eb3d3df-3f0a-41c1-9101-db4431432c25 9b1f9b36d7354b1ea121ccfbae339d8b 85a11a1515f94848be7aa5b56adec8bf - - -] 192.168.0.13 "GET /v2/85a11a1515f94848be7aa5b56adec8bf/images/8a724f78-2673-4ea1-b607-373626a15afb HTTP/1.1" status: 200 len: 879 time: 0.4943528
2015-10-01 01:30:12.892 2350 INFO nova.osapi_compute.wsgi.server [req-8d4bfc66-6262-44f8-a042-021a79b16019 9b1f9b36d7354b1ea121ccfbae339d8b 85a11a1515f94848be7aa5b56adec8bf - - -] 192.168.0.12 "GET /v2/85a11a1515f94848be7aa5b56adec8bf/servers/detail?all_tenants=True&host=compute1.localdomain HTTP/1.1" status: 200 len: 211 time: 0.3472462
2015-10-01 01:31:11.763 2347 INFO nova.osapi_compute.wsgi.server [req-db255428-2dbb-4f31-91d0-229ea254dc05 9b1f9b36d7354b1ea121ccfbae339d8b 85a11a1515f94848be7aa5b56adec8bf - - -] 192.168.0.10 "GET /v2/85a11a1515f94848be7aa5b56adec8bf/servers/detail?all_tenants=True HTTP/1.1" status: 200 len: 2042 time: 0.7035780
2015-10-01 01:31:15.491 2353 INFO nova.osapi_compute.wsgi.server [req-c98a72d8-def3-4dca-8c4c-e1285425f291 9b1f9b36d7354b1ea121ccfbae339d8b 85a11a1515f94848be7aa5b56adec8bf - - -] 192.168.0.10 "GET /v2/85a11a1515f94848be7aa5b56adec8bf/os-floating-ips HTTP/1.1" status: 200 len: 216 time: 0.4893980
2015-10-01 01:40:05.174 2350 INFO nova.osapi_compute.wsgi.server [req-56c952c3-095e-4b87-aefb-c9c1a5a8302c 9b1f9b36d7354b1ea121ccfbae339d8b 85a11a1515f94848be7aa5b56adec8bf - - -] 192.168.0.13 "GET /v2/85a11a1515f94848be7aa5b56adec8bf/servers/detail?all_tenants=True&host=compute2.localdomain HTTP/1.1" status: 200 len: 2042 time: 0.6281159
2015-10-01 01:40:05.265 2352 INFO nova.osapi_compute.wsgi.server [req-99b8ca34-11f2-4729-b8b7-cd26ac733c92 9b1f9b36d7354b1ea121ccfbae339d8b 85a11a1515f94848be7aa5b56adec8bf - - -] 192.168.0.13 "GET /v2/85a11a1515f94848be7aa5b56adec8bf/flavors/1 HTTP/1.1" status: 200 len: 619 time: 0.0804031
2015-10-01 01:40:05.629 2350 INFO nova.osapi_compute.wsgi.server [req-89320cd9-b7f5-4295-b8da-532c4122009b 9b1f9b36d7354b1ea121ccfbae339d8b 85a11a1515f94848be7aa5b56adec8bf - - -] 192.168.0.13 "GET /v2/85a11a1515f94848be7aa5b56adec8bf/images/8a724f78-2673-4ea1-b607-373626a15afb HTTP/1.1" status: 200 len: 879 time: 0.3563190
2015-10-01 01:40:12.674 2350 INFO nova.osapi_compute.wsgi.server [req-7ca5edce-0a4b-4506-893d-bdc7e67035f1 9b1f9b36d7354b1ea121ccfbae339d8b 85a11a1515f94848be7aa5b56adec8bf - - -] 192.168.0.12 "GET /v2/85a11a1515f94848be7aa5b56adec8bf/servers/detail?all_tenants=True&host=compute1.localdomain HTTP/1.1" status: 200 len: 211 time: 0.1522501
2015-10-01 01:41:11.565 2353 INFO nova.osapi_compute.wsgi.server [req-2f1859e2-8ea6-40fe-9e67-d0e6320294b5 9b1f9b36d7354b1ea121ccfbae339d8b 85a11a1515f94848be7aa5b56adec8bf - - -] 192.168.0.10 "GET /v2/85a11a1515f94848be7aa5b56adec8bf/servers/detail?all_tenants=True HTTP/1.1" status: 200 len: 2042 time: 0.4558809
2015-10-01 01:41:13.750 2352 INFO nova.osapi_compute.wsgi.server [req-70fa3bb9-e2f7-4f68-8b1e-1cb686fe2a1c 9b1f9b36d7354b1ea121ccfbae339d8b 85a11a1515f94848be7aa5b56adec8bf - - -] 192.168.0.10 "GET /v2/85a11a1515f94848be7aa5b56adec8bf/os-floating-ips HTTP/1.1" status: 200 len: 216 time: 0.2815602
2015-10-01 01:50:05.075 2353 INFO nova.osapi_compute.wsgi.server [req-31d08f2d-c687-43c8-be2b-9cfa209121d6 9b1f9b36d7354b1ea121ccfbae339d8b 85a11a1515f94848be7aa5b56adec8bf - - -] 192.168.0.13 "GET /v2/85a11a1515f94848be7aa5b56adec8bf/servers/detail?all_tenants=True&host=compute2.localdomain HTTP/1.1" status: 200 len: 2042 time: 0.5429811
2015-10-01 01:50:05.128 2353 INFO nova.osapi_compute.wsgi.server [req-12ff7a17-f309-46ce-a33d-e91dac65caf8 9b1f9b36d7354b1ea121ccfbae339d8b 85a11a1515f94848be7aa5b56adec8bf - - -] 192.168.0.13 "GET /v2/85a11a1515f94848be7aa5b56adec8bf/flavors/1 HTTP/1.1" status: 200 len: 619 time: 0.0410690
2015-10-01 01:50:05.639 2347 INFO nova.osapi_compute.wsgi.server [req-a68b2712-343d-42e0-8df6-f25629b781a6 9b1f9b36d7354b1ea121ccfbae339d8b 85a11a1515f94848be7aa5b56adec8bf - - -] 192.168.0.13 "GET /v2/85a11a1515f94848be7aa5b56adec8bf/images/8a724f78-2673-4ea1-b607-373626a15afb HTTP/1.1" status: 200 len: 879 time: 0.4987061
2015-10-01 01:50:12.651 2353 INFO nova.osapi_compute.wsgi.server [req-9185aa0d-8a61-41d7-9291-337df7da9132 9b1f9b36d7354b1ea121ccfbae339d8b 85a11a1515f94848be7aa5b56adec8bf - - -] 192.168.0.12 "GET /v2/85a11a1515f94848be7aa5b56adec8bf/servers/detail?all_tenants=True&host=compute1.localdomain HTTP/1.1" status: 200 len: 211 time: 0.1534140
2015-10-01 01:51:11.674 2350 INFO nova.osapi_compute.wsgi.server [req-741c6c12-f5fa-4fe1-882a-d7b7a63330f1 9b1f9b36d7354b1ea121ccfbae339d8b 85a11a1515f94848be7aa5b56adec8bf - - -] 192.168.0.10 "GET /v2/85a11a1515f94848be7aa5b56adec8bf/servers/detail?all_tenants=True HTTP/1.1" status: 200 len: 2042 time: 0.5252521
2015-10-01 01:51:14.223 2350 INFO nova.osapi_compute.wsgi.server [req-06503cd3-7bb0-486d-9005-d490c99914c0 9b1f9b36d7354b1ea121ccfbae339d8b 85a11a1515f94848be7aa5b56adec8bf - - -] 192.168.0.10 "GET /v2/85a11a1515f94848be7aa5b56adec8bf/os-floating-ips HTTP/1.1" status: 200 len: 216 time: 0.2862930
2015-10-01 02:00:04.907 2350 INFO nova.osapi_compute.wsgi.server [req-003e8a89-45c8-4b68-a495-df06591d48e2 9b1f9b36d7354b1ea121ccfbae339d8b 85a11a1515f94848be7aa5b56adec8bf - - -] 192.168.0.13 "GET /v2/85a11a1515f94848be7aa5b56adec8bf/servers/detail?all_tenants=True&host=compute2.localdomain HTTP/1.1" status: 200 len: 2042 time: 0.3724840
2015-10-01 02:00:05.227 2352 INFO nova.osapi_compute.wsgi.server [req-05c8678b-706c-4000-9a40-acf60a0d22eb 9b1f9b36d7354b1ea121ccfbae339d8b 85a11a1515f94848be7aa5b56adec8bf - - -] 192.168.0.13 "GET /v2/85a11a1515f94848be7aa5b56adec8bf/flavors/1 HTTP/1.1" status: 200 len: 619 time: 0.3082399
2015-10-01 02:00:05.613 2350 INFO nova.osapi_compute.wsgi.server [req-949248a6-7a7c-4f6f-b44e-38ba54e43748 9b1f9b36d7354b1ea121ccfbae339d8b 85a11a1515f94848be7aa5b56adec8bf - - -] 192.168.0.13 "GET /v2/85a11a1515f94848be7aa5b56adec8bf/images/8a724f78-2673-4ea1-b607-373626a15afb HTTP/1.1" status: 200 len: 879 time: 0.3768380
2015-10-01 02:00:12.632 2350 INFO nova.osapi_compute.wsgi.server [req-7a008321-0fc9-4186-ba6b-e6373337889c 9b1f9b36d7354b1ea121ccfbae339d8b 85a11a1515f94848be7aa5b56adec8bf - - -] 192.168.0.12 "GET /v2/85a11a1515f94848be7aa5b56adec8bf/servers/detail?all_tenants=True&host=compute1.localdomain HTTP/1.1" status: 200 len: 211 time: 0.1210160
2015-10-01 02:01:11.579 2353 INFO nova.osapi_compute.wsgi.server [req-03ea167e-2119-4d5e-a18d-4c11a3e6b28f 9b1f9b36d7354b1ea121ccfbae339d8b 85a11a1515f94848be7aa5b56adec8bf - - -] 192.168.0.10 "GET /v2/85a11a1515f94848be7aa5b56adec8bf/servers/detail?all_tenants=True HTTP/1.1" status: 200 len: 2042 time: 0.5344710
2015-10-01 02:01:13.696 2350 INFO nova.osapi_compute.wsgi.server [req-8608bdc2-6229-436f-ad43-bbbacb37b6e0 9b1f9b36d7354b1ea121ccfbae339d8b 85a11a1515f94848be7aa5b56adec8bf - - -] 192.168.0.10 "GET /v2/85a11a1515f94848be7aa5b56adec8bf/os-floating-ips HTTP/1.1" status: 200 len: 216 time: 0.2878649
2015-10-01 02:06:01.805 2350 INFO nova.osapi_compute.wsgi.server [req-9e4b2b90-172c-4959-81a3-32970ebb7a09 e9483918caa940a48fe882ba092c7e0b 300b2cc45c3846939e589310ae714e46 - - -] 192.168.0.10 "GET /v2/300b2cc45c3846939e589310ae714e46/extensions HTTP/1.1" status: 200 len: 22486 time: 0.0890520
2015-10-01 02:06:01.973 2352 INFO nova.osapi_compute.wsgi.server [req-76520aa9-a165-4d76-800a-2f77214916cb e9483918caa940a48fe882ba092c7e0b 300b2cc45c3846939e589310ae714e46 - - -] 192.168.0.10 "GET /v2/300b2cc45c3846939e589310ae714e46/os-simple-tenant-usage?start=2015-10-01T00:00:00&end=2015-10-01T23:59:59&detailed=1 HTTP/1.1" status: 200 len: 842 time: 0.1163819
2015-10-01 02:06:02.096 2347 INFO nova.osapi_compute.wsgi.server [req-6b48a552-cda5-4683-a6d1-1ed1d730b2c5 e9483918caa940a48fe882ba092c7e0b 300b2cc45c3846939e589310ae714e46 - - -] 192.168.0.10 "GET /v2/300b2cc45c3846939e589310ae714e46/limits HTTP/1.1" status: 200 len: 708 time: 0.1086450
2015-10-01 02:10:04.952 2353 INFO nova.osapi_compute.wsgi.server [req-df535954-506e-41d3-aaee-5077472d7ee4 9b1f9b36d7354b1ea121ccfbae339d8b 85a11a1515f94848be7aa5b56adec8bf - - -] 192.168.0.13 "GET /v2/85a11a1515f94848be7aa5b56adec8bf/servers/detail?all_tenants=True&host=compute2.localdomain HTTP/1.1" status: 200 len: 2042 time: 0.4243219
2015-10-01 02:10:05.054 2347 INFO nova.osapi_compute.wsgi.server [req-a382ae97-26b2-4819-ac8a-a0d6cea05449 9b1f9b36d7354b1ea121ccfbae339d8b 85a11a1515f94848be7aa5b56adec8bf - - -] 192.168.0.13 "GET /v2/85a11a1515f94848be7aa5b56adec8bf/flavors/1 HTTP/1.1" status: 200 len: 619 time: 0.0886250
2015-10-01 02:10:05.460 2353 INFO nova.osapi_compute.wsgi.server [req-6fb5a1f0-f112-49bf-9d4a-8063b6884be0 9b1f9b36d7354b1ea121ccfbae339d8b 85a11a1515f94848be7aa5b56adec8bf - - -] 192.168.0.13 "GET /v2/85a11a1515f94848be7aa5b56adec8bf/images/8a724f78-2673-4ea1-b607-373626a15afb HTTP/1.1" status: 200 len: 879 time: 0.3970051
2015-10-01 02:10:12.665 2347 INFO nova.osapi_compute.wsgi.server [req-b94003d1-0810-444b-9072-e9dd0c1bcf6f 9b1f9b36d7354b1ea121ccfbae339d8b 85a11a1515f94848be7aa5b56adec8bf - - -] 192.168.0.12 "GET /v2/85a11a1515f94848be7aa5b56adec8bf/servers/detail?all_tenants=True&host=compute1.localdomain HTTP/1.1" status: 200 len: 211 time: 0.1154151
2015-10-01 02:11:11.097 2353 WARNING keystonemiddleware.auth_token [-] Authorization failed for token
2015-10-01 02:11:11.100 2353 WARNING keystonemiddleware.auth_token [-] Identity response: {"error": {"message": "Could not find token: db2a5ae13fa44631a7ba1843943341d2", "code": 404, "title": "Not Found"}}
2015-10-01 02:11:11.100 2353 WARNING keystonemiddleware.auth_token [-] Authorization failed for token
2015-10-01 02:11:11.103 2353 INFO nova.osapi_compute.wsgi.server [-] 192.168.0.10 "GET /v2/85a11a1515f94848be7aa5b56adec8bf/servers/detail?all_tenants=True HTTP/1.1" status: 401 len: 283 time: 0.0645740
2015-10-01 02:11:11.772 2353 INFO nova.osapi_compute.wsgi.server [req-ca362296-d32d-4bf2-8c23-459e606f201f 9b1f9b36d7354b1ea121ccfbae339d8b 85a11a1515f94848be7aa5b56adec8bf - - -] 192.168.0.10 "GET /v2/85a11a1515f94848be7aa5b56adec8bf/servers/detail?all_tenants=True HTTP/1.1" status: 200 len: 2042 time: 0.4353909
2015-10-01 02:11:14.146 2347 INFO nova.osapi_compute.wsgi.server [req-90892171-e98c-43d4-9ccf-9b55bc42172b 9b1f9b36d7354b1ea121ccfbae339d8b 85a11a1515f94848be7aa5b56adec8bf - - -] 192.168.0.10 "GET /v2/85a11a1515f94848be7aa5b56adec8bf/os-floating-ips HTTP/1.1" status: 200 len: 216 time: 0.2598310
2015-10-01 02:20:04.576 2350 WARNING keystonemiddleware.auth_token [-] Authorization failed for token
2015-10-01 02:20:04.577 2350 WARNING keystonemiddleware.auth_token [-] Identity response: {"error": {"message": "Could not find token: d7ac6422db1f4c6f8aadd06fc22ad134", "code": 404, "title": "Not Found"}}
2015-10-01 02:20:04.578 2350 WARNING keystonemiddleware.auth_token [-] Authorization failed for token
2015-10-01 02:20:04.579 2350 INFO nova.osapi_compute.wsgi.server [-] 192.168.0.13 "GET /v2/85a11a1515f94848be7aa5b56adec8bf/servers/detail?all_tenants=True&host=compute2.localdomain HTTP/1.1" status: 401 len: 283 time: 0.0482330
2015-10-01 02:20:05.166 2350 INFO nova.osapi_compute.wsgi.server [req-897ac5e5-29da-4a30-83fb-e471bb50ac4e 9b1f9b36d7354b1ea121ccfbae339d8b 85a11a1515f94848be7aa5b56adec8bf - - -] 192.168.0.13 "GET /v2/85a11a1515f94848be7aa5b56adec8bf/servers/detail?all_tenants=True&host=compute2.localdomain HTTP/1.1" status: 200 len: 2042 time: 0.4300680
2015-10-01 02:20:05.272 2347 INFO nova.osapi_compute.wsgi.server [req-9f7aad9a-e3a4-4ea3-8b5e-ce3e4fe5f66c 9b1f9b36d7354b1ea121ccfbae339d8b 85a11a1515f94848be7aa5b56adec8bf - - -] 192.168.0.13 "GET /v2/85a11a1515f94848be7aa5b56adec8bf/flavors/1 HTTP/1.1" status: 200 len: 619 time: 0.0951891
2015-10-01 02:20:05.662 2347 INFO nova.osapi_compute.wsgi.server [req-3c79a75a-72a6-408f-bad8-41b3b3bf3096 9b1f9b36d7354b1ea121ccfbae339d8b 85a11a1515f94848be7aa5b56adec8bf - - -] 192.168.0.13 "GET /v2/85a11a1515f94848be7aa5b56adec8bf/images/8a724f78-2673-4ea1-b607-373626a15afb HTTP/1.1" status: 200 len: 879 time: 0.3819592
2015-10-01 02:20:12.536 2350 WARNING keystonemiddleware.auth_token [-] Authorization failed for token
2015-10-01 02:20:12.537 2350 WARNING keystonemiddleware.auth_token [-] Identity response: {"error": {"message": "Could not find token: f8a58ed42c104ff396ddfa8c118dd400", "code": 404, "title": "Not Found"}}
2015-10-01 02:20:12.538 2350 WARNING keystonemiddleware.auth_token [-] Authorization failed for token
2015-10-01 02:20:12.539 2350 INFO nova.osapi_compute.wsgi.server [-] 192.168.0.12 "GET /v2/85a11a1515f94848be7aa5b56adec8bf/servers/detail?all_tenants=True&host=compute1.localdomain HTTP/1.1" status: 401 len: 283 time: 0.0534439
2015-10-01 02:20:12.799 2350 INFO nova.osapi_compute.wsgi.server [req-bad526cb-934c-494e-9928-5490c9223c49 9b1f9b36d7354b1ea121ccfbae339d8b 85a11a1515f94848be7aa5b56adec8bf - - -] 192.168.0.12 "GET /v2/85a11a1515f94848be7aa5b56adec8bf/servers/detail?all_tenants=True&host=compute1.localdomain HTTP/1.1" status: 200 len: 211 time: 0.1143270
2015-10-01 02:21:11.530 2353 INFO nova.osapi_compute.wsgi.server [req-a948bb41-3400-41e1-91be-783a797b6ceb 9b1f9b36d7354b1ea121ccfbae339d8b 85a11a1515f94848be7aa5b56adec8bf - - -] 192.168.0.10 "GET /v2/85a11a1515f94848be7aa5b56adec8bf/servers/detail?all_tenants=True HTTP/1.1" status: 200 len: 2042 time: 0.4696999
2015-10-01 02:21:13.896 2353 INFO nova.osapi_compute.wsgi.server [req-0dc43eb6-f102-4b53-be57-5429453f0014 9b1f9b36d7354b1ea121ccfbae339d8b 85a11a1515f94848be7aa5b56adec8bf - - -] 192.168.0.10 "GET /v2/85a11a1515f94848be7aa5b56adec8bf/os-floating-ips HTTP/1.1" status: 200 len: 216 time: 0.3281929
2015-10-01 02:30:05.439 2353 INFO nova.osapi_compute.wsgi.server [req-1e15d68f-a6d0-49a1-9b58-698236539e17 9b1f9b36d7354b1ea121ccfbae339d8b 85a11a1515f94848be7aa5b56adec8bf - - -] 192.168.0.13 "GET /v2/85a11a1515f94848be7aa5b56adec8bf/servers/detail?all_tenants=True&host=compute2.localdomain HTTP/1.1" status: 200 len: 2042 time: 0.8652329
2015-10-01 02:30:05.588 2347 INFO nova.osapi_compute.wsgi.server [req-b7d8d970-7867-42dd-ab95-0879e9ad4ba9 9b1f9b36d7354b1ea121ccfbae339d8b 85a11a1515f94848be7aa5b56adec8bf - - -] 192.168.0.13 "GET /v2/85a11a1515f94848be7aa5b56adec8bf/flavors/1 HTTP/1.1" status: 200 len: 619 time: 0.1332250
2015-10-01 02:30:06.004 2347 INFO nova.osapi_compute.wsgi.server [req-d252e72e-c25c-42c9-afc9-f5975fcd57d2 9b1f9b36d7354b1ea121ccfbae339d8b 85a11a1515f94848be7aa5b56adec8bf - - -] 192.168.0.13 "GET /v2/85a11a1515f94848be7aa5b56adec8bf/images/8a724f78-2673-4ea1-b607-373626a15afb HTTP/1.1" status: 200 len: 879 time: 0.4049180
2015-10-01 02:30:12.656 2347 INFO nova.osapi_compute.wsgi.server [req-3a41fb2a-f269-442e-8fb7-3deb10ec026f 9b1f9b36d7354b1ea121ccfbae339d8b 85a11a1515f94848be7aa5b56adec8bf - - -] 192.168.0.12 "GET /v2/85a11a1515f94848be7aa5b56adec8bf/servers/detail?all_tenants=True&host=compute1.localdomain HTTP/1.1" status: 200 len: 211 time: 0.1256840
2015-10-01 02:31:11.615 2350 INFO nova.osapi_compute.wsgi.server [req-92a41c93-9417-4c0f-8a94-cbcfee73504c 9b1f9b36d7354b1ea121ccfbae339d8b 85a11a1515f94848be7aa5b56adec8bf - - -] 192.168.0.10 "GET /v2/85a11a1515f94848be7aa5b56adec8bf/servers/detail?all_tenants=True HTTP/1.1" status: 200 len: 2042 time: 0.6214020
2015-10-01 02:31:13.976 2350 INFO nova.osapi_compute.wsgi.server [req-66033e30-e120-463f-a0cf-f2d83cfefcf2 9b1f9b36d7354b1ea121ccfbae339d8b 85a11a1515f94848be7aa5b56adec8bf - - -] 192.168.0.10 "GET /v2/85a11a1515f94848be7aa5b56adec8bf/os-floating-ips HTTP/1.1" status: 200 len: 216 time: 0.2957039
2015-10-01 02:40:05.182 2353 INFO nova.osapi_compute.wsgi.server [req-4a7414e1-82ae-40ea-b902-9063bc8600a8 9b1f9b36d7354b1ea121ccfbae339d8b 85a11a1515f94848be7aa5b56adec8bf - - -] 192.168.0.13 "GET /v2/85a11a1515f94848be7aa5b56adec8bf/servers/detail?all_tenants=True&host=compute2.localdomain HTTP/1.1" status: 200 len: 2042 time: 0.6541390
2015-10-01 02:40:05.318 2352 INFO nova.osapi_compute.wsgi.server [req-476d32ed-0164-4f3e-9192-07277f564026 9b1f9b36d7354b1ea121ccfbae339d8b 85a11a1515f94848be7aa5b56adec8bf - - -] 192.168.0.13 "GET /v2/85a11a1515f94848be7aa5b56adec8bf/flavors/1 HTTP/1.1" status: 200 len: 619 time: 0.1255269
2015-10-01 02:40:05.696 2353 INFO nova.osapi_compute.wsgi.server [req-c44cd5ee-1cd1-428a-9153-951e88d890da 9b1f9b36d7354b1ea121ccfbae339d8b 85a11a1515f94848be7aa5b56adec8bf - - -] 192.168.0.13 "GET /v2/85a11a1515f94848be7aa5b56adec8bf/images/8a724f78-2673-4ea1-b607-373626a15afb HTTP/1.1" status: 200 len: 879 time: 0.3683710
2015-10-01 02:40:12.643 2353 INFO nova.osapi_compute.wsgi.server [req-7f8d7f54-ce48-40ae-8ac9-8f2183f1b44d 9b1f9b36d7354b1ea121ccfbae339d8b 85a11a1515f94848be7aa5b56adec8bf - - -] 192.168.0.12 "GET /v2/85a11a1515f94848be7aa5b56adec8bf/servers/detail?all_tenants=True&host=compute1.localdomain HTTP/1.1" status: 200 len: 211 time: 0.1325011
2015-10-01 02:41:11.687 2352 INFO nova.osapi_compute.wsgi.server [req-f8c3ddef-2408-4535-ad18-ae0adedbc1b5 9b1f9b36d7354b1ea121ccfbae339d8b 85a11a1515f94848be7aa5b56adec8bf - - -] 192.168.0.10 "GET /v2/85a11a1515f94848be7aa5b56adec8bf/servers/detail?all_tenants=True HTTP/1.1" status: 200 len: 2042 time: 0.6406009
2015-10-01 02:41:14.663 2350 INFO nova.osapi_compute.wsgi.server [req-67a45c42-9b76-497c-aae7-875911fba7ed 9b1f9b36d7354b1ea121ccfbae339d8b 85a11a1515f94848be7aa5b56adec8bf - - -] 192.168.0.10 "GET /v2/85a11a1515f94848be7aa5b56adec8bf/os-floating-ips HTTP/1.1" status: 200 len: 216 time: 0.2559991
2015-10-01 02:50:05.037 2350 INFO nova.osapi_compute.wsgi.server [req-fb5aedab-8b20-4e6f-873f-6278889e3858 9b1f9b36d7354b1ea121ccfbae339d8b 85a11a1515f94848be7aa5b56adec8bf - - -] 192.168.0.13 "GET /v2/85a11a1515f94848be7aa5b56adec8bf/servers/detail?all_tenants=True&host=compute2.localdomain HTTP/1.1" status: 200 len: 2042 time: 0.5037968
2015-10-01 02:50:05.159 2352 INFO nova.osapi_compute.wsgi.server [req-3fe52aad-47dc-49b5-8c89-6bfc8d44b23a 9b1f9b36d7354b1ea121ccfbae339d8b 85a11a1515f94848be7aa5b56adec8bf - - -] 192.168.0.13 "GET /v2/85a11a1515f94848be7aa5b56adec8bf/flavors/1 HTTP/1.1" status: 200 len: 619 time: 0.1088459
2015-10-01 02:50:05.774 2353 INFO nova.osapi_compute.wsgi.server [req-4722de85-56dd-4a4a-b052-3a57a0fe3499 9b1f9b36d7354b1ea121ccfbae339d8b 85a11a1515f94848be7aa5b56adec8bf - - -] 192.168.0.13 "GET /v2/85a11a1515f94848be7aa5b56adec8bf/images/8a724f78-2673-4ea1-b607-373626a15afb HTTP/1.1" status: 200 len: 879 time: 0.6041582
2015-10-01 02:50:12.703 2353 INFO nova.osapi_compute.wsgi.server [req-222b183b-82c0-4b72-840e-5e67096fc8dc 9b1f9b36d7354b1ea121ccfbae339d8b 85a11a1515f94848be7aa5b56adec8bf - - -] 192.168.0.12 "GET /v2/85a11a1515f94848be7aa5b56adec8bf/servers/detail?all_tenants=True&host=compute1.localdomain HTTP/1.1" status: 200 len: 211 time: 0.1604221
2015-10-01 02:51:11.506 2350 INFO nova.osapi_compute.wsgi.server [req-b2bf4565-a7b4-4219-9e0c-7f884daa0532 9b1f9b36d7354b1ea121ccfbae339d8b 85a11a1515f94848be7aa5b56adec8bf - - -] 192.168.0.10 "GET /v2/85a11a1515f94848be7aa5b56adec8bf/servers/detail?all_tenants=True HTTP/1.1" status: 200 len: 2042 time: 0.4789031
2015-10-01 02:51:13.964 2350 INFO nova.osapi_compute.wsgi.server [req-dbb4a1b0-db0a-4366-bb87-0b05c9e0f382 9b1f9b36d7354b1ea121ccfbae339d8b 85a11a1515f94848be7aa5b56adec8bf - - -] 192.168.0.10 "GET /v2/85a11a1515f94848be7aa5b56adec8bf/os-floating-ips HTTP/1.1" status: 200 len: 216 time: 0.2854750
2015-10-01 02:56:47.339 2350 INFO nova.osapi_compute.wsgi.server [req-f31a7018-d59f-4d60-8099-582279390826 e9483918caa940a48fe882ba092c7e0b 300b2cc45c3846939e589310ae714e46 - - -] 192.168.0.10 "GET /v2/300b2cc45c3846939e589310ae714e46/extensions HTTP/1.1" status: 200 len: 22486 time: 0.0772579
2015-10-01 02:56:59.794 2347 INFO nova.osapi_compute.wsgi.server [req-85e91a4a-68bb-4b38-a58e-1e6f0c965744 e9483918caa940a48fe882ba092c7e0b 300b2cc45c3846939e589310ae714e46 - - -] 192.168.0.10 "GET /v2/300b2cc45c3846939e589310ae714e46/os-quota-sets/e914019c03814ded9911e9718ff69977 HTTP/1.1" status: 200 len: 568 time: 0.2546802
2015-10-01 02:57:07.543 2353 INFO nova.osapi_compute.wsgi.server [req-bfd0c2db-943e-4025-8c35-16df7a67daae e9483918caa940a48fe882ba092c7e0b 300b2cc45c3846939e589310ae714e46 - - -] 192.168.0.10 "GET /v2/300b2cc45c3846939e589310ae714e46/os-quota-sets/e914019c03814ded9911e9718ff69977 HTTP/1.1" status: 200 len: 568 time: 0.0875669
2015-10-01 02:57:08.604 2350 INFO nova.osapi_compute.wsgi.server [req-1a4f3746-5ad6-4efd-b6dc-5d6ba6c6d283 e9483918caa940a48fe882ba092c7e0b 300b2cc45c3846939e589310ae714e46 - - -] 192.168.0.10 "GET /v2/300b2cc45c3846939e589310ae714e46/os-quota-sets/e914019c03814ded9911e9718ff69977 HTTP/1.1" status: 200 len: 568 time: 0.0339320
2015-10-01 02:57:08.946 2352 INFO nova.osapi_compute.wsgi.server [req-5d29caaa-09bc-430b-9547-0c8618c2031f e9483918caa940a48fe882ba092c7e0b 300b2cc45c3846939e589310ae714e46 - - -] 192.168.0.10 "GET /v2/300b2cc45c3846939e589310ae714e46/servers/detail?all_tenants=True&tenant_id=e914019c03814ded9911e9718ff69977 HTTP/1.1" status: 200 len: 2042 time: 0.2496181
2015-10-01 02:57:08.984 2352 INFO nova.osapi_compute.wsgi.server [req-c40d48bd-1763-4271-8462-8ec64aa09b41 e9483918caa940a48fe882ba092c7e0b 300b2cc45c3846939e589310ae714e46 - - -] 192.168.0.10 "GET /v2/300b2cc45c3846939e589310ae714e46/flavors/detail HTTP/1.1" status: 200 len: 2287 time: 0.0306330
2015-10-01 02:57:10.036 2347 INFO nova.osapi_compute.wsgi.server [req-bf9efaab-bf51-4d3a-9cfd-084937b96856 e9483918caa940a48fe882ba092c7e0b 300b2cc45c3846939e589310ae714e46 - - -] 192.168.0.10 "PUT /v2/300b2cc45c3846939e589310ae714e46/os-quota-sets/e914019c03814ded9911e9718ff69977 HTTP/1.1" status: 200 len: 526 time: 0.1296589
2015-10-01 02:57:19.828 2353 INFO nova.osapi_compute.wsgi.server [req-9528c05c-f2fc-43c5-8a1e-132155678af3 e9483918caa940a48fe882ba092c7e0b 300b2cc45c3846939e589310ae714e46 - - -] 192.168.0.10 "GET /v2/300b2cc45c3846939e589310ae714e46/os-hypervisors/detail HTTP/1.1" status: 200 len: 2490 time: 0.0492370
2015-10-01 02:57:19.890 2347 INFO nova.osapi_compute.wsgi.server [req-9c095cfa-c9e5-4e02-ad7e-7fcdcafb87d4 e9483918caa940a48fe882ba092c7e0b 300b2cc45c3846939e589310ae714e46 - - -] 192.168.0.10 "GET /v2/300b2cc45c3846939e589310ae714e46/os-services HTTP/1.1" status: 200 len: 1387 time: 0.0523112
2015-10-01 02:57:19.938 2352 INFO nova.osapi_compute.wsgi.server [req-40613360-d8d7-4199-8fb8-17c433667142 e9483918caa940a48fe882ba092c7e0b 300b2cc45c3846939e589310ae714e46 - - -] 192.168.0.10 "GET /v2/300b2cc45c3846939e589310ae714e46/os-hypervisors/statistics HTTP/1.1" status: 200 len: 456 time: 0.0382628
2015-10-01 02:57:20.122 2352 INFO nova.osapi_compute.wsgi.server [req-19195fe0-edcf-495a-a587-685424a00f20 e9483918caa940a48fe882ba092c7e0b 300b2cc45c3846939e589310ae714e46 - - -] 192.168.0.10 "GET /v2/300b2cc45c3846939e589310ae714e46/extensions HTTP/1.1" status: 200 len: 22486 time: 0.0070879
2015-10-01 02:57:24.959 2352 INFO nova.osapi_compute.wsgi.server [req-7f4e992b-6217-4892-9717-e9f458861e81 e9483918caa940a48fe882ba092c7e0b 300b2cc45c3846939e589310ae714e46 - - -] 192.168.0.10 "GET /v2/300b2cc45c3846939e589310ae714e46/servers/detail?limit=21&project_id=300b2cc45c3846939e589310ae714e46 HTTP/1.1" status: 200 len: 211 time: 0.0629520
2015-10-01 02:57:25.074 2350 INFO nova.osapi_compute.wsgi.server [req-80a4d335-94ec-4a5a-9b10-a8a047f7132d e9483918caa940a48fe882ba092c7e0b 300b2cc45c3846939e589310ae714e46 - - -] 192.168.0.10 "GET /v2/300b2cc45c3846939e589310ae714e46/limits?reserved=1 HTTP/1.1" status: 200 len: 708 time: 0.0427909
2015-10-01 02:57:25.118 2350 INFO nova.osapi_compute.wsgi.server [req-e7bb1614-a577-464e-9494-1cd6cda2c965 e9483918caa940a48fe882ba092c7e0b 300b2cc45c3846939e589310ae714e46 - - -] 192.168.0.10 "GET /v2/300b2cc45c3846939e589310ae714e46/limits?reserved=1 HTTP/1.1" status: 200 len: 708 time: 0.0292969
2015-10-01 02:58:04.858 2353 INFO nova.osapi_compute.wsgi.server [req-240ee665-244c-4121-a33c-7af8acf7b3bd e9483918caa940a48fe882ba092c7e0b 300b2cc45c3846939e589310ae714e46 - - -] 192.168.0.10 "GET /v2/300b2cc45c3846939e589310ae714e46/os-quota-sets/e914019c03814ded9911e9718ff69977 HTTP/1.1" status: 200 len: 568 time: 0.0315790
2015-10-01 02:58:11.844 2353 INFO nova.osapi_compute.wsgi.server [req-2c5aef50-370f-4d23-90af-960bb8b52cdf e9483918caa940a48fe882ba092c7e0b 300b2cc45c3846939e589310ae714e46 - - -] 192.168.0.10 "GET /v2/300b2cc45c3846939e589310ae714e46/os-quota-sets/e914019c03814ded9911e9718ff69977 HTTP/1.1" status: 200 len: 568 time: 0.0214200
2015-10-01 02:58:12.202 2353 INFO nova.osapi_compute.wsgi.server [req-0c828a59-cf32-42a1-b8ff-9782b9dc2193 e9483918caa940a48fe882ba092c7e0b 300b2cc45c3846939e589310ae714e46 - - -] 192.168.0.10 "GET /v2/300b2cc45c3846939e589310ae714e46/os-quota-sets/e914019c03814ded9911e9718ff69977 HTTP/1.1" status: 200 len: 568 time: 0.0171440
2015-10-01 02:58:12.532 2352 INFO nova.osapi_compute.wsgi.server [req-7c2e34d5-9659-441f-bce5-68e742de8217 e9483918caa940a48fe882ba092c7e0b 300b2cc45c3846939e589310ae714e46 - - -] 192.168.0.10 "GET /v2/300b2cc45c3846939e589310ae714e46/servers/detail?all_tenants=True&tenant_id=e914019c03814ded9911e9718ff69977 HTTP/1.1" status: 200 len: 2042 time: 0.2363510
2015-10-01 02:58:12.613 2347 INFO nova.osapi_compute.wsgi.server [req-283f003a-d21f-4335-b5bf-257c1de25854 e9483918caa940a48fe882ba092c7e0b 300b2cc45c3846939e589310ae714e46 - - -] 192.168.0.10 "GET /v2/300b2cc45c3846939e589310ae714e46/flavors/detail HTTP/1.1" status: 200 len: 2287 time: 0.0677660
2015-10-01 02:58:13.456 2352 INFO nova.osapi_compute.wsgi.server [req-5a019d4a-e32d-47a0-9913-e9ec24744d2e e9483918caa940a48fe882ba092c7e0b 300b2cc45c3846939e589310ae714e46 - - -] 192.168.0.10 "PUT /v2/300b2cc45c3846939e589310ae714e46/os-quota-sets/e914019c03814ded9911e9718ff69977 HTTP/1.1" status: 200 len: 526 time: 0.1192372
2015-10-01 02:58:29.657 2350 INFO nova.osapi_compute.wsgi.server [req-1e76454b-be0f-445f-944e-e37291d320ef 415b597bda074b30a90d8cb3b9fd92ec e914019c03814ded9911e9718ff69977 - - -] 192.168.0.10 "GET /v2/e914019c03814ded9911e9718ff69977/extensions HTTP/1.1" status: 200 len: 22486 time: 0.0801911
2015-10-01 02:58:37.905 2347 INFO nova.osapi_compute.wsgi.server [req-634d81c3-257a-4a22-8a18-b1a64a8d1526 415b597bda074b30a90d8cb3b9fd92ec e914019c03814ded9911e9718ff69977 - - -] 192.168.0.10 "GET /v2/e914019c03814ded9911e9718ff69977/extensions HTTP/1.1" status: 200 len: 22486 time: 0.0639820
2015-10-01 02:58:38.041 2352 INFO nova.osapi_compute.wsgi.server [req-6849b31c-78f2-4a8b-890e-e984435be779 415b597bda074b30a90d8cb3b9fd92ec e914019c03814ded9911e9718ff69977 - - -] 192.168.0.10 "GET /v2/e914019c03814ded9911e9718ff69977/os-simple-tenant-usage/e914019c03814ded9911e9718ff69977?start=2015-10-01T00:00:00&end=2015-10-01T23:59:59 HTTP/1.1" status: 200 len: 839 time: 0.1197340
2015-10-01 02:58:38.107 2350 INFO nova.osapi_compute.wsgi.server [req-62a8e1dc-b61e-4e9d-9ffa-b1f095175e7c 415b597bda074b30a90d8cb3b9fd92ec e914019c03814ded9911e9718ff69977 - - -] 192.168.0.10 "GET /v2/e914019c03814ded9911e9718ff69977/limits HTTP/1.1" status: 200 len: 710 time: 0.0591860
2015-10-01 02:58:44.188 2350 INFO nova.osapi_compute.wsgi.server [req-e1916820-5a82-4d6f-a51b-f45ebefb06aa 415b597bda074b30a90d8cb3b9fd92ec e914019c03814ded9911e9718ff69977 - - -] 192.168.0.10 "GET /v2/e914019c03814ded9911e9718ff69977/servers/detail?limit=21&project_id=e914019c03814ded9911e9718ff69977 HTTP/1.1" status: 200 len: 1877 time: 0.2533541
2015-10-01 02:58:44.580 2352 INFO nova.osapi_compute.wsgi.server [req-4985f153-7b34-455e-91d7-e87db50b544f 415b597bda074b30a90d8cb3b9fd92ec e914019c03814ded9911e9718ff69977 - - -] 192.168.0.10 "GET /v2/e914019c03814ded9911e9718ff69977/flavors/detail HTTP/1.1" status: 200 len: 2287 time: 0.0464802
2015-10-01 02:58:45.225 2353 INFO nova.osapi_compute.wsgi.server [req-635440b7-91c1-4830-a6e7-886dfe4b230b 415b597bda074b30a90d8cb3b9fd92ec e914019c03814ded9911e9718ff69977 - - -] 192.168.0.10 "GET /v2/e914019c03814ded9911e9718ff69977/limits?reserved=1 HTTP/1.1" status: 200 len: 710 time: 0.0949430
2015-10-01 02:58:45.289 2350 INFO nova.osapi_compute.wsgi.server [req-b5e8e655-5ffe-497a-8ecd-77bb3a8f92bc 415b597bda074b30a90d8cb3b9fd92ec e914019c03814ded9911e9718ff69977 - - -] 192.168.0.10 "GET /v2/e914019c03814ded9911e9718ff69977/extensions HTTP/1.1" status: 200 len: 22486 time: 0.0131669
2015-10-01 02:58:45.456 2350 INFO nova.osapi_compute.wsgi.server [req-087ffbab-e7ed-46e5-8c84-b3f8723d2d17 415b597bda074b30a90d8cb3b9fd92ec e914019c03814ded9911e9718ff69977 - - -] 192.168.0.10 "GET /v2/e914019c03814ded9911e9718ff69977/limits?reserved=1 HTTP/1.1" status: 200 len: 710 time: 0.0473409
2015-10-01 02:58:48.032 2350 INFO nova.osapi_compute.wsgi.server [req-26be75fd-577c-4cb7-97b9-b7a4dc515e29 415b597bda074b30a90d8cb3b9fd92ec e914019c03814ded9911e9718ff69977 - - -] 192.168.0.10 "GET /v2/e914019c03814ded9911e9718ff69977/servers/9c72075c-1c97-4bb8-9495-50a0823b0366 HTTP/1.1" status: 200 len: 1874 time: 0.2153280
2015-10-01 02:58:48.163 2350 INFO nova.osapi_compute.wsgi.server [req-049ed705-e2a9-406b-97c5-325c009241c2 415b597bda074b30a90d8cb3b9fd92ec e914019c03814ded9911e9718ff69977 - - -] 192.168.0.10 "GET /v2/e914019c03814ded9911e9718ff69977/servers/9c72075c-1c97-4bb8-9495-50a0823b0366/os-volume_attachments HTTP/1.1" status: 200 len: 221 time: 0.1205189
2015-10-01 02:58:48.207 2350 INFO nova.osapi_compute.wsgi.server [req-58637173-a24d-4f99-b35c-4563a9964f87 415b597bda074b30a90d8cb3b9fd92ec e914019c03814ded9911e9718ff69977 - - -] 192.168.0.10 "GET /v2/e914019c03814ded9911e9718ff69977/flavors/1 HTTP/1.1" status: 200 len: 619 time: 0.0360100
2015-10-01 02:58:48.572 2352 INFO nova.osapi_compute.wsgi.server [req-7f8caa10-ae6c-47b2-bff9-1b5b5c8ac5f2 415b597bda074b30a90d8cb3b9fd92ec e914019c03814ded9911e9718ff69977 - - -] 192.168.0.10 "GET /v2/e914019c03814ded9911e9718ff69977/extensions HTTP/1.1" status: 200 len: 22486 time: 0.0179739
2015-10-01 02:58:51.312 2347 INFO nova.osapi_compute.wsgi.server [req-90d9aa14-a359-49e3-b4f5-fb3ce34a869d 415b597bda074b30a90d8cb3b9fd92ec e914019c03814ded9911e9718ff69977 - - -] 192.168.0.10 "GET /v2/e914019c03814ded9911e9718ff69977/servers/9c72075c-1c97-4bb8-9495-50a0823b0366 HTTP/1.1" status: 200 len: 1874 time: 0.2400990
2015-10-01 02:58:51.440 2347 INFO nova.osapi_compute.wsgi.server [req-ec2a95e6-b6d6-484b-a203-c43c0e5333b0 415b597bda074b30a90d8cb3b9fd92ec e914019c03814ded9911e9718ff69977 - - -] 192.168.0.10 "GET /v2/e914019c03814ded9911e9718ff69977/servers/9c72075c-1c97-4bb8-9495-50a0823b0366/os-volume_attachments HTTP/1.1" status: 200 len: 221 time: 0.1198061
2015-10-01 02:58:51.487 2347 INFO nova.osapi_compute.wsgi.server [req-f51f9fce-0b34-48ed-9a75-5bbce1d3f384 415b597bda074b30a90d8cb3b9fd92ec e914019c03814ded9911e9718ff69977 - - -] 192.168.0.10 "GET /v2/e914019c03814ded9911e9718ff69977/flavors/1 HTTP/1.1" status: 200 len: 619 time: 0.0399480
2015-10-01 02:58:51.890 2352 INFO oslo_messaging._drivers.impl_rabbit [req-427ac5e7-c103-4257-bf81-0fb3d85aa161 415b597bda074b30a90d8cb3b9fd92ec e914019c03814ded9911e9718ff69977 - - -] Connecting to AMQP server on 192.168.0.10:5672
2015-10-01 02:58:51.911 2352 INFO oslo_messaging._drivers.impl_rabbit [req-427ac5e7-c103-4257-bf81-0fb3d85aa161 415b597bda074b30a90d8cb3b9fd92ec e914019c03814ded9911e9718ff69977 - - -] Connected to AMQP server on 192.168.0.10:5672
2015-10-01 02:58:51.912 2352 WARNING oslo_config.cfg [req-427ac5e7-c103-4257-bf81-0fb3d85aa161 415b597bda074b30a90d8cb3b9fd92ec e914019c03814ded9911e9718ff69977 - - -] Option "rabbit_ha_queues" from group "DEFAULT" is deprecated. Use option "rabbit_ha_queues" from group "oslo_messaging_rabbit".
2015-10-01 02:58:51.987 2352 INFO nova.osapi_compute.wsgi.server [req-427ac5e7-c103-4257-bf81-0fb3d85aa161 415b597bda074b30a90d8cb3b9fd92ec e914019c03814ded9911e9718ff69977 - - -] 192.168.0.10 "POST /v2/e914019c03814ded9911e9718ff69977/servers/9c72075c-1c97-4bb8-9495-50a0823b0366/action HTTP/1.1" status: 200 len: 321 time: 0.2008049
2015-10-01 02:58:52.030 2353 INFO nova.osapi_compute.wsgi.server [req-086cb2eb-3e58-417f-b753-78301dff814b 415b597bda074b30a90d8cb3b9fd92ec e914019c03814ded9911e9718ff69977 - - -] 192.168.0.10 "GET /v2/e914019c03814ded9911e9718ff69977/extensions HTTP/1.1" status: 200 len: 22486 time: 0.0141451
2015-10-01 03:00:05.059 2352 INFO nova.osapi_compute.wsgi.server [req-1955c2e0-67da-4d40-896a-cca18b0bdb95 9b1f9b36d7354b1ea121ccfbae339d8b 85a11a1515f94848be7aa5b56adec8bf - - -] 192.168.0.13 "GET /v2/85a11a1515f94848be7aa5b56adec8bf/servers/detail?all_tenants=True&host=compute2.localdomain HTTP/1.1" status: 200 len: 2042 time: 0.5120139
2015-10-01 03:00:05.103 2352 INFO nova.osapi_compute.wsgi.server [req-b85b1895-421e-4bff-990b-ec061f129a43 9b1f9b36d7354b1ea121ccfbae339d8b 85a11a1515f94848be7aa5b56adec8bf - - -] 192.168.0.13 "GET /v2/85a11a1515f94848be7aa5b56adec8bf/flavors/1 HTTP/1.1" status: 200 len: 619 time: 0.0357249
2015-10-01 03:00:05.484 2350 INFO nova.osapi_compute.wsgi.server [req-ff6cce70-7f02-428a-a14f-73df64679382 9b1f9b36d7354b1ea121ccfbae339d8b 85a11a1515f94848be7aa5b56adec8bf - - -] 192.168.0.13 "GET /v2/85a11a1515f94848be7aa5b56adec8bf/images/8a724f78-2673-4ea1-b607-373626a15afb HTTP/1.1" status: 200 len: 879 time: 0.3677850
2015-10-01 03:00:12.626 2350 INFO nova.osapi_compute.wsgi.server [req-8434209f-6e98-4f4b-842f-7e24ec5bc4f0 9b1f9b36d7354b1ea121ccfbae339d8b 85a11a1515f94848be7aa5b56adec8bf - - -] 192.168.0.12 "GET /v2/85a11a1515f94848be7aa5b56adec8bf/servers/detail?all_tenants=True&host=compute1.localdomain HTTP/1.1" status: 200 len: 211 time: 0.1321321
2015-10-01 03:01:11.455 2350 INFO nova.osapi_compute.wsgi.server [req-bc5947cb-0b88-404f-958a-118988027af4 9b1f9b36d7354b1ea121ccfbae339d8b 85a11a1515f94848be7aa5b56adec8bf - - -] 192.168.0.10 "GET /v2/85a11a1515f94848be7aa5b56adec8bf/servers/detail?all_tenants=True HTTP/1.1" status: 200 len: 2042 time: 0.4639430
2015-10-01 03:01:13.789 2350 INFO nova.osapi_compute.wsgi.server [req-936c08be-7666-45bc-a7c8-c9212ab7d003 9b1f9b36d7354b1ea121ccfbae339d8b 85a11a1515f94848be7aa5b56adec8bf - - -] 192.168.0.10 "GET /v2/85a11a1515f94848be7aa5b56adec8bf/os-floating-ips HTTP/1.1" status: 200 len: 216 time: 0.2589760
2015-10-01 03:10:05.074 2350 INFO nova.osapi_compute.wsgi.server [req-04cb8260-1ec4-4571-8b3a-21cb3db75497 9b1f9b36d7354b1ea121ccfbae339d8b 85a11a1515f94848be7aa5b56adec8bf - - -] 192.168.0.13 "GET /v2/85a11a1515f94848be7aa5b56adec8bf/servers/detail?all_tenants=True&host=compute2.localdomain HTTP/1.1" status: 200 len: 2042 time: 0.5092280
2015-10-01 03:10:05.115 2350 INFO nova.osapi_compute.wsgi.server [req-a0a36160-265e-40d5-851e-eb836f43c666 9b1f9b36d7354b1ea121ccfbae339d8b 85a11a1515f94848be7aa5b56adec8bf - - -] 192.168.0.13 "GET /v2/85a11a1515f94848be7aa5b56adec8bf/flavors/1 HTTP/1.1" status: 200 len: 619 time: 0.0303841
2015-10-01 03:10:05.506 2350 INFO nova.osapi_compute.wsgi.server [req-5b7abc4a-78fa-48cc-9130-e57e13ddbc86 9b1f9b36d7354b1ea121ccfbae339d8b 85a11a1515f94848be7aa5b56adec8bf - - -] 192.168.0.13 "GET /v2/85a11a1515f94848be7aa5b56adec8bf/images/8a724f78-2673-4ea1-b607-373626a15afb HTTP/1.1" status: 200 len: 879 time: 0.3804369
2015-10-01 03:10:12.755 2347 INFO nova.osapi_compute.wsgi.server [req-126210bf-6685-418c-87ec-e876abf69fe3 9b1f9b36d7354b1ea121ccfbae339d8b 85a11a1515f94848be7aa5b56adec8bf - - -] 192.168.0.12 "GET /v2/85a11a1515f94848be7aa5b56adec8bf/servers/detail?all_tenants=True&host=compute1.localdomain HTTP/1.1" status: 200 len: 211 time: 0.1712668
2015-10-01 03:11:11.143 2352 WARNING keystonemiddleware.auth_token [-] Authorization failed for token
2015-10-01 03:11:11.145 2352 WARNING keystonemiddleware.auth_token [-] Identity response: {"error": {"message": "Could not find token: 7622b40ca04846009268311679af60f3", "code": 404, "title": "Not Found"}}
2015-10-01 03:11:11.146 2352 WARNING keystonemiddleware.auth_token [-] Authorization failed for token
2015-10-01 03:11:11.148 2352 INFO nova.osapi_compute.wsgi.server [-] 192.168.0.10 "GET /v2/85a11a1515f94848be7aa5b56adec8bf/servers/detail?all_tenants=True HTTP/1.1" status: 401 len: 283 time: 0.0883780
2015-10-01 03:11:11.884 2347 INFO nova.osapi_compute.wsgi.server [req-75e1beff-b2e4-4bde-ae84-53314d767847 9b1f9b36d7354b1ea121ccfbae339d8b 85a11a1515f94848be7aa5b56adec8bf - - -] 192.168.0.10 "GET /v2/85a11a1515f94848be7aa5b56adec8bf/servers/detail?all_tenants=True HTTP/1.1" status: 200 len: 2042 time: 0.4999411
2015-10-01 03:11:14.463 2352 INFO nova.osapi_compute.wsgi.server [req-18c4632d-a2c2-4a20-927b-355fb7772b77 9b1f9b36d7354b1ea121ccfbae339d8b 85a11a1515f94848be7aa5b56adec8bf - - -] 192.168.0.10 "GET /v2/85a11a1515f94848be7aa5b56adec8bf/os-floating-ips HTTP/1.1" status: 200 len: 216 time: 0.3381228
2015-10-01 03:14:43.692 2350 INFO nova.osapi_compute.wsgi.server [req-d379a17b-4dc1-4bbd-97ee-2278525a721e 415b597bda074b30a90d8cb3b9fd92ec e914019c03814ded9911e9718ff69977 - - -] 192.168.0.10 "GET /v2/e914019c03814ded9911e9718ff69977/servers/9c72075c-1c97-4bb8-9495-50a0823b0366 HTTP/1.1" status: 200 len: 1874 time: 0.4620368
2015-10-01 03:14:43.840 2350 INFO nova.osapi_compute.wsgi.server [req-9cd8de07-d034-4e0e-b6d5-363ad99f4478 415b597bda074b30a90d8cb3b9fd92ec e914019c03814ded9911e9718ff69977 - - -] 192.168.0.10 "GET /v2/e914019c03814ded9911e9718ff69977/servers/9c72075c-1c97-4bb8-9495-50a0823b0366/os-volume_attachments HTTP/1.1" status: 200 len: 221 time: 0.1399140
2015-10-01 03:14:43.973 2352 INFO nova.osapi_compute.wsgi.server [req-7dfb1b73-472d-4f0e-a8e7-2cd25cfb7934 415b597bda074b30a90d8cb3b9fd92ec e914019c03814ded9911e9718ff69977 - - -] 192.168.0.10 "GET /v2/e914019c03814ded9911e9718ff69977/flavors/1 HTTP/1.1" status: 200 len: 619 time: 0.1187899
2015-10-01 03:14:44.947 2347 INFO oslo_messaging._drivers.impl_rabbit [req-7f0a26ac-495f-488e-92ef-a1104ab71b7a 415b597bda074b30a90d8cb3b9fd92ec e914019c03814ded9911e9718ff69977 - - -] Connecting to AMQP server on 192.168.0.10:5672
2015-10-01 03:14:44.973 2347 INFO oslo_messaging._drivers.impl_rabbit [req-7f0a26ac-495f-488e-92ef-a1104ab71b7a 415b597bda074b30a90d8cb3b9fd92ec e914019c03814ded9911e9718ff69977 - - -] Connected to AMQP server on 192.168.0.10:5672
2015-10-01 03:14:44.974 2347 WARNING oslo_config.cfg [req-7f0a26ac-495f-488e-92ef-a1104ab71b7a 415b597bda074b30a90d8cb3b9fd92ec e914019c03814ded9911e9718ff69977 - - -] Option "rabbit_ha_queues" from group "DEFAULT" is deprecated. Use option "rabbit_ha_queues" from group "oslo_messaging_rabbit".
2015-10-01 03:14:45.321 2347 INFO nova.osapi_compute.wsgi.server [req-7f0a26ac-495f-488e-92ef-a1104ab71b7a 415b597bda074b30a90d8cb3b9fd92ec e914019c03814ded9911e9718ff69977 - - -] 192.168.0.10 "POST /v2/e914019c03814ded9911e9718ff69977/servers/9c72075c-1c97-4bb8-9495-50a0823b0366/action HTTP/1.1" status: 200 len: 2831 time: 0.6071451
2015-10-01 03:14:45.359 2350 INFO nova.osapi_compute.wsgi.server [req-a0b35dcd-6ed3-45eb-9367-13a2f2ad5503 415b597bda074b30a90d8cb3b9fd92ec e914019c03814ded9911e9718ff69977 - - -] 192.168.0.10 "GET /v2/e914019c03814ded9911e9718ff69977/extensions HTTP/1.1" status: 200 len: 22486 time: 0.0058231
2015-10-01 03:20:04.627 2352 WARNING keystonemiddleware.auth_token [-] Authorization failed for token
2015-10-01 03:20:04.629 2352 WARNING keystonemiddleware.auth_token [-] Identity response: {"error": {"message": "Could not find token: c8e6df2cfafc42eabf4586b1f6ee9315", "code": 404, "title": "Not Found"}}
2015-10-01 03:20:04.630 2352 WARNING keystonemiddleware.auth_token [-] Authorization failed for token
2015-10-01 03:20:04.631 2352 INFO nova.osapi_compute.wsgi.server [-] 192.168.0.13 "GET /v2/85a11a1515f94848be7aa5b56adec8bf/servers/detail?all_tenants=True&host=compute2.localdomain HTTP/1.1" status: 401 len: 283 time: 0.0589142
2015-10-01 03:20:05.195 2350 INFO nova.osapi_compute.wsgi.server [req-aa74e6ea-327b-45eb-b6a9-0d9cbe6a5471 9b1f9b36d7354b1ea121ccfbae339d8b 85a11a1515f94848be7aa5b56adec8bf - - -] 192.168.0.13 "GET /v2/85a11a1515f94848be7aa5b56adec8bf/servers/detail?all_tenants=True&host=compute2.localdomain HTTP/1.1" status: 200 len: 2042 time: 0.3983991
2015-10-01 03:20:05.238 2350 INFO nova.osapi_compute.wsgi.server [req-7118c484-a717-4313-9ce6-b2fc08955193 9b1f9b36d7354b1ea121ccfbae339d8b 85a11a1515f94848be7aa5b56adec8bf - - -] 192.168.0.13 "GET /v2/85a11a1515f94848be7aa5b56adec8bf/flavors/1 HTTP/1.1" status: 200 len: 619 time: 0.0349221
2015-10-01 03:20:05.760 2350 INFO nova.osapi_compute.wsgi.server [req-627e0e45-2411-4f7d-aa93-9477f0831952 9b1f9b36d7354b1ea121ccfbae339d8b 85a11a1515f94848be7aa5b56adec8bf - - -] 192.168.0.13 "GET /v2/85a11a1515f94848be7aa5b56adec8bf/images/8a724f78-2673-4ea1-b607-373626a15afb HTTP/1.1" status: 200 len: 879 time: 0.5150609
2015-10-01 03:20:12.557 2350 WARNING keystonemiddleware.auth_token [-] Authorization failed for token
2015-10-01 03:20:12.558 2350 WARNING keystonemiddleware.auth_token [-] Identity response: {"error": {"message": "Could not find token: 1e63551b3afc4b8e98d375f01a81b506", "code": 404, "title": "Not Found"}}
2015-10-01 03:20:12.559 2350 WARNING keystonemiddleware.auth_token [-] Authorization failed for token
2015-10-01 03:20:12.560 2350 INFO nova.osapi_compute.wsgi.server [-] 192.168.0.12 "GET /v2/85a11a1515f94848be7aa5b56adec8bf/servers/detail?all_tenants=True&host=compute1.localdomain HTTP/1.1" status: 401 len: 283 time: 0.0512850
2015-10-01 03:20:12.897 2352 INFO nova.osapi_compute.wsgi.server [req-925d411f-0859-4d86-ac0f-29d3421dd855 9b1f9b36d7354b1ea121ccfbae339d8b 85a11a1515f94848be7aa5b56adec8bf - - -] 192.168.0.12 "GET /v2/85a11a1515f94848be7aa5b56adec8bf/servers/detail?all_tenants=True&host=compute1.localdomain HTTP/1.1" status: 200 len: 211 time: 0.1590450
2015-10-01 03:21:11.406 2350 INFO nova.osapi_compute.wsgi.server [req-a32669ac-7bac-4b4e-89cc-db75caaac3e1 9b1f9b36d7354b1ea121ccfbae339d8b 85a11a1515f94848be7aa5b56adec8bf - - -] 192.168.0.10 "GET /v2/85a11a1515f94848be7aa5b56adec8bf/servers/detail?all_tenants=True HTTP/1.1" status: 200 len: 2042 time: 0.4077730
2015-10-01 03:21:13.616 2347 INFO nova.osapi_compute.wsgi.server [req-5a7f1f11-8d21-4ef2-aea4-e8b26db3760a 9b1f9b36d7354b1ea121ccfbae339d8b 85a11a1515f94848be7aa5b56adec8bf - - -] 192.168.0.10 "GET /v2/85a11a1515f94848be7aa5b56adec8bf/os-floating-ips HTTP/1.1" status: 200 len: 216 time: 0.3201990
2015-10-01 03:29:55.311 2095 INFO nova.openstack.common.service [-] Child caught SIGTERM, exiting
2015-10-01 03:29:55.324 2086 INFO nova.openstack.common.service [-] Child caught SIGTERM, exiting
2015-10-01 03:29:55.324 2098 INFO nova.openstack.common.service [-] Child caught SIGTERM, exiting
2015-10-01 03:29:55.327 2086 INFO nova.wsgi [-] Stopping WSGI server.
2015-10-01 03:29:55.328 2098 INFO nova.wsgi [-] Stopping WSGI server.
2015-10-01 03:29:55.329 2086 INFO nova.ec2.wsgi.server [-] (2086) wsgi exited, is_accepting=True
2015-10-01 03:29:55.334 2347 INFO nova.openstack.common.service [-] Child caught SIGTERM, exiting
2015-10-01 03:29:55.336 2093 INFO nova.openstack.common.service [-] Child caught SIGTERM, exiting
2015-10-01 03:29:55.339 2347 INFO nova.wsgi [-] Stopping WSGI server.
2015-10-01 03:29:55.340 2093 INFO nova.wsgi [-] Stopping WSGI server.
2015-10-01 03:29:55.314 982 INFO nova.openstack.common.service [-] Caught SIGTERM, stopping children
2015-10-01 03:29:55.344 982 INFO nova.openstack.common.service [-] Waiting on 12 children to exit
2015-10-01 03:29:55.356 2350 INFO nova.openstack.common.service [-] Child caught SIGTERM, exiting
2015-10-01 03:29:55.359 2350 INFO nova.wsgi [-] Stopping WSGI server.
2015-10-01 03:29:55.361 2350 INFO nova.osapi_compute.wsgi.server [-] (2350) wsgi exited, is_accepting=True
2015-10-01 03:29:55.362 2350 INFO nova.wsgi [-] WSGI server has stopped.
2015-10-01 03:29:55.377 2465 INFO nova.openstack.common.service [-] Child caught SIGTERM, exiting
2015-10-01 03:29:55.388 2461 INFO nova.openstack.common.service [-] Child caught SIGTERM, exiting
2015-10-01 03:29:55.400 2463 INFO nova.openstack.common.service [-] Child caught SIGTERM, exiting
2015-10-01 03:29:55.422 2461 INFO nova.wsgi [-] Stopping WSGI server.
2015-10-01 03:29:55.425 2461 INFO nova.metadata.wsgi.server [-] (2461) wsgi exited, is_accepting=True
2015-10-01 03:29:55.428 2461 INFO nova.wsgi [-] WSGI server has stopped.
2015-10-01 03:29:55.357 2352 INFO nova.openstack.common.service [-] Child caught SIGTERM, exiting
2015-10-01 03:29:55.436 2352 INFO nova.wsgi [-] Stopping WSGI server.
2015-10-01 03:29:55.438 2352 INFO nova.osapi_compute.wsgi.server [-] (2352) wsgi exited, is_accepting=True
2015-10-01 03:29:55.439 2352 INFO nova.wsgi [-] WSGI server has stopped.
2015-10-01 03:29:55.351 2353 INFO nova.openstack.common.service [-] Child caught SIGTERM, exiting
2015-10-01 03:29:55.441 2353 INFO nova.wsgi [-] Stopping WSGI server.
2015-10-01 03:29:55.368 2464 INFO nova.openstack.common.service [-] Child caught SIGTERM, exiting
2015-10-01 03:29:55.443 2353 INFO nova.osapi_compute.wsgi.server [-] (2353) wsgi exited, is_accepting=True
2015-10-01 03:29:55.443 2464 INFO nova.wsgi [-] Stopping WSGI server.
2015-10-01 03:29:55.444 2353 INFO nova.wsgi [-] WSGI server has stopped.
2015-10-01 03:29:55.445 2464 INFO nova.metadata.wsgi.server [-] (2464) wsgi exited, is_accepting=True
2015-10-01 03:29:55.447 2464 INFO nova.wsgi [-] WSGI server has stopped.
2015-10-01 03:29:55.471 2463 INFO nova.wsgi [-] Stopping WSGI server.
2015-10-01 03:29:55.474 2463 INFO nova.metadata.wsgi.server [-] (2463) wsgi exited, is_accepting=True
2015-10-01 03:29:55.476 2463 INFO nova.wsgi [-] WSGI server has stopped.
2015-10-01 03:29:55.483 2465 INFO nova.wsgi [-] Stopping WSGI server.
2015-10-01 03:29:55.485 2465 INFO nova.metadata.wsgi.server [-] (2465) wsgi exited, is_accepting=True
2015-10-01 03:29:55.487 2465 INFO nova.wsgi [-] WSGI server has stopped.
2015-10-01 03:29:55.532 982 INFO nova.openstack.common.service [-] Child 2093 killed by signal 15
2015-10-01 03:29:55.585 982 INFO nova.openstack.common.service [-] Child 2098 killed by signal 15
2015-10-01 03:29:55.605 982 INFO nova.openstack.common.service [-] Child 2465 exited with status 1
2015-10-01 03:29:55.624 982 INFO nova.openstack.common.service [-] Child 2095 killed by signal 15
2015-10-01 03:29:55.634 982 INFO nova.openstack.common.service [-] Child 2086 killed by signal 15
2015-10-01 03:29:55.699 982 INFO nova.openstack.common.service [-] Child 2461 exited with status 1
2015-10-01 03:29:55.700 982 INFO nova.openstack.common.service [-] Child 2463 exited with status 1
2015-10-01 03:29:55.751 982 INFO nova.openstack.common.service [-] Child 2350 exited with status 1
2015-10-01 03:29:55.826 982 INFO nova.openstack.common.service [-] Child 2464 exited with status 1
2015-10-01 03:29:56.069 982 INFO nova.openstack.common.service [-] Child 2353 exited with status 1
2015-10-01 03:29:56.126 982 INFO nova.openstack.common.service [-] Child 2347 killed by signal 15
2015-10-01 03:29:56.252 982 INFO nova.openstack.common.service [-] Child 2352 exited with status 1
2015-10-01 03:31:25.521 1028 INFO nova.openstack.common.periodic_task [-] Skipping periodic task _periodic_update_dns because its interval is negative
2015-10-01 03:31:25.530 1028 WARNING nova.api.ec2.cloud [-] Deprecated: The in tree EC2 API is deprecated as of Kilo release and may be removed in a future release. The stackforge ec2-api project http://git.openstack.org/cgit/stackforge/ec2-api/ is the target replacement for this functionality.
2015-10-01 03:31:26.344 1028 INFO nova.wsgi [-] ec2 listening on 0.0.0.0:8773
2015-10-01 03:31:26.345 1028 INFO nova.openstack.common.service [-] Starting 4 workers
2015-10-01 03:31:26.437 1028 INFO nova.openstack.common.service [-] Started child 2208
2015-10-01 03:31:26.486 1028 INFO nova.openstack.common.service [-] Started child 2213
2015-10-01 03:31:26.494 2208 INFO nova.ec2.wsgi.server [-] (2208) wsgi starting up on http://0.0.0.0:8773/
2015-10-01 03:31:26.513 1028 INFO nova.openstack.common.service [-] Started child 2215
2015-10-01 03:31:26.548 1028 INFO nova.openstack.common.service [-] Started child 2220
2015-10-01 03:31:26.573 2213 INFO nova.ec2.wsgi.server [-] (2213) wsgi starting up on http://0.0.0.0:8773/
2015-10-01 03:31:26.616 2215 INFO nova.ec2.wsgi.server [-] (2215) wsgi starting up on http://0.0.0.0:8773/
2015-10-01 03:31:26.620 2220 INFO nova.ec2.wsgi.server [-] (2220) wsgi starting up on http://0.0.0.0:8773/
2015-10-01 03:31:29.068 1028 WARNING keystonemiddleware.auth_token [-] Configuring admin URI using auth fragments. This is deprecated, use 'identity_uri' instead.
2015-10-01 03:31:29.082 1028 INFO nova.api.openstack [-] V3 API has been disabled by configuration
2015-10-01 03:31:29.087 1028 WARNING keystonemiddleware.auth_token [-] Configuring admin URI using auth fragments. This is deprecated, use 'identity_uri' instead.
2015-10-01 03:31:29.621 1028 WARNING keystonemiddleware.auth_token [-] Configuring admin URI using auth fragments. This is deprecated, use 'identity_uri' instead.
2015-10-01 03:31:29.632 1028 INFO nova.api.openstack [-] V3 API has been disabled by configuration
