2015-06-22 22:31:40.867 2418 INFO nova.osapi_compute.wsgi.server [req-3f2df0c6-a417-46c6-a771-e1c2af75ce4e 92b130a947e342adb476431b041ed43c a9c27d47441e432c8529f8f30ea3261e - - -] 192.168.0.10 "GET /v2/a9c27d47441e432c8529f8f30ea3261e/flavors/1 HTTP/1.1" status: 200 len: 619 time: 0.0205419
2015-06-22 22:31:41.066 2420 INFO nova.osapi_compute.wsgi.server [req-175fb891-b4bc-496a-85dd-47c45966ae2f 92b130a947e342adb476431b041ed43c a9c27d47441e432c8529f8f30ea3261e - - -] 192.168.0.10 "GET /v2/a9c27d47441e432c8529f8f30ea3261e/extensions HTTP/1.1" status: 200 len: 22486 time: 0.0178540
2015-06-22 22:31:44.275 2426 INFO nova.osapi_compute.wsgi.server [req-37db599b-7485-446a-b246-c2607081867f 92b130a947e342adb476431b041ed43c a9c27d47441e432c8529f8f30ea3261e - - -] 192.168.0.10 "GET /v2/a9c27d47441e432c8529f8f30ea3261e/servers/949bf081-5f77-435d-92c8-08b630a82b6f HTTP/1.1" status: 200 len: 1586 time: 0.3109851
2015-06-22 22:31:44.320 2420 INFO nova.osapi_compute.wsgi.server [req-10139625-018e-4ccf-9757-9e137fefca17 92b130a947e342adb476431b041ed43c a9c27d47441e432c8529f8f30ea3261e - - -] 192.168.0.10 "GET /v2/a9c27d47441e432c8529f8f30ea3261e/flavors/1 HTTP/1.1" status: 200 len: 619 time: 0.0402360
2015-06-22 22:31:44.404 2420 INFO nova.osapi_compute.wsgi.server [req-a39e2b4f-a8d4-40ec-8de0-91ac9beb51f6 92b130a947e342adb476431b041ed43c a9c27d47441e432c8529f8f30ea3261e - - -] 192.168.0.10 "GET /v2/a9c27d47441e432c8529f8f30ea3261e/extensions HTTP/1.1" status: 200 len: 22486 time: 0.0052731
2015-06-22 22:31:50.027 2422 INFO nova.osapi_compute.wsgi.server [req-5836f4b6-9f04-41c8-a37e-004f4aed23d6 92b130a947e342adb476431b041ed43c a9c27d47441e432c8529f8f30ea3261e - - -] 192.168.0.10 "GET /v2/a9c27d47441e432c8529f8f30ea3261e/servers/949bf081-5f77-435d-92c8-08b630a82b6f HTTP/1.1" status: 200 len: 1586 time: 0.2882841
2015-06-22 22:31:50.051 2422 INFO nova.osapi_compute.wsgi.server [req-16ed507f-9e52-42c1-af7c-aa71597b8505 92b130a947e342adb476431b041ed43c a9c27d47441e432c8529f8f30ea3261e - - -] 192.168.0.10 "GET /v2/a9c27d47441e432c8529f8f30ea3261e/flavors/1 HTTP/1.1" status: 200 len: 619 time: 0.0190630
2015-06-22 22:31:50.135 2418 INFO nova.osapi_compute.wsgi.server [req-24b62d34-1a96-4ae0-ba7f-124a613846b8 92b130a947e342adb476431b041ed43c a9c27d47441e432c8529f8f30ea3261e - - -] 192.168.0.10 "GET /v2/a9c27d47441e432c8529f8f30ea3261e/extensions HTTP/1.1" status: 200 len: 22486 time: 0.0076280
2015-06-22 22:31:58.140 2422 INFO nova.osapi_compute.wsgi.server [req-2a8eaf5f-2d21-47eb-86f4-29979051f2ec 92b130a947e342adb476431b041ed43c a9c27d47441e432c8529f8f30ea3261e - - -] 192.168.0.10 "GET /v2/a9c27d47441e432c8529f8f30ea3261e/servers/949bf081-5f77-435d-92c8-08b630a82b6f HTTP/1.1" status: 200 len: 1586 time: 0.1154592
2015-06-22 22:31:58.163 2422 INFO nova.osapi_compute.wsgi.server [req-fae08145-046a-479a-b749-f3b94ea3b5df 92b130a947e342adb476431b041ed43c a9c27d47441e432c8529f8f30ea3261e - - -] 192.168.0.10 "GET /v2/a9c27d47441e432c8529f8f30ea3261e/flavors/1 HTTP/1.1" status: 200 len: 619 time: 0.0179241
2015-06-22 22:31:58.252 2422 INFO nova.osapi_compute.wsgi.server [req-a9b34774-f787-4f0f-b7bb-884e6258fd03 92b130a947e342adb476431b041ed43c a9c27d47441e432c8529f8f30ea3261e - - -] 192.168.0.10 "GET /v2/a9c27d47441e432c8529f8f30ea3261e/extensions HTTP/1.1" status: 200 len: 22486 time: 0.0045080
2015-06-22 22:32:16.516 2426 INFO nova.osapi_compute.wsgi.server [req-7cbb393e-e514-4d32-84c0-5f6f12971eb7 e9483918caa940a48fe882ba092c7e0b 300b2cc45c3846939e589310ae714e46 - - -] 192.168.0.10 "GET /v2/300b2cc45c3846939e589310ae714e46/extensions HTTP/1.1" status: 200 len: 22486 time: 0.0642450
2015-06-22 22:32:16.551 2426 INFO nova.osapi_compute.wsgi.server [req-821bebb3-e1f6-47d5-aa9f-953a47cf1c25 e9483918caa940a48fe882ba092c7e0b 300b2cc45c3846939e589310ae714e46 - - -] 192.168.0.10 "GET /v2/300b2cc45c3846939e589310ae714e46/os-simple-tenant-usage?start=2015-06-01T00:00:00&end=2015-06-22T23:59:59&detailed=1 HTTP/1.1" status: 200 len: 217 time: 0.0251091
2015-06-22 22:32:16.629 2422 INFO nova.osapi_compute.wsgi.server [req-a1ff9a5e-caba-44ef-95a3-190a82da6439 e9483918caa940a48fe882ba092c7e0b 300b2cc45c3846939e589310ae714e46 - - -] 192.168.0.10 "GET /v2/300b2cc45c3846939e589310ae714e46/limits HTTP/1.1" status: 200 len: 708 time: 0.0712738
2015-06-22 22:33:19.365 2420 INFO nova.osapi_compute.wsgi.server [req-975d96ca-a82f-429b-a8f9-ff3e4d52b773 e9483918caa940a48fe882ba092c7e0b 300b2cc45c3846939e589310ae714e46 - - -] 192.168.0.10 "GET /v2/300b2cc45c3846939e589310ae714e46/extensions HTTP/1.1" status: 200 len: 22486 time: 0.0628531
2015-06-22 22:33:19.399 2420 INFO nova.osapi_compute.wsgi.server [req-b00cbaac-0465-4b99-b9ca-e5eb7b45b6ab e9483918caa940a48fe882ba092c7e0b 300b2cc45c3846939e589310ae714e46 - - -] 192.168.0.10 "GET /v2/300b2cc45c3846939e589310ae714e46/os-simple-tenant-usage?start=2015-06-01T00:00:00&end=2015-06-22T23:59:59&detailed=1 HTTP/1.1" status: 200 len: 217 time: 0.0243540
2015-06-22 22:33:19.499 2422 INFO nova.osapi_compute.wsgi.server [req-37e6f6db-efd4-4f54-afb5-ea43e4d72a9d e9483918caa940a48fe882ba092c7e0b 300b2cc45c3846939e589310ae714e46 - - -] 192.168.0.10 "GET /v2/300b2cc45c3846939e589310ae714e46/limits HTTP/1.1" status: 200 len: 708 time: 0.0932829
2015-06-22 22:33:27.708 2426 INFO nova.api.openstack.compute.contrib.server_external_events [req-957c12bf-6369-4c31-8eb5-672d55c369d3 d3125ab7d2eb4ba0a23d480eee988419 85a11a1515f94848be7aa5b56adec8bf - - -] Creating event network-vif-plugged:8e53fcfb-6af5-4876-946f-bb9e0ebeb605 for instance 949bf081-5f77-435d-92c8-08b630a82b6f
2015-06-22 22:33:27.714 2426 WARNING oslo_config.cfg [req-957c12bf-6369-4c31-8eb5-672d55c369d3 d3125ab7d2eb4ba0a23d480eee988419 85a11a1515f94848be7aa5b56adec8bf - - -] Option "rabbit_virtual_host" from group "DEFAULT" is deprecated. Use option "rabbit_virtual_host" from group "oslo_messaging_rabbit".
2015-06-22 22:33:27.715 2426 WARNING oslo_config.cfg [req-957c12bf-6369-4c31-8eb5-672d55c369d3 d3125ab7d2eb4ba0a23d480eee988419 85a11a1515f94848be7aa5b56adec8bf - - -] Option "rabbit_hosts" from group "DEFAULT" is deprecated. Use option "rabbit_hosts" from group "oslo_messaging_rabbit".
2015-06-22 22:33:27.715 2426 WARNING oslo_config.cfg [req-957c12bf-6369-4c31-8eb5-672d55c369d3 d3125ab7d2eb4ba0a23d480eee988419 85a11a1515f94848be7aa5b56adec8bf - - -] Option "rabbit_port" from group "DEFAULT" is deprecated. Use option "rabbit_port" from group "oslo_messaging_rabbit".
2015-06-22 22:33:27.716 2426 WARNING oslo_config.cfg [req-957c12bf-6369-4c31-8eb5-672d55c369d3 d3125ab7d2eb4ba0a23d480eee988419 85a11a1515f94848be7aa5b56adec8bf - - -] Option "rabbit_userid" from group "DEFAULT" is deprecated. Use option "rabbit_userid" from group "oslo_messaging_rabbit".
2015-06-22 22:33:27.717 2426 WARNING oslo_config.cfg [req-957c12bf-6369-4c31-8eb5-672d55c369d3 d3125ab7d2eb4ba0a23d480eee988419 85a11a1515f94848be7aa5b56adec8bf - - -] Option "rabbit_password" from group "DEFAULT" is deprecated. Use option "rabbit_password" from group "oslo_messaging_rabbit".
2015-06-22 22:33:27.717 2426 WARNING oslo_config.cfg [req-957c12bf-6369-4c31-8eb5-672d55c369d3 d3125ab7d2eb4ba0a23d480eee988419 85a11a1515f94848be7aa5b56adec8bf - - -] Option "rabbit_use_ssl" from group "DEFAULT" is deprecated. Use option "rabbit_use_ssl" from group "oslo_messaging_rabbit".
2015-06-22 22:33:27.741 2426 INFO oslo_messaging._drivers.impl_rabbit [req-957c12bf-6369-4c31-8eb5-672d55c369d3 d3125ab7d2eb4ba0a23d480eee988419 85a11a1515f94848be7aa5b56adec8bf - - -] Connecting to AMQP server on 192.168.0.10:5672
2015-06-22 22:33:27.759 2426 INFO oslo_messaging._drivers.impl_rabbit [req-957c12bf-6369-4c31-8eb5-672d55c369d3 d3125ab7d2eb4ba0a23d480eee988419 85a11a1515f94848be7aa5b56adec8bf - - -] Connected to AMQP server on 192.168.0.10:5672
2015-06-22 22:33:27.765 2426 INFO nova.osapi_compute.wsgi.server [req-957c12bf-6369-4c31-8eb5-672d55c369d3 d3125ab7d2eb4ba0a23d480eee988419 85a11a1515f94848be7aa5b56adec8bf - - -] 192.168.0.10 "POST /v2/85a11a1515f94848be7aa5b56adec8bf/os-server-external-events HTTP/1.1" status: 200 len: 380 time: 0.1904230
2015-06-22 22:34:49.052 2426 INFO nova.osapi_compute.wsgi.server [req-7817d1a0-d74c-44ac-93ab-f4d44647b05c 92b130a947e342adb476431b041ed43c a9c27d47441e432c8529f8f30ea3261e - - -] 192.168.0.10 "GET /v2/a9c27d47441e432c8529f8f30ea3261e/extensions HTTP/1.1" status: 200 len: 22486 time: 0.0716989
2015-06-22 22:34:49.149 2420 INFO nova.osapi_compute.wsgi.server [req-e2cd5678-8984-4026-8652-421b65cd7e66 92b130a947e342adb476431b041ed43c a9c27d47441e432c8529f8f30ea3261e - - -] 192.168.0.10 "GET /v2/a9c27d47441e432c8529f8f30ea3261e/os-simple-tenant-usage/a9c27d47441e432c8529f8f30ea3261e?start=2015-06-01T00:00:00&end=2015-06-22T23:59:59 HTTP/1.1" status: 200 len: 793 time: 0.0846701
2015-06-22 22:34:49.305 2420 INFO nova.osapi_compute.wsgi.server [req-150c06e8-8fdb-4a65-94db-64e2f865fc98 92b130a947e342adb476431b041ed43c a9c27d47441e432c8529f8f30ea3261e - - -] 192.168.0.10 "GET /v2/a9c27d47441e432c8529f8f30ea3261e/limits HTTP/1.1" status: 200 len: 710 time: 0.1514070
2015-06-22 22:34:53.025 2418 INFO nova.osapi_compute.wsgi.server [req-5102b32e-e638-49f5-8b06-6992947041ee 92b130a947e342adb476431b041ed43c a9c27d47441e432c8529f8f30ea3261e - - -] 192.168.0.10 "GET /v2/a9c27d47441e432c8529f8f30ea3261e/servers/detail?limit=21&project_id=a9c27d47441e432c8529f8f30ea3261e HTTP/1.1" status: 200 len: 1729 time: 0.1747692
2015-06-22 22:34:53.191 2418 INFO nova.osapi_compute.wsgi.server [req-c2b8fa67-8c55-4f32-aed7-221f46f27dcb 92b130a947e342adb476431b041ed43c a9c27d47441e432c8529f8f30ea3261e - - -] 192.168.0.10 "GET /v2/a9c27d47441e432c8529f8f30ea3261e/flavors/detail HTTP/1.1" status: 200 len: 2287 time: 0.0248699
2015-06-22 22:34:53.536 2418 INFO nova.osapi_compute.wsgi.server [req-7bab0cd9-b1c6-4d51-a85a-86d15f478422 92b130a947e342adb476431b041ed43c a9c27d47441e432c8529f8f30ea3261e - - -] 192.168.0.10 "GET /v2/a9c27d47441e432c8529f8f30ea3261e/limits?reserved=1 HTTP/1.1" status: 200 len: 710 time: 0.0268819
2015-06-22 22:34:53.571 2420 INFO nova.osapi_compute.wsgi.server [req-e003e4c0-0d57-4100-a258-f90e3a07e2a5 92b130a947e342adb476431b041ed43c a9c27d47441e432c8529f8f30ea3261e - - -] 192.168.0.10 "GET /v2/a9c27d47441e432c8529f8f30ea3261e/extensions HTTP/1.1" status: 200 len: 22486 time: 0.0049059
2015-06-22 22:34:53.714 2422 INFO nova.osapi_compute.wsgi.server [req-cb028c40-37c9-453b-8536-b81ff15c1e00 92b130a947e342adb476431b041ed43c a9c27d47441e432c8529f8f30ea3261e - - -] 192.168.0.10 "GET /v2/a9c27d47441e432c8529f8f30ea3261e/limits?reserved=1 HTTP/1.1" status: 200 len: 710 time: 0.0703671
2015-06-22 22:35:05.777 2426 INFO nova.osapi_compute.wsgi.server [req-08cf9a39-ae76-4e92-bb1a-acac0bdc8051 92b130a947e342adb476431b041ed43c a9c27d47441e432c8529f8f30ea3261e - - -] 192.168.0.10 "GET /v2/a9c27d47441e432c8529f8f30ea3261e/servers/detail?limit=21&project_id=a9c27d47441e432c8529f8f30ea3261e HTTP/1.1" status: 200 len: 1729 time: 0.1497681
2015-06-22 22:35:05.963 2418 INFO nova.osapi_compute.wsgi.server [req-f76f0c37-c810-4410-9fa0-f596b6bdf536 92b130a947e342adb476431b041ed43c a9c27d47441e432c8529f8f30ea3261e - - -] 192.168.0.10 "GET /v2/a9c27d47441e432c8529f8f30ea3261e/flavors/detail HTTP/1.1" status: 200 len: 2287 time: 0.0405481
2015-06-22 22:35:06.403 2418 INFO nova.osapi_compute.wsgi.server [req-97a439f9-956f-4394-8771-9a97e9b81f99 92b130a947e342adb476431b041ed43c a9c27d47441e432c8529f8f30ea3261e - - -] 192.168.0.10 "DELETE /v2/a9c27d47441e432c8529f8f30ea3261e/servers/949bf081-5f77-435d-92c8-08b630a82b6f HTTP/1.1" status: 204 len: 203 time: 0.1943371
2015-06-22 22:35:06.803 2420 WARNING oslo_config.cfg [req-f8b836b7-a393-4b61-9e45-94364b156eee 92b130a947e342adb476431b041ed43c a9c27d47441e432c8529f8f30ea3261e - - -] Option "url_timeout" from group "neutron" is deprecated. Use option "timeout" from group "neutron".
2015-06-22 22:35:06.892 2420 INFO nova.osapi_compute.wsgi.server [req-f8b836b7-a393-4b61-9e45-94364b156eee 92b130a947e342adb476431b041ed43c a9c27d47441e432c8529f8f30ea3261e - - -] 192.168.0.10 "GET /v2/a9c27d47441e432c8529f8f30ea3261e/servers/detail?limit=21&project_id=a9c27d47441e432c8529f8f30ea3261e HTTP/1.1" status: 200 len: 1735 time: 0.1963501
2015-06-22 22:35:07.062 2426 INFO nova.osapi_compute.wsgi.server [req-fad94da8-7520-4333-b6ca-f3954316d9e1 92b130a947e342adb476431b041ed43c a9c27d47441e432c8529f8f30ea3261e - - -] 192.168.0.10 "GET /v2/a9c27d47441e432c8529f8f30ea3261e/flavors/detail HTTP/1.1" status: 200 len: 2287 time: 0.0303171
2015-06-22 22:35:07.408 2426 INFO nova.osapi_compute.wsgi.server [req-c2d3aa83-248e-438c-9af7-5077a39d5fd6 92b130a947e342adb476431b041ed43c a9c27d47441e432c8529f8f30ea3261e - - -] 192.168.0.10 "GET /v2/a9c27d47441e432c8529f8f30ea3261e/limits?reserved=1 HTTP/1.1" status: 200 len: 710 time: 0.0242672
2015-06-22 22:35:07.445 2422 INFO nova.osapi_compute.wsgi.server [req-9e52587a-e4c4-4cdc-953f-086563249693 92b130a947e342adb476431b041ed43c a9c27d47441e432c8529f8f30ea3261e - - -] 192.168.0.10 "GET /v2/a9c27d47441e432c8529f8f30ea3261e/extensions HTTP/1.1" status: 200 len: 22486 time: 0.0097361
2015-06-22 22:35:07.497 2422 INFO nova.osapi_compute.wsgi.server [req-4f41c646-cb8f-488f-b6d5-c5cc67a4d166 92b130a947e342adb476431b041ed43c a9c27d47441e432c8529f8f30ea3261e - - -] 192.168.0.10 "GET /v2/a9c27d47441e432c8529f8f30ea3261e/limits?reserved=1 HTTP/1.1" status: 200 len: 710 time: 0.0307059
2015-06-22 22:35:09.183 2422 INFO nova.api.openstack.wsgi [req-c099eb26-4b92-495f-8b2a-a645f967a80a 92b130a947e342adb476431b041ed43c a9c27d47441e432c8529f8f30ea3261e - - -] HTTP exception thrown: Instance 949bf081-5f77-435d-92c8-08b630a82b6f could not be found.
2015-06-22 22:35:09.184 2422 INFO nova.osapi_compute.wsgi.server [req-c099eb26-4b92-495f-8b2a-a645f967a80a 92b130a947e342adb476431b041ed43c a9c27d47441e432c8529f8f30ea3261e - - -] 192.168.0.10 "GET /v2/a9c27d47441e432c8529f8f30ea3261e/servers/949bf081-5f77-435d-92c8-08b630a82b6f HTTP/1.1" status: 404 len: 330 time: 0.0574770
2015-06-22 22:35:09.540 2426 INFO nova.osapi_compute.wsgi.server [req-2f039ae6-ba93-4081-9da5-28fb1d5a557e 92b130a947e342adb476431b041ed43c a9c27d47441e432c8529f8f30ea3261e - - -] 192.168.0.10 "GET /v2/a9c27d47441e432c8529f8f30ea3261e/limits?reserved=1 HTTP/1.1" status: 200 len: 708 time: 0.0455160
2015-06-22 22:36:45.644 2422 INFO nova.osapi_compute.wsgi.server [req-1d2ec3de-0c4d-4814-84fb-9f64bbebc766 9b1f9b36d7354b1ea121ccfbae339d8b 85a11a1515f94848be7aa5b56adec8bf - - -] 192.168.0.12 "GET /v2/85a11a1515f94848be7aa5b56adec8bf/servers/detail?all_tenants=True&host=compute1.example.com HTTP/1.1" status: 200 len: 211 time: 0.1019919
2015-06-22 22:36:47.263 2422 INFO nova.osapi_compute.wsgi.server [req-1d1fabfd-cd5f-4564-948f-0a469f664918 9b1f9b36d7354b1ea121ccfbae339d8b 85a11a1515f94848be7aa5b56adec8bf - - -] 192.168.0.13 "GET /v2/85a11a1515f94848be7aa5b56adec8bf/servers/detail?all_tenants=True&host=compute2.example.com HTTP/1.1" status: 200 len: 211 time: 0.0801129
2015-06-22 22:37:01.439 2123 INFO nova.openstack.common.service [-] Child caught SIGTERM, exiting
2015-06-22 22:37:01.587 2123 INFO nova.wsgi [-] Stopping WSGI server.
2015-06-22 22:37:01.589 2123 INFO nova.ec2.wsgi.server [-] (2123) wsgi exited, is_accepting=True
2015-06-22 22:37:01.591 2123 INFO nova.wsgi [-] WSGI server has stopped.
2015-06-22 22:37:01.446 2418 INFO nova.openstack.common.service [-] Child caught SIGTERM, exiting
2015-06-22 22:37:01.615 2418 INFO nova.wsgi [-] Stopping WSGI server.
2015-06-22 22:37:01.616 2418 INFO nova.osapi_compute.wsgi.server [-] (2418) wsgi exited, is_accepting=True
2015-06-22 22:37:01.617 2418 INFO nova.wsgi [-] WSGI server has stopped.
2015-06-22 22:37:01.591 2504 INFO nova.openstack.common.service [-] Child caught SIGTERM, exiting
2015-06-22 22:37:01.658 2504 INFO nova.wsgi [-] Stopping WSGI server.
2015-06-22 22:37:01.662 2504 INFO nova.metadata.wsgi.server [-] (2504) wsgi exited, is_accepting=True
2015-06-22 22:37:01.697 2504 INFO nova.wsgi [-] WSGI server has stopped.
2015-06-22 22:37:01.570 2503 INFO nova.openstack.common.service [-] Child caught SIGTERM, exiting
2015-06-22 22:37:01.721 2503 INFO nova.wsgi [-] Stopping WSGI server.
2015-06-22 22:37:01.736 2505 INFO nova.openstack.common.service [-] Child caught SIGTERM, exiting
2015-06-22 22:37:01.449 2121 INFO nova.openstack.common.service [-] Child caught SIGTERM, exiting
2015-06-22 22:37:01.804 2121 INFO nova.wsgi [-] Stopping WSGI server.
2015-06-22 22:37:01.467 2130 INFO nova.openstack.common.service [-] Child caught SIGTERM, exiting
2015-06-22 22:37:01.807 2121 INFO nova.ec2.wsgi.server [-] (2121) wsgi exited, is_accepting=True
2015-06-22 22:37:01.808 2121 INFO nova.wsgi [-] WSGI server has stopped.
2015-06-22 22:37:01.807 2130 INFO nova.wsgi [-] Stopping WSGI server.
2015-06-22 22:37:01.809 2130 INFO nova.ec2.wsgi.server [-] (2130) wsgi exited, is_accepting=True
2015-06-22 22:37:01.810 2130 INFO nova.wsgi [-] WSGI server has stopped.
2015-06-22 22:37:01.820 2502 INFO nova.openstack.common.service [-] Child caught SIGTERM, exiting
2015-06-22 22:37:01.824 2502 INFO nova.wsgi [-] Stopping WSGI server.
2015-06-22 22:37:01.825 2502 INFO nova.metadata.wsgi.server [-] (2502) wsgi exited, is_accepting=True
2015-06-22 22:37:01.826 2502 INFO nova.wsgi [-] WSGI server has stopped.
2015-06-22 22:37:01.468 2426 INFO nova.openstack.common.service [-] Child caught SIGTERM, exiting
2015-06-22 22:37:01.830 2426 INFO nova.wsgi [-] Stopping WSGI server.
2015-06-22 22:37:01.543 2126 INFO nova.openstack.common.service [-] Child caught SIGTERM, exiting
2015-06-22 22:37:01.848 2126 INFO nova.wsgi [-] Stopping WSGI server.
2015-06-22 22:37:01.849 2126 INFO nova.ec2.wsgi.server [-] (2126) wsgi exited, is_accepting=True
2015-06-22 22:37:01.850 2126 INFO nova.wsgi [-] WSGI server has stopped.
2015-06-22 22:37:01.474 2420 INFO nova.openstack.common.service [-] Child caught SIGTERM, exiting
2015-06-22 22:37:01.549 2422 INFO nova.openstack.common.service [-] Child caught SIGTERM, exiting
2015-06-22 22:37:01.858 2420 INFO nova.wsgi [-] Stopping WSGI server.
2015-06-22 22:37:01.858 2422 INFO nova.wsgi [-] Stopping WSGI server.
2015-06-22 22:37:01.859 2420 INFO nova.osapi_compute.wsgi.server [-] (2420) wsgi exited, is_accepting=True
2015-06-22 22:37:01.860 2420 INFO nova.wsgi [-] WSGI server has stopped.
2015-06-22 22:37:01.741 1042 INFO nova.openstack.common.service [-] Caught SIGTERM, stopping children
2015-06-22 22:37:01.873 1042 INFO nova.openstack.common.service [-] Waiting on 12 children to exit
2015-06-22 22:37:01.874 1042 INFO nova.openstack.common.service [-] Child 2123 exited with status 1
2015-06-22 22:37:01.989 1042 INFO nova.openstack.common.service [-] Child 2418 exited with status 1
2015-06-22 22:37:02.000 1042 INFO nova.openstack.common.service [-] Child 2503 killed by signal 15
2015-06-22 22:37:02.005 1042 INFO nova.openstack.common.service [-] Child 2505 killed by signal 15
2015-06-22 22:37:02.036 1042 INFO nova.openstack.common.service [-] Child 2130 exited with status 1
2015-06-22 22:37:02.037 1042 INFO nova.openstack.common.service [-] Child 2126 exited with status 1
2015-06-22 22:37:02.055 1042 INFO nova.openstack.common.service [-] Child 2121 exited with status 1
2015-06-22 22:37:02.062 1042 INFO nova.openstack.common.service [-] Child 2504 exited with status 1
2015-06-22 22:37:02.080 1042 INFO nova.openstack.common.service [-] Child 2422 killed by signal 15
2015-06-22 22:37:02.247 1042 INFO nova.openstack.common.service [-] Child 2426 killed by signal 15
2015-06-22 22:37:02.286 1042 INFO nova.openstack.common.service [-] Child 2502 killed by signal 15
2015-06-22 22:37:02.287 1042 INFO nova.openstack.common.service [-] Child 2420 exited with status 1
2015-09-30 19:05:43.735 989 INFO nova.openstack.common.periodic_task [-] Skipping periodic task _periodic_update_dns because its interval is negative
2015-09-30 19:05:43.740 989 WARNING nova.api.ec2.cloud [-] Deprecated: The in tree EC2 API is deprecated as of Kilo release and may be removed in a future release. The stackforge ec2-api project http://git.openstack.org/cgit/stackforge/ec2-api/ is the target replacement for this functionality.
2015-09-30 19:05:44.159 989 INFO nova.wsgi [-] ec2 listening on 0.0.0.0:8773
2015-09-30 19:05:44.160 989 INFO nova.openstack.common.service [-] Starting 4 workers
2015-09-30 19:05:44.182 989 INFO nova.openstack.common.service [-] Started child 2153
2015-09-30 19:05:44.219 2153 INFO nova.ec2.wsgi.server [-] (2153) wsgi starting up on http://0.0.0.0:8773/
2015-09-30 19:05:44.220 989 INFO nova.openstack.common.service [-] Started child 2157
2015-09-30 19:05:44.261 989 INFO nova.openstack.common.service [-] Started child 2163
2015-09-30 19:05:44.276 2157 INFO nova.ec2.wsgi.server [-] (2157) wsgi starting up on http://0.0.0.0:8773/
2015-09-30 19:05:44.297 2163 INFO nova.ec2.wsgi.server [-] (2163) wsgi starting up on http://0.0.0.0:8773/
2015-09-30 19:05:44.292 989 INFO nova.openstack.common.service [-] Started child 2167
2015-09-30 19:05:44.346 2167 INFO nova.ec2.wsgi.server [-] (2167) wsgi starting up on http://0.0.0.0:8773/
2015-09-30 19:05:46.709 989 WARNING keystonemiddleware.auth_token [-] Configuring admin URI using auth fragments. This is deprecated, use 'identity_uri' instead.
2015-09-30 19:05:46.721 989 INFO nova.api.openstack [-] V3 API has been disabled by configuration
2015-09-30 19:05:46.726 989 WARNING keystonemiddleware.auth_token [-] Configuring admin URI using auth fragments. This is deprecated, use 'identity_uri' instead.
2015-09-30 19:05:47.230 989 WARNING keystonemiddleware.auth_token [-] Configuring admin URI using auth fragments. This is deprecated, use 'identity_uri' instead.
2015-09-30 19:05:47.239 989 INFO nova.api.openstack [-] V3 API has been disabled by configuration
2015-09-30 19:05:47.244 989 WARNING keystonemiddleware.auth_token [-] Configuring admin URI using auth fragments. This is deprecated, use 'identity_uri' instead.
2015-09-30 19:05:47.249 989 INFO nova.wsgi [-] osapi_compute listening on 0.0.0.0:8774
2015-09-30 19:05:47.249 989 INFO nova.openstack.common.service [-] Starting 4 workers
2015-09-30 19:05:47.268 989 INFO nova.openstack.common.service [-] Started child 2486
2015-09-30 19:05:47.293 989 INFO nova.openstack.common.service [-] Started child 2487
2015-09-30 19:05:47.324 2486 INFO nova.osapi_compute.wsgi.server [-] (2486) wsgi starting up on http://0.0.0.0:8774/
2015-09-30 19:05:47.345 989 INFO nova.openstack.common.service [-] Started child 2488
2015-09-30 19:05:47.383 2487 INFO nova.osapi_compute.wsgi.server [-] (2487) wsgi starting up on http://0.0.0.0:8774/
2015-09-30 19:05:47.398 989 INFO nova.openstack.common.service [-] Started child 2489
2015-09-30 19:05:47.446 2488 INFO nova.osapi_compute.wsgi.server [-] (2488) wsgi starting up on http://0.0.0.0:8774/
2015-09-30 19:05:47.460 989 INFO nova.network.driver [-] Loading network driver 'nova.network.linux_net'
2015-09-30 19:05:47.466 2489 INFO nova.osapi_compute.wsgi.server [-] (2489) wsgi starting up on http://0.0.0.0:8774/
2015-09-30 19:05:47.471 989 WARNING oslo_config.cfg [-] Option "lock_path" from group "DEFAULT" is deprecated. Use option "lock_path" from group "oslo_concurrency".
2015-09-30 19:05:48.589 989 INFO nova.wsgi [-] metadata listening on 0.0.0.0:8775
2015-09-30 19:05:48.591 989 INFO nova.openstack.common.service [-] Starting 4 workers
2015-09-30 19:05:48.609 989 INFO nova.openstack.common.service [-] Started child 2515
2015-09-30 19:05:48.663 2515 INFO nova.metadata.wsgi.server [-] (2515) wsgi starting up on http://0.0.0.0:8775/
2015-09-30 19:05:48.657 989 INFO nova.openstack.common.service [-] Started child 2516
2015-09-30 19:05:48.709 2516 INFO nova.metadata.wsgi.server [-] (2516) wsgi starting up on http://0.0.0.0:8775/
2015-09-30 19:05:48.707 989 INFO nova.openstack.common.service [-] Started child 2517
2015-09-30 19:05:48.739 989 INFO nova.openstack.common.service [-] Started child 2518
2015-09-30 19:05:48.770 2517 INFO nova.metadata.wsgi.server [-] (2517) wsgi starting up on http://0.0.0.0:8775/
2015-09-30 19:05:48.799 2518 INFO nova.metadata.wsgi.server [-] (2518) wsgi starting up on http://0.0.0.0:8775/
2015-09-30 19:05:48.856 989 WARNING oslo_config.cfg [-] Option "rabbit_ha_queues" from group "DEFAULT" is deprecated. Use option "rabbit_ha_queues" from group "oslo_messaging_rabbit".
2015-09-30 19:05:48.857 989 WARNING oslo_config.cfg [-] Option "rabbit_host" from group "DEFAULT" is deprecated. Use option "rabbit_host" from group "oslo_messaging_rabbit".
2015-09-30 19:05:48.858 989 WARNING oslo_config.cfg [-] Option "rabbit_hosts" from group "DEFAULT" is deprecated. Use option "rabbit_hosts" from group "oslo_messaging_rabbit".
2015-09-30 19:05:48.859 989 WARNING oslo_config.cfg [-] Option "rabbit_password" from group "DEFAULT" is deprecated. Use option "rabbit_password" from group "oslo_messaging_rabbit".
2015-09-30 19:05:48.860 989 WARNING oslo_config.cfg [-] Option "rabbit_port" from group "DEFAULT" is deprecated. Use option "rabbit_port" from group "oslo_messaging_rabbit".
2015-09-30 19:05:48.861 989 WARNING oslo_config.cfg [-] Option "rabbit_use_ssl" from group "DEFAULT" is deprecated. Use option "rabbit_use_ssl" from group "oslo_messaging_rabbit".
2015-09-30 19:05:48.861 989 WARNING oslo_config.cfg [-] Option "rabbit_userid" from group "DEFAULT" is deprecated. Use option "rabbit_userid" from group "oslo_messaging_rabbit".
2015-09-30 19:05:48.862 989 WARNING oslo_config.cfg [-] Option "rabbit_virtual_host" from group "DEFAULT" is deprecated. Use option "rabbit_virtual_host" from group "oslo_messaging_rabbit".
2015-09-30 19:05:48.866 989 WARNING oslo_config.cfg [-] Option "url_timeout" from group "neutron" is deprecated. Use option "timeout" from group "neutron".
2015-09-30 19:05:48.888 989 WARNING oslo_config.cfg [-] Option "sql_connection" from group "DEFAULT" is deprecated. Use option "connection" from group "database".
2015-09-30 19:15:29.191 2489 WARNING oslo_config.cfg [req-b1a025e3-68cb-41e6-9397-d75c48c21d60 9b1f9b36d7354b1ea121ccfbae339d8b 85a11a1515f94848be7aa5b56adec8bf - - -] Option "sql_connection" from group "DEFAULT" is deprecated. Use option "connection" from group "database".
2015-09-30 19:15:29.506 2489 INFO nova.osapi_compute.wsgi.server [req-b1a025e3-68cb-41e6-9397-d75c48c21d60 9b1f9b36d7354b1ea121ccfbae339d8b 85a11a1515f94848be7aa5b56adec8bf - - -] 192.168.0.13 "GET /v2/85a11a1515f94848be7aa5b56adec8bf/servers/detail?all_tenants=True&host=compute2 HTTP/1.1" status: 200 len: 211 time: 1.4921598
2015-09-30 19:15:36.010 2486 WARNING oslo_config.cfg [req-769fde9c-0a9e-488f-8717-9b19b8863c2e 9b1f9b36d7354b1ea121ccfbae339d8b 85a11a1515f94848be7aa5b56adec8bf - - -] Option "sql_connection" from group "DEFAULT" is deprecated. Use option "connection" from group "database".
2015-09-30 19:15:36.341 2486 INFO nova.osapi_compute.wsgi.server [req-769fde9c-0a9e-488f-8717-9b19b8863c2e 9b1f9b36d7354b1ea121ccfbae339d8b 85a11a1515f94848be7aa5b56adec8bf - - -] 192.168.0.10 "GET /v2/85a11a1515f94848be7aa5b56adec8bf/servers/detail?all_tenants=True HTTP/1.1" status: 200 len: 211 time: 1.5427229
2015-09-30 19:15:40.464 2488 WARNING oslo_config.cfg [req-eb47e148-c30b-425b-9662-f2da583ce2bb 9b1f9b36d7354b1ea121ccfbae339d8b 85a11a1515f94848be7aa5b56adec8bf - - -] Option "url_timeout" from group "neutron" is deprecated. Use option "timeout" from group "neutron".
2015-09-30 19:15:40.508 2489 INFO nova.osapi_compute.wsgi.server [req-2ae4250f-a543-4093-9652-a082c0cacb1f 9b1f9b36d7354b1ea121ccfbae339d8b 85a11a1515f94848be7aa5b56adec8bf - - -] 192.168.0.12 "GET /v2/85a11a1515f94848be7aa5b56adec8bf/servers/detail?all_tenants=True&host=compute1 HTTP/1.1" status: 200 len: 211 time: 0.1244631
2015-09-30 19:15:41.280 2488 INFO nova.osapi_compute.wsgi.server [req-eb47e148-c30b-425b-9662-f2da583ce2bb 9b1f9b36d7354b1ea121ccfbae339d8b 85a11a1515f94848be7aa5b56adec8bf - - -] 192.168.0.10 "GET /v2/85a11a1515f94848be7aa5b56adec8bf/os-floating-ips HTTP/1.1" status: 200 len: 216 time: 2.1313081
2015-09-30 19:25:27.957 2489 INFO nova.osapi_compute.wsgi.server [req-4acbefee-6fb1-4ad9-b991-3f85c70d5a2a 9b1f9b36d7354b1ea121ccfbae339d8b 85a11a1515f94848be7aa5b56adec8bf - - -] 192.168.0.13 "GET /v2/85a11a1515f94848be7aa5b56adec8bf/servers/detail?all_tenants=True&host=compute2 HTTP/1.1" status: 200 len: 211 time: 0.1061690
2015-09-30 19:25:34.513 2488 WARNING oslo_config.cfg [req-33d6e5e9-4a85-448b-b137-627774cef0a7 9b1f9b36d7354b1ea121ccfbae339d8b 85a11a1515f94848be7aa5b56adec8bf - - -] Option "sql_connection" from group "DEFAULT" is deprecated. Use option "connection" from group "database".
2015-09-30 19:25:34.859 2488 INFO nova.osapi_compute.wsgi.server [req-33d6e5e9-4a85-448b-b137-627774cef0a7 9b1f9b36d7354b1ea121ccfbae339d8b 85a11a1515f94848be7aa5b56adec8bf - - -] 192.168.0.10 "GET /v2/85a11a1515f94848be7aa5b56adec8bf/servers/detail?all_tenants=True HTTP/1.1" status: 200 len: 211 time: 0.4004090
2015-09-30 19:25:36.859 2488 INFO nova.osapi_compute.wsgi.server [req-9b85cf52-4978-49cf-b5dc-1a25b846ee1a 9b1f9b36d7354b1ea121ccfbae339d8b 85a11a1515f94848be7aa5b56adec8bf - - -] 192.168.0.10 "GET /v2/85a11a1515f94848be7aa5b56adec8bf/os-floating-ips HTTP/1.1" status: 200 len: 216 time: 0.2105560
2015-09-30 19:25:40.285 2488 INFO nova.osapi_compute.wsgi.server [req-aac6f6bb-2a24-4080-870d-e0c2706d1aa5 9b1f9b36d7354b1ea121ccfbae339d8b 85a11a1515f94848be7aa5b56adec8bf - - -] 192.168.0.12 "GET /v2/85a11a1515f94848be7aa5b56adec8bf/servers/detail?all_tenants=True&host=compute1 HTTP/1.1" status: 200 len: 211 time: 0.0899000
2015-09-30 19:35:28.962 2487 WARNING oslo_config.cfg [req-8cf85ce3-db93-4b4a-bcdb-fee4fa3e1e92 9b1f9b36d7354b1ea121ccfbae339d8b 85a11a1515f94848be7aa5b56adec8bf - - -] Option "sql_connection" from group "DEFAULT" is deprecated. Use option "connection" from group "database".
2015-09-30 19:35:29.283 2487 INFO nova.osapi_compute.wsgi.server [req-8cf85ce3-db93-4b4a-bcdb-fee4fa3e1e92 9b1f9b36d7354b1ea121ccfbae339d8b 85a11a1515f94848be7aa5b56adec8bf - - -] 192.168.0.13 "GET /v2/85a11a1515f94848be7aa5b56adec8bf/servers/detail?all_tenants=True&host=compute2 HTTP/1.1" status: 200 len: 211 time: 1.4267859
2015-09-30 19:35:34.302 2486 INFO nova.osapi_compute.wsgi.server [req-987d64ac-49eb-437a-bd17-d6616513501c 9b1f9b36d7354b1ea121ccfbae339d8b 85a11a1515f94848be7aa5b56adec8bf - - -] 192.168.0.10 "GET /v2/85a11a1515f94848be7aa5b56adec8bf/servers/detail?all_tenants=True HTTP/1.1" status: 200 len: 211 time: 0.0967460
2015-09-30 19:35:35.911 2487 WARNING oslo_config.cfg [req-983742bc-f8cc-44af-b178-ee0877fd0e61 9b1f9b36d7354b1ea121ccfbae339d8b 85a11a1515f94848be7aa5b56adec8bf - - -] Option "url_timeout" from group "neutron" is deprecated. Use option "timeout" from group "neutron".
2015-09-30 19:35:36.330 2487 INFO nova.osapi_compute.wsgi.server [req-983742bc-f8cc-44af-b178-ee0877fd0e61 9b1f9b36d7354b1ea121ccfbae339d8b 85a11a1515f94848be7aa5b56adec8bf - - -] 192.168.0.10 "GET /v2/85a11a1515f94848be7aa5b56adec8bf/os-floating-ips HTTP/1.1" status: 200 len: 216 time: 0.4823558
2015-09-30 19:35:40.301 2488 INFO nova.osapi_compute.wsgi.server [req-c51e6e4a-67c5-4d6f-9348-9afa85aedda9 9b1f9b36d7354b1ea121ccfbae339d8b 85a11a1515f94848be7aa5b56adec8bf - - -] 192.168.0.12 "GET /v2/85a11a1515f94848be7aa5b56adec8bf/servers/detail?all_tenants=True&host=compute1 HTTP/1.1" status: 200 len: 211 time: 0.0929761
2015-09-30 19:45:27.940 2487 INFO nova.osapi_compute.wsgi.server [req-f3bd8fcc-914f-44b8-b481-f2c3231cc6da 9b1f9b36d7354b1ea121ccfbae339d8b 85a11a1515f94848be7aa5b56adec8bf - - -] 192.168.0.13 "GET /v2/85a11a1515f94848be7aa5b56adec8bf/servers/detail?all_tenants=True&host=compute2 HTTP/1.1" status: 200 len: 211 time: 0.0969992
2015-09-30 19:45:34.254 2486 INFO nova.osapi_compute.wsgi.server [req-2b5d23dd-fc69-4ba3-a10a-2db5ca32dcd5 9b1f9b36d7354b1ea121ccfbae339d8b 85a11a1515f94848be7aa5b56adec8bf - - -] 192.168.0.10 "GET /v2/85a11a1515f94848be7aa5b56adec8bf/servers/detail?all_tenants=True HTTP/1.1" status: 200 len: 211 time: 0.1004550
2015-09-30 19:45:36.043 2488 INFO nova.osapi_compute.wsgi.server [req-c56bf299-a262-44c6-bdef-cbcfcb4fe41c 9b1f9b36d7354b1ea121ccfbae339d8b 85a11a1515f94848be7aa5b56adec8bf - - -] 192.168.0.10 "GET /v2/85a11a1515f94848be7aa5b56adec8bf/os-floating-ips HTTP/1.1" status: 200 len: 216 time: 0.4269831
2015-09-30 19:45:40.275 2488 INFO nova.osapi_compute.wsgi.server [req-44417be4-5f4b-451d-bb21-697b639bd5fb 9b1f9b36d7354b1ea121ccfbae339d8b 85a11a1515f94848be7aa5b56adec8bf - - -] 192.168.0.12 "GET /v2/85a11a1515f94848be7aa5b56adec8bf/servers/detail?all_tenants=True&host=compute1 HTTP/1.1" status: 200 len: 211 time: 0.0822330
2015-09-30 19:55:27.962 2486 INFO nova.osapi_compute.wsgi.server [req-e9eb8cf1-33e3-42b7-92f2-3531075c02b1 9b1f9b36d7354b1ea121ccfbae339d8b 85a11a1515f94848be7aa5b56adec8bf - - -] 192.168.0.13 "GET /v2/85a11a1515f94848be7aa5b56adec8bf/servers/detail?all_tenants=True&host=compute2 HTTP/1.1" status: 200 len: 211 time: 0.1081500
2015-09-30 19:55:34.257 2486 INFO nova.osapi_compute.wsgi.server [req-79e2ba34-d18c-4d54-a656-98c25ea1bf03 9b1f9b36d7354b1ea121ccfbae339d8b 85a11a1515f94848be7aa5b56adec8bf - - -] 192.168.0.10 "GET /v2/85a11a1515f94848be7aa5b56adec8bf/servers/detail?all_tenants=True HTTP/1.1" status: 200 len: 211 time: 0.0747030
2015-09-30 19:55:35.351 2489 WARNING oslo_config.cfg [req-d013fbd6-963c-49d6-a144-b0f7ea4687b6 9b1f9b36d7354b1ea121ccfbae339d8b 85a11a1515f94848be7aa5b56adec8bf - - -] Option "url_timeout" from group "neutron" is deprecated. Use option "timeout" from group "neutron".
2015-09-30 19:55:35.528 2489 INFO nova.osapi_compute.wsgi.server [req-d013fbd6-963c-49d6-a144-b0f7ea4687b6 9b1f9b36d7354b1ea121ccfbae339d8b 85a11a1515f94848be7aa5b56adec8bf - - -] 192.168.0.10 "GET /v2/85a11a1515f94848be7aa5b56adec8bf/os-floating-ips HTTP/1.1" status: 200 len: 216 time: 0.2345529
2015-09-30 19:55:40.317 2487 INFO nova.osapi_compute.wsgi.server [req-f5779ef7-d0a4-46ba-9f25-070e3ca1c2ec 9b1f9b36d7354b1ea121ccfbae339d8b 85a11a1515f94848be7aa5b56adec8bf - - -] 192.168.0.12 "GET /v2/85a11a1515f94848be7aa5b56adec8bf/servers/detail?all_tenants=True&host=compute1 HTTP/1.1" status: 200 len: 211 time: 0.0989881
2015-09-30 20:05:27.966 2488 INFO nova.osapi_compute.wsgi.server [req-081bef7b-e45e-40fb-9476-7b2adb958491 9b1f9b36d7354b1ea121ccfbae339d8b 85a11a1515f94848be7aa5b56adec8bf - - -] 192.168.0.13 "GET /v2/85a11a1515f94848be7aa5b56adec8bf/servers/detail?all_tenants=True&host=compute2 HTTP/1.1" status: 200 len: 211 time: 0.1092319
2015-09-30 20:05:34.268 2487 INFO nova.osapi_compute.wsgi.server [req-dd74e551-4fdf-410f-90ca-9e80682fcfcf 9b1f9b36d7354b1ea121ccfbae339d8b 85a11a1515f94848be7aa5b56adec8bf - - -] 192.168.0.10 "GET /v2/85a11a1515f94848be7aa5b56adec8bf/servers/detail?all_tenants=True HTTP/1.1" status: 200 len: 211 time: 0.0908601
2015-09-30 20:05:35.378 2487 INFO nova.osapi_compute.wsgi.server [req-43792a1c-24a1-4d8d-8c2b-546c00435fda 9b1f9b36d7354b1ea121ccfbae339d8b 85a11a1515f94848be7aa5b56adec8bf - - -] 192.168.0.10 "GET /v2/85a11a1515f94848be7aa5b56adec8bf/os-floating-ips HTTP/1.1" status: 200 len: 216 time: 0.1964920
2015-09-30 20:05:40.297 2488 INFO nova.osapi_compute.wsgi.server [req-580ffcf3-8157-42d6-a1fe-e141dd113e4e 9b1f9b36d7354b1ea121ccfbae339d8b 85a11a1515f94848be7aa5b56adec8bf - - -] 192.168.0.12 "GET /v2/85a11a1515f94848be7aa5b56adec8bf/servers/detail?all_tenants=True&host=compute1 HTTP/1.1" status: 200 len: 211 time: 0.0950942
2015-09-30 20:15:27.986 2489 WARNING keystonemiddleware.auth_token [-] Authorization failed for token
2015-09-30 20:15:27.988 2489 WARNING keystonemiddleware.auth_token [-] Identity response: {"error": {"message": "Could not find token: c011a9fafe914ab0a6a26243059b17a9", "code": 404, "title": "Not Found"}}
2015-09-30 20:15:27.989 2489 WARNING keystonemiddleware.auth_token [-] Authorization failed for token
2015-09-30 20:15:27.990 2489 INFO nova.osapi_compute.wsgi.server [-] 192.168.0.13 "GET /v2/85a11a1515f94848be7aa5b56adec8bf/servers/detail?all_tenants=True&host=compute2 HTTP/1.1" status: 401 len: 283 time: 0.1429658
2015-09-30 20:15:28.208 2486 INFO nova.osapi_compute.wsgi.server [req-d11c245a-91d0-4085-9cc1-453586322d92 9b1f9b36d7354b1ea121ccfbae339d8b 85a11a1515f94848be7aa5b56adec8bf - - -] 192.168.0.13 "GET /v2/85a11a1515f94848be7aa5b56adec8bf/servers/detail?all_tenants=True&host=compute2 HTTP/1.1" status: 200 len: 211 time: 0.0968282
2015-09-30 20:15:34.365 2489 WARNING keystonemiddleware.auth_token [-] Authorization failed for token
2015-09-30 20:15:34.365 2489 WARNING keystonemiddleware.auth_token [-] Identity response: {"error": {"message": "Could not find token: 7ee98c303c9d42ffb2ada5ae85f78a71", "code": 404, "title": "Not Found"}}
2015-09-30 20:15:34.365 2489 WARNING keystonemiddleware.auth_token [-] Authorization failed for token
2015-09-30 20:15:34.366 2489 INFO nova.osapi_compute.wsgi.server [-] 192.168.0.10 "GET /v2/85a11a1515f94848be7aa5b56adec8bf/servers/detail?all_tenants=True HTTP/1.1" status: 401 len: 283 time: 0.0269930
2015-09-30 20:15:34.574 2489 INFO nova.osapi_compute.wsgi.server [req-b46e009d-6da3-4a9e-897a-db44992a492f 9b1f9b36d7354b1ea121ccfbae339d8b 85a11a1515f94848be7aa5b56adec8bf - - -] 192.168.0.10 "GET /v2/85a11a1515f94848be7aa5b56adec8bf/servers/detail?all_tenants=True HTTP/1.1" status: 200 len: 211 time: 0.0921369
2015-09-30 20:15:36.419 2488 INFO nova.osapi_compute.wsgi.server [req-ab96bf27-40c9-407d-ae9d-cf5399cefb82 9b1f9b36d7354b1ea121ccfbae339d8b 85a11a1515f94848be7aa5b56adec8bf - - -] 192.168.0.10 "GET /v2/85a11a1515f94848be7aa5b56adec8bf/os-floating-ips HTTP/1.1" status: 200 len: 216 time: 0.3832910
2015-09-30 20:15:40.346 2488 WARNING keystonemiddleware.auth_token [-] Authorization failed for token
2015-09-30 20:15:40.347 2488 WARNING keystonemiddleware.auth_token [-] Identity response: {"error": {"message": "Could not find token: 3772fc526cc9493189d928d674f5963b", "code": 404, "title": "Not Found"}}
2015-09-30 20:15:40.347 2488 WARNING keystonemiddleware.auth_token [-] Authorization failed for token
2015-09-30 20:15:40.348 2488 INFO nova.osapi_compute.wsgi.server [-] 192.168.0.12 "GET /v2/85a11a1515f94848be7aa5b56adec8bf/servers/detail?all_tenants=True&host=compute1 HTTP/1.1" status: 401 len: 283 time: 0.1346769
2015-09-30 20:15:40.668 2486 INFO nova.osapi_compute.wsgi.server [req-1d364e46-4085-4773-992e-81210e9ddcf6 9b1f9b36d7354b1ea121ccfbae339d8b 85a11a1515f94848be7aa5b56adec8bf - - -] 192.168.0.12 "GET /v2/85a11a1515f94848be7aa5b56adec8bf/servers/detail?all_tenants=True&host=compute1 HTTP/1.1" status: 200 len: 211 time: 0.2029729
2015-09-30 20:25:27.950 2487 INFO nova.osapi_compute.wsgi.server [req-75ee547c-54ca-463f-beea-2d594bad5d99 9b1f9b36d7354b1ea121ccfbae339d8b 85a11a1515f94848be7aa5b56adec8bf - - -] 192.168.0.13 "GET /v2/85a11a1515f94848be7aa5b56adec8bf/servers/detail?all_tenants=True&host=compute2 HTTP/1.1" status: 200 len: 211 time: 0.0928471
2015-09-30 20:25:34.292 2489 INFO nova.osapi_compute.wsgi.server [req-0242a2ba-4614-4967-9714-80307c1ac92a 9b1f9b36d7354b1ea121ccfbae339d8b 85a11a1515f94848be7aa5b56adec8bf - - -] 192.168.0.10 "GET /v2/85a11a1515f94848be7aa5b56adec8bf/servers/detail?all_tenants=True HTTP/1.1" status: 200 len: 211 time: 0.0883429
2015-09-30 20:25:36.406 2488 INFO nova.osapi_compute.wsgi.server [req-47b00383-1c29-49c4-a03f-a1042451a0c3 9b1f9b36d7354b1ea121ccfbae339d8b 85a11a1515f94848be7aa5b56adec8bf - - -] 192.168.0.10 "GET /v2/85a11a1515f94848be7aa5b56adec8bf/os-floating-ips HTTP/1.1" status: 200 len: 216 time: 0.2964840
2015-09-30 20:25:40.303 2489 INFO nova.osapi_compute.wsgi.server [req-848516be-9949-43ba-9ae1-5d220b4324a3 9b1f9b36d7354b1ea121ccfbae339d8b 85a11a1515f94848be7aa5b56adec8bf - - -] 192.168.0.12 "GET /v2/85a11a1515f94848be7aa5b56adec8bf/servers/detail?all_tenants=True&host=compute1 HTTP/1.1" status: 200 len: 211 time: 0.0937381
2015-09-30 20:35:27.961 2488 INFO nova.osapi_compute.wsgi.server [req-99ee2a71-d630-46f3-97a0-43316bfa96b8 9b1f9b36d7354b1ea121ccfbae339d8b 85a11a1515f94848be7aa5b56adec8bf - - -] 192.168.0.13 "GET /v2/85a11a1515f94848be7aa5b56adec8bf/servers/detail?all_tenants=True&host=compute2 HTTP/1.1" status: 200 len: 211 time: 0.1059132
2015-09-30 20:35:34.287 2489 INFO nova.osapi_compute.wsgi.server [req-953b0353-206b-44da-89e0-bb90b04c9e8b 9b1f9b36d7354b1ea121ccfbae339d8b 85a11a1515f94848be7aa5b56adec8bf - - -] 192.168.0.10 "GET /v2/85a11a1515f94848be7aa5b56adec8bf/servers/detail?all_tenants=True HTTP/1.1" status: 200 len: 211 time: 0.1037419
2015-09-30 20:35:35.567 2486 WARNING oslo_config.cfg [req-b1a1ee4d-8044-453a-b9fc-63dd7a4e35a8 9b1f9b36d7354b1ea121ccfbae339d8b 85a11a1515f94848be7aa5b56adec8bf - - -] Option "url_timeout" from group "neutron" is deprecated. Use option "timeout" from group "neutron".
2015-09-30 20:35:35.754 2486 INFO nova.osapi_compute.wsgi.server [req-b1a1ee4d-8044-453a-b9fc-63dd7a4e35a8 9b1f9b36d7354b1ea121ccfbae339d8b 85a11a1515f94848be7aa5b56adec8bf - - -] 192.168.0.10 "GET /v2/85a11a1515f94848be7aa5b56adec8bf/os-floating-ips HTTP/1.1" status: 200 len: 216 time: 0.2430110
2015-09-30 20:35:40.420 2487 INFO nova.osapi_compute.wsgi.server [req-4160630d-931a-4dc1-a34c-1e10461707e7 9b1f9b36d7354b1ea121ccfbae339d8b 85a11a1515f94848be7aa5b56adec8bf - - -] 192.168.0.12 "GET /v2/85a11a1515f94848be7aa5b56adec8bf/servers/detail?all_tenants=True&host=compute1 HTTP/1.1" status: 200 len: 211 time: 0.2069340
2015-09-30 20:45:27.941 2489 INFO nova.osapi_compute.wsgi.server [req-7fe2c111-d8eb-4221-9502-253f1ef331c3 9b1f9b36d7354b1ea121ccfbae339d8b 85a11a1515f94848be7aa5b56adec8bf - - -] 192.168.0.13 "GET /v2/85a11a1515f94848be7aa5b56adec8bf/servers/detail?all_tenants=True&host=compute2 HTTP/1.1" status: 200 len: 211 time: 0.0897291
2015-09-30 20:45:34.228 2489 INFO nova.osapi_compute.wsgi.server [req-c8d11c44-6811-4ff3-b06a-f62bcd632505 9b1f9b36d7354b1ea121ccfbae339d8b 85a11a1515f94848be7aa5b56adec8bf - - -] 192.168.0.10 "GET /v2/85a11a1515f94848be7aa5b56adec8bf/servers/detail?all_tenants=True HTTP/1.1" status: 200 len: 211 time: 0.0680530
2015-09-30 20:45:35.515 2489 INFO nova.osapi_compute.wsgi.server [req-5b290eba-1430-4c09-8250-5249e51e045a 9b1f9b36d7354b1ea121ccfbae339d8b 85a11a1515f94848be7aa5b56adec8bf - - -] 192.168.0.10 "GET /v2/85a11a1515f94848be7aa5b56adec8bf/os-floating-ips HTTP/1.1" status: 200 len: 216 time: 0.1935639
2015-09-30 20:45:40.447 2489 INFO nova.osapi_compute.wsgi.server [req-7e9fee38-ace2-40c0-8d4b-b32786fc2b4b 9b1f9b36d7354b1ea121ccfbae339d8b 85a11a1515f94848be7aa5b56adec8bf - - -] 192.168.0.12 "GET /v2/85a11a1515f94848be7aa5b56adec8bf/servers/detail?all_tenants=True&host=compute1 HTTP/1.1" status: 200 len: 211 time: 0.2384470
2015-09-30 20:55:27.960 2486 INFO nova.osapi_compute.wsgi.server [req-09926003-5a6b-493f-817f-4e3073bc6ef3 9b1f9b36d7354b1ea121ccfbae339d8b 85a11a1515f94848be7aa5b56adec8bf - - -] 192.168.0.13 "GET /v2/85a11a1515f94848be7aa5b56adec8bf/servers/detail?all_tenants=True&host=compute2 HTTP/1.1" status: 200 len: 211 time: 0.0973880
2015-09-30 20:55:34.250 2487 INFO nova.osapi_compute.wsgi.server [req-b8f3e4a9-109e-41cf-b059-ffd942ff4664 9b1f9b36d7354b1ea121ccfbae339d8b 85a11a1515f94848be7aa5b56adec8bf - - -] 192.168.0.10 "GET /v2/85a11a1515f94848be7aa5b56adec8bf/servers/detail?all_tenants=True HTTP/1.1" status: 200 len: 211 time: 0.0920160
2015-09-30 20:55:35.518 2488 INFO nova.osapi_compute.wsgi.server [req-6da18016-56fb-45c8-81ef-33c2e986f6c2 9b1f9b36d7354b1ea121ccfbae339d8b 85a11a1515f94848be7aa5b56adec8bf - - -] 192.168.0.10 "GET /v2/85a11a1515f94848be7aa5b56adec8bf/os-floating-ips HTTP/1.1" status: 200 len: 216 time: 0.1945159
2015-09-30 20:55:40.314 2486 INFO nova.osapi_compute.wsgi.server [req-a4869d7d-ef99-45b3-8f33-9d6ef98fb5de 9b1f9b36d7354b1ea121ccfbae339d8b 85a11a1515f94848be7aa5b56adec8bf - - -] 192.168.0.12 "GET /v2/85a11a1515f94848be7aa5b56adec8bf/servers/detail?all_tenants=True&host=compute1 HTTP/1.1" status: 200 len: 211 time: 0.0932040
2015-09-30 21:05:27.968 2487 INFO nova.osapi_compute.wsgi.server [req-cd3be0e5-ff81-402c-98a1-c421cf3a3e9c 9b1f9b36d7354b1ea121ccfbae339d8b 85a11a1515f94848be7aa5b56adec8bf - - -] 192.168.0.13 "GET /v2/85a11a1515f94848be7aa5b56adec8bf/servers/detail?all_tenants=True&host=compute2 HTTP/1.1" status: 200 len: 211 time: 0.0963938
2015-09-30 21:05:34.254 2489 INFO nova.osapi_compute.wsgi.server [req-d63b6620-9acf-4614-bd49-28983b8f993d 9b1f9b36d7354b1ea121ccfbae339d8b 85a11a1515f94848be7aa5b56adec8bf - - -] 192.168.0.10 "GET /v2/85a11a1515f94848be7aa5b56adec8bf/servers/detail?all_tenants=True HTTP/1.1" status: 200 len: 211 time: 0.0832770
2015-09-30 21:05:35.442 2489 INFO nova.osapi_compute.wsgi.server [req-260d084d-67a7-4193-b707-5144438bf48a 9b1f9b36d7354b1ea121ccfbae339d8b 85a11a1515f94848be7aa5b56adec8bf - - -] 192.168.0.10 "GET /v2/85a11a1515f94848be7aa5b56adec8bf/os-floating-ips HTTP/1.1" status: 200 len: 216 time: 0.1951170
2015-09-30 21:05:40.269 2489 INFO nova.osapi_compute.wsgi.server [req-66eba624-4cb9-4046-bd8a-0e646d41ae8e 9b1f9b36d7354b1ea121ccfbae339d8b 85a11a1515f94848be7aa5b56adec8bf - - -] 192.168.0.12 "GET /v2/85a11a1515f94848be7aa5b56adec8bf/servers/detail?all_tenants=True&host=compute1 HTTP/1.1" status: 200 len: 211 time: 0.0689988
2015-09-30 21:11:20.577 2487 INFO nova.osapi_compute.wsgi.server [req-0b7cc5dc-f76a-49db-a3ca-3db24c0fc732 e9483918caa940a48fe882ba092c7e0b 300b2cc45c3846939e589310ae714e46 - - -] 192.168.0.10 "GET /v2/300b2cc45c3846939e589310ae714e46/extensions HTTP/1.1" status: 200 len: 22486 time: 0.1038740
2015-09-30 21:11:20.652 2487 INFO nova.osapi_compute.wsgi.server [req-05616df3-da86-40aa-836e-d207707e4ed4 e9483918caa940a48fe882ba092c7e0b 300b2cc45c3846939e589310ae714e46 - - -] 192.168.0.10 "GET /v2/300b2cc45c3846939e589310ae714e46/os-simple-tenant-usage?start=2015-09-01T00:00:00&end=2015-09-30T23:59:59&detailed=1 HTTP/1.1" status: 200 len: 217 time: 0.0310490
2015-09-30 21:11:20.695 2487 INFO nova.osapi_compute.wsgi.server [req-92aa0fd5-7c89-48a8-9eac-7f2902d0c8ba e9483918caa940a48fe882ba092c7e0b 300b2cc45c3846939e589310ae714e46 - - -] 192.168.0.10 "GET /v2/300b2cc45c3846939e589310ae714e46/limits HTTP/1.1" status: 200 len: 708 time: 0.0391750
2015-09-30 21:11:25.994 2487 INFO nova.osapi_compute.wsgi.server [req-3089ef53-e68e-4c9a-9698-23b4bc004c33 e9483918caa940a48fe882ba092c7e0b 300b2cc45c3846939e589310ae714e46 - - -] 192.168.0.10 "GET /v2/300b2cc45c3846939e589310ae714e46/os-hypervisors/detail HTTP/1.1" status: 200 len: 4737 time: 0.0420969
2015-09-30 21:11:26.133 2489 INFO nova.osapi_compute.wsgi.server [req-d24c7435-8ee5-44d6-b2e5-071a7316e597 e9483918caa940a48fe882ba092c7e0b 300b2cc45c3846939e589310ae714e46 - - -] 192.168.0.10 "GET /v2/300b2cc45c3846939e589310ae714e46/os-services HTTP/1.1" status: 200 len: 2493 time: 0.1010492
2015-09-30 21:11:26.156 2487 INFO nova.osapi_compute.wsgi.server [req-43b64171-97eb-43b5-9368-b55033c6464b e9483918caa940a48fe882ba092c7e0b 300b2cc45c3846939e589310ae714e46 - - -] 192.168.0.10 "GET /v2/300b2cc45c3846939e589310ae714e46/os-hypervisors/statistics HTTP/1.1" status: 200 len: 457 time: 0.0158119
2015-09-30 21:11:26.513 2489 INFO nova.osapi_compute.wsgi.server [req-6be64121-9a97-446f-a561-cdfef3b93c6a e9483918caa940a48fe882ba092c7e0b 300b2cc45c3846939e589310ae714e46 - - -] 192.168.0.10 "GET /v2/300b2cc45c3846939e589310ae714e46/extensions HTTP/1.1" status: 200 len: 22486 time: 0.0068750
2015-09-30 21:11:48.017 2487 INFO nova.osapi_compute.wsgi.server [req-4f7b0e58-5250-4a2f-a162-74b7eac5595b e9483918caa940a48fe882ba092c7e0b 300b2cc45c3846939e589310ae714e46 - - -] 192.168.0.10 "PUT /v2/300b2cc45c3846939e589310ae714e46/os-services/disable HTTP/1.1" status: 200 len: 277 time: 0.0414121
2015-09-30 21:11:48.383 2489 INFO nova.osapi_compute.wsgi.server [req-b3f2bf92-39ae-4ae9-ae7f-98235ff14d63 e9483918caa940a48fe882ba092c7e0b 300b2cc45c3846939e589310ae714e46 - - -] 192.168.0.10 "GET /v2/300b2cc45c3846939e589310ae714e46/os-hypervisors/detail HTTP/1.1" status: 200 len: 4738 time: 0.0575740
2015-09-30 21:11:48.490 2486 INFO nova.osapi_compute.wsgi.server [req-77959a46-4aa8-494c-bc64-8bbe3344fb1f e9483918caa940a48fe882ba092c7e0b 300b2cc45c3846939e589310ae714e46 - - -] 192.168.0.10 "GET /v2/300b2cc45c3846939e589310ae714e46/os-services HTTP/1.1" status: 200 len: 2494 time: 0.0969589
2015-09-30 21:11:48.510 2489 INFO nova.osapi_compute.wsgi.server [req-ec511a58-defa-4b2a-b13a-d7de82623a51 e9483918caa940a48fe882ba092c7e0b 300b2cc45c3846939e589310ae714e46 - - -] 192.168.0.10 "GET /v2/300b2cc45c3846939e589310ae714e46/os-hypervisors/statistics HTTP/1.1" status: 200 len: 457 time: 0.0147231
2015-09-30 21:11:48.885 2486 INFO nova.osapi_compute.wsgi.server [req-c94a280a-e4f9-48fc-9e39-e5e53bc10362 e9483918caa940a48fe882ba092c7e0b 300b2cc45c3846939e589310ae714e46 - - -] 192.168.0.10 "GET /v2/300b2cc45c3846939e589310ae714e46/extensions HTTP/1.1" status: 200 len: 22486 time: 0.0062580
2015-09-30 21:11:54.607 2486 INFO nova.osapi_compute.wsgi.server [req-d694a819-9ff8-4adf-a93f-f475cd458437 e9483918caa940a48fe882ba092c7e0b 300b2cc45c3846939e589310ae714e46 - - -] 192.168.0.10 "GET /v2/300b2cc45c3846939e589310ae714e46/os-hypervisors/detail HTTP/1.1" status: 200 len: 4738 time: 0.2115560
2015-09-30 21:11:54.660 2489 INFO nova.osapi_compute.wsgi.server [req-aca19699-2d85-4c56-affd-54d937ebb04d e9483918caa940a48fe882ba092c7e0b 300b2cc45c3846939e589310ae714e46 - - -] 192.168.0.10 "GET /v2/300b2cc45c3846939e589310ae714e46/os-services HTTP/1.1" status: 200 len: 2494 time: 0.0368671
2015-09-30 21:11:54.683 2486 INFO nova.osapi_compute.wsgi.server [req-0f8f9242-d1db-4445-81a2-c9b162eff2aa e9483918caa940a48fe882ba092c7e0b 300b2cc45c3846939e589310ae714e46 - - -] 192.168.0.10 "GET /v2/300b2cc45c3846939e589310ae714e46/os-hypervisors/statistics HTTP/1.1" status: 200 len: 457 time: 0.0163169
