2015-10-01 03:54:01.508 2488 INFO nova.api.openstack [req-7732ad0f-2001-47bc-945d-0d1dff36712c 415b597bda074b30a90d8cb3b9fd92ec e914019c03814ded9911e9718ff69977 - - -] http://192.168.0.10:8774/v2/e914019c03814ded9911e9718ff69977/servers/9c72075c-1c97-4bb8-9495-50a0823b0366/action returned with HTTP 500
2015-10-01 03:54:01.515 2488 INFO nova.osapi_compute.wsgi.server [req-7732ad0f-2001-47bc-945d-0d1dff36712c 415b597bda074b30a90d8cb3b9fd92ec e914019c03814ded9911e9718ff69977 - - -] 192.168.0.10 "POST /v2/e914019c03814ded9911e9718ff69977/servers/9c72075c-1c97-4bb8-9495-50a0823b0366/action HTTP/1.1" status: 500 len: 359 time: 60.1677220
2015-10-01 03:54:01.783 2480 WARNING oslo_config.cfg [req-ee57e95a-db4a-4b4a-9301-8d4e6abf7048 415b597bda074b30a90d8cb3b9fd92ec e914019c03814ded9911e9718ff69977 - - -] Option "rabbit_virtual_host" from group "DEFAULT" is deprecated. Use option "rabbit_virtual_host" from group "oslo_messaging_rabbit".
2015-10-01 03:54:01.791 2480 WARNING oslo_config.cfg [req-ee57e95a-db4a-4b4a-9301-8d4e6abf7048 415b597bda074b30a90d8cb3b9fd92ec e914019c03814ded9911e9718ff69977 - - -] Option "rabbit_hosts" from group "DEFAULT" is deprecated. Use option "rabbit_hosts" from group "oslo_messaging_rabbit".
2015-10-01 03:54:01.792 2480 WARNING oslo_config.cfg [req-ee57e95a-db4a-4b4a-9301-8d4e6abf7048 415b597bda074b30a90d8cb3b9fd92ec e914019c03814ded9911e9718ff69977 - - -] Option "rabbit_port" from group "DEFAULT" is deprecated. Use option "rabbit_port" from group "oslo_messaging_rabbit".
2015-10-01 03:54:01.793 2480 WARNING oslo_config.cfg [req-ee57e95a-db4a-4b4a-9301-8d4e6abf7048 415b597bda074b30a90d8cb3b9fd92ec e914019c03814ded9911e9718ff69977 - - -] Option "rabbit_userid" from group "DEFAULT" is deprecated. Use option "rabbit_userid" from group "oslo_messaging_rabbit".
2015-10-01 03:54:01.794 2480 WARNING oslo_config.cfg [req-ee57e95a-db4a-4b4a-9301-8d4e6abf7048 415b597bda074b30a90d8cb3b9fd92ec e914019c03814ded9911e9718ff69977 - - -] Option "rabbit_password" from group "DEFAULT" is deprecated. Use option "rabbit_password" from group "oslo_messaging_rabbit".
2015-10-01 03:54:01.795 2480 WARNING oslo_config.cfg [req-ee57e95a-db4a-4b4a-9301-8d4e6abf7048 415b597bda074b30a90d8cb3b9fd92ec e914019c03814ded9911e9718ff69977 - - -] Option "rabbit_use_ssl" from group "DEFAULT" is deprecated. Use option "rabbit_use_ssl" from group "oslo_messaging_rabbit".
2015-10-01 03:54:01.836 2480 INFO oslo_messaging._drivers.impl_rabbit [req-ee57e95a-db4a-4b4a-9301-8d4e6abf7048 415b597bda074b30a90d8cb3b9fd92ec e914019c03814ded9911e9718ff69977 - - -] Connecting to AMQP server on 192.168.0.10:5672
2015-10-01 03:54:01.870 2480 INFO oslo_messaging._drivers.impl_rabbit [req-ee57e95a-db4a-4b4a-9301-8d4e6abf7048 415b597bda074b30a90d8cb3b9fd92ec e914019c03814ded9911e9718ff69977 - - -] Connected to AMQP server on 192.168.0.10:5672
2015-10-01 03:54:01.871 2480 WARNING oslo_config.cfg [req-ee57e95a-db4a-4b4a-9301-8d4e6abf7048 415b597bda074b30a90d8cb3b9fd92ec e914019c03814ded9911e9718ff69977 - - -] Option "rabbit_ha_queues" from group "DEFAULT" is deprecated. Use option "rabbit_ha_queues" from group "oslo_messaging_rabbit".
2015-10-01 03:54:01.884 2480 INFO oslo_messaging._drivers.impl_rabbit [req-ee57e95a-db4a-4b4a-9301-8d4e6abf7048 415b597bda074b30a90d8cb3b9fd92ec e914019c03814ded9911e9718ff69977 - - -] Connecting to AMQP server on 192.168.0.10:5672
2015-10-01 03:54:01.908 2480 INFO oslo_messaging._drivers.impl_rabbit [req-ee57e95a-db4a-4b4a-9301-8d4e6abf7048 415b597bda074b30a90d8cb3b9fd92ec e914019c03814ded9911e9718ff69977 - - -] Connected to AMQP server on 192.168.0.10:5672
2015-10-01 03:54:02.655 2480 INFO nova.osapi_compute.wsgi.server [req-2866e9d2-d5bc-42e9-be13-5214142e4725 e9483918caa940a48fe882ba092c7e0b 300b2cc45c3846939e589310ae714e46 - - -] 192.168.0.10 "GET /v2/300b2cc45c3846939e589310ae714e46/servers/9c72075c-1c97-4bb8-9495-50a0823b0366 HTTP/1.1" status: 200 len: 2045 time: 0.3457019
2015-10-01 03:54:02.767 2484 INFO nova.osapi_compute.wsgi.server [req-39b21243-1eaa-4735-9383-e47b7f39be0f e9483918caa940a48fe882ba092c7e0b 300b2cc45c3846939e589310ae714e46 - - -] 192.168.0.10 "GET /v2/300b2cc45c3846939e589310ae714e46/flavors/1 HTTP/1.1" status: 200 len: 619 time: 0.1004941
2015-10-01 03:54:03.060 2488 INFO nova.osapi_compute.wsgi.server [req-63bcd552-e3f6-454e-9fde-fe300c5e9a02 e9483918caa940a48fe882ba092c7e0b 300b2cc45c3846939e589310ae714e46 - - -] 192.168.0.10 "GET /v2/300b2cc45c3846939e589310ae714e46/extensions HTTP/1.1" status: 200 len: 22486 time: 0.0163062
2015-10-01 03:54:29.714 2477 INFO nova.osapi_compute.wsgi.server [req-dba14418-a7f2-4d9f-b955-62321925f2c4 e9483918caa940a48fe882ba092c7e0b 300b2cc45c3846939e589310ae714e46 - - -] 192.168.0.10 "GET /v2/300b2cc45c3846939e589310ae714e46/servers/9c72075c-1c97-4bb8-9495-50a0823b0366 HTTP/1.1" status: 200 len: 2045 time: 0.4038701
2015-10-01 03:54:29.781 2477 INFO nova.osapi_compute.wsgi.server [req-b91e2647-8f6c-4316-b87d-ef9e2b05184a e9483918caa940a48fe882ba092c7e0b 300b2cc45c3846939e589310ae714e46 - - -] 192.168.0.10 "GET /v2/300b2cc45c3846939e589310ae714e46/flavors/1 HTTP/1.1" status: 200 len: 619 time: 0.0522318
2015-10-01 03:54:30.030 2484 INFO nova.osapi_compute.wsgi.server [req-47c15513-751e-43c7-8c99-0a5382afd693 e9483918caa940a48fe882ba092c7e0b 300b2cc45c3846939e589310ae714e46 - - -] 192.168.0.10 "GET /v2/300b2cc45c3846939e589310ae714e46/extensions HTTP/1.1" status: 200 len: 22486 time: 0.0249140
2015-10-01 03:54:53.093 2484 INFO nova.osapi_compute.wsgi.server [req-d7a48fd1-3535-430e-a017-67f68d6ee76a e9483918caa940a48fe882ba092c7e0b 300b2cc45c3846939e589310ae714e46 - - -] 192.168.0.10 "GET /v2/300b2cc45c3846939e589310ae714e46/servers/detail?all_tenants=True&limit=21 HTTP/1.1" status: 200 len: 2048 time: 0.3519650
2015-10-01 03:54:53.367 2477 INFO nova.osapi_compute.wsgi.server [req-d25d6bc1-ee53-4d51-9568-45d86111cfe4 e9483918caa940a48fe882ba092c7e0b 300b2cc45c3846939e589310ae714e46 - - -] 192.168.0.10 "GET /v2/300b2cc45c3846939e589310ae714e46/flavors/detail HTTP/1.1" status: 200 len: 2287 time: 0.0704641
2015-10-01 03:54:53.610 2488 INFO nova.osapi_compute.wsgi.server [req-543b6558-19cd-4f44-8023-e142f2236b61 e9483918caa940a48fe882ba092c7e0b 300b2cc45c3846939e589310ae714e46 - - -] 192.168.0.10 "GET /v2/300b2cc45c3846939e589310ae714e46/extensions HTTP/1.1" status: 200 len: 22486 time: 0.0276630
2015-10-01 03:54:56.074 2484 INFO nova.osapi_compute.wsgi.server [req-189927a6-218b-4d89-9f4c-84530dd88aaf e9483918caa940a48fe882ba092c7e0b 300b2cc45c3846939e589310ae714e46 - - -] 192.168.0.10 "GET /v2/300b2cc45c3846939e589310ae714e46/servers/9c72075c-1c97-4bb8-9495-50a0823b0366 HTTP/1.1" status: 200 len: 2045 time: 0.2522480
2015-10-01 03:54:56.558 2480 INFO nova.osapi_compute.wsgi.server [req-baf5d35b-a48a-4f0d-ad7d-13b67b3d01e0 e9483918caa940a48fe882ba092c7e0b 300b2cc45c3846939e589310ae714e46 - - -] 192.168.0.10 "GET /v2/300b2cc45c3846939e589310ae714e46/flavors/1 HTTP/1.1" status: 200 len: 619 time: 0.4727309
2015-10-01 03:54:56.779 2480 INFO nova.osapi_compute.wsgi.server [req-10bf3262-0724-479b-aef2-26487907ce85 e9483918caa940a48fe882ba092c7e0b 300b2cc45c3846939e589310ae714e46 - - -] 192.168.0.10 "GET /v2/300b2cc45c3846939e589310ae714e46/extensions HTTP/1.1" status: 200 len: 22486 time: 0.0095179
2015-10-01 03:55:00.190 2488 INFO nova.osapi_compute.wsgi.server [req-6e7b3217-0b69-4196-bb83-c1fc7f7cd523 e9483918caa940a48fe882ba092c7e0b 300b2cc45c3846939e589310ae714e46 - - -] 192.168.0.10 "GET /v2/300b2cc45c3846939e589310ae714e46/servers/9c72075c-1c97-4bb8-9495-50a0823b0366 HTTP/1.1" status: 200 len: 2045 time: 0.3564849
2015-10-01 03:55:00.263 2488 INFO nova.osapi_compute.wsgi.server [req-276de20d-4bd4-4ae1-9cd6-4ce80f83f161 e9483918caa940a48fe882ba092c7e0b 300b2cc45c3846939e589310ae714e46 - - -] 192.168.0.10 "GET /v2/300b2cc45c3846939e589310ae714e46/flavors/1 HTTP/1.1" status: 200 len: 619 time: 0.0604901
2015-10-01 03:55:00.521 2488 INFO nova.osapi_compute.wsgi.server [req-812f536a-72bc-4496-a1fa-8c3808e1a720 e9483918caa940a48fe882ba092c7e0b 300b2cc45c3846939e589310ae714e46 - - -] 192.168.0.10 "GET /v2/300b2cc45c3846939e589310ae714e46/extensions HTTP/1.1" status: 200 len: 22486 time: 0.0114019
2015-10-01 03:55:01.918 2480 ERROR nova.api.openstack [req-ee57e95a-db4a-4b4a-9301-8d4e6abf7048 415b597bda074b30a90d8cb3b9fd92ec e914019c03814ded9911e9718ff69977 - - -] Caught error: Timed out waiting for a reply to message ID d129620993754ccb931ecd8c121f7c91
2015-10-01 03:55:01.918 2480 TRACE nova.api.openstack Traceback (most recent call last):
2015-10-01 03:55:01.918 2480 TRACE nova.api.openstack   File "/usr/lib/python2.7/site-packages/nova/api/openstack/__init__.py", line 125, in __call__
2015-10-01 03:55:01.918 2480 TRACE nova.api.openstack     return req.get_response(self.application)
2015-10-01 03:55:01.918 2480 TRACE nova.api.openstack   File "/usr/lib/python2.7/site-packages/webob/request.py", line 1296, in send
2015-10-01 03:55:01.918 2480 TRACE nova.api.openstack     application, catch_exc_info=False)
2015-10-01 03:55:01.918 2480 TRACE nova.api.openstack   File "/usr/lib/python2.7/site-packages/webob/request.py", line 1260, in call_application
2015-10-01 03:55:01.918 2480 TRACE nova.api.openstack     app_iter = application(self.environ, start_response)
2015-10-01 03:55:01.918 2480 TRACE nova.api.openstack   File "/usr/lib/python2.7/site-packages/webob/dec.py", line 144, in __call__
2015-10-01 03:55:01.918 2480 TRACE nova.api.openstack     return resp(environ, start_response)
2015-10-01 03:55:01.918 2480 TRACE nova.api.openstack   File "/usr/lib/python2.7/site-packages/keystonemiddleware/auth_token/__init__.py", line 634, in __call__
2015-10-01 03:55:01.918 2480 TRACE nova.api.openstack     return self._call_app(env, start_response)
2015-10-01 03:55:01.918 2480 TRACE nova.api.openstack   File "/usr/lib/python2.7/site-packages/keystonemiddleware/auth_token/__init__.py", line 554, in _call_app
2015-10-01 03:55:01.918 2480 TRACE nova.api.openstack     return self._app(env, _fake_start_response)
2015-10-01 03:55:01.918 2480 TRACE nova.api.openstack   File "/usr/lib/python2.7/site-packages/webob/dec.py", line 144, in __call__
2015-10-01 03:55:01.918 2480 TRACE nova.api.openstack     return resp(environ, start_response)
2015-10-01 03:55:01.918 2480 TRACE nova.api.openstack   File "/usr/lib/python2.7/site-packages/webob/dec.py", line 144, in __call__
2015-10-01 03:55:01.918 2480 TRACE nova.api.openstack     return resp(environ, start_response)
2015-10-01 03:55:01.918 2480 TRACE nova.api.openstack   File "/usr/lib/python2.7/site-packages/routes/middleware.py", line 131, in __call__
2015-10-01 03:55:01.918 2480 TRACE nova.api.openstack     response = self.app(environ, start_response)
2015-10-01 03:55:01.918 2480 TRACE nova.api.openstack   File "/usr/lib/python2.7/site-packages/webob/dec.py", line 144, in __call__
2015-10-01 03:55:01.918 2480 TRACE nova.api.openstack     return resp(environ, start_response)
2015-10-01 03:55:01.918 2480 TRACE nova.api.openstack   File "/usr/lib/python2.7/site-packages/webob/dec.py", line 130, in __call__
2015-10-01 03:55:01.918 2480 TRACE nova.api.openstack     resp = self.call_func(req, *args, **self.kwargs)
2015-10-01 03:55:01.918 2480 TRACE nova.api.openstack   File "/usr/lib/python2.7/site-packages/webob/dec.py", line 195, in call_func
2015-10-01 03:55:01.918 2480 TRACE nova.api.openstack     return self.func(req, *args, **kwargs)
2015-10-01 03:55:01.918 2480 TRACE nova.api.openstack   File "/usr/lib/python2.7/site-packages/nova/api/openstack/wsgi.py", line 756, in __call__
2015-10-01 03:55:01.918 2480 TRACE nova.api.openstack     content_type, body, accept)
2015-10-01 03:55:01.918 2480 TRACE nova.api.openstack   File "/usr/lib/python2.7/site-packages/nova/api/openstack/wsgi.py", line 821, in _process_stack
2015-10-01 03:55:01.918 2480 TRACE nova.api.openstack     action_result = self.dispatch(meth, request, action_args)
2015-10-01 03:55:01.918 2480 TRACE nova.api.openstack   File "/usr/lib/python2.7/site-packages/nova/api/openstack/wsgi.py", line 911, in dispatch
2015-10-01 03:55:01.918 2480 TRACE nova.api.openstack     return method(req=request, **action_args)
2015-10-01 03:55:01.918 2480 TRACE nova.api.openstack   File "/usr/lib/python2.7/site-packages/nova/api/openstack/compute/contrib/consoles.py", line 102, in get_rdp_console
2015-10-01 03:55:01.918 2480 TRACE nova.api.openstack     console_type)
2015-10-01 03:55:01.918 2480 TRACE nova.api.openstack   File "/usr/lib/python2.7/site-packages/nova/compute/api.py", line 230, in wrapped
2015-10-01 03:55:01.918 2480 TRACE nova.api.openstack     return func(self, context, target, *args, **kwargs)
2015-10-01 03:55:01.918 2480 TRACE nova.api.openstack   File "/usr/lib/python2.7/site-packages/nova/compute/api.py", line 210, in wrapped
2015-10-01 03:55:01.918 2480 TRACE nova.api.openstack     return function(self, context, instance, *args, **kwargs)
2015-10-01 03:55:01.918 2480 TRACE nova.api.openstack   File "/usr/lib/python2.7/site-packages/nova/compute/api.py", line 2899, in get_rdp_console
2015-10-01 03:55:01.918 2480 TRACE nova.api.openstack     instance=instance, console_type=console_type)
2015-10-01 03:55:01.918 2480 TRACE nova.api.openstack   File "/usr/lib/python2.7/site-packages/nova/compute/rpcapi.py", line 545, in get_rdp_console
2015-10-01 03:55:01.918 2480 TRACE nova.api.openstack     instance=instance, console_type=console_type)
2015-10-01 03:55:01.918 2480 TRACE nova.api.openstack   File "/usr/lib/python2.7/site-packages/oslo_messaging/rpc/client.py", line 156, in call
2015-10-01 03:55:01.918 2480 TRACE nova.api.openstack     retry=self.retry)
2015-10-01 03:55:01.918 2480 TRACE nova.api.openstack   File "/usr/lib/python2.7/site-packages/oslo_messaging/transport.py", line 90, in _send
2015-10-01 03:55:01.918 2480 TRACE nova.api.openstack     timeout=timeout, retry=retry)
2015-10-01 03:55:01.918 2480 TRACE nova.api.openstack   File "/usr/lib/python2.7/site-packages/oslo_messaging/_drivers/amqpdriver.py", line 350, in send
2015-10-01 03:55:01.918 2480 TRACE nova.api.openstack     retry=retry)
2015-10-01 03:55:01.918 2480 TRACE nova.api.openstack   File "/usr/lib/python2.7/site-packages/oslo_messaging/_drivers/amqpdriver.py", line 339, in _send
2015-10-01 03:55:01.918 2480 TRACE nova.api.openstack     result = self._waiter.wait(msg_id, timeout)
2015-10-01 03:55:01.918 2480 TRACE nova.api.openstack   File "/usr/lib/python2.7/site-packages/oslo_messaging/_drivers/amqpdriver.py", line 243, in wait
2015-10-01 03:55:01.918 2480 TRACE nova.api.openstack     message = self.waiters.get(msg_id, timeout=timeout)
2015-10-01 03:55:01.918 2480 TRACE nova.api.openstack   File "/usr/lib/python2.7/site-packages/oslo_messaging/_drivers/amqpdriver.py", line 149, in get
2015-10-01 03:55:01.918 2480 TRACE nova.api.openstack     'to message ID %s' % msg_id)
2015-10-01 03:55:01.918 2480 TRACE nova.api.openstack MessagingTimeout: Timed out waiting for a reply to message ID d129620993754ccb931ecd8c121f7c91
2015-10-01 03:55:01.918 2480 TRACE nova.api.openstack 
2015-10-01 03:55:01.936 2480 INFO nova.api.openstack [req-ee57e95a-db4a-4b4a-9301-8d4e6abf7048 415b597bda074b30a90d8cb3b9fd92ec e914019c03814ded9911e9718ff69977 - - -] http://192.168.0.10:8774/v2/e914019c03814ded9911e9718ff69977/servers/9c72075c-1c97-4bb8-9495-50a0823b0366/action returned with HTTP 500
2015-10-01 03:55:01.940 2480 INFO nova.osapi_compute.wsgi.server [req-ee57e95a-db4a-4b4a-9301-8d4e6abf7048 415b597bda074b30a90d8cb3b9fd92ec e914019c03814ded9911e9718ff69977 - - -] 192.168.0.10 "POST /v2/e914019c03814ded9911e9718ff69977/servers/9c72075c-1c97-4bb8-9495-50a0823b0366/action HTTP/1.1" status: 500 len: 359 time: 60.3984480
2015-10-01 03:55:23.572 2488 INFO nova.osapi_compute.wsgi.server [req-fe0340fb-109d-4be4-9c8a-3a66942473c2 e9483918caa940a48fe882ba092c7e0b 300b2cc45c3846939e589310ae714e46 - - -] 192.168.0.10 "GET /v2/300b2cc45c3846939e589310ae714e46/servers/detail?all_tenants=True&limit=21 HTTP/1.1" status: 200 len: 2048 time: 0.3278029
2015-10-01 03:55:24.025 2480 INFO nova.osapi_compute.wsgi.server [req-7438d20d-21cf-43e1-8245-343dc6895e75 e9483918caa940a48fe882ba092c7e0b 300b2cc45c3846939e589310ae714e46 - - -] 192.168.0.10 "GET /v2/300b2cc45c3846939e589310ae714e46/flavors/detail HTTP/1.1" status: 200 len: 2287 time: 0.0944371
2015-10-01 03:55:24.297 2484 INFO nova.osapi_compute.wsgi.server [req-0108c588-91fd-4398-acb4-19438b78bd92 e9483918caa940a48fe882ba092c7e0b 300b2cc45c3846939e589310ae714e46 - - -] 192.168.0.10 "GET /v2/300b2cc45c3846939e589310ae714e46/extensions HTTP/1.1" status: 200 len: 22486 time: 0.0133531
2015-10-01 03:55:25.857 2484 INFO nova.osapi_compute.wsgi.server [req-2e5b4cbd-2fca-4ffc-8d14-adbb7998ecf4 e9483918caa940a48fe882ba092c7e0b 300b2cc45c3846939e589310ae714e46 - - -] 192.168.0.10 "GET /v2/300b2cc45c3846939e589310ae714e46/servers/9c72075c-1c97-4bb8-9495-50a0823b0366 HTTP/1.1" status: 200 len: 2045 time: 0.2541311
2015-10-01 03:55:25.934 2484 INFO nova.osapi_compute.wsgi.server [req-d0ca729c-438b-40ee-b60e-6b1d6ccf2515 e9483918caa940a48fe882ba092c7e0b 300b2cc45c3846939e589310ae714e46 - - -] 192.168.0.10 "GET /v2/300b2cc45c3846939e589310ae714e46/flavors/1 HTTP/1.1" status: 200 len: 619 time: 0.0645440
2015-10-01 03:55:29.159 2484 INFO nova.osapi_compute.wsgi.server [req-16ce7bde-6139-4cd3-8c19-ee934816c9c2 e9483918caa940a48fe882ba092c7e0b 300b2cc45c3846939e589310ae714e46 - - -] 192.168.0.10 "GET /v2/300b2cc45c3846939e589310ae714e46/extensions HTTP/1.1" status: 200 len: 22486 time: 0.0088549
2015-10-01 03:55:29.234 2488 INFO nova.osapi_compute.wsgi.server [req-be533d56-dbd4-41a7-adb7-0d8d6565135b e9483918caa940a48fe882ba092c7e0b 300b2cc45c3846939e589310ae714e46 - - -] 192.168.0.10 "GET /v2/300b2cc45c3846939e589310ae714e46/os-simple-tenant-usage?start=2015-10-01T00:00:00&end=2015-10-01T23:59:59&detailed=1 HTTP/1.1" status: 200 len: 837 time: 0.0598001
2015-10-01 03:55:29.290 2488 INFO nova.osapi_compute.wsgi.server [req-6f920d75-0053-4b3c-8130-e3f64a1cc8d4 e9483918caa940a48fe882ba092c7e0b 300b2cc45c3846939e589310ae714e46 - - -] 192.168.0.10 "GET /v2/300b2cc45c3846939e589310ae714e46/limits HTTP/1.1" status: 200 len: 708 time: 0.0479290
2015-10-01 03:55:36.204 2484 INFO nova.osapi_compute.wsgi.server [req-02464841-d3f2-42bb-9ae7-ca650fda0b7f e9483918caa940a48fe882ba092c7e0b 300b2cc45c3846939e589310ae714e46 - - -] 192.168.0.10 "GET /v2/300b2cc45c3846939e589310ae714e46/servers/detail?limit=21&project_id=300b2cc45c3846939e589310ae714e46 HTTP/1.1" status: 200 len: 211 time: 0.4191689
2015-10-01 03:55:36.611 2484 INFO nova.osapi_compute.wsgi.server [req-f5a3f7ca-6727-4917-ac67-066e87f00664 e9483918caa940a48fe882ba092c7e0b 300b2cc45c3846939e589310ae714e46 - - -] 192.168.0.10 "GET /v2/300b2cc45c3846939e589310ae714e46/limits?reserved=1 HTTP/1.1" status: 200 len: 708 time: 0.0400879
2015-10-01 03:55:36.715 2488 INFO nova.osapi_compute.wsgi.server [req-32ee02d4-90a4-4b54-af0d-8b6c8e221829 e9483918caa940a48fe882ba092c7e0b 300b2cc45c3846939e589310ae714e46 - - -] 192.168.0.10 "GET /v2/300b2cc45c3846939e589310ae714e46/limits?reserved=1 HTTP/1.1" status: 200 len: 708 time: 0.0826910
2015-10-01 03:56:02.253 2484 ERROR nova.api.openstack [req-b1426aa0-6491-45b9-a0a5-5a04e83500ff 415b597bda074b30a90d8cb3b9fd92ec e914019c03814ded9911e9718ff69977 - - -] Caught error: Timed out waiting for a reply to message ID 9af31288a1044600965413eb59afcd40
2015-10-01 03:56:02.253 2484 TRACE nova.api.openstack Traceback (most recent call last):
2015-10-01 03:56:02.253 2484 TRACE nova.api.openstack   File "/usr/lib/python2.7/site-packages/nova/api/openstack/__init__.py", line 125, in __call__
2015-10-01 03:56:02.253 2484 TRACE nova.api.openstack     return req.get_response(self.application)
2015-10-01 03:56:02.253 2484 TRACE nova.api.openstack   File "/usr/lib/python2.7/site-packages/webob/request.py", line 1296, in send
2015-10-01 03:56:02.253 2484 TRACE nova.api.openstack     application, catch_exc_info=False)
2015-10-01 03:56:02.253 2484 TRACE nova.api.openstack   File "/usr/lib/python2.7/site-packages/webob/request.py", line 1260, in call_application
2015-10-01 03:56:02.253 2484 TRACE nova.api.openstack     app_iter = application(self.environ, start_response)
2015-10-01 03:56:02.253 2484 TRACE nova.api.openstack   File "/usr/lib/python2.7/site-packages/webob/dec.py", line 144, in __call__
2015-10-01 03:56:02.253 2484 TRACE nova.api.openstack     return resp(environ, start_response)
2015-10-01 03:56:02.253 2484 TRACE nova.api.openstack   File "/usr/lib/python2.7/site-packages/keystonemiddleware/auth_token/__init__.py", line 634, in __call__
2015-10-01 03:56:02.253 2484 TRACE nova.api.openstack     return self._call_app(env, start_response)
2015-10-01 03:56:02.253 2484 TRACE nova.api.openstack   File "/usr/lib/python2.7/site-packages/keystonemiddleware/auth_token/__init__.py", line 554, in _call_app
2015-10-01 03:56:02.253 2484 TRACE nova.api.openstack     return self._app(env, _fake_start_response)
2015-10-01 03:56:02.253 2484 TRACE nova.api.openstack   File "/usr/lib/python2.7/site-packages/webob/dec.py", line 144, in __call__
2015-10-01 03:56:02.253 2484 TRACE nova.api.openstack     return resp(environ, start_response)
2015-10-01 03:56:02.253 2484 TRACE nova.api.openstack   File "/usr/lib/python2.7/site-packages/webob/dec.py", line 144, in __call__
2015-10-01 03:56:02.253 2484 TRACE nova.api.openstack     return resp(environ, start_response)
2015-10-01 03:56:02.253 2484 TRACE nova.api.openstack   File "/usr/lib/python2.7/site-packages/routes/middleware.py", line 131, in __call__
2015-10-01 03:56:02.253 2484 TRACE nova.api.openstack     response = self.app(environ, start_response)
2015-10-01 03:56:02.253 2484 TRACE nova.api.openstack   File "/usr/lib/python2.7/site-packages/webob/dec.py", line 144, in __call__
2015-10-01 03:56:02.253 2484 TRACE nova.api.openstack     return resp(environ, start_response)
2015-10-01 03:56:02.253 2484 TRACE nova.api.openstack   File "/usr/lib/python2.7/site-packages/webob/dec.py", line 130, in __call__
2015-10-01 03:56:02.253 2484 TRACE nova.api.openstack     resp = self.call_func(req, *args, **self.kwargs)
2015-10-01 03:56:02.253 2484 TRACE nova.api.openstack   File "/usr/lib/python2.7/site-packages/webob/dec.py", line 195, in call_func
2015-10-01 03:56:02.253 2484 TRACE nova.api.openstack     return self.func(req, *args, **kwargs)
2015-10-01 03:56:02.253 2484 TRACE nova.api.openstack   File "/usr/lib/python2.7/site-packages/nova/api/openstack/wsgi.py", line 756, in __call__
2015-10-01 03:56:02.253 2484 TRACE nova.api.openstack     content_type, body, accept)
2015-10-01 03:56:02.253 2484 TRACE nova.api.openstack   File "/usr/lib/python2.7/site-packages/nova/api/openstack/wsgi.py", line 821, in _process_stack
2015-10-01 03:56:02.253 2484 TRACE nova.api.openstack     action_result = self.dispatch(meth, request, action_args)
2015-10-01 03:56:02.253 2484 TRACE nova.api.openstack   File "/usr/lib/python2.7/site-packages/nova/api/openstack/wsgi.py", line 911, in dispatch
2015-10-01 03:56:02.253 2484 TRACE nova.api.openstack     return method(req=request, **action_args)
2015-10-01 03:56:02.253 2484 TRACE nova.api.openstack   File "/usr/lib/python2.7/site-packages/nova/api/openstack/compute/contrib/consoles.py", line 128, in get_serial_console
2015-10-01 03:56:02.253 2484 TRACE nova.api.openstack     console_type)
2015-10-01 03:56:02.253 2484 TRACE nova.api.openstack   File "/usr/lib/python2.7/site-packages/nova/compute/api.py", line 230, in wrapped
2015-10-01 03:56:02.253 2484 TRACE nova.api.openstack     return func(self, context, target, *args, **kwargs)
2015-10-01 03:56:02.253 2484 TRACE nova.api.openstack   File "/usr/lib/python2.7/site-packages/nova/compute/api.py", line 210, in wrapped
2015-10-01 03:56:02.253 2484 TRACE nova.api.openstack     return function(self, context, instance, *args, **kwargs)
2015-10-01 03:56:02.253 2484 TRACE nova.api.openstack   File "/usr/lib/python2.7/site-packages/nova/compute/api.py", line 2920, in get_serial_console
2015-10-01 03:56:02.253 2484 TRACE nova.api.openstack     instance=instance, console_type=console_type)
2015-10-01 03:56:02.253 2484 TRACE nova.api.openstack   File "/usr/lib/python2.7/site-packages/nova/compute/rpcapi.py", line 552, in get_serial_console
2015-10-01 03:56:02.253 2484 TRACE nova.api.openstack     instance=instance, console_type=console_type)
2015-10-01 03:56:02.253 2484 TRACE nova.api.openstack   File "/usr/lib/python2.7/site-packages/oslo_messaging/rpc/client.py", line 156, in call
2015-10-01 03:56:02.253 2484 TRACE nova.api.openstack     retry=self.retry)
2015-10-01 03:56:02.253 2484 TRACE nova.api.openstack   File "/usr/lib/python2.7/site-packages/oslo_messaging/transport.py", line 90, in _send
2015-10-01 03:56:02.253 2484 TRACE nova.api.openstack     timeout=timeout, retry=retry)
2015-10-01 03:56:02.253 2484 TRACE nova.api.openstack   File "/usr/lib/python2.7/site-packages/oslo_messaging/_drivers/amqpdriver.py", line 350, in send
2015-10-01 03:56:02.253 2484 TRACE nova.api.openstack     retry=retry)
2015-10-01 03:56:02.253 2484 TRACE nova.api.openstack   File "/usr/lib/python2.7/site-packages/oslo_messaging/_drivers/amqpdriver.py", line 339, in _send
2015-10-01 03:56:02.253 2484 TRACE nova.api.openstack     result = self._waiter.wait(msg_id, timeout)
2015-10-01 03:56:02.253 2484 TRACE nova.api.openstack   File "/usr/lib/python2.7/site-packages/oslo_messaging/_drivers/amqpdriver.py", line 243, in wait
2015-10-01 03:56:02.253 2484 TRACE nova.api.openstack     message = self.waiters.get(msg_id, timeout=timeout)
2015-10-01 03:56:02.253 2484 TRACE nova.api.openstack   File "/usr/lib/python2.7/site-packages/oslo_messaging/_drivers/amqpdriver.py", line 149, in get
2015-10-01 03:56:02.253 2484 TRACE nova.api.openstack     'to message ID %s' % msg_id)
2015-10-01 03:56:02.253 2484 TRACE nova.api.openstack MessagingTimeout: Timed out waiting for a reply to message ID 9af31288a1044600965413eb59afcd40
2015-10-01 03:56:02.253 2484 TRACE nova.api.openstack 
2015-10-01 03:56:02.262 2484 INFO nova.api.openstack [req-b1426aa0-6491-45b9-a0a5-5a04e83500ff 415b597bda074b30a90d8cb3b9fd92ec e914019c03814ded9911e9718ff69977 - - -] http://192.168.0.10:8774/v2/e914019c03814ded9911e9718ff69977/servers/9c72075c-1c97-4bb8-9495-50a0823b0366/action returned with HTTP 500
2015-10-01 03:56:02.274 2484 INFO nova.osapi_compute.wsgi.server [req-b1426aa0-6491-45b9-a0a5-5a04e83500ff 415b597bda074b30a90d8cb3b9fd92ec e914019c03814ded9911e9718ff69977 - - -] 192.168.0.10 "POST /v2/e914019c03814ded9911e9718ff69977/servers/9c72075c-1c97-4bb8-9495-50a0823b0366/action HTTP/1.1" status: 500 len: 359 time: 60.3100519
2015-10-01 03:56:02.344 2488 INFO nova.osapi_compute.wsgi.server [req-e2659c70-4c59-4a0c-ab04-c0aa088c36c3 415b597bda074b30a90d8cb3b9fd92ec e914019c03814ded9911e9718ff69977 - - -] 192.168.0.10 "GET /v2/e914019c03814ded9911e9718ff69977/extensions HTTP/1.1" status: 200 len: 22486 time: 0.0223200
2015-10-01 03:59:22.907 2484 INFO nova.osapi_compute.wsgi.server [req-559061a7-e6f6-4772-865a-e34ad8e5a677 e9483918caa940a48fe882ba092c7e0b 300b2cc45c3846939e589310ae714e46 - - -] 192.168.0.10 "GET /v2/300b2cc45c3846939e589310ae714e46/extensions HTTP/1.1" status: 200 len: 22486 time: 0.0968490
2015-10-01 03:59:22.999 2484 INFO nova.osapi_compute.wsgi.server [req-4f6af215-6021-4ff9-b531-cda143f52641 e9483918caa940a48fe882ba092c7e0b 300b2cc45c3846939e589310ae714e46 - - -] 192.168.0.10 "GET /v2/300b2cc45c3846939e589310ae714e46/os-simple-tenant-usage/300b2cc45c3846939e589310ae714e46?start=2015-10-01T00:00:00&end=2015-10-01T23:59:59 HTTP/1.1" status: 200 len: 216 time: 0.0726290
2015-10-01 03:59:23.156 2488 INFO nova.osapi_compute.wsgi.server [req-d066a184-40d0-4c9f-83f4-33fe157bc9c1 e9483918caa940a48fe882ba092c7e0b 300b2cc45c3846939e589310ae714e46 - - -] 192.168.0.10 "GET /v2/300b2cc45c3846939e589310ae714e46/limits HTTP/1.1" status: 200 len: 708 time: 0.1415708
2015-10-01 03:59:40.980 2572 INFO nova.openstack.common.service [-] Child caught SIGTERM, exiting
2015-10-01 03:59:40.985 2572 INFO nova.wsgi [-] Stopping WSGI server.
2015-10-01 03:59:41.011 2215 INFO nova.openstack.common.service [-] Child caught SIGTERM, exiting
2015-10-01 03:59:41.015 2215 INFO nova.wsgi [-] Stopping WSGI server.
2015-10-01 03:59:41.012 2480 INFO nova.openstack.common.service [-] Child caught SIGTERM, exiting
2015-10-01 03:59:41.017 2215 INFO nova.ec2.wsgi.server [-] (2215) wsgi exited, is_accepting=True
2015-10-01 03:59:41.016 2208 INFO nova.openstack.common.service [-] Child caught SIGTERM, exiting
2015-10-01 03:59:41.020 2208 INFO nova.wsgi [-] Stopping WSGI server.
2015-10-01 03:59:41.052 2220 INFO nova.openstack.common.service [-] Child caught SIGTERM, exiting
2015-10-01 03:59:41.055 2220 INFO nova.wsgi [-] Stopping WSGI server.
2015-10-01 03:59:41.057 2220 INFO nova.ec2.wsgi.server [-] (2220) wsgi exited, is_accepting=True
2015-10-01 03:59:41.095 2480 INFO nova.wsgi [-] Stopping WSGI server.
2015-10-01 03:59:41.097 2480 INFO nova.osapi_compute.wsgi.server [-] (2480) wsgi exited, is_accepting=True
2015-10-01 03:59:41.098 2480 INFO nova.wsgi [-] WSGI server has stopped.
2015-10-01 03:59:41.001 2584 INFO nova.openstack.common.service [-] Child caught SIGTERM, exiting
2015-10-01 03:59:41.116 2584 INFO nova.wsgi [-] Stopping WSGI server.
2015-10-01 03:59:41.003 2477 INFO nova.openstack.common.service [-] Child caught SIGTERM, exiting
2015-10-01 03:59:41.120 2584 INFO nova.metadata.wsgi.server [-] (2584) wsgi exited, is_accepting=True
2015-10-01 03:59:41.121 2584 INFO nova.wsgi [-] WSGI server has stopped.
2015-10-01 03:59:41.121 2477 INFO nova.wsgi [-] Stopping WSGI server.
2015-10-01 03:59:41.123 2477 INFO nova.osapi_compute.wsgi.server [-] (2477) wsgi exited, is_accepting=True
2015-10-01 03:59:41.121 2213 INFO nova.openstack.common.service [-] Child caught SIGTERM, exiting
2015-10-01 03:59:41.125 2477 INFO nova.wsgi [-] WSGI server has stopped.
2015-10-01 03:59:41.126 2213 INFO nova.wsgi [-] Stopping WSGI server.
2015-10-01 03:59:41.130 2571 INFO nova.openstack.common.service [-] Child caught SIGTERM, exiting
2015-10-01 03:59:41.136 2571 INFO nova.wsgi [-] Stopping WSGI server.
2015-10-01 03:59:41.137 2571 INFO nova.metadata.wsgi.server [-] (2571) wsgi exited, is_accepting=True
2015-10-01 03:59:41.139 2571 INFO nova.wsgi [-] WSGI server has stopped.
2015-10-01 03:59:40.986 2588 INFO nova.openstack.common.service [-] Child caught SIGTERM, exiting
2015-10-01 03:59:41.139 2488 INFO nova.openstack.common.service [-] Child caught SIGTERM, exiting
2015-10-01 03:59:41.143 2588 INFO nova.wsgi [-] Stopping WSGI server.
2015-10-01 03:59:41.145 2488 INFO nova.wsgi [-] Stopping WSGI server.
2015-10-01 03:59:41.146 2588 INFO nova.metadata.wsgi.server [-] (2588) wsgi exited, is_accepting=True
2015-10-01 03:59:41.146 2488 INFO nova.osapi_compute.wsgi.server [-] (2488) wsgi exited, is_accepting=True
2015-10-01 03:59:41.147 2588 INFO nova.wsgi [-] WSGI server has stopped.
2015-10-01 03:59:40.986 2572 INFO nova.metadata.wsgi.server [-] (2572) wsgi exited, is_accepting=True
2015-10-01 03:59:41.153 2572 INFO nova.wsgi [-] WSGI server has stopped.
2015-10-01 03:59:41.018 2215 INFO nova.wsgi [-] WSGI server has stopped.
2015-10-01 03:59:41.198 2213 INFO nova.ec2.wsgi.server [-] (2213) wsgi exited, is_accepting=True
2015-10-01 03:59:41.199 2213 INFO nova.wsgi [-] WSGI server has stopped.
2015-10-01 03:59:40.995 2484 INFO nova.openstack.common.service [-] Child caught SIGTERM, exiting
2015-10-01 03:59:41.212 2484 INFO nova.wsgi [-] Stopping WSGI server.
2015-10-01 03:59:41.214 2484 INFO nova.osapi_compute.wsgi.server [-] (2484) wsgi exited, is_accepting=True
2015-10-01 03:59:41.218 1028 INFO nova.openstack.common.service [-] Caught SIGTERM, stopping children
2015-10-01 03:59:41.222 1028 INFO nova.openstack.common.service [-] Waiting on 12 children to exit
2015-10-01 03:59:41.336 1028 INFO nova.openstack.common.service [-] Child 2215 exited with status 1
2015-10-01 03:59:41.391 1028 INFO nova.openstack.common.service [-] Child 2571 killed by signal 15
2015-10-01 03:59:41.437 1028 INFO nova.openstack.common.service [-] Child 2572 exited with status 1
2015-10-01 03:59:41.526 1028 INFO nova.openstack.common.service [-] Child 2588 exited with status 1
2015-10-01 03:59:41.709 1028 INFO nova.openstack.common.service [-] Child 2208 killed by signal 15
2015-10-01 03:59:41.806 1028 INFO nova.openstack.common.service [-] Child 2480 exited with status 1
2015-10-01 03:59:41.815 1028 INFO nova.openstack.common.service [-] Child 2584 exited with status 1
2015-10-01 03:59:41.879 1028 INFO nova.openstack.common.service [-] Child 2220 killed by signal 15
2015-10-01 03:59:41.967 1028 INFO nova.openstack.common.service [-] Child 2488 killed by signal 15
2015-10-01 03:59:41.969 1028 INFO nova.openstack.common.service [-] Child 2213 exited with status 1
2015-10-01 03:59:42.340 1028 INFO nova.openstack.common.service [-] Child 2477 exited with status 1
2015-10-01 03:59:42.658 1028 INFO nova.openstack.common.service [-] Child 2484 killed by signal 15
2015-10-02 20:23:48.323 1038 INFO nova.openstack.common.periodic_task [-] Skipping periodic task _periodic_update_dns because its interval is negative
2015-10-02 20:23:48.341 1038 WARNING nova.api.ec2.cloud [-] Deprecated: The in tree EC2 API is deprecated as of Kilo release and may be removed in a future release. The stackforge ec2-api project http://git.openstack.org/cgit/stackforge/ec2-api/ is the target replacement for this functionality.
2015-10-02 20:23:49.074 1038 INFO nova.wsgi [-] ec2 listening on 0.0.0.0:8773
2015-10-02 20:23:49.075 1038 INFO nova.openstack.common.service [-] Starting 4 workers
2015-10-02 20:23:49.091 1038 INFO nova.openstack.common.service [-] Started child 2217
2015-10-02 20:23:49.125 1038 INFO nova.openstack.common.service [-] Started child 2220
2015-10-02 20:23:49.159 2217 INFO nova.ec2.wsgi.server [-] (2217) wsgi starting up on http://0.0.0.0:8773/
2015-10-02 20:23:49.190 1038 INFO nova.openstack.common.service [-] Started child 2224
2015-10-02 20:23:49.209 2220 INFO nova.ec2.wsgi.server [-] (2220) wsgi starting up on http://0.0.0.0:8773/
2015-10-02 20:23:49.218 1038 INFO nova.openstack.common.service [-] Started child 2228
2015-10-02 20:23:49.255 2224 INFO nova.ec2.wsgi.server [-] (2224) wsgi starting up on http://0.0.0.0:8773/
2015-10-02 20:23:49.303 2228 INFO nova.ec2.wsgi.server [-] (2228) wsgi starting up on http://0.0.0.0:8773/
2015-10-02 20:23:51.618 1038 WARNING keystonemiddleware.auth_token [-] Configuring admin URI using auth fragments. This is deprecated, use 'identity_uri' instead.
2015-10-02 20:23:51.632 1038 INFO nova.api.openstack [-] V3 API has been disabled by configuration
2015-10-02 20:23:51.637 1038 WARNING keystonemiddleware.auth_token [-] Configuring admin URI using auth fragments. This is deprecated, use 'identity_uri' instead.
2015-10-02 20:23:52.122 1038 WARNING keystonemiddleware.auth_token [-] Configuring admin URI using auth fragments. This is deprecated, use 'identity_uri' instead.
2015-10-02 20:23:52.127 1038 INFO nova.api.openstack [-] V3 API has been disabled by configuration
2015-10-02 20:23:52.129 1038 WARNING keystonemiddleware.auth_token [-] Configuring admin URI using auth fragments. This is deprecated, use 'identity_uri' instead.
2015-10-02 20:23:52.132 1038 INFO nova.wsgi [-] osapi_compute listening on 0.0.0.0:8774
2015-10-02 20:23:52.132 1038 INFO nova.openstack.common.service [-] Starting 4 workers
2015-10-02 20:23:52.147 1038 INFO nova.openstack.common.service [-] Started child 2490
2015-10-02 20:23:52.179 2490 INFO nova.osapi_compute.wsgi.server [-] (2490) wsgi starting up on http://0.0.0.0:8774/
2015-10-02 20:23:52.179 1038 INFO nova.openstack.common.service [-] Started child 2494
2015-10-02 20:23:52.207 1038 INFO nova.openstack.common.service [-] Started child 2495
2015-10-02 20:23:52.212 2494 INFO nova.osapi_compute.wsgi.server [-] (2494) wsgi starting up on http://0.0.0.0:8774/
2015-10-02 20:23:52.231 2495 INFO nova.osapi_compute.wsgi.server [-] (2495) wsgi starting up on http://0.0.0.0:8774/
2015-10-02 20:23:52.237 1038 INFO nova.openstack.common.service [-] Started child 2497
2015-10-02 20:23:52.286 1038 INFO nova.network.driver [-] Loading network driver 'nova.network.linux_net'
2015-10-02 20:23:52.287 2497 INFO nova.osapi_compute.wsgi.server [-] (2497) wsgi starting up on http://0.0.0.0:8774/
2015-10-02 20:23:52.295 1038 WARNING oslo_config.cfg [-] Option "lock_path" from group "DEFAULT" is deprecated. Use option "lock_path" from group "oslo_concurrency".
2015-10-02 20:23:53.363 1038 INFO nova.wsgi [-] metadata listening on 0.0.0.0:8775
2015-10-02 20:23:53.365 1038 INFO nova.openstack.common.service [-] Starting 4 workers
2015-10-02 20:23:53.380 1038 INFO nova.openstack.common.service [-] Started child 2549
2015-10-02 20:23:53.408 1038 INFO nova.openstack.common.service [-] Started child 2550
2015-10-02 20:23:53.418 2549 INFO nova.metadata.wsgi.server [-] (2549) wsgi starting up on http://0.0.0.0:8775/
2015-10-02 20:23:53.439 1038 INFO nova.openstack.common.service [-] Started child 2551
2015-10-02 20:23:53.450 2550 INFO nova.metadata.wsgi.server [-] (2550) wsgi starting up on http://0.0.0.0:8775/
2015-10-02 20:23:53.472 1038 INFO nova.openstack.common.service [-] Started child 2552
2015-10-02 20:23:53.485 2551 INFO nova.metadata.wsgi.server [-] (2551) wsgi starting up on http://0.0.0.0:8775/
2015-10-02 20:23:53.539 2552 INFO nova.metadata.wsgi.server [-] (2552) wsgi starting up on http://0.0.0.0:8775/
2015-10-02 20:23:53.607 1038 WARNING oslo_config.cfg [-] Option "rabbit_ha_queues" from group "DEFAULT" is deprecated. Use option "rabbit_ha_queues" from group "oslo_messaging_rabbit".
2015-10-02 20:23:53.608 1038 WARNING oslo_config.cfg [-] Option "rabbit_host" from group "DEFAULT" is deprecated. Use option "rabbit_host" from group "oslo_messaging_rabbit".
2015-10-02 20:23:53.609 1038 WARNING oslo_config.cfg [-] Option "rabbit_hosts" from group "DEFAULT" is deprecated. Use option "rabbit_hosts" from group "oslo_messaging_rabbit".
2015-10-02 20:23:53.610 1038 WARNING oslo_config.cfg [-] Option "rabbit_password" from group "DEFAULT" is deprecated. Use option "rabbit_password" from group "oslo_messaging_rabbit".
2015-10-02 20:23:53.610 1038 WARNING oslo_config.cfg [-] Option "rabbit_port" from group "DEFAULT" is deprecated. Use option "rabbit_port" from group "oslo_messaging_rabbit".
2015-10-02 20:23:53.611 1038 WARNING oslo_config.cfg [-] Option "rabbit_use_ssl" from group "DEFAULT" is deprecated. Use option "rabbit_use_ssl" from group "oslo_messaging_rabbit".
2015-10-02 20:23:53.612 1038 WARNING oslo_config.cfg [-] Option "rabbit_userid" from group "DEFAULT" is deprecated. Use option "rabbit_userid" from group "oslo_messaging_rabbit".
2015-10-02 20:23:53.612 1038 WARNING oslo_config.cfg [-] Option "rabbit_virtual_host" from group "DEFAULT" is deprecated. Use option "rabbit_virtual_host" from group "oslo_messaging_rabbit".
2015-10-02 20:23:53.616 1038 WARNING oslo_config.cfg [-] Option "url_timeout" from group "neutron" is deprecated. Use option "timeout" from group "neutron".
2015-10-02 20:23:53.632 1038 WARNING oslo_config.cfg [-] Option "sql_connection" from group "DEFAULT" is deprecated. Use option "connection" from group "database".
2015-10-02 20:33:04.281 2494 WARNING oslo_config.cfg [req-0408fe53-7620-4a0c-bb71-3b603f456150 9b1f9b36d7354b1ea121ccfbae339d8b 85a11a1515f94848be7aa5b56adec8bf - - -] Option "sql_connection" from group "DEFAULT" is deprecated. Use option "connection" from group "database".
2015-10-02 20:33:04.590 2494 INFO nova.osapi_compute.wsgi.server [req-0408fe53-7620-4a0c-bb71-3b603f456150 9b1f9b36d7354b1ea121ccfbae339d8b 85a11a1515f94848be7aa5b56adec8bf - - -] 192.168.0.13 "GET /v2/85a11a1515f94848be7aa5b56adec8bf/servers/detail?all_tenants=True&host=compute2 HTTP/1.1" status: 200 len: 211 time: 1.5136690
2015-10-02 20:33:14.669 2497 WARNING oslo_config.cfg [req-07975f65-5ea3-4f55-81fb-c6725916867b 9b1f9b36d7354b1ea121ccfbae339d8b 85a11a1515f94848be7aa5b56adec8bf - - -] Option "sql_connection" from group "DEFAULT" is deprecated. Use option "connection" from group "database".
2015-10-02 20:33:14.986 2497 INFO nova.osapi_compute.wsgi.server [req-07975f65-5ea3-4f55-81fb-c6725916867b 9b1f9b36d7354b1ea121ccfbae339d8b 85a11a1515f94848be7aa5b56adec8bf - - -] 192.168.0.12 "GET /v2/85a11a1515f94848be7aa5b56adec8bf/servers/detail?all_tenants=True&host=compute1 HTTP/1.1" status: 200 len: 211 time: 1.3761790
2015-10-02 20:33:44.069 2495 WARNING oslo_config.cfg [req-273e64bd-2831-49df-988d-e14389625c66 9b1f9b36d7354b1ea121ccfbae339d8b 85a11a1515f94848be7aa5b56adec8bf - - -] Option "sql_connection" from group "DEFAULT" is deprecated. Use option "connection" from group "database".
2015-10-02 20:33:44.438 2495 WARNING oslo_config.cfg [req-273e64bd-2831-49df-988d-e14389625c66 9b1f9b36d7354b1ea121ccfbae339d8b 85a11a1515f94848be7aa5b56adec8bf - - -] Option "url_timeout" from group "neutron" is deprecated. Use option "timeout" from group "neutron".
2015-10-02 20:33:44.642 2495 INFO nova.osapi_compute.wsgi.server [req-273e64bd-2831-49df-988d-e14389625c66 9b1f9b36d7354b1ea121ccfbae339d8b 85a11a1515f94848be7aa5b56adec8bf - - -] 192.168.0.10 "GET /v2/85a11a1515f94848be7aa5b56adec8bf/servers/detail?all_tenants=True HTTP/1.1" status: 200 len: 2048 time: 1.9144399
2015-10-02 20:33:46.747 2495 INFO nova.osapi_compute.wsgi.server [req-d8d82bfc-fc02-4030-8c1f-3a89361e24d9 9b1f9b36d7354b1ea121ccfbae339d8b 85a11a1515f94848be7aa5b56adec8bf - - -] 192.168.0.10 "GET /v2/85a11a1515f94848be7aa5b56adec8bf/os-floating-ips HTTP/1.1" status: 200 len: 216 time: 0.2117820
2015-10-02 20:43:04.037 2490 WARNING oslo_config.cfg [req-d9de98c7-5943-4e34-8d68-654a3de5336c 9b1f9b36d7354b1ea121ccfbae339d8b 85a11a1515f94848be7aa5b56adec8bf - - -] Option "sql_connection" from group "DEFAULT" is deprecated. Use option "connection" from group "database".
2015-10-02 20:43:04.413 2490 INFO nova.osapi_compute.wsgi.server [req-d9de98c7-5943-4e34-8d68-654a3de5336c 9b1f9b36d7354b1ea121ccfbae339d8b 85a11a1515f94848be7aa5b56adec8bf - - -] 192.168.0.13 "GET /v2/85a11a1515f94848be7aa5b56adec8bf/servers/detail?all_tenants=True&host=compute2 HTTP/1.1" status: 200 len: 211 time: 1.5014801
2015-10-02 20:43:13.567 2495 INFO nova.osapi_compute.wsgi.server [req-c96dd39a-6038-4382-9ae7-2e465ae1769e 9b1f9b36d7354b1ea121ccfbae339d8b 85a11a1515f94848be7aa5b56adec8bf - - -] 192.168.0.12 "GET /v2/85a11a1515f94848be7aa5b56adec8bf/servers/detail?all_tenants=True&host=compute1 HTTP/1.1" status: 200 len: 211 time: 0.1047571
2015-10-02 20:43:42.092 2490 WARNING oslo_config.cfg [req-165fdd4d-baff-475e-a05f-204e6df4f881 9b1f9b36d7354b1ea121ccfbae339d8b 85a11a1515f94848be7aa5b56adec8bf - - -] Option "url_timeout" from group "neutron" is deprecated. Use option "timeout" from group "neutron".
2015-10-02 20:43:42.541 2490 INFO nova.osapi_compute.wsgi.server [req-165fdd4d-baff-475e-a05f-204e6df4f881 9b1f9b36d7354b1ea121ccfbae339d8b 85a11a1515f94848be7aa5b56adec8bf - - -] 192.168.0.10 "GET /v2/85a11a1515f94848be7aa5b56adec8bf/servers/detail?all_tenants=True HTTP/1.1" status: 200 len: 2048 time: 0.5942960
2015-10-02 20:43:43.459 2497 WARNING oslo_config.cfg [req-86409d07-5e44-4a15-bdf2-79d1e9ca3fbd 9b1f9b36d7354b1ea121ccfbae339d8b 85a11a1515f94848be7aa5b56adec8bf - - -] Option "url_timeout" from group "neutron" is deprecated. Use option "timeout" from group "neutron".
2015-10-02 20:43:43.910 2497 INFO nova.osapi_compute.wsgi.server [req-86409d07-5e44-4a15-bdf2-79d1e9ca3fbd 9b1f9b36d7354b1ea121ccfbae339d8b 85a11a1515f94848be7aa5b56adec8bf - - -] 192.168.0.10 "GET /v2/85a11a1515f94848be7aa5b56adec8bf/os-floating-ips HTTP/1.1" status: 200 len: 216 time: 0.4957240
2015-10-02 20:53:03.787 2490 INFO nova.osapi_compute.wsgi.server [req-34669675-f750-4fd4-baac-4a4e02d9b067 9b1f9b36d7354b1ea121ccfbae339d8b 85a11a1515f94848be7aa5b56adec8bf - - -] 192.168.0.13 "GET /v2/85a11a1515f94848be7aa5b56adec8bf/servers/detail?all_tenants=True&host=compute2 HTTP/1.1" status: 200 len: 211 time: 0.3972061
2015-10-02 20:53:13.872 2494 INFO nova.osapi_compute.wsgi.server [req-e515e691-1887-4d2c-b267-71dda4c242af 9b1f9b36d7354b1ea121ccfbae339d8b 85a11a1515f94848be7aa5b56adec8bf - - -] 192.168.0.12 "GET /v2/85a11a1515f94848be7aa5b56adec8bf/servers/detail?all_tenants=True&host=compute1 HTTP/1.1" status: 200 len: 211 time: 0.1923630
2015-10-02 20:53:44.241 2490 INFO nova.osapi_compute.wsgi.server [req-f048afe2-d5f6-4656-91c0-fb971c3d3951 9b1f9b36d7354b1ea121ccfbae339d8b 85a11a1515f94848be7aa5b56adec8bf - - -] 192.168.0.10 "GET /v2/85a11a1515f94848be7aa5b56adec8bf/servers/detail?all_tenants=True HTTP/1.1" status: 200 len: 2048 time: 0.8782411
2015-10-02 20:53:45.855 2494 WARNING oslo_config.cfg [req-cd4e754c-3e4b-4739-9586-855df6a42fad 9b1f9b36d7354b1ea121ccfbae339d8b 85a11a1515f94848be7aa5b56adec8bf - - -] Option "url_timeout" from group "neutron" is deprecated. Use option "timeout" from group "neutron".
2015-10-02 20:53:46.176 2494 INFO nova.osapi_compute.wsgi.server [req-cd4e754c-3e4b-4739-9586-855df6a42fad 9b1f9b36d7354b1ea121ccfbae339d8b 85a11a1515f94848be7aa5b56adec8bf - - -] 192.168.0.10 "GET /v2/85a11a1515f94848be7aa5b56adec8bf/os-floating-ips HTTP/1.1" status: 200 len: 216 time: 0.4034629
2015-10-02 21:03:03.359 2497 INFO nova.osapi_compute.wsgi.server [req-ff1dfb08-d4bc-499b-800d-8f262203089a 9b1f9b36d7354b1ea121ccfbae339d8b 85a11a1515f94848be7aa5b56adec8bf - - -] 192.168.0.13 "GET /v2/85a11a1515f94848be7aa5b56adec8bf/servers/detail?all_tenants=True&host=compute2 HTTP/1.1" status: 200 len: 211 time: 0.3061500
2015-10-02 21:03:13.727 2494 INFO nova.osapi_compute.wsgi.server [req-50c48a36-cd98-4f60-87ce-e85eeb9d9851 9b1f9b36d7354b1ea121ccfbae339d8b 85a11a1515f94848be7aa5b56adec8bf - - -] 192.168.0.12 "GET /v2/85a11a1515f94848be7aa5b56adec8bf/servers/detail?all_tenants=True&host=compute1 HTTP/1.1" status: 200 len: 211 time: 0.1514840
2015-10-02 21:03:43.030 2494 INFO nova.osapi_compute.wsgi.server [req-7c6e5915-1e39-4f4f-9d1d-27dac69da699 9b1f9b36d7354b1ea121ccfbae339d8b 85a11a1515f94848be7aa5b56adec8bf - - -] 192.168.0.10 "GET /v2/85a11a1515f94848be7aa5b56adec8bf/servers/detail?all_tenants=True HTTP/1.1" status: 200 len: 2048 time: 0.5461261
2015-10-02 21:03:45.315 2494 INFO nova.osapi_compute.wsgi.server [req-1561f977-9cc6-47b9-b487-608351eb9d77 9b1f9b36d7354b1ea121ccfbae339d8b 85a11a1515f94848be7aa5b56adec8bf - - -] 192.168.0.10 "GET /v2/85a11a1515f94848be7aa5b56adec8bf/os-floating-ips HTTP/1.1" status: 200 len: 216 time: 0.4091280
2015-10-02 21:13:03.727 2494 INFO nova.osapi_compute.wsgi.server [req-1b5c55ff-639b-4333-bbeb-729a05b0a51c 9b1f9b36d7354b1ea121ccfbae339d8b 85a11a1515f94848be7aa5b56adec8bf - - -] 192.168.0.13 "GET /v2/85a11a1515f94848be7aa5b56adec8bf/servers/detail?all_tenants=True&host=compute2 HTTP/1.1" status: 200 len: 211 time: 0.3032050
2015-10-02 21:13:14.033 2494 INFO nova.osapi_compute.wsgi.server [req-78b25ab8-56f9-45cd-a682-b0f3e8b522fc 9b1f9b36d7354b1ea121ccfbae339d8b 85a11a1515f94848be7aa5b56adec8bf - - -] 192.168.0.12 "GET /v2/85a11a1515f94848be7aa5b56adec8bf/servers/detail?all_tenants=True&host=compute1 HTTP/1.1" status: 200 len: 211 time: 0.2682021
2015-10-02 21:13:43.511 2494 INFO nova.osapi_compute.wsgi.server [req-41c825a3-8194-4678-a6b2-da478cd6d404 9b1f9b36d7354b1ea121ccfbae339d8b 85a11a1515f94848be7aa5b56adec8bf - - -] 192.168.0.10 "GET /v2/85a11a1515f94848be7aa5b56adec8bf/servers/detail?all_tenants=True HTTP/1.1" status: 200 len: 2048 time: 0.8054130
2015-10-02 21:13:46.860 2494 INFO nova.osapi_compute.wsgi.server [req-d27ad88a-b96b-4712-ab03-0f6a9e47cdbb 9b1f9b36d7354b1ea121ccfbae339d8b 85a11a1515f94848be7aa5b56adec8bf - - -] 192.168.0.10 "GET /v2/85a11a1515f94848be7aa5b56adec8bf/os-floating-ips HTTP/1.1" status: 200 len: 216 time: 0.5757000
2015-10-02 21:23:03.750 2497 INFO nova.osapi_compute.wsgi.server [req-a87ad531-c45f-49c6-aa28-8a33896f39ec 9b1f9b36d7354b1ea121ccfbae339d8b 85a11a1515f94848be7aa5b56adec8bf - - -] 192.168.0.13 "GET /v2/85a11a1515f94848be7aa5b56adec8bf/servers/detail?all_tenants=True&host=compute2 HTTP/1.1" status: 200 len: 211 time: 0.4288301
2015-10-02 21:23:14.053 2497 INFO nova.osapi_compute.wsgi.server [req-d5db9659-e9f7-4a28-9048-f65511328a72 9b1f9b36d7354b1ea121ccfbae339d8b 85a11a1515f94848be7aa5b56adec8bf - - -] 192.168.0.12 "GET /v2/85a11a1515f94848be7aa5b56adec8bf/servers/detail?all_tenants=True&host=compute1 HTTP/1.1" status: 200 len: 211 time: 0.2843411
2015-10-02 21:23:44.984 2490 INFO nova.osapi_compute.wsgi.server [req-296143c9-bdaa-4502-8a76-68edd0a4b263 9b1f9b36d7354b1ea121ccfbae339d8b 85a11a1515f94848be7aa5b56adec8bf - - -] 192.168.0.10 "GET /v2/85a11a1515f94848be7aa5b56adec8bf/servers/detail?all_tenants=True HTTP/1.1" status: 200 len: 2048 time: 1.7280481
2015-10-02 21:23:49.213 2494 INFO nova.osapi_compute.wsgi.server [req-6dac45cc-ba0f-4218-bb47-25e5914e703c 9b1f9b36d7354b1ea121ccfbae339d8b 85a11a1515f94848be7aa5b56adec8bf - - -] 192.168.0.10 "GET /v2/85a11a1515f94848be7aa5b56adec8bf/os-floating-ips HTTP/1.1" status: 200 len: 216 time: 0.6806340
2015-10-02 21:33:03.448 2495 WARNING keystonemiddleware.auth_token [-] Authorization failed for token
2015-10-02 21:33:03.483 2495 WARNING keystonemiddleware.auth_token [-] Identity response: {"error": {"message": "Could not find token: a502ff1c1cec43b6ae964a25348a6d49", "code": 404, "title": "Not Found"}}
2015-10-02 21:33:03.485 2495 WARNING keystonemiddleware.auth_token [-] Authorization failed for token
2015-10-02 21:33:03.488 2495 INFO nova.osapi_compute.wsgi.server [-] 192.168.0.13 "GET /v2/85a11a1515f94848be7aa5b56adec8bf/servers/detail?all_tenants=True&host=compute2 HTTP/1.1" status: 401 len: 283 time: 0.1839199
