2015-09-30 21:11:54.954 2489 INFO nova.osapi_compute.wsgi.server [req-b2374997-8a94-480e-8948-f02021856b82 e9483918caa940a48fe882ba092c7e0b 300b2cc45c3846939e589310ae714e46 - - -] 192.168.0.10 "GET /v2/300b2cc45c3846939e589310ae714e46/extensions HTTP/1.1" status: 200 len: 22486 time: 0.0051332
2015-09-30 21:12:03.292 2487 INFO nova.osapi_compute.wsgi.server [req-0daf7b3c-efe8-4491-9e82-4e1151328c4d e9483918caa940a48fe882ba092c7e0b 300b2cc45c3846939e589310ae714e46 - - -] 192.168.0.10 "PUT /v2/300b2cc45c3846939e589310ae714e46/os-services/disable HTTP/1.1" status: 200 len: 277 time: 0.0518670
2015-09-30 21:12:03.689 2489 INFO nova.osapi_compute.wsgi.server [req-81c7a1df-6bd5-4c3d-b8e1-5134a4e48bdb e9483918caa940a48fe882ba092c7e0b 300b2cc45c3846939e589310ae714e46 - - -] 192.168.0.10 "GET /v2/300b2cc45c3846939e589310ae714e46/os-hypervisors/detail HTTP/1.1" status: 200 len: 4739 time: 0.0690770
2015-09-30 21:12:04.047 2487 INFO nova.osapi_compute.wsgi.server [req-0a4f304a-ee34-4f33-9974-c1d43d592686 e9483918caa940a48fe882ba092c7e0b 300b2cc45c3846939e589310ae714e46 - - -] 192.168.0.10 "GET /v2/300b2cc45c3846939e589310ae714e46/os-services HTTP/1.1" status: 200 len: 2495 time: 0.3415020
2015-09-30 21:12:04.108 2486 INFO nova.osapi_compute.wsgi.server [req-48c72967-1dbc-48a8-9242-7248ffb5e4b5 e9483918caa940a48fe882ba092c7e0b 300b2cc45c3846939e589310ae714e46 - - -] 192.168.0.10 "GET /v2/300b2cc45c3846939e589310ae714e46/os-hypervisors/statistics HTTP/1.1" status: 200 len: 456 time: 0.0437901
2015-09-30 21:12:04.615 2488 INFO nova.osapi_compute.wsgi.server [req-c14ad939-3ef2-4c68-820b-b922f32e19fb e9483918caa940a48fe882ba092c7e0b 300b2cc45c3846939e589310ae714e46 - - -] 192.168.0.10 "GET /v2/300b2cc45c3846939e589310ae714e46/extensions HTTP/1.1" status: 200 len: 22486 time: 0.0844681
2015-09-30 21:12:13.989 2488 INFO nova.osapi_compute.wsgi.server [req-c44ee687-34d0-47d5-93c8-b03eb28f0b18 e9483918caa940a48fe882ba092c7e0b 300b2cc45c3846939e589310ae714e46 - - -] 192.168.0.10 "GET /v2/300b2cc45c3846939e589310ae714e46/os-services HTTP/1.1" status: 200 len: 2495 time: 0.0790861
2015-09-30 21:12:14.013 2489 INFO nova.osapi_compute.wsgi.server [req-a6baf250-03a7-489f-a12f-5b306dc4c6db e9483918caa940a48fe882ba092c7e0b 300b2cc45c3846939e589310ae714e46 - - -] 192.168.0.10 "GET /v2/300b2cc45c3846939e589310ae714e46/extensions HTTP/1.1" status: 200 len: 22486 time: 0.0115900
2015-09-30 21:12:14.070 2488 INFO nova.osapi_compute.wsgi.server [req-618f3828-3b15-4210-8a59-9f0a4921265a e9483918caa940a48fe882ba092c7e0b 300b2cc45c3846939e589310ae714e46 - - -] 192.168.0.10 "PUT /v2/300b2cc45c3846939e589310ae714e46/os-services/enable HTTP/1.1" status: 200 len: 276 time: 0.0429032
2015-09-30 21:12:14.440 2486 INFO nova.osapi_compute.wsgi.server [req-9e86b6ff-02f6-4f50-8730-af5843962fb6 e9483918caa940a48fe882ba092c7e0b 300b2cc45c3846939e589310ae714e46 - - -] 192.168.0.10 "GET /v2/300b2cc45c3846939e589310ae714e46/os-hypervisors/detail HTTP/1.1" status: 200 len: 4738 time: 0.0499759
2015-09-30 21:12:14.522 2489 INFO nova.osapi_compute.wsgi.server [req-3f1db7db-28ee-4d81-9449-eabc528102e5 e9483918caa940a48fe882ba092c7e0b 300b2cc45c3846939e589310ae714e46 - - -] 192.168.0.10 "GET /v2/300b2cc45c3846939e589310ae714e46/os-services HTTP/1.1" status: 200 len: 2494 time: 0.0418980
2015-09-30 21:12:14.558 2489 INFO nova.osapi_compute.wsgi.server [req-3e500c06-97aa-425c-889b-e2e585a691a6 e9483918caa940a48fe882ba092c7e0b 300b2cc45c3846939e589310ae714e46 - - -] 192.168.0.10 "GET /v2/300b2cc45c3846939e589310ae714e46/os-hypervisors/statistics HTTP/1.1" status: 200 len: 457 time: 0.0257790
2015-09-30 21:12:14.945 2486 INFO nova.osapi_compute.wsgi.server [req-1f52fd9f-aadb-423f-8869-79023e9d3540 e9483918caa940a48fe882ba092c7e0b 300b2cc45c3846939e589310ae714e46 - - -] 192.168.0.10 "GET /v2/300b2cc45c3846939e589310ae714e46/extensions HTTP/1.1" status: 200 len: 22486 time: 0.0101919
2015-09-30 21:12:19.490 2489 INFO nova.osapi_compute.wsgi.server [req-78922ad7-4be7-4bb9-9e8b-accf1133b993 e9483918caa940a48fe882ba092c7e0b 300b2cc45c3846939e589310ae714e46 - - -] 192.168.0.10 "GET /v2/300b2cc45c3846939e589310ae714e46/os-services HTTP/1.1" status: 200 len: 2494 time: 0.0398092
2015-09-30 21:12:19.529 2489 INFO nova.osapi_compute.wsgi.server [req-9195ec9b-e760-454c-8252-40d8ab74fedb e9483918caa940a48fe882ba092c7e0b 300b2cc45c3846939e589310ae714e46 - - -] 192.168.0.10 "GET /v2/300b2cc45c3846939e589310ae714e46/extensions HTTP/1.1" status: 200 len: 22486 time: 0.0079591
2015-09-30 21:12:19.574 2489 INFO nova.osapi_compute.wsgi.server [req-12db9603-2ce7-4949-bf65-510c348c234d e9483918caa940a48fe882ba092c7e0b 300b2cc45c3846939e589310ae714e46 - - -] 192.168.0.10 "PUT /v2/300b2cc45c3846939e589310ae714e46/os-services/enable HTTP/1.1" status: 200 len: 276 time: 0.0318520
2015-09-30 21:12:19.957 2489 INFO nova.osapi_compute.wsgi.server [req-36ffd31e-543b-4e6b-9720-051cbfdec4d4 e9483918caa940a48fe882ba092c7e0b 300b2cc45c3846939e589310ae714e46 - - -] 192.168.0.10 "GET /v2/300b2cc45c3846939e589310ae714e46/os-hypervisors/detail HTTP/1.1" status: 200 len: 4737 time: 0.0394709
2015-09-30 21:12:20.003 2486 INFO nova.osapi_compute.wsgi.server [req-ca45064a-01e8-4bec-bcf7-e8f3e9aaed45 e9483918caa940a48fe882ba092c7e0b 300b2cc45c3846939e589310ae714e46 - - -] 192.168.0.10 "GET /v2/300b2cc45c3846939e589310ae714e46/os-services HTTP/1.1" status: 200 len: 2493 time: 0.0455658
2015-09-30 21:12:20.040 2489 INFO nova.osapi_compute.wsgi.server [req-c6519429-8ddf-4565-9004-de200b651946 e9483918caa940a48fe882ba092c7e0b 300b2cc45c3846939e589310ae714e46 - - -] 192.168.0.10 "GET /v2/300b2cc45c3846939e589310ae714e46/os-hypervisors/statistics HTTP/1.1" status: 200 len: 457 time: 0.0277300
2015-09-30 21:12:20.398 2489 INFO nova.osapi_compute.wsgi.server [req-f81bd1fb-0696-4e0f-b538-73e25950d36e e9483918caa940a48fe882ba092c7e0b 300b2cc45c3846939e589310ae714e46 - - -] 192.168.0.10 "GET /v2/300b2cc45c3846939e589310ae714e46/extensions HTTP/1.1" status: 200 len: 22486 time: 0.0075040
2015-09-30 21:12:26.724 2489 INFO nova.osapi_compute.wsgi.server [req-96701a29-0791-4107-83ea-42d2aba71368 e9483918caa940a48fe882ba092c7e0b 300b2cc45c3846939e589310ae714e46 - - -] 192.168.0.10 "PUT /v2/300b2cc45c3846939e589310ae714e46/os-services/disable HTTP/1.1" status: 200 len: 289 time: 0.0663610
2015-09-30 21:12:27.114 2487 INFO nova.osapi_compute.wsgi.server [req-2fdbf723-19a4-4c8c-a1cd-9707c0886739 e9483918caa940a48fe882ba092c7e0b 300b2cc45c3846939e589310ae714e46 - - -] 192.168.0.10 "GET /v2/300b2cc45c3846939e589310ae714e46/os-hypervisors/detail HTTP/1.1" status: 200 len: 4736 time: 0.0857511
2015-09-30 21:12:27.172 2487 INFO nova.osapi_compute.wsgi.server [req-b1da84f4-300c-4d2c-b261-098c6201eec3 e9483918caa940a48fe882ba092c7e0b 300b2cc45c3846939e589310ae714e46 - - -] 192.168.0.10 "GET /v2/300b2cc45c3846939e589310ae714e46/os-services HTTP/1.1" status: 200 len: 2492 time: 0.0484998
2015-09-30 21:12:27.246 2488 INFO nova.osapi_compute.wsgi.server [req-49c8d384-5000-4109-b0ca-741159c1893f e9483918caa940a48fe882ba092c7e0b 300b2cc45c3846939e589310ae714e46 - - -] 192.168.0.10 "GET /v2/300b2cc45c3846939e589310ae714e46/os-hypervisors/statistics HTTP/1.1" status: 200 len: 457 time: 0.0620182
2015-09-30 21:12:27.525 2489 INFO nova.osapi_compute.wsgi.server [req-a3dff158-213a-4eb0-a4be-ebc182109b05 e9483918caa940a48fe882ba092c7e0b 300b2cc45c3846939e589310ae714e46 - - -] 192.168.0.10 "GET /v2/300b2cc45c3846939e589310ae714e46/extensions HTTP/1.1" status: 200 len: 22486 time: 0.0088151
2015-09-30 21:12:32.819 2488 INFO nova.osapi_compute.wsgi.server [req-58f1cacb-d2e6-496c-8f60-85069a256a85 e9483918caa940a48fe882ba092c7e0b 300b2cc45c3846939e589310ae714e46 - - -] 192.168.0.10 "PUT /v2/300b2cc45c3846939e589310ae714e46/os-services/disable HTTP/1.1" status: 200 len: 289 time: 0.0291798
2015-09-30 21:12:33.192 2486 INFO nova.osapi_compute.wsgi.server [req-8e8c4a0f-a3fd-4667-81f7-a4e35ecb31d5 e9483918caa940a48fe882ba092c7e0b 300b2cc45c3846939e589310ae714e46 - - -] 192.168.0.10 "GET /v2/300b2cc45c3846939e589310ae714e46/os-hypervisors/detail HTTP/1.1" status: 200 len: 4735 time: 0.0624099
2015-09-30 21:12:33.241 2486 INFO nova.osapi_compute.wsgi.server [req-b5636eca-1612-4b1b-b40a-f709dc5b6c78 e9483918caa940a48fe882ba092c7e0b 300b2cc45c3846939e589310ae714e46 - - -] 192.168.0.10 "GET /v2/300b2cc45c3846939e589310ae714e46/os-services HTTP/1.1" status: 200 len: 2491 time: 0.0397041
2015-09-30 21:12:33.280 2487 INFO nova.osapi_compute.wsgi.server [req-548ae8ee-f1ed-4c5f-bf56-a1129b8be7ed e9483918caa940a48fe882ba092c7e0b 300b2cc45c3846939e589310ae714e46 - - -] 192.168.0.10 "GET /v2/300b2cc45c3846939e589310ae714e46/os-hypervisors/statistics HTTP/1.1" status: 200 len: 456 time: 0.0253110
2015-09-30 21:12:33.588 2487 INFO nova.osapi_compute.wsgi.server [req-cf6fc264-846a-4126-a2dc-ef5b269b070a e9483918caa940a48fe882ba092c7e0b 300b2cc45c3846939e589310ae714e46 - - -] 192.168.0.10 "GET /v2/300b2cc45c3846939e589310ae714e46/extensions HTTP/1.1" status: 200 len: 22486 time: 0.0076981
2015-09-30 21:15:27.956 2487 INFO nova.osapi_compute.wsgi.server [req-b5856f2d-7eb0-4d7a-be7d-0eb210187b59 9b1f9b36d7354b1ea121ccfbae339d8b 85a11a1515f94848be7aa5b56adec8bf - - -] 192.168.0.13 "GET /v2/85a11a1515f94848be7aa5b56adec8bf/servers/detail?all_tenants=True&host=compute2 HTTP/1.1" status: 200 len: 211 time: 0.0933011
2015-09-30 21:15:34.364 2486 WARNING keystonemiddleware.auth_token [-] Authorization failed for token
2015-09-30 21:15:34.366 2486 WARNING keystonemiddleware.auth_token [-] Identity response: {"error": {"message": "Could not find token: b7e2bc0978f845b7a7106379665c1807", "code": 404, "title": "Not Found"}}
2015-09-30 21:15:34.366 2486 WARNING keystonemiddleware.auth_token [-] Authorization failed for token
2015-09-30 21:15:34.367 2486 INFO nova.osapi_compute.wsgi.server [-] 192.168.0.10 "GET /v2/85a11a1515f94848be7aa5b56adec8bf/servers/detail?all_tenants=True HTTP/1.1" status: 401 len: 283 time: 0.0311480
2015-09-30 21:15:34.675 2489 INFO nova.osapi_compute.wsgi.server [req-da8fdb1b-74cc-496c-8cb4-c3c6388afa9e 9b1f9b36d7354b1ea121ccfbae339d8b 85a11a1515f94848be7aa5b56adec8bf - - -] 192.168.0.10 "GET /v2/85a11a1515f94848be7aa5b56adec8bf/servers/detail?all_tenants=True HTTP/1.1" status: 200 len: 211 time: 0.1960769
2015-09-30 21:15:35.805 2486 INFO nova.osapi_compute.wsgi.server [req-301820db-bae0-4e5f-b102-492abbfa6929 9b1f9b36d7354b1ea121ccfbae339d8b 85a11a1515f94848be7aa5b56adec8bf - - -] 192.168.0.10 "GET /v2/85a11a1515f94848be7aa5b56adec8bf/os-floating-ips HTTP/1.1" status: 200 len: 216 time: 0.2037182
2015-09-30 21:15:40.353 2486 WARNING keystonemiddleware.auth_token [-] Authorization failed for token
2015-09-30 21:15:40.353 2486 WARNING keystonemiddleware.auth_token [-] Identity response: {"error": {"message": "Could not find token: 6f1b2e490ccc48aba8ae294ed68caed2", "code": 404, "title": "Not Found"}}
2015-09-30 21:15:40.354 2486 WARNING keystonemiddleware.auth_token [-] Authorization failed for token
2015-09-30 21:15:40.355 2486 INFO nova.osapi_compute.wsgi.server [-] 192.168.0.12 "GET /v2/85a11a1515f94848be7aa5b56adec8bf/servers/detail?all_tenants=True&host=compute1 HTTP/1.1" status: 401 len: 283 time: 0.1331081
2015-09-30 21:15:40.550 2486 INFO nova.osapi_compute.wsgi.server [req-c215be25-fb82-4e48-88ef-10cbe545ae0f 9b1f9b36d7354b1ea121ccfbae339d8b 85a11a1515f94848be7aa5b56adec8bf - - -] 192.168.0.12 "GET /v2/85a11a1515f94848be7aa5b56adec8bf/servers/detail?all_tenants=True&host=compute1 HTTP/1.1" status: 200 len: 211 time: 0.0862429
2015-09-30 21:25:27.892 2489 WARNING keystonemiddleware.auth_token [-] Authorization failed for token
2015-09-30 21:25:27.894 2489 WARNING keystonemiddleware.auth_token [-] Identity response: {"error": {"message": "Could not find token: 1d0cd6084d1a49e7ba848cffc7820b5a", "code": 404, "title": "Not Found"}}
2015-09-30 21:25:27.894 2489 WARNING keystonemiddleware.auth_token [-] Authorization failed for token
2015-09-30 21:25:27.896 2489 INFO nova.osapi_compute.wsgi.server [-] 192.168.0.13 "GET /v2/85a11a1515f94848be7aa5b56adec8bf/servers/detail?all_tenants=True&host=compute2 HTTP/1.1" status: 401 len: 283 time: 0.0409079
2015-09-30 21:25:28.116 2487 INFO nova.osapi_compute.wsgi.server [req-710cc98d-2817-40f6-8a44-62647347f508 9b1f9b36d7354b1ea121ccfbae339d8b 85a11a1515f94848be7aa5b56adec8bf - - -] 192.168.0.13 "GET /v2/85a11a1515f94848be7aa5b56adec8bf/servers/detail?all_tenants=True&host=compute2 HTTP/1.1" status: 200 len: 211 time: 0.1020532
2015-09-30 21:25:34.516 2488 INFO nova.osapi_compute.wsgi.server [req-015683c7-a167-4855-9833-83b9b3b71d0f 9b1f9b36d7354b1ea121ccfbae339d8b 85a11a1515f94848be7aa5b56adec8bf - - -] 192.168.0.10 "GET /v2/85a11a1515f94848be7aa5b56adec8bf/servers/detail?all_tenants=True HTTP/1.1" status: 200 len: 211 time: 0.1987250
2015-09-30 21:25:36.582 2486 INFO nova.osapi_compute.wsgi.server [req-e17181fb-661f-49bc-82d1-9a0223231b23 9b1f9b36d7354b1ea121ccfbae339d8b 85a11a1515f94848be7aa5b56adec8bf - - -] 192.168.0.10 "GET /v2/85a11a1515f94848be7aa5b56adec8bf/os-floating-ips HTTP/1.1" status: 200 len: 216 time: 0.2146931
2015-09-30 21:25:40.318 2489 INFO nova.osapi_compute.wsgi.server [req-958fd125-bf43-4392-af7c-6eca6949cae6 9b1f9b36d7354b1ea121ccfbae339d8b 85a11a1515f94848be7aa5b56adec8bf - - -] 192.168.0.12 "GET /v2/85a11a1515f94848be7aa5b56adec8bf/servers/detail?all_tenants=True&host=compute1 HTTP/1.1" status: 200 len: 211 time: 0.1018810
2015-09-30 21:35:28.117 2488 INFO nova.osapi_compute.wsgi.server [req-6faeec22-82c2-40d5-981f-bf7b29ef2ad2 9b1f9b36d7354b1ea121ccfbae339d8b 85a11a1515f94848be7aa5b56adec8bf - - -] 192.168.0.13 "GET /v2/85a11a1515f94848be7aa5b56adec8bf/servers/detail?all_tenants=True&host=compute2 HTTP/1.1" status: 200 len: 211 time: 0.2535820
2015-09-30 21:35:34.337 2486 INFO nova.osapi_compute.wsgi.server [req-be07d8eb-51a5-41f5-8312-a7e84b91e5b9 9b1f9b36d7354b1ea121ccfbae339d8b 85a11a1515f94848be7aa5b56adec8bf - - -] 192.168.0.10 "GET /v2/85a11a1515f94848be7aa5b56adec8bf/servers/detail?all_tenants=True HTTP/1.1" status: 200 len: 211 time: 0.1042280
2015-09-30 21:35:35.854 2488 INFO nova.osapi_compute.wsgi.server [req-492a4ee3-6d77-4643-89f6-590270f909d8 9b1f9b36d7354b1ea121ccfbae339d8b 85a11a1515f94848be7aa5b56adec8bf - - -] 192.168.0.10 "GET /v2/85a11a1515f94848be7aa5b56adec8bf/os-floating-ips HTTP/1.1" status: 200 len: 216 time: 0.1928999
2015-09-30 21:35:40.310 2488 INFO nova.osapi_compute.wsgi.server [req-2068e18c-1a90-4208-ac81-4a8c51766eb2 9b1f9b36d7354b1ea121ccfbae339d8b 85a11a1515f94848be7aa5b56adec8bf - - -] 192.168.0.12 "GET /v2/85a11a1515f94848be7aa5b56adec8bf/servers/detail?all_tenants=True&host=compute1 HTTP/1.1" status: 200 len: 211 time: 0.0954461
2015-09-30 21:45:27.959 2486 INFO nova.osapi_compute.wsgi.server [req-f05db12d-665d-48ae-a445-6b1984ba68b0 9b1f9b36d7354b1ea121ccfbae339d8b 85a11a1515f94848be7aa5b56adec8bf - - -] 192.168.0.13 "GET /v2/85a11a1515f94848be7aa5b56adec8bf/servers/detail?all_tenants=True&host=compute2 HTTP/1.1" status: 200 len: 211 time: 0.1000051
2015-09-30 21:45:34.423 2487 INFO nova.osapi_compute.wsgi.server [req-02cc5a8f-847f-407a-9ebb-6270c98f527a 9b1f9b36d7354b1ea121ccfbae339d8b 85a11a1515f94848be7aa5b56adec8bf - - -] 192.168.0.10 "GET /v2/85a11a1515f94848be7aa5b56adec8bf/servers/detail?all_tenants=True HTTP/1.1" status: 200 len: 211 time: 0.2135592
2015-09-30 21:45:35.701 2488 INFO nova.osapi_compute.wsgi.server [req-7b46f4ad-a55a-4cfe-9265-695ad85276c9 9b1f9b36d7354b1ea121ccfbae339d8b 85a11a1515f94848be7aa5b56adec8bf - - -] 192.168.0.10 "GET /v2/85a11a1515f94848be7aa5b56adec8bf/os-floating-ips HTTP/1.1" status: 200 len: 216 time: 0.2136619
2015-09-30 21:45:40.385 2488 INFO nova.osapi_compute.wsgi.server [req-c34ff8d9-cc16-4b90-bde3-58eee24ca687 9b1f9b36d7354b1ea121ccfbae339d8b 85a11a1515f94848be7aa5b56adec8bf - - -] 192.168.0.12 "GET /v2/85a11a1515f94848be7aa5b56adec8bf/servers/detail?all_tenants=True&host=compute1 HTTP/1.1" status: 200 len: 211 time: 0.0838680
2015-09-30 21:52:42.412 2489 INFO nova.osapi_compute.wsgi.server [req-21676817-9798-4e1c-8e79-74167ae4ec4f e9483918caa940a48fe882ba092c7e0b 300b2cc45c3846939e589310ae714e46 - - -] 192.168.0.10 "GET /v2/300b2cc45c3846939e589310ae714e46/os-services HTTP/1.1" status: 200 len: 2495 time: 0.0810330
2015-09-30 21:52:51.520 2488 INFO nova.osapi_compute.wsgi.server [req-61f48b00-79b9-4b60-8d61-7322f417e3a8 e9483918caa940a48fe882ba092c7e0b 300b2cc45c3846939e589310ae714e46 - - -] 192.168.0.10 "DELETE /v2/300b2cc45c3846939e589310ae714e46/os-services/1 HTTP/1.1" status: 204 len: 203 time: 0.0703399
2015-09-30 21:52:58.412 2486 INFO nova.osapi_compute.wsgi.server [req-3489f6e8-1cd4-423d-805c-a798b668f12a e9483918caa940a48fe882ba092c7e0b 300b2cc45c3846939e589310ae714e46 - - -] 192.168.0.10 "GET /v2/300b2cc45c3846939e589310ae714e46/os-services HTTP/1.1" status: 200 len: 2307 time: 0.0953288
2015-09-30 21:53:08.132 2489 INFO nova.osapi_compute.wsgi.server [req-d2237b2c-9ff8-4bf4-a5f8-0fccd927cd7c e9483918caa940a48fe882ba092c7e0b 300b2cc45c3846939e589310ae714e46 - - -] 192.168.0.10 "DELETE /v2/300b2cc45c3846939e589310ae714e46/os-services/7 HTTP/1.1" status: 204 len: 203 time: 0.0960929
2015-09-30 21:53:11.767 2488 INFO nova.osapi_compute.wsgi.server [req-1c39fd66-3ab3-4f98-a43a-8d47ac45045d e9483918caa940a48fe882ba092c7e0b 300b2cc45c3846939e589310ae714e46 - - -] 192.168.0.10 "DELETE /v2/300b2cc45c3846939e589310ae714e46/os-services/8 HTTP/1.1" status: 204 len: 203 time: 0.0694890
2015-09-30 21:53:14.602 2489 INFO nova.osapi_compute.wsgi.server [req-b4967196-7b5b-4be2-9c46-3b3a45da8bf7 e9483918caa940a48fe882ba092c7e0b 300b2cc45c3846939e589310ae714e46 - - -] 192.168.0.10 "DELETE /v2/300b2cc45c3846939e589310ae714e46/os-services/9 HTTP/1.1" status: 204 len: 203 time: 0.0771630
2015-09-30 21:53:17.611 2486 INFO nova.osapi_compute.wsgi.server [req-6fb116bb-7c9b-474a-9be5-ce2dc256b94a e9483918caa940a48fe882ba092c7e0b 300b2cc45c3846939e589310ae714e46 - - -] 192.168.0.10 "DELETE /v2/300b2cc45c3846939e589310ae714e46/os-services/10 HTTP/1.1" status: 204 len: 203 time: 0.0737200
2015-09-30 21:53:20.681 2486 INFO nova.osapi_compute.wsgi.server [req-78d48915-fe9b-4b01-9ee7-6d60cd773d70 e9483918caa940a48fe882ba092c7e0b 300b2cc45c3846939e589310ae714e46 - - -] 192.168.0.10 "DELETE /v2/300b2cc45c3846939e589310ae714e46/os-services/11 HTTP/1.1" status: 204 len: 203 time: 0.0539291
2015-09-30 21:53:23.514 2487 INFO nova.osapi_compute.wsgi.server [req-84a76879-3f87-4f69-8dbe-45e757e1ff1f e9483918caa940a48fe882ba092c7e0b 300b2cc45c3846939e589310ae714e46 - - -] 192.168.0.10 "DELETE /v2/300b2cc45c3846939e589310ae714e46/os-services/12 HTTP/1.1" status: 204 len: 203 time: 0.1098890
2015-09-30 21:53:26.185 2487 INFO nova.api.openstack.wsgi [req-470d2dc0-a02e-45f4-af4d-40926fee29cb e9483918caa940a48fe882ba092c7e0b 300b2cc45c3846939e589310ae714e46 - - -] HTTP exception thrown: Service 13 not found.
2015-09-30 21:53:26.187 2487 INFO nova.osapi_compute.wsgi.server [req-470d2dc0-a02e-45f4-af4d-40926fee29cb e9483918caa940a48fe882ba092c7e0b 300b2cc45c3846939e589310ae714e46 - - -] 192.168.0.10 "DELETE /v2/300b2cc45c3846939e589310ae714e46/os-services/13 HTTP/1.1" status: 404 len: 285 time: 0.0500600
2015-09-30 21:55:21.438 2487 INFO nova.osapi_compute.wsgi.server [req-bb7eae17-9541-4411-833b-990c2827cde6 e9483918caa940a48fe882ba092c7e0b 300b2cc45c3846939e589310ae714e46 - - -] 192.168.0.10 "GET /v2/300b2cc45c3846939e589310ae714e46/os-services HTTP/1.1" status: 200 len: 1120 time: 0.0858829
2015-09-30 21:55:25.196 2163 INFO nova.openstack.common.service [-] Child caught SIGTERM, exiting
2015-09-30 21:55:25.197 2157 INFO nova.openstack.common.service [-] Child caught SIGTERM, exiting
2015-09-30 21:55:25.200 2157 INFO nova.wsgi [-] Stopping WSGI server.
2015-09-30 21:55:25.200 2163 INFO nova.wsgi [-] Stopping WSGI server.
2015-09-30 21:55:25.201 2157 INFO nova.ec2.wsgi.server [-] (2157) wsgi exited, is_accepting=True
2015-09-30 21:55:25.201 2163 INFO nova.ec2.wsgi.server [-] (2163) wsgi exited, is_accepting=True
2015-09-30 21:55:25.202 2163 INFO nova.wsgi [-] WSGI server has stopped.
2015-09-30 21:55:25.202 2157 INFO nova.wsgi [-] WSGI server has stopped.
2015-09-30 21:55:25.205 2487 INFO nova.openstack.common.service [-] Child caught SIGTERM, exiting
2015-09-30 21:55:25.206 2487 INFO nova.wsgi [-] Stopping WSGI server.
2015-09-30 21:55:25.206 2487 INFO nova.osapi_compute.wsgi.server [-] (2487) wsgi exited, is_accepting=True
2015-09-30 21:55:25.207 2487 INFO nova.wsgi [-] WSGI server has stopped.
2015-09-30 21:55:25.206 2488 INFO nova.openstack.common.service [-] Child caught SIGTERM, exiting
2015-09-30 21:55:25.209 2488 INFO nova.wsgi [-] Stopping WSGI server.
2015-09-30 21:55:25.210 2488 INFO nova.osapi_compute.wsgi.server [-] (2488) wsgi exited, is_accepting=True
2015-09-30 21:55:25.208 989 INFO nova.openstack.common.service [-] Caught SIGTERM, stopping children
2015-09-30 21:55:25.211 989 INFO nova.openstack.common.service [-] Waiting on 12 children to exit
2015-09-30 21:55:25.220 2516 INFO nova.openstack.common.service [-] Child caught SIGTERM, exiting
2015-09-30 21:55:25.225 2516 INFO nova.wsgi [-] Stopping WSGI server.
2015-09-30 21:55:25.224 2489 INFO nova.openstack.common.service [-] Child caught SIGTERM, exiting
2015-09-30 21:55:25.228 2489 INFO nova.wsgi [-] Stopping WSGI server.
2015-09-30 21:55:25.229 2489 INFO nova.osapi_compute.wsgi.server [-] (2489) wsgi exited, is_accepting=True
2015-09-30 21:55:25.230 2489 INFO nova.wsgi [-] WSGI server has stopped.
2015-09-30 21:55:25.230 2518 INFO nova.openstack.common.service [-] Child caught SIGTERM, exiting
2015-09-30 21:55:25.234 2518 INFO nova.wsgi [-] Stopping WSGI server.
2015-09-30 21:55:25.236 2518 INFO nova.metadata.wsgi.server [-] (2518) wsgi exited, is_accepting=True
2015-09-30 21:55:25.237 2515 INFO nova.openstack.common.service [-] Child caught SIGTERM, exiting
2015-09-30 21:55:25.241 2515 INFO nova.wsgi [-] Stopping WSGI server.
2015-09-30 21:55:25.242 2515 INFO nova.metadata.wsgi.server [-] (2515) wsgi exited, is_accepting=True
2015-09-30 21:55:25.243 2515 INFO nova.wsgi [-] WSGI server has stopped.
2015-09-30 21:55:25.249 2517 INFO nova.openstack.common.service [-] Child caught SIGTERM, exiting
2015-09-30 21:55:25.253 2517 INFO nova.wsgi [-] Stopping WSGI server.
2015-09-30 21:55:25.253 2153 INFO nova.openstack.common.service [-] Child caught SIGTERM, exiting
2015-09-30 21:55:25.256 2153 INFO nova.wsgi [-] Stopping WSGI server.
2015-09-30 21:55:25.257 2153 INFO nova.ec2.wsgi.server [-] (2153) wsgi exited, is_accepting=True
2015-09-30 21:55:25.258 2153 INFO nova.wsgi [-] WSGI server has stopped.
2015-09-30 21:55:25.262 2486 INFO nova.openstack.common.service [-] Child caught SIGTERM, exiting
2015-09-30 21:55:25.265 2486 INFO nova.wsgi [-] Stopping WSGI server.
2015-09-30 21:55:25.266 2486 INFO nova.osapi_compute.wsgi.server [-] (2486) wsgi exited, is_accepting=True
2015-09-30 21:55:25.267 2486 INFO nova.wsgi [-] WSGI server has stopped.
2015-09-30 21:55:25.218 2167 INFO nova.openstack.common.service [-] Child caught SIGTERM, exiting
2015-09-30 21:55:25.283 2167 INFO nova.wsgi [-] Stopping WSGI server.
2015-09-30 21:55:25.284 2167 INFO nova.ec2.wsgi.server [-] (2167) wsgi exited, is_accepting=True
2015-09-30 21:55:25.285 2167 INFO nova.wsgi [-] WSGI server has stopped.
2015-09-30 21:55:25.290 989 INFO nova.openstack.common.service [-] Child 2157 killed by signal 15
2015-09-30 21:55:25.293 2516 INFO nova.metadata.wsgi.server [-] (2516) wsgi exited, is_accepting=True
2015-09-30 21:55:25.294 2516 INFO nova.wsgi [-] WSGI server has stopped.
2015-09-30 21:55:25.303 989 INFO nova.openstack.common.service [-] Child 2153 exited with status 1
2015-09-30 21:55:25.255 2517 INFO nova.metadata.wsgi.server [-] (2517) wsgi exited, is_accepting=True
2015-09-30 21:55:25.312 2517 INFO nova.wsgi [-] WSGI server has stopped.
2015-09-30 21:55:25.320 989 INFO nova.openstack.common.service [-] Child 2515 exited with status 1
2015-09-30 21:55:25.346 2518 INFO nova.wsgi [-] WSGI server has stopped.
2015-09-30 21:55:25.355 989 INFO nova.openstack.common.service [-] Child 2518 exited with status 1
2015-09-30 21:55:25.377 989 INFO nova.openstack.common.service [-] Child 2488 killed by signal 15
2015-09-30 21:55:25.394 989 INFO nova.openstack.common.service [-] Child 2167 exited with status 1
2015-09-30 21:55:25.397 989 INFO nova.openstack.common.service [-] Child 2517 exited with status 1
2015-09-30 21:55:25.401 989 INFO nova.openstack.common.service [-] Child 2516 exited with status 1
2015-09-30 21:55:25.419 989 INFO nova.openstack.common.service [-] Child 2163 killed by signal 15
2015-09-30 21:55:25.428 989 INFO nova.openstack.common.service [-] Child 2489 exited with status 1
2015-09-30 21:55:25.468 989 INFO nova.openstack.common.service [-] Child 2487 exited with status 1
2015-09-30 21:55:25.482 989 INFO nova.openstack.common.service [-] Child 2486 exited with status 1
2015-09-30 22:02:06.578 979 INFO nova.openstack.common.periodic_task [-] Skipping periodic task _periodic_update_dns because its interval is negative
2015-09-30 22:02:06.586 979 WARNING nova.api.ec2.cloud [-] Deprecated: The in tree EC2 API is deprecated as of Kilo release and may be removed in a future release. The stackforge ec2-api project http://git.openstack.org/cgit/stackforge/ec2-api/ is the target replacement for this functionality.
2015-09-30 22:02:07.064 979 INFO nova.wsgi [-] ec2 listening on 0.0.0.0:8773
2015-09-30 22:02:07.065 979 INFO nova.openstack.common.service [-] Starting 4 workers
2015-09-30 22:02:07.078 979 INFO nova.openstack.common.service [-] Started child 2020
2015-09-30 22:02:07.127 2020 INFO nova.ec2.wsgi.server [-] (2020) wsgi starting up on http://0.0.0.0:8773/
2015-09-30 22:02:07.119 979 INFO nova.openstack.common.service [-] Started child 2023
2015-09-30 22:02:07.172 979 INFO nova.openstack.common.service [-] Started child 2027
2015-09-30 22:02:07.199 2023 INFO nova.ec2.wsgi.server [-] (2023) wsgi starting up on http://0.0.0.0:8773/
2015-09-30 22:02:07.216 979 INFO nova.openstack.common.service [-] Started child 2031
2015-09-30 22:02:07.246 2027 INFO nova.ec2.wsgi.server [-] (2027) wsgi starting up on http://0.0.0.0:8773/
2015-09-30 22:02:07.290 2031 INFO nova.ec2.wsgi.server [-] (2031) wsgi starting up on http://0.0.0.0:8773/
2015-09-30 22:02:08.930 979 WARNING keystonemiddleware.auth_token [-] Configuring admin URI using auth fragments. This is deprecated, use 'identity_uri' instead.
2015-09-30 22:02:08.942 979 INFO nova.api.openstack [-] V3 API has been disabled by configuration
2015-09-30 22:02:08.946 979 WARNING keystonemiddleware.auth_token [-] Configuring admin URI using auth fragments. This is deprecated, use 'identity_uri' instead.
2015-09-30 22:02:09.331 979 WARNING keystonemiddleware.auth_token [-] Configuring admin URI using auth fragments. This is deprecated, use 'identity_uri' instead.
2015-09-30 22:02:09.336 979 INFO nova.api.openstack [-] V3 API has been disabled by configuration
2015-09-30 22:02:09.339 979 WARNING keystonemiddleware.auth_token [-] Configuring admin URI using auth fragments. This is deprecated, use 'identity_uri' instead.
2015-09-30 22:02:09.342 979 INFO nova.wsgi [-] osapi_compute listening on 0.0.0.0:8774
2015-09-30 22:02:09.342 979 INFO nova.openstack.common.service [-] Starting 4 workers
2015-09-30 22:02:09.356 979 INFO nova.openstack.common.service [-] Started child 2306
2015-09-30 22:02:09.391 2306 INFO nova.osapi_compute.wsgi.server [-] (2306) wsgi starting up on http://0.0.0.0:8774/
2015-09-30 22:02:09.388 979 INFO nova.openstack.common.service [-] Started child 2311
2015-09-30 22:02:09.425 979 INFO nova.openstack.common.service [-] Started child 2316
2015-09-30 22:02:09.480 2316 INFO nova.osapi_compute.wsgi.server [-] (2316) wsgi starting up on http://0.0.0.0:8774/
2015-09-30 22:02:09.472 2311 INFO nova.osapi_compute.wsgi.server [-] (2311) wsgi starting up on http://0.0.0.0:8774/
2015-09-30 22:02:09.530 2319 INFO nova.osapi_compute.wsgi.server [-] (2319) wsgi starting up on http://0.0.0.0:8774/
2015-09-30 22:02:09.469 979 INFO nova.openstack.common.service [-] Started child 2319
2015-09-30 22:02:09.568 979 INFO nova.network.driver [-] Loading network driver 'nova.network.linux_net'
2015-09-30 22:02:09.577 979 WARNING oslo_config.cfg [-] Option "lock_path" from group "DEFAULT" is deprecated. Use option "lock_path" from group "oslo_concurrency".
2015-09-30 22:02:10.613 979 INFO nova.wsgi [-] metadata listening on 0.0.0.0:8775
2015-09-30 22:02:10.615 979 INFO nova.openstack.common.service [-] Starting 4 workers
2015-09-30 22:02:10.625 979 INFO nova.openstack.common.service [-] Started child 2422
2015-09-30 22:02:10.668 2422 INFO nova.metadata.wsgi.server [-] (2422) wsgi starting up on http://0.0.0.0:8775/
2015-09-30 22:02:10.654 979 INFO nova.openstack.common.service [-] Started child 2423
2015-09-30 22:02:10.689 979 INFO nova.openstack.common.service [-] Started child 2424
2015-09-30 22:02:10.696 2423 INFO nova.metadata.wsgi.server [-] (2423) wsgi starting up on http://0.0.0.0:8775/
2015-09-30 22:02:10.727 2424 INFO nova.metadata.wsgi.server [-] (2424) wsgi starting up on http://0.0.0.0:8775/
2015-09-30 22:02:10.720 979 INFO nova.openstack.common.service [-] Started child 2425
2015-09-30 22:02:10.762 2425 INFO nova.metadata.wsgi.server [-] (2425) wsgi starting up on http://0.0.0.0:8775/
2015-09-30 22:02:10.818 979 WARNING oslo_config.cfg [-] Option "rabbit_ha_queues" from group "DEFAULT" is deprecated. Use option "rabbit_ha_queues" from group "oslo_messaging_rabbit".
2015-09-30 22:02:10.820 979 WARNING oslo_config.cfg [-] Option "rabbit_host" from group "DEFAULT" is deprecated. Use option "rabbit_host" from group "oslo_messaging_rabbit".
2015-09-30 22:02:10.820 979 WARNING oslo_config.cfg [-] Option "rabbit_hosts" from group "DEFAULT" is deprecated. Use option "rabbit_hosts" from group "oslo_messaging_rabbit".
2015-09-30 22:02:10.821 979 WARNING oslo_config.cfg [-] Option "rabbit_password" from group "DEFAULT" is deprecated. Use option "rabbit_password" from group "oslo_messaging_rabbit".
2015-09-30 22:02:10.821 979 WARNING oslo_config.cfg [-] Option "rabbit_port" from group "DEFAULT" is deprecated. Use option "rabbit_port" from group "oslo_messaging_rabbit".
2015-09-30 22:02:10.822 979 WARNING oslo_config.cfg [-] Option "rabbit_use_ssl" from group "DEFAULT" is deprecated. Use option "rabbit_use_ssl" from group "oslo_messaging_rabbit".
2015-09-30 22:02:10.822 979 WARNING oslo_config.cfg [-] Option "rabbit_userid" from group "DEFAULT" is deprecated. Use option "rabbit_userid" from group "oslo_messaging_rabbit".
2015-09-30 22:02:10.822 979 WARNING oslo_config.cfg [-] Option "rabbit_virtual_host" from group "DEFAULT" is deprecated. Use option "rabbit_virtual_host" from group "oslo_messaging_rabbit".
2015-09-30 22:02:10.828 979 WARNING oslo_config.cfg [-] Option "url_timeout" from group "neutron" is deprecated. Use option "timeout" from group "neutron".
2015-09-30 22:02:10.854 979 WARNING oslo_config.cfg [-] Option "sql_connection" from group "DEFAULT" is deprecated. Use option "connection" from group "database".
2015-09-30 22:05:09.853 2311 WARNING oslo_config.cfg [req-7f42df84-f1da-4029-8911-a919ba9d44c6 e9483918caa940a48fe882ba092c7e0b 300b2cc45c3846939e589310ae714e46 - - -] Option "sql_connection" from group "DEFAULT" is deprecated. Use option "connection" from group "database".
2015-09-30 22:05:10.168 2311 INFO nova.osapi_compute.wsgi.server [req-7f42df84-f1da-4029-8911-a919ba9d44c6 e9483918caa940a48fe882ba092c7e0b 300b2cc45c3846939e589310ae714e46 - - -] 192.168.0.10 "GET /v2/300b2cc45c3846939e589310ae714e46/os-services HTTP/1.1" status: 200 len: 1920 time: 1.6933320
2015-09-30 22:05:27.994 2311 INFO nova.osapi_compute.wsgi.server [req-88a2e6bc-b868-497c-b017-a61f8d762452 9b1f9b36d7354b1ea121ccfbae339d8b 85a11a1515f94848be7aa5b56adec8bf - - -] 192.168.0.13 "GET /v2/85a11a1515f94848be7aa5b56adec8bf/servers/detail?all_tenants=True&host=compute2 HTTP/1.1" status: 200 len: 211 time: 0.0985210
2015-09-30 22:05:34.371 2311 INFO nova.osapi_compute.wsgi.server [req-8d68ebf3-2ad1-407b-9961-dd837a21885f e9483918caa940a48fe882ba092c7e0b 300b2cc45c3846939e589310ae714e46 - - -] 192.168.0.10 "DELETE /v2/300b2cc45c3846939e589310ae714e46/os-services/2 HTTP/1.1" status: 204 len: 203 time: 0.0634010
2015-09-30 22:05:38.495 2306 WARNING oslo_config.cfg [req-73f2c041-8e0a-42a4-a957-46cdd3409eee e9483918caa940a48fe882ba092c7e0b 300b2cc45c3846939e589310ae714e46 - - -] Option "sql_connection" from group "DEFAULT" is deprecated. Use option "connection" from group "database".
2015-09-30 22:05:38.812 2306 INFO nova.osapi_compute.wsgi.server [req-73f2c041-8e0a-42a4-a957-46cdd3409eee e9483918caa940a48fe882ba092c7e0b 300b2cc45c3846939e589310ae714e46 - - -] 192.168.0.10 "DELETE /v2/300b2cc45c3846939e589310ae714e46/os-services/3 HTTP/1.1" status: 204 len: 203 time: 1.5872190
2015-09-30 22:05:41.564 2319 WARNING oslo_config.cfg [req-7880fd1c-4f68-4c8e-9a1b-f9c4ab3691e5 9b1f9b36d7354b1ea121ccfbae339d8b 85a11a1515f94848be7aa5b56adec8bf - - -] Option "sql_connection" from group "DEFAULT" is deprecated. Use option "connection" from group "database".
2015-09-30 22:05:41.917 2319 INFO nova.osapi_compute.wsgi.server [req-7880fd1c-4f68-4c8e-9a1b-f9c4ab3691e5 9b1f9b36d7354b1ea121ccfbae339d8b 85a11a1515f94848be7aa5b56adec8bf - - -] 192.168.0.12 "GET /v2/85a11a1515f94848be7aa5b56adec8bf/servers/detail?all_tenants=True&host=compute1 HTTP/1.1" status: 200 len: 211 time: 1.6701880
2015-09-30 22:05:42.612 2316 WARNING oslo_config.cfg [req-2139a727-c8a2-4620-a505-23355b114f7d e9483918caa940a48fe882ba092c7e0b 300b2cc45c3846939e589310ae714e46 - - -] Option "sql_connection" from group "DEFAULT" is deprecated. Use option "connection" from group "database".
2015-09-30 22:05:42.902 2316 INFO nova.osapi_compute.wsgi.server [req-2139a727-c8a2-4620-a505-23355b114f7d e9483918caa940a48fe882ba092c7e0b 300b2cc45c3846939e589310ae714e46 - - -] 192.168.0.10 "DELETE /v2/300b2cc45c3846939e589310ae714e46/os-services/4 HTTP/1.1" status: 204 len: 203 time: 1.5401061
2015-09-30 22:06:06.765 2316 INFO nova.osapi_compute.wsgi.server [req-4215d6f9-d5d1-477d-a5d1-48832226db8b e9483918caa940a48fe882ba092c7e0b 300b2cc45c3846939e589310ae714e46 - - -] 192.168.0.10 "GET /v2/300b2cc45c3846939e589310ae714e46/os-services HTTP/1.1" status: 200 len: 1395 time: 0.1251431
2015-09-30 22:06:26.534 2319 INFO nova.osapi_compute.wsgi.server [req-fa9538ab-16d4-43d7-8755-39c012f0e334 9b1f9b36d7354b1ea121ccfbae339d8b 85a11a1515f94848be7aa5b56adec8bf - - -] 192.168.0.12 "GET /v2/85a11a1515f94848be7aa5b56adec8bf/servers/detail?all_tenants=True&host=compute1.localdomain HTTP/1.1" status: 200 len: 211 time: 0.1574562
2015-09-30 22:06:34.730 2306 INFO nova.osapi_compute.wsgi.server [req-3079a85d-3183-4c25-8681-2451d296d467 9b1f9b36d7354b1ea121ccfbae339d8b 85a11a1515f94848be7aa5b56adec8bf - - -] 192.168.0.13 "GET /v2/85a11a1515f94848be7aa5b56adec8bf/servers/detail?all_tenants=True&host=compute2.localdomain HTTP/1.1" status: 200 len: 211 time: 0.1751151
2015-09-30 22:06:55.249 2316 INFO nova.osapi_compute.wsgi.server [req-b4661c50-3c48-4d25-8fbb-ecf25de1ace4 e9483918caa940a48fe882ba092c7e0b 300b2cc45c3846939e589310ae714e46 - - -] 192.168.0.10 "GET /v2/300b2cc45c3846939e589310ae714e46/extensions HTTP/1.1" status: 200 len: 22486 time: 0.0618639
2015-09-30 22:06:55.359 2311 INFO nova.osapi_compute.wsgi.server [req-2f986353-6470-4ff4-a29a-02bbeccf005f e9483918caa940a48fe882ba092c7e0b 300b2cc45c3846939e589310ae714e46 - - -] 192.168.0.10 "GET /v2/300b2cc45c3846939e589310ae714e46/os-simple-tenant-usage?start=2015-09-01T00:00:00&end=2015-09-30T23:59:59&detailed=1 HTTP/1.1" status: 200 len: 217 time: 0.0752902
2015-09-30 22:06:55.461 2319 INFO nova.osapi_compute.wsgi.server [req-28ee601d-ad65-405e-9fc8-a4c9a9c1e5c3 e9483918caa940a48fe882ba092c7e0b 300b2cc45c3846939e589310ae714e46 - - -] 192.168.0.10 "GET /v2/300b2cc45c3846939e589310ae714e46/limits HTTP/1.1" status: 200 len: 708 time: 0.0901928
2015-09-30 22:07:12.069 2306 INFO nova.osapi_compute.wsgi.server [req-57e351f5-6d61-41f9-ab6c-1cdd0b9d7e97 e9483918caa940a48fe882ba092c7e0b 300b2cc45c3846939e589310ae714e46 - - -] 192.168.0.10 "GET /v2/300b2cc45c3846939e589310ae714e46/os-hypervisors/detail HTTP/1.1" status: 200 len: 4751 time: 0.1069949
2015-09-30 22:07:12.124 2319 INFO nova.osapi_compute.wsgi.server [req-06090671-0589-4f16-85f0-d3b6ed6911e6 e9483918caa940a48fe882ba092c7e0b 300b2cc45c3846939e589310ae714e46 - - -] 192.168.0.10 "GET /v2/300b2cc45c3846939e589310ae714e46/os-services HTTP/1.1" status: 200 len: 1781 time: 0.0462780
2015-09-30 22:07:12.149 2319 INFO nova.osapi_compute.wsgi.server [req-90336581-a0b8-4f0e-9c23-293e67040d63 e9483918caa940a48fe882ba092c7e0b 300b2cc45c3846939e589310ae714e46 - - -] 192.168.0.10 "GET /v2/300b2cc45c3846939e589310ae714e46/os-hypervisors/statistics HTTP/1.1" status: 200 len: 457 time: 0.0187149
2015-09-30 22:07:12.545 2311 INFO nova.osapi_compute.wsgi.server [req-d421d253-533c-4f7e-8ccf-5a668a5b94b1 e9483918caa940a48fe882ba092c7e0b 300b2cc45c3846939e589310ae714e46 - - -] 192.168.0.10 "GET /v2/300b2cc45c3846939e589310ae714e46/extensions HTTP/1.1" status: 200 len: 22486 time: 0.0118759
2015-09-30 22:07:31.753 2319 INFO nova.osapi_compute.wsgi.server [req-98ba9f1a-5a2f-4256-a122-2d1b455be83e e9483918caa940a48fe882ba092c7e0b 300b2cc45c3846939e589310ae714e46 - - -] 192.168.0.10 "GET /v2/300b2cc45c3846939e589310ae714e46/os-services?binary=nova-compute HTTP/1.1" status: 200 len: 987 time: 0.0211670
2015-09-30 22:07:36.550 2316 INFO nova.osapi_compute.wsgi.server [req-86f785df-877f-4786-9975-8dea67bf5148 e9483918caa940a48fe882ba092c7e0b 300b2cc45c3846939e589310ae714e46 - - -] 192.168.0.10 "GET /v2/300b2cc45c3846939e589310ae714e46/os-services?binary=nova-compute HTTP/1.1" status: 200 len: 987 time: 0.0359671
2015-09-30 22:07:36.627 2316 INFO nova.osapi_compute.wsgi.server [req-a0bedeb8-3fac-4500-9513-5fc6d5507dbc e9483918caa940a48fe882ba092c7e0b 300b2cc45c3846939e589310ae714e46 - - -] 192.168.0.10 "GET /v2/300b2cc45c3846939e589310ae714e46/os-hypervisors/compute1/servers HTTP/1.1" status: 200 len: 393 time: 0.0711281
2015-09-30 22:07:36.938 2306 INFO nova.osapi_compute.wsgi.server [req-fd3158ff-852d-45d1-81ff-a24171209a4f e9483918caa940a48fe882ba092c7e0b 300b2cc45c3846939e589310ae714e46 - - -] 192.168.0.10 "GET /v2/300b2cc45c3846939e589310ae714e46/os-hypervisors/detail HTTP/1.1" status: 200 len: 4751 time: 0.0288219
2015-09-30 22:07:36.966 2316 INFO nova.osapi_compute.wsgi.server [req-a3c6eb76-6a4c-4299-9894-bdc3c38dcb59 e9483918caa940a48fe882ba092c7e0b 300b2cc45c3846939e589310ae714e46 - - -] 192.168.0.10 "GET /v2/300b2cc45c3846939e589310ae714e46/os-services HTTP/1.1" status: 200 len: 1781 time: 0.0217099
2015-09-30 22:07:36.987 2306 INFO nova.osapi_compute.wsgi.server [req-8ceedb07-2a67-423c-9f9d-091f510464a8 e9483918caa940a48fe882ba092c7e0b 300b2cc45c3846939e589310ae714e46 - - -] 192.168.0.10 "GET /v2/300b2cc45c3846939e589310ae714e46/os-hypervisors/statistics HTTP/1.1" status: 200 len: 457 time: 0.0159962
2015-09-30 22:07:37.177 2306 INFO nova.osapi_compute.wsgi.server [req-75cfcda4-3ecb-4298-953f-20c11cfc35f8 e9483918caa940a48fe882ba092c7e0b 300b2cc45c3846939e589310ae714e46 - - -] 192.168.0.10 "GET /v2/300b2cc45c3846939e589310ae714e46/extensions HTTP/1.1" status: 200 len: 22486 time: 0.0060980
2015-09-30 22:07:56.869 2306 INFO nova.osapi_compute.wsgi.server [req-813d5e5a-cf00-4003-ad98-c6d1d0a416c5 e9483918caa940a48fe882ba092c7e0b 300b2cc45c3846939e589310ae714e46 - - -] 192.168.0.10 "GET /v2/300b2cc45c3846939e589310ae714e46/os-services HTTP/1.1" status: 200 len: 1781 time: 0.0401020
2015-09-30 22:07:56.880 2306 INFO nova.osapi_compute.wsgi.server [req-71de6c7c-5ea6-4211-b4ed-dac1c8233b98 e9483918caa940a48fe882ba092c7e0b 300b2cc45c3846939e589310ae714e46 - - -] 192.168.0.10 "GET /v2/300b2cc45c3846939e589310ae714e46/extensions HTTP/1.1" status: 200 len: 22486 time: 0.0048361
2015-09-30 22:07:56.930 2319 INFO nova.osapi_compute.wsgi.server [req-02abdeed-965e-48c4-8986-a2b098359257 e9483918caa940a48fe882ba092c7e0b 300b2cc45c3846939e589310ae714e46 - - -] 192.168.0.10 "PUT /v2/300b2cc45c3846939e589310ae714e46/os-services/enable HTTP/1.1" status: 200 len: 276 time: 0.0368800
2015-09-30 22:07:57.290 2316 INFO nova.osapi_compute.wsgi.server [req-42d99e89-9559-4ace-a885-b898961afa59 e9483918caa940a48fe882ba092c7e0b 300b2cc45c3846939e589310ae714e46 - - -] 192.168.0.10 "GET /v2/300b2cc45c3846939e589310ae714e46/os-hypervisors/detail HTTP/1.1" status: 200 len: 4715 time: 0.0429111
2015-09-30 22:07:57.319 2306 INFO nova.osapi_compute.wsgi.server [req-15d67061-97fe-402c-b011-bfb27621da85 e9483918caa940a48fe882ba092c7e0b 300b2cc45c3846939e589310ae714e46 - - -] 192.168.0.10 "GET /v2/300b2cc45c3846939e589310ae714e46/os-services HTTP/1.1" status: 200 len: 1745 time: 0.0193310
2015-09-30 22:07:57.339 2306 INFO nova.osapi_compute.wsgi.server [req-d31f80a7-b47e-4f66-9223-01ec77c42418 e9483918caa940a48fe882ba092c7e0b 300b2cc45c3846939e589310ae714e46 - - -] 192.168.0.10 "GET /v2/300b2cc45c3846939e589310ae714e46/os-hypervisors/statistics HTTP/1.1" status: 200 len: 457 time: 0.0134110
2015-09-30 22:07:57.577 2311 INFO nova.osapi_compute.wsgi.server [req-d13f07a9-f010-4bc1-a0e4-01eb12c1b1d0 e9483918caa940a48fe882ba092c7e0b 300b2cc45c3846939e589310ae714e46 - - -] 192.168.0.10 "GET /v2/300b2cc45c3846939e589310ae714e46/extensions HTTP/1.1" status: 200 len: 22486 time: 0.0110109
2015-09-30 22:08:15.184 2306 INFO nova.osapi_compute.wsgi.server [req-ac472e51-c30a-4474-a5f9-87a7f782e714 e9483918caa940a48fe882ba092c7e0b 300b2cc45c3846939e589310ae714e46 - - -] 192.168.0.10 "GET /v2/300b2cc45c3846939e589310ae714e46/os-hypervisors/detail HTTP/1.1" status: 200 len: 4715 time: 0.0444300
2015-09-30 22:08:15.242 2306 INFO nova.osapi_compute.wsgi.server [req-a318c836-ccef-4b12-92b8-c9f7c696480a e9483918caa940a48fe882ba092c7e0b 300b2cc45c3846939e589310ae714e46 - - -] 192.168.0.10 "GET /v2/300b2cc45c3846939e589310ae714e46/os-services HTTP/1.1" status: 200 len: 1745 time: 0.0270960
2015-09-30 22:08:15.279 2316 INFO nova.osapi_compute.wsgi.server [req-c212a9d8-9052-4fa0-a656-fe9c079b5d13 e9483918caa940a48fe882ba092c7e0b 300b2cc45c3846939e589310ae714e46 - - -] 192.168.0.10 "GET /v2/300b2cc45c3846939e589310ae714e46/os-hypervisors/statistics HTTP/1.1" status: 200 len: 457 time: 0.0269790
2015-09-30 22:08:15.636 2316 INFO nova.osapi_compute.wsgi.server [req-9675f9d3-d683-4a5c-9256-427179bfd9d6 e9483918caa940a48fe882ba092c7e0b 300b2cc45c3846939e589310ae714e46 - - -] 192.168.0.10 "GET /v2/300b2cc45c3846939e589310ae714e46/extensions HTTP/1.1" status: 200 len: 22486 time: 0.0053051
2015-09-30 22:08:25.186 2311 INFO nova.osapi_compute.wsgi.server [req-1ef4c325-bb90-49cd-937d-5f66dff406ea e9483918caa940a48fe882ba092c7e0b 300b2cc45c3846939e589310ae714e46 - - -] 192.168.0.10 "GET /v2/300b2cc45c3846939e589310ae714e46/os-services?binary=nova-compute HTTP/1.1" status: 200 len: 951 time: 0.0354791
2015-09-30 22:08:27.794 2311 INFO nova.osapi_compute.wsgi.server [req-1f84f59d-b78d-4901-84cf-2893f625e79e e9483918caa940a48fe882ba092c7e0b 300b2cc45c3846939e589310ae714e46 - - -] 192.168.0.10 "GET /v2/300b2cc45c3846939e589310ae714e46/os-services?binary=nova-compute HTTP/1.1" status: 200 len: 951 time: 0.0234759
2015-09-30 22:08:31.493 2311 INFO nova.osapi_compute.wsgi.server [req-6a209eb3-f333-4206-90f0-888f592fce82 e9483918caa940a48fe882ba092c7e0b 300b2cc45c3846939e589310ae714e46 - - -] 192.168.0.10 "GET /v2/300b2cc45c3846939e589310ae714e46/os-services?binary=nova-compute HTTP/1.1" status: 200 len: 951 time: 0.0202379
2015-09-30 22:08:31.551 2311 INFO nova.osapi_compute.wsgi.server [req-ebcf1c62-9144-4e0a-941c-d5236fb6f470 e9483918caa940a48fe882ba092c7e0b 300b2cc45c3846939e589310ae714e46 - - -] 192.168.0.10 "GET /v2/300b2cc45c3846939e589310ae714e46/os-hypervisors/compute2/servers HTTP/1.1" status: 200 len: 392 time: 0.0521421
2015-09-30 22:08:31.874 2316 INFO nova.osapi_compute.wsgi.server [req-25a0a9b4-31b3-4fe1-8a7b-cc50a6d7de3d e9483918caa940a48fe882ba092c7e0b 300b2cc45c3846939e589310ae714e46 - - -] 192.168.0.10 "GET /v2/300b2cc45c3846939e589310ae714e46/os-hypervisors/detail HTTP/1.1" status: 200 len: 4715 time: 0.0294580
2015-09-30 22:08:31.904 2316 INFO nova.osapi_compute.wsgi.server [req-db88f8c4-581b-4618-844b-2b522ba02ded e9483918caa940a48fe882ba092c7e0b 300b2cc45c3846939e589310ae714e46 - - -] 192.168.0.10 "GET /v2/300b2cc45c3846939e589310ae714e46/os-services HTTP/1.1" status: 200 len: 1745 time: 0.0230889
2015-09-30 22:08:31.921 2316 INFO nova.osapi_compute.wsgi.server [req-15768fc6-c285-4bed-8f44-8a438aac72a9 e9483918caa940a48fe882ba092c7e0b 300b2cc45c3846939e589310ae714e46 - - -] 192.168.0.10 "GET /v2/300b2cc45c3846939e589310ae714e46/os-hypervisors/statistics HTTP/1.1" status: 200 len: 457 time: 0.0120599
2015-09-30 22:08:32.124 2306 INFO nova.osapi_compute.wsgi.server [req-680dbd0e-5554-4daa-bf1a-8bd77b0bda33 e9483918caa940a48fe882ba092c7e0b 300b2cc45c3846939e589310ae714e46 - - -] 192.168.0.10 "GET /v2/300b2cc45c3846939e589310ae714e46/extensions HTTP/1.1" status: 200 len: 22486 time: 0.0053561
2015-09-30 22:08:40.327 2311 INFO nova.osapi_compute.wsgi.server [req-c945bf41-f564-494b-bb4d-6e6369151054 e9483918caa940a48fe882ba092c7e0b 300b2cc45c3846939e589310ae714e46 - - -] 192.168.0.10 "PUT /v2/300b2cc45c3846939e589310ae714e46/os-services/disable HTTP/1.1" status: 200 len: 277 time: 0.0324969
2015-09-30 22:08:40.637 2311 INFO nova.osapi_compute.wsgi.server [req-2fdafa62-c540-41c1-bce1-efa51990bca8 e9483918caa940a48fe882ba092c7e0b 300b2cc45c3846939e589310ae714e46 - - -] 192.168.0.10 "GET /v2/300b2cc45c3846939e589310ae714e46/os-hypervisors/detail HTTP/1.1" status: 200 len: 4716 time: 0.0285058
2015-09-30 22:08:40.665 2311 INFO nova.osapi_compute.wsgi.server [req-9f063aba-1d67-433c-af74-87fb0af5964e e9483918caa940a48fe882ba092c7e0b 300b2cc45c3846939e589310ae714e46 - - -] 192.168.0.10 "GET /v2/300b2cc45c3846939e589310ae714e46/os-services HTTP/1.1" status: 200 len: 1746 time: 0.0223942
2015-09-30 22:08:40.682 2311 INFO nova.osapi_compute.wsgi.server [req-232623b5-5c93-464f-b6c9-bf13600f8d2f e9483918caa940a48fe882ba092c7e0b 300b2cc45c3846939e589310ae714e46 - - -] 192.168.0.10 "GET /v2/300b2cc45c3846939e589310ae714e46/os-hypervisors/statistics HTTP/1.1" status: 200 len: 457 time: 0.0127931
2015-09-30 22:08:40.876 2319 INFO nova.osapi_compute.wsgi.server [req-5b0ed9fa-0a11-49c8-b17b-c3cac27716ff e9483918caa940a48fe882ba092c7e0b 300b2cc45c3846939e589310ae714e46 - - -] 192.168.0.10 "GET /v2/300b2cc45c3846939e589310ae714e46/extensions HTTP/1.1" status: 200 len: 22486 time: 0.0117090
2015-09-30 22:08:49.179 2319 INFO nova.osapi_compute.wsgi.server [req-94da3006-e556-409b-b0a6-87abce4d4ac6 e9483918caa940a48fe882ba092c7e0b 300b2cc45c3846939e589310ae714e46 - - -] 192.168.0.10 "PUT /v2/300b2cc45c3846939e589310ae714e46/os-services/disable HTTP/1.1" status: 200 len: 277 time: 0.0273581
2015-09-30 22:08:49.519 2306 INFO nova.osapi_compute.wsgi.server [req-afb65f52-b428-43d0-93ab-650df901c295 e9483918caa940a48fe882ba092c7e0b 300b2cc45c3846939e589310ae714e46 - - -] 192.168.0.10 "GET /v2/300b2cc45c3846939e589310ae714e46/os-hypervisors/detail HTTP/1.1" status: 200 len: 4715 time: 0.0456769
2015-09-30 22:08:49.548 2319 INFO nova.osapi_compute.wsgi.server [req-452321bf-2f74-4ac1-828d-e208d100ad65 e9483918caa940a48fe882ba092c7e0b 300b2cc45c3846939e589310ae714e46 - - -] 192.168.0.10 "GET /v2/300b2cc45c3846939e589310ae714e46/os-services HTTP/1.1" status: 200 len: 1745 time: 0.0235260
2015-09-30 22:08:49.581 2316 INFO nova.osapi_compute.wsgi.server [req-08e230ae-d8e0-460d-983a-b0b421c3bda7 e9483918caa940a48fe882ba092c7e0b 300b2cc45c3846939e589310ae714e46 - - -] 192.168.0.10 "GET /v2/300b2cc45c3846939e589310ae714e46/os-hypervisors/statistics HTTP/1.1" status: 200 len: 456 time: 0.0260670
2015-09-30 22:08:49.760 2311 INFO nova.osapi_compute.wsgi.server [req-9b90afc3-02f0-463b-b02b-5ec893e9ef34 e9483918caa940a48fe882ba092c7e0b 300b2cc45c3846939e589310ae714e46 - - -] 192.168.0.10 "GET /v2/300b2cc45c3846939e589310ae714e46/extensions HTTP/1.1" status: 200 len: 22486 time: 0.0057209
2015-09-30 22:08:51.509 2311 INFO nova.osapi_compute.wsgi.server [req-52f3c31a-7160-4c43-8843-76887c6e8998 e9483918caa940a48fe882ba092c7e0b 300b2cc45c3846939e589310ae714e46 - - -] 192.168.0.10 "GET /v2/300b2cc45c3846939e589310ae714e46/os-hypervisors/detail HTTP/1.1" status: 200 len: 4715 time: 0.0333850
2015-09-30 22:08:51.534 2311 INFO nova.osapi_compute.wsgi.server [req-93332fe2-7ea0-476b-9813-073ed62689d9 e9483918caa940a48fe882ba092c7e0b 300b2cc45c3846939e589310ae714e46 - - -] 192.168.0.10 "GET /v2/300b2cc45c3846939e589310ae714e46/os-services HTTP/1.1" status: 200 len: 1745 time: 0.0192051
2015-09-30 22:08:51.552 2316 INFO nova.osapi_compute.wsgi.server [req-b17f9d64-9230-49ba-a842-eb7fe5e0c083 e9483918caa940a48fe882ba092c7e0b 300b2cc45c3846939e589310ae714e46 - - -] 192.168.0.10 "GET /v2/300b2cc45c3846939e589310ae714e46/os-hypervisors/statistics HTTP/1.1" status: 200 len: 456 time: 0.0125279
2015-09-30 22:08:51.737 2311 INFO nova.osapi_compute.wsgi.server [req-7d4e7be0-ca0c-4769-bf8d-4a12c393fa69 e9483918caa940a48fe882ba092c7e0b 300b2cc45c3846939e589310ae714e46 - - -] 192.168.0.10 "GET /v2/300b2cc45c3846939e589310ae714e46/extensions HTTP/1.1" status: 200 len: 22486 time: 0.0047061
2015-09-30 22:09:03.184 2319 INFO nova.osapi_compute.wsgi.server [req-f8f34e01-e992-4de0-828b-9f2d9046e867 e9483918caa940a48fe882ba092c7e0b 300b2cc45c3846939e589310ae714e46 - - -] 192.168.0.10 "GET /v2/300b2cc45c3846939e589310ae714e46/os-services HTTP/1.1" status: 200 len: 1745 time: 0.0881450
2015-09-30 22:09:19.074 2311 INFO nova.osapi_compute.wsgi.server [req-f58c9a06-8a41-4fcb-a02c-ea1bec5f008b e9483918caa940a48fe882ba092c7e0b 300b2cc45c3846939e589310ae714e46 - - -] 192.168.0.10 "DELETE /v2/300b2cc45c3846939e589310ae714e46/os-services/5 HTTP/1.1" status: 204 len: 203 time: 0.0806839
