2016-02-25 23:16:33.114 1941 INFO eventlet.wsgi.server [req-7273bc79-a009-4231-87cf-a71aa245d654 9b1f9b36d7354b1ea121ccfbae339d8b 85a11a1515f94848be7aa5b56adec8bf - - -] 192.168.0.10 - - [25/Feb/2016 23:16:33] "HEAD /v1/images/9535cff0-1980-4ac8-a702-a3b6234c88dd HTTP/1.1" 200 726 0.353131
2016-02-25 23:16:33.283 1941 INFO eventlet.wsgi.server [req-c3af497c-d127-49e1-9f3e-94bac7188302 9b1f9b36d7354b1ea121ccfbae339d8b 85a11a1515f94848be7aa5b56adec8bf - - -] 192.168.0.10 - - [25/Feb/2016 23:16:33] "HEAD /v1/images/9535cff0-1980-4ac8-a702-a3b6234c88dd HTTP/1.1" 200 726 0.165527
2016-02-25 23:16:33.569 1945 INFO eventlet.wsgi.server [req-cf3a9d6b-7985-4c61-a7c2-119d5003b41b 9b1f9b36d7354b1ea121ccfbae339d8b 85a11a1515f94848be7aa5b56adec8bf - - -] 192.168.0.10 - - [25/Feb/2016 23:16:33] "HEAD /v1/images/8a724f78-2673-4ea1-b607-373626a15afb HTTP/1.1" 200 817 0.259724
2016-02-25 23:16:51.609 1945 INFO eventlet.wsgi.server [req-c0e15eed-f602-447c-b777-25b1fe7c25e5 8b01dff85bb640f5ac72eb634117d3f1 802906d526ed42e8a5980f390847fa87 - - -] 192.168.0.10 - - [25/Feb/2016 23:16:51] "GET /v1/images/detail?sort_key=created_at&sort_dir=desc&limit=1000 HTTP/1.1" 200 1172 0.803004
2016-02-25 23:16:51.658 1950 INFO eventlet.wsgi.server [req-b0cb21f5-c813-4225-a20d-25e4f1d24da4 9b1f9b36d7354b1ea121ccfbae339d8b 85a11a1515f94848be7aa5b56adec8bf - - -] 192.168.0.10 - - [25/Feb/2016 23:16:51] "GET /v1/images/detail?is_public=None&limit=20 HTTP/1.1" 200 1172 0.818014
2016-02-25 23:16:58.496 1950 INFO eventlet.wsgi.server [req-6c0f40aa-2b7d-429f-a747-f9501bf0d4ae 8b01dff85bb640f5ac72eb634117d3f1 802906d526ed42e8a5980f390847fa87 - - -] 192.168.0.10 - - [25/Feb/2016 23:16:58] "HEAD /v1/images/8a724f78-2673-4ea1-b607-373626a15afb HTTP/1.1" 200 817 0.190315
2016-02-25 23:17:18.585 1946 INFO eventlet.wsgi.server [req-7ea7abca-be3b-4f8f-90e8-b8fbb887978c 8b01dff85bb640f5ac72eb634117d3f1 802906d526ed42e8a5980f390847fa87 - - -] 192.168.0.10 - - [25/Feb/2016 23:17:18] "GET /v1/images/detail?sort_key=created_at&sort_dir=desc&limit=1000 HTTP/1.1" 200 1172 0.526858
2016-02-25 23:17:35.017 1941 INFO eventlet.wsgi.server [req-78bc35a1-771e-437a-9881-c086e25ceeef 8b01dff85bb640f5ac72eb634117d3f1 802906d526ed42e8a5980f390847fa87 - - -] 192.168.0.10 - - [25/Feb/2016 23:17:35] "HEAD /v1/images/8a724f78-2673-4ea1-b607-373626a15afb HTTP/1.1" 200 817 0.399530
2016-02-25 23:18:30.729 1945 INFO eventlet.wsgi.server [req-6add14a6-002d-487b-8493-7a9e7b0acd89 8b01dff85bb640f5ac72eb634117d3f1 802906d526ed42e8a5980f390847fa87 - - -] 192.168.0.10 - - [25/Feb/2016 23:18:30] "GET /v1/images/detail?sort_key=created_at&sort_dir=desc&limit=1000 HTTP/1.1" 200 1172 0.104675
2016-02-25 23:25:22.651 1945 INFO eventlet.wsgi.server [req-d65f3e77-ca82-4c12-8328-6f49720bdb21 9b1f9b36d7354b1ea121ccfbae339d8b 85a11a1515f94848be7aa5b56adec8bf - - -] 192.168.0.10 - - [25/Feb/2016 23:25:22] "HEAD /v1/images/8a724f78-2673-4ea1-b607-373626a15afb HTTP/1.1" 200 817 0.284249
2016-02-25 23:26:32.935 1946 INFO eventlet.wsgi.server [req-b7f0c278-246f-42cc-9466-d25e6b127c99 9b1f9b36d7354b1ea121ccfbae339d8b 85a11a1515f94848be7aa5b56adec8bf - - -] 192.168.0.10 - - [25/Feb/2016 23:26:32] "HEAD /v1/images/9535cff0-1980-4ac8-a702-a3b6234c88dd HTTP/1.1" 200 726 0.288519
2016-02-25 23:26:33.136 1946 INFO eventlet.wsgi.server [req-a612732d-b5bc-4c26-9509-a8a2c9ac08eb 9b1f9b36d7354b1ea121ccfbae339d8b 85a11a1515f94848be7aa5b56adec8bf - - -] 192.168.0.10 - - [25/Feb/2016 23:26:33] "HEAD /v1/images/9535cff0-1980-4ac8-a702-a3b6234c88dd HTTP/1.1" 200 726 0.184251
2016-02-25 23:26:33.341 1945 INFO eventlet.wsgi.server [req-b4847e77-2713-49b5-825c-4964862f9edd 9b1f9b36d7354b1ea121ccfbae339d8b 85a11a1515f94848be7aa5b56adec8bf - - -] 192.168.0.10 - - [25/Feb/2016 23:26:33] "HEAD /v1/images/8a724f78-2673-4ea1-b607-373626a15afb HTTP/1.1" 200 817 0.157525
2016-02-25 23:26:50.942 1945 INFO eventlet.wsgi.server [req-538d7f1d-a111-4e93-a66a-86fdfcf1c8b6 9b1f9b36d7354b1ea121ccfbae339d8b 85a11a1515f94848be7aa5b56adec8bf - - -] 192.168.0.10 - - [25/Feb/2016 23:26:50] "GET /v1/images/detail?is_public=None&limit=20 HTTP/1.1" 200 1172 0.443296
2016-02-25 23:28:52.154 1941 INFO eventlet.wsgi.server [req-bab88df5-43a8-49d4-82cc-ad7e99d16140 8b01dff85bb640f5ac72eb634117d3f1 802906d526ed42e8a5980f390847fa87 - - -] 192.168.0.10 - - [25/Feb/2016 23:28:52] "GET /v1/images/detail?sort_key=created_at&sort_dir=desc&limit=1000 HTTP/1.1" 200 1172 0.327894
2016-02-25 23:29:03.301 1950 INFO eventlet.wsgi.server [req-473760a9-7ea7-4981-abc3-c789fa26b71a 8b01dff85bb640f5ac72eb634117d3f1 802906d526ed42e8a5980f390847fa87 - - -] 192.168.0.10 - - [25/Feb/2016 23:29:03] "HEAD /v1/images/8a724f78-2673-4ea1-b607-373626a15afb HTTP/1.1" 200 817 0.543143
2016-02-25 23:29:55.264 1945 INFO eventlet.wsgi.server [req-798883a2-e920-4bad-ac45-4e3064eac30e 8b01dff85bb640f5ac72eb634117d3f1 802906d526ed42e8a5980f390847fa87 - - -] 192.168.0.10 - - [25/Feb/2016 23:29:55] "GET /v1/images/detail?sort_key=created_at&sort_dir=desc&limit=1000 HTTP/1.1" 200 1172 0.382239
2016-02-25 23:30:02.203 1950 INFO eventlet.wsgi.server [req-9c646fdd-d884-4a44-af90-204f7f1984b4 8b01dff85bb640f5ac72eb634117d3f1 802906d526ed42e8a5980f390847fa87 - - -] 192.168.0.10 - - [25/Feb/2016 23:30:02] "HEAD /v1/images/8a724f78-2673-4ea1-b607-373626a15afb HTTP/1.1" 200 817 0.393952
2016-02-25 23:32:07.421 1941 INFO eventlet.wsgi.server [req-ef015f72-6327-4a49-bbb0-8578f921bae9 8b01dff85bb640f5ac72eb634117d3f1 802906d526ed42e8a5980f390847fa87 - - -] 192.168.0.10 - - [25/Feb/2016 23:32:07] "HEAD /v1/images/8a724f78-2673-4ea1-b607-373626a15afb HTTP/1.1" 200 817 0.227865
2016-02-25 23:32:07.966 1946 INFO eventlet.wsgi.server [req-ae55af10-1706-47a9-96ad-0cbfa0eaff4e 8b01dff85bb640f5ac72eb634117d3f1 802906d526ed42e8a5980f390847fa87 - - -] 192.168.0.10 - - [25/Feb/2016 23:32:07] "GET /v1/images/detail?sort_key=created_at&sort_dir=desc&limit=1000 HTTP/1.1" 200 1172 0.218944
2016-02-25 23:32:13.593 1950 INFO eventlet.wsgi.server [req-a1588ee9-c25b-47a8-9d85-45b8af7a2f83 8b01dff85bb640f5ac72eb634117d3f1 802906d526ed42e8a5980f390847fa87 - - -] 192.168.0.10 - - [25/Feb/2016 23:32:13] "HEAD /v1/images/8a724f78-2673-4ea1-b607-373626a15afb HTTP/1.1" 200 817 0.065517
2016-02-25 23:32:23.293 1945 INFO eventlet.wsgi.server [req-fe2a963d-ffcc-4a89-868c-ca3ac7e6777c 8b01dff85bb640f5ac72eb634117d3f1 802906d526ed42e8a5980f390847fa87 - - -] 192.168.0.10 - - [25/Feb/2016 23:32:23] "GET /v1/images/detail?sort_key=created_at&sort_dir=desc&limit=1000 HTTP/1.1" 200 1172 0.284440
2016-02-25 23:32:44.869 1945 INFO eventlet.wsgi.server [req-29da773f-1b77-40d6-9ea2-b2ff4b640852 8b01dff85bb640f5ac72eb634117d3f1 802906d526ed42e8a5980f390847fa87 - - -] 192.168.0.10 - - [25/Feb/2016 23:32:44] "GET /v1/images/detail?sort_key=created_at&sort_dir=desc&limit=1000 HTTP/1.1" 200 1172 0.254894
2016-02-25 23:35:22.586 1941 INFO eventlet.wsgi.server [req-8c992aa4-0441-46fc-8920-11d10c065792 9b1f9b36d7354b1ea121ccfbae339d8b 85a11a1515f94848be7aa5b56adec8bf - - -] 192.168.0.10 - - [25/Feb/2016 23:35:22] "HEAD /v1/images/8a724f78-2673-4ea1-b607-373626a15afb HTTP/1.1" 200 817 0.300515
2016-02-25 23:36:33.033 1950 INFO eventlet.wsgi.server [req-0b33bf75-1e20-4040-ab8b-cb30d1f6a1c7 9b1f9b36d7354b1ea121ccfbae339d8b 85a11a1515f94848be7aa5b56adec8bf - - -] 192.168.0.10 - - [25/Feb/2016 23:36:33] "HEAD /v1/images/9535cff0-1980-4ac8-a702-a3b6234c88dd HTTP/1.1" 200 726 0.322589
2016-02-25 23:36:33.211 1950 INFO eventlet.wsgi.server [req-3f9b66fd-2aa1-49d0-b33f-b4a46470aada 9b1f9b36d7354b1ea121ccfbae339d8b 85a11a1515f94848be7aa5b56adec8bf - - -] 192.168.0.10 - - [25/Feb/2016 23:36:33] "HEAD /v1/images/9535cff0-1980-4ac8-a702-a3b6234c88dd HTTP/1.1" 200 726 0.170993
2016-02-25 23:36:33.450 1945 INFO eventlet.wsgi.server [req-e264ef2e-6388-43e5-b1ca-ec9468475d6f 9b1f9b36d7354b1ea121ccfbae339d8b 85a11a1515f94848be7aa5b56adec8bf - - -] 192.168.0.10 - - [25/Feb/2016 23:36:33] "HEAD /v1/images/8a724f78-2673-4ea1-b607-373626a15afb HTTP/1.1" 200 817 0.153350
2016-02-25 23:36:50.845 1950 INFO eventlet.wsgi.server [req-e0d00b03-c087-4a1c-8a93-454d54c1c5d9 9b1f9b36d7354b1ea121ccfbae339d8b 85a11a1515f94848be7aa5b56adec8bf - - -] 192.168.0.10 - - [25/Feb/2016 23:36:50] "GET /v1/images/detail?is_public=None&limit=20 HTTP/1.1" 200 1172 0.323043
2016-02-25 23:38:32.909 1945 INFO eventlet.wsgi.server [req-048c95e0-66b4-4795-b3e4-c83438b97295 8b01dff85bb640f5ac72eb634117d3f1 802906d526ed42e8a5980f390847fa87 - - -] 192.168.0.10 - - [25/Feb/2016 23:38:32] "HEAD /v1/images/8a724f78-2673-4ea1-b607-373626a15afb HTTP/1.1" 200 817 0.294735
2016-02-25 23:38:50.327 1950 INFO eventlet.wsgi.server [req-4983494a-f00e-4837-abd5-ef335b5046ee 8b01dff85bb640f5ac72eb634117d3f1 802906d526ed42e8a5980f390847fa87 - - -] 192.168.0.10 - - [25/Feb/2016 23:38:50] "GET /v1/images/detail?sort_key=created_at&sort_dir=desc&limit=1000 HTTP/1.1" 200 1172 0.231538
2016-02-25 23:38:54.638 1941 INFO eventlet.wsgi.server [req-c46f0440-87e0-42a5-888f-7583dfacd603 8b01dff85bb640f5ac72eb634117d3f1 802906d526ed42e8a5980f390847fa87 - - -] 192.168.0.10 - - [25/Feb/2016 23:38:54] "HEAD /v1/images/8a724f78-2673-4ea1-b607-373626a15afb HTTP/1.1" 200 817 0.309805
2016-02-25 23:39:00.763 1946 INFO eventlet.wsgi.server [req-a67d96b7-64b6-43ae-9948-0e77d0cdccc8 8b01dff85bb640f5ac72eb634117d3f1 802906d526ed42e8a5980f390847fa87 - - -] 192.168.0.10 - - [25/Feb/2016 23:39:00] "GET /v1/images/detail?sort_key=created_at&sort_dir=desc&limit=1000 HTTP/1.1" 200 1172 0.275943
2016-02-25 23:39:09.339 1946 INFO eventlet.wsgi.server [req-92917327-914e-4614-be57-589243ab29d4 8b01dff85bb640f5ac72eb634117d3f1 802906d526ed42e8a5980f390847fa87 - - -] 192.168.0.10 - - [25/Feb/2016 23:39:09] "HEAD /v1/images/8a724f78-2673-4ea1-b607-373626a15afb HTTP/1.1" 200 817 0.427784
2016-02-25 23:39:14.212 1950 INFO eventlet.wsgi.server [req-cde79c02-fad3-4762-ab73-06bdae64f4f4 8b01dff85bb640f5ac72eb634117d3f1 802906d526ed42e8a5980f390847fa87 - - -] 192.168.0.10 - - [25/Feb/2016 23:39:14] "GET /v1/images/detail?sort_key=created_at&sort_dir=desc&limit=1000 HTTP/1.1" 200 1172 0.138805
2016-02-25 23:39:14.660 1946 INFO eventlet.wsgi.server [req-56db629c-5145-4992-b934-9ff814ac45f3 8b01dff85bb640f5ac72eb634117d3f1 802906d526ed42e8a5980f390847fa87 - - -] 192.168.0.10 - - [25/Feb/2016 23:39:14] "GET /v1/images/detail?sort_key=created_at&sort_dir=desc&limit=1000 HTTP/1.1" 200 1172 0.267627
2016-02-25 23:39:55.733 1945 INFO eventlet.wsgi.server [req-388af063-1a98-4fd1-9657-a97b93f45724 8b01dff85bb640f5ac72eb634117d3f1 802906d526ed42e8a5980f390847fa87 - - -] 192.168.0.10 - - [25/Feb/2016 23:39:55] "GET /v1/images/detail?sort_key=created_at&sort_dir=desc&limit=1000 HTTP/1.1" 200 1172 0.336486
2016-02-25 23:40:03.230 1950 INFO eventlet.wsgi.server [req-335975d9-5926-435b-8782-665ff0de4dec 8b01dff85bb640f5ac72eb634117d3f1 802906d526ed42e8a5980f390847fa87 - - -] 192.168.0.10 - - [25/Feb/2016 23:40:03] "GET /v1/images/detail?sort_key=created_at&sort_dir=desc&limit=1000 HTTP/1.1" 200 1172 0.157865
2016-02-25 23:40:50.135 1945 INFO eventlet.wsgi.server [req-586fd1b3-7199-4e82-a2de-f01b63131829 8b01dff85bb640f5ac72eb634117d3f1 802906d526ed42e8a5980f390847fa87 - - -] 192.168.0.10 - - [25/Feb/2016 23:40:50] "GET /v1/images/detail?sort_key=created_at&sort_dir=desc&limit=1000 HTTP/1.1" 200 1172 0.233763
2016-02-25 23:41:05.802 1945 INFO eventlet.wsgi.server [req-975c3ba7-a28b-4081-8ed7-2ac276f8236f 8b01dff85bb640f5ac72eb634117d3f1 802906d526ed42e8a5980f390847fa87 - - -] 192.168.0.10 - - [25/Feb/2016 23:41:05] "GET /v1/images/detail?sort_key=created_at&sort_dir=desc&limit=1000 HTTP/1.1" 200 1172 0.147065
2016-02-25 23:41:39.286 1945 INFO eventlet.wsgi.server [req-de0855cb-3c09-4798-b0bb-31e4c2f1dd08 8b01dff85bb640f5ac72eb634117d3f1 802906d526ed42e8a5980f390847fa87 - - -] 192.168.0.10 - - [25/Feb/2016 23:41:39] "HEAD /v1/images/8a724f78-2673-4ea1-b607-373626a15afb HTTP/1.1" 200 817 0.068573
2016-02-25 23:45:22.719 1950 INFO eventlet.wsgi.server [req-a6e7ab01-1e88-4b4a-871c-4dce4946554b 9b1f9b36d7354b1ea121ccfbae339d8b 85a11a1515f94848be7aa5b56adec8bf - - -] 192.168.0.10 - - [25/Feb/2016 23:45:22] "HEAD /v1/images/8a724f78-2673-4ea1-b607-373626a15afb HTTP/1.1" 200 817 0.276326
2016-02-25 23:46:32.965 1941 INFO eventlet.wsgi.server [req-0e90a42e-7628-4687-8a44-bd1c2e30493c 9b1f9b36d7354b1ea121ccfbae339d8b 85a11a1515f94848be7aa5b56adec8bf - - -] 192.168.0.10 - - [25/Feb/2016 23:46:32] "HEAD /v1/images/9535cff0-1980-4ac8-a702-a3b6234c88dd HTTP/1.1" 200 726 0.299833
2016-02-25 23:46:33.188 1941 INFO eventlet.wsgi.server [req-976b5b6a-aa18-419e-b12f-3c7f81925b64 9b1f9b36d7354b1ea121ccfbae339d8b 85a11a1515f94848be7aa5b56adec8bf - - -] 192.168.0.10 - - [25/Feb/2016 23:46:33] "HEAD /v1/images/9535cff0-1980-4ac8-a702-a3b6234c88dd HTTP/1.1" 200 726 0.210807
2016-02-25 23:46:33.307 1941 INFO eventlet.wsgi.server [req-272e8fc5-e9b1-4185-8bd2-2ae51f05c2fa 9b1f9b36d7354b1ea121ccfbae339d8b 85a11a1515f94848be7aa5b56adec8bf - - -] 192.168.0.10 - - [25/Feb/2016 23:46:33] "HEAD /v1/images/8a724f78-2673-4ea1-b607-373626a15afb HTTP/1.1" 200 817 0.031294
2016-02-25 23:46:50.819 1945 INFO eventlet.wsgi.server [req-ffff4e65-c490-4428-9c4c-ad1d75f248d7 9b1f9b36d7354b1ea121ccfbae339d8b 85a11a1515f94848be7aa5b56adec8bf - - -] 192.168.0.10 - - [25/Feb/2016 23:46:50] "GET /v1/images/detail?is_public=None&limit=20 HTTP/1.1" 200 1172 0.309220
2016-02-25 23:55:23.430 1950 INFO eventlet.wsgi.server [req-7c5e8fe1-eb66-4ac8-bd22-1a534772fe89 9b1f9b36d7354b1ea121ccfbae339d8b 85a11a1515f94848be7aa5b56adec8bf - - -] 192.168.0.10 - - [25/Feb/2016 23:55:23] "HEAD /v1/images/8a724f78-2673-4ea1-b607-373626a15afb HTTP/1.1" 200 817 0.289753
2016-02-25 23:56:33.365 1941 INFO eventlet.wsgi.server [req-2e6fb068-940e-4f28-8525-e6b6c3e178a6 9b1f9b36d7354b1ea121ccfbae339d8b 85a11a1515f94848be7aa5b56adec8bf - - -] 192.168.0.10 - - [25/Feb/2016 23:56:33] "HEAD /v1/images/9535cff0-1980-4ac8-a702-a3b6234c88dd HTTP/1.1" 200 726 0.346813
2016-02-25 23:56:33.680 1941 INFO eventlet.wsgi.server [req-ac570ab4-4783-4347-8013-481c397f5884 9b1f9b36d7354b1ea121ccfbae339d8b 85a11a1515f94848be7aa5b56adec8bf - - -] 192.168.0.10 - - [25/Feb/2016 23:56:33] "HEAD /v1/images/9535cff0-1980-4ac8-a702-a3b6234c88dd HTTP/1.1" 200 726 0.309518
2016-02-25 23:56:33.748 1941 INFO eventlet.wsgi.server [req-cdadd3b1-fb07-4f0c-a7f2-73b235af9bcc 9b1f9b36d7354b1ea121ccfbae339d8b 85a11a1515f94848be7aa5b56adec8bf - - -] 192.168.0.10 - - [25/Feb/2016 23:56:33] "HEAD /v1/images/8a724f78-2673-4ea1-b607-373626a15afb HTTP/1.1" 200 817 0.031199
2016-02-25 23:56:51.483 1945 INFO eventlet.wsgi.server [req-f6651214-5753-47a1-8dd6-f98379893501 9b1f9b36d7354b1ea121ccfbae339d8b 85a11a1515f94848be7aa5b56adec8bf - - -] 192.168.0.10 - - [25/Feb/2016 23:56:51] "GET /v1/images/detail?is_public=None&limit=20 HTTP/1.1" 200 1172 0.343023
2016-02-26 00:02:03.059 1026 INFO glance.common.wsgi [-] Removed dead child 1946
2016-02-26 00:02:03.359 1026 INFO glance.common.wsgi [-] Started child 26605
2016-02-26 00:02:03.387 26605 INFO eventlet.wsgi.server [-] (26605) wsgi starting up on http://0.0.0.0:9292/
2016-02-26 00:02:03.582 26605 INFO eventlet.wsgi.server [-] (26605) wsgi exited, is_accepting=True
2016-02-26 00:02:03.764 26605 INFO glance.common.wsgi [-] Child 26605 exiting normally
2016-02-26 14:48:09.751 1048 WARNING oslo_config.cfg [-] Option "filesystem_store_datadir" from group "DEFAULT" is deprecated. Use option "filesystem_store_datadir" from group "glance_store".
2016-02-26 14:48:09.770 1048 INFO glance.common.wsgi [-] Starting 4 workers
2016-02-26 14:48:09.948 2089 INFO eventlet.wsgi.server [-] (2089) wsgi starting up on http://0.0.0.0:9292/
2016-02-26 14:48:09.975 1048 INFO glance.common.wsgi [-] Started child 2089
2016-02-26 14:48:10.114 1048 INFO glance.common.wsgi [-] Started child 2098
2016-02-26 14:48:10.154 2098 INFO eventlet.wsgi.server [-] (2098) wsgi starting up on http://0.0.0.0:9292/
2016-02-26 14:48:10.306 1048 INFO glance.common.wsgi [-] Started child 2102
2016-02-26 14:48:10.296 2102 INFO eventlet.wsgi.server [-] (2102) wsgi starting up on http://0.0.0.0:9292/
2016-02-26 14:48:10.454 1048 INFO glance.common.wsgi [-] Started child 2108
2016-02-26 14:48:10.516 2108 INFO eventlet.wsgi.server [-] (2108) wsgi starting up on http://0.0.0.0:9292/
2016-02-26 14:57:54.462 2089 INFO eventlet.wsgi.server [req-aa80b8e0-417a-4ba3-ba08-3e741eb13c2e 9b1f9b36d7354b1ea121ccfbae339d8b 85a11a1515f94848be7aa5b56adec8bf - - -] 192.168.0.10 - - [26/Feb/2016 14:57:54] "HEAD /v1/images/9535cff0-1980-4ac8-a702-a3b6234c88dd HTTP/1.1" 200 726 0.891440
2016-02-26 14:57:54.502 2089 INFO eventlet.wsgi.server [req-7aae38f0-48b7-429e-b5fe-bde7926af0e0 9b1f9b36d7354b1ea121ccfbae339d8b 85a11a1515f94848be7aa5b56adec8bf - - -] 192.168.0.10 - - [26/Feb/2016 14:57:54] "HEAD /v1/images/9535cff0-1980-4ac8-a702-a3b6234c88dd HTTP/1.1" 200 726 0.030829
2016-02-26 14:57:55.388 2098 INFO eventlet.wsgi.server [req-dc5a32ef-4451-4e70-8dba-37973f6fafea 9b1f9b36d7354b1ea121ccfbae339d8b 85a11a1515f94848be7aa5b56adec8bf - - -] 192.168.0.10 - - [26/Feb/2016 14:57:55] "HEAD /v1/images/8a724f78-2673-4ea1-b607-373626a15afb HTTP/1.1" 200 817 0.787911
2016-02-26 14:58:05.184 2089 INFO eventlet.wsgi.server [req-73674462-463d-46c8-b8c1-08888ad5a613 9b1f9b36d7354b1ea121ccfbae339d8b 85a11a1515f94848be7aa5b56adec8bf - - -] 192.168.0.10 - - [26/Feb/2016 14:58:05] "GET /v1/images/detail?is_public=None&limit=20 HTTP/1.1" 200 1172 0.697332
2016-02-26 14:58:20.573 2098 INFO eventlet.wsgi.server [req-a0ba52cb-e545-48c0-baf9-bb396e13707f 9b1f9b36d7354b1ea121ccfbae339d8b 85a11a1515f94848be7aa5b56adec8bf - - -] 192.168.0.10 - - [26/Feb/2016 14:58:20] "HEAD /v1/images/8a724f78-2673-4ea1-b607-373626a15afb HTTP/1.1" 200 817 0.274219
2016-02-26 15:07:53.947 2102 INFO eventlet.wsgi.server [req-b060fb52-4316-429a-ba67-edb209d22116 9b1f9b36d7354b1ea121ccfbae339d8b 85a11a1515f94848be7aa5b56adec8bf - - -] 192.168.0.10 - - [26/Feb/2016 15:07:53] "HEAD /v1/images/9535cff0-1980-4ac8-a702-a3b6234c88dd HTTP/1.1" 200 726 0.466186
2016-02-26 15:07:54.100 2102 INFO eventlet.wsgi.server [req-6ffe9def-d28c-4d5f-99b8-1b627ccb086a 9b1f9b36d7354b1ea121ccfbae339d8b 85a11a1515f94848be7aa5b56adec8bf - - -] 192.168.0.10 - - [26/Feb/2016 15:07:54] "HEAD /v1/images/9535cff0-1980-4ac8-a702-a3b6234c88dd HTTP/1.1" 200 726 0.147310
2016-02-26 15:07:54.364 2098 INFO eventlet.wsgi.server [req-78dd90f7-445a-47c9-b93a-6c81618d812a 9b1f9b36d7354b1ea121ccfbae339d8b 85a11a1515f94848be7aa5b56adec8bf - - -] 192.168.0.10 - - [26/Feb/2016 15:07:54] "HEAD /v1/images/8a724f78-2673-4ea1-b607-373626a15afb HTTP/1.1" 200 817 0.244314
2016-02-26 15:08:04.716 2108 INFO eventlet.wsgi.server [req-36dfe68a-7d58-40a7-bf54-3a6a7fdc7663 9b1f9b36d7354b1ea121ccfbae339d8b 85a11a1515f94848be7aa5b56adec8bf - - -] 192.168.0.10 - - [26/Feb/2016 15:08:04] "GET /v1/images/detail?is_public=None&limit=20 HTTP/1.1" 200 1172 0.964925
2016-02-26 15:08:19.978 2108 INFO eventlet.wsgi.server [req-f548f843-9311-4bf8-83a3-43e689dd11e8 9b1f9b36d7354b1ea121ccfbae339d8b 85a11a1515f94848be7aa5b56adec8bf - - -] 192.168.0.10 - - [26/Feb/2016 15:08:19] "HEAD /v1/images/8a724f78-2673-4ea1-b607-373626a15afb HTTP/1.1" 200 817 0.252002
2016-02-26 15:16:20.949 2089 INFO eventlet.wsgi.server [req-3814f6ed-d60a-4dc3-a6e6-7c1499d5fd88 e9483918caa940a48fe882ba092c7e0b 300b2cc45c3846939e589310ae714e46 - - -] 192.168.0.10 - - [26/Feb/2016 15:16:20] "GET /v1/images/detail?sort_key=created_at&sort_dir=desc&limit=1000 HTTP/1.1" 200 1172 0.334797
2016-02-26 15:17:05.356 2098 INFO eventlet.wsgi.server [req-4738e4a0-1fd7-4daf-a383-df49e0e6cd28 e9483918caa940a48fe882ba092c7e0b 300b2cc45c3846939e589310ae714e46 - - -] 192.168.0.10 - - [26/Feb/2016 15:17:05] "HEAD /v1/images/9535cff0-1980-4ac8-a702-a3b6234c88dd HTTP/1.1" 200 726 0.250352
2016-02-26 15:17:21.586 2098 INFO eventlet.wsgi.server [req-44a0d15a-9b3e-48b9-804b-99866aaf51ce e9483918caa940a48fe882ba092c7e0b 300b2cc45c3846939e589310ae714e46 - - -] 192.168.0.10 - - [26/Feb/2016 15:17:21] "GET /v1/images/detail?sort_key=created_at&sort_dir=desc&limit=1000 HTTP/1.1" 200 1172 0.275807
2016-02-26 15:17:53.619 2108 INFO eventlet.wsgi.server [req-9f12e4b9-2725-4d2a-8220-4f885a08e56b 9b1f9b36d7354b1ea121ccfbae339d8b 85a11a1515f94848be7aa5b56adec8bf - - -] 192.168.0.10 - - [26/Feb/2016 15:17:53] "HEAD /v1/images/9535cff0-1980-4ac8-a702-a3b6234c88dd HTTP/1.1" 200 726 0.270957
2016-02-26 15:17:53.651 2108 INFO eventlet.wsgi.server [req-6fcc3b4f-1341-47ec-be76-55d385fd3dcf 9b1f9b36d7354b1ea121ccfbae339d8b 85a11a1515f94848be7aa5b56adec8bf - - -] 192.168.0.10 - - [26/Feb/2016 15:17:53] "HEAD /v1/images/9535cff0-1980-4ac8-a702-a3b6234c88dd HTTP/1.1" 200 726 0.027843
2016-02-26 15:17:53.902 2098 INFO eventlet.wsgi.server [req-52a64420-b2b5-4fd4-8074-587d4c4b3e3a 9b1f9b36d7354b1ea121ccfbae339d8b 85a11a1515f94848be7aa5b56adec8bf - - -] 192.168.0.10 - - [26/Feb/2016 15:17:53] "HEAD /v1/images/8a724f78-2673-4ea1-b607-373626a15afb HTTP/1.1" 200 817 0.225309
2016-02-26 15:18:04.100 2102 INFO eventlet.wsgi.server [req-fdb599f6-4a84-41d5-9b0d-d74b31e915bb 9b1f9b36d7354b1ea121ccfbae339d8b 85a11a1515f94848be7aa5b56adec8bf - - -] 192.168.0.10 - - [26/Feb/2016 15:18:04] "GET /v1/images/detail?is_public=None&limit=20 HTTP/1.1" 200 1172 0.266274
2016-02-26 15:18:19.952 2108 INFO eventlet.wsgi.server [req-8916baae-037c-4c12-b712-f7ad7ea672d2 9b1f9b36d7354b1ea121ccfbae339d8b 85a11a1515f94848be7aa5b56adec8bf - - -] 192.168.0.10 - - [26/Feb/2016 15:18:19] "HEAD /v1/images/8a724f78-2673-4ea1-b607-373626a15afb HTTP/1.1" 200 817 0.223555
2016-02-26 15:23:19.488 2102 INFO eventlet.wsgi.server [req-be26345b-5103-4c1b-b7f4-41fab2f68641 8b01dff85bb640f5ac72eb634117d3f1 802906d526ed42e8a5980f390847fa87 - - -] 192.168.0.10 - - [26/Feb/2016 15:23:19] "GET /v1/images/detail?sort_key=created_at&sort_dir=desc&limit=1000 HTTP/1.1" 200 1172 0.333093
2016-02-26 15:25:33.738 2089 INFO eventlet.wsgi.server [req-7700debb-91a8-4fba-a1e3-0f6fb8503b21 8b01dff85bb640f5ac72eb634117d3f1 802906d526ed42e8a5980f390847fa87 - - -] 192.168.0.10 - - [26/Feb/2016 15:25:33] "GET /v1/images/detail?sort_key=created_at&sort_dir=desc&limit=1000 HTTP/1.1" 200 1172 0.546281
2016-02-26 15:27:53.634 2102 INFO eventlet.wsgi.server [req-ed15f261-cd35-4e3b-8853-3ffc97a625d7 9b1f9b36d7354b1ea121ccfbae339d8b 85a11a1515f94848be7aa5b56adec8bf - - -] 192.168.0.10 - - [26/Feb/2016 15:27:53] "HEAD /v1/images/9535cff0-1980-4ac8-a702-a3b6234c88dd HTTP/1.1" 200 726 0.232849
2016-02-26 15:27:53.792 2102 INFO eventlet.wsgi.server [req-9d22fbd5-5982-472d-9087-8df44c274e33 9b1f9b36d7354b1ea121ccfbae339d8b 85a11a1515f94848be7aa5b56adec8bf - - -] 192.168.0.10 - - [26/Feb/2016 15:27:53] "HEAD /v1/images/9535cff0-1980-4ac8-a702-a3b6234c88dd HTTP/1.1" 200 726 0.141697
2016-02-26 15:27:54.117 2108 INFO eventlet.wsgi.server [req-b927e70d-bce9-45be-8113-eb63792fdec8 9b1f9b36d7354b1ea121ccfbae339d8b 85a11a1515f94848be7aa5b56adec8bf - - -] 192.168.0.10 - - [26/Feb/2016 15:27:54] "HEAD /v1/images/8a724f78-2673-4ea1-b607-373626a15afb HTTP/1.1" 200 817 0.254720
2016-02-26 15:28:04.661 2102 INFO eventlet.wsgi.server [req-4f4ac0c8-8030-4477-9e83-eae331fb30b2 9b1f9b36d7354b1ea121ccfbae339d8b 85a11a1515f94848be7aa5b56adec8bf - - -] 192.168.0.10 - - [26/Feb/2016 15:28:04] "GET /v1/images/detail?is_public=None&limit=20 HTTP/1.1" 200 1172 0.315336
2016-02-26 15:28:19.974 2108 INFO eventlet.wsgi.server [req-2d1c0a7a-9536-4266-8882-d76e23866e6e 9b1f9b36d7354b1ea121ccfbae339d8b 85a11a1515f94848be7aa5b56adec8bf - - -] 192.168.0.10 - - [26/Feb/2016 15:28:19] "HEAD /v1/images/8a724f78-2673-4ea1-b607-373626a15afb HTTP/1.1" 200 817 0.214062
2016-02-26 15:37:53.676 2089 INFO eventlet.wsgi.server [req-cb77c7f8-4a9b-4526-a69f-91dbb7d90a06 9b1f9b36d7354b1ea121ccfbae339d8b 85a11a1515f94848be7aa5b56adec8bf - - -] 192.168.0.10 - - [26/Feb/2016 15:37:53] "HEAD /v1/images/9535cff0-1980-4ac8-a702-a3b6234c88dd HTTP/1.1" 200 726 0.249330
2016-02-26 15:37:53.833 2089 INFO eventlet.wsgi.server [req-b6b4cf67-fd47-45e9-9af6-6b8d0d15df0a 9b1f9b36d7354b1ea121ccfbae339d8b 85a11a1515f94848be7aa5b56adec8bf - - -] 192.168.0.10 - - [26/Feb/2016 15:37:53] "HEAD /v1/images/9535cff0-1980-4ac8-a702-a3b6234c88dd HTTP/1.1" 200 726 0.150570
2016-02-26 15:37:54.111 2102 INFO eventlet.wsgi.server [req-d76a00b6-0086-4e65-b81d-3430723983bc 9b1f9b36d7354b1ea121ccfbae339d8b 85a11a1515f94848be7aa5b56adec8bf - - -] 192.168.0.10 - - [26/Feb/2016 15:37:54] "HEAD /v1/images/8a724f78-2673-4ea1-b607-373626a15afb HTTP/1.1" 200 817 0.215800
2016-02-26 15:38:04.179 2098 INFO eventlet.wsgi.server [req-08c2c835-dab6-4a64-9c13-994d65b5c91c 9b1f9b36d7354b1ea121ccfbae339d8b 85a11a1515f94848be7aa5b56adec8bf - - -] 192.168.0.10 - - [26/Feb/2016 15:38:04] "GET /v1/images/detail?is_public=None&limit=20 HTTP/1.1" 200 1172 0.291187
2016-02-26 15:38:20.177 2098 INFO eventlet.wsgi.server [req-0de4180c-2e3e-4949-9049-dd710967555e 9b1f9b36d7354b1ea121ccfbae339d8b 85a11a1515f94848be7aa5b56adec8bf - - -] 192.168.0.10 - - [26/Feb/2016 15:38:20] "HEAD /v1/images/8a724f78-2673-4ea1-b607-373626a15afb HTTP/1.1" 200 817 0.291677
2016-02-26 15:42:01.577 1048 INFO glance.common.wsgi [-] Removed dead child 2108
2016-02-26 15:42:02.052 1048 INFO glance.common.wsgi [-] Started child 7537
2016-02-26 15:42:02.103 7537 INFO eventlet.wsgi.server [-] (7537) wsgi starting up on http://0.0.0.0:9292/
2016-02-26 15:42:02.393 7537 INFO eventlet.wsgi.server [-] (7537) wsgi exited, is_accepting=True
2016-02-26 15:42:02.498 7537 INFO glance.common.wsgi [-] Child 7537 exiting normally
2016-02-26 19:39:57.831 1047 WARNING oslo_config.cfg [-] Option "filesystem_store_datadir" from group "DEFAULT" is deprecated. Use option "filesystem_store_datadir" from group "glance_store".
2016-02-26 19:39:57.838 1047 INFO glance.common.wsgi [-] Starting 4 workers
2016-02-26 19:39:57.903 1047 INFO glance.common.wsgi [-] Started child 1984
2016-02-26 19:39:57.930 1984 INFO eventlet.wsgi.server [-] (1984) wsgi starting up on http://0.0.0.0:9292/
2016-02-26 19:39:58.020 1047 INFO glance.common.wsgi [-] Started child 1986
2016-02-26 19:39:57.999 1986 INFO eventlet.wsgi.server [-] (1986) wsgi starting up on http://0.0.0.0:9292/
2016-02-26 19:39:58.114 1047 INFO glance.common.wsgi [-] Started child 1990
2016-02-26 19:39:58.172 1990 INFO eventlet.wsgi.server [-] (1990) wsgi starting up on http://0.0.0.0:9292/
2016-02-26 19:39:58.210 1047 INFO glance.common.wsgi [-] Started child 1994
2016-02-26 19:39:58.182 1994 INFO eventlet.wsgi.server [-] (1994) wsgi starting up on http://0.0.0.0:9292/
2016-02-26 19:49:28.477 1984 INFO eventlet.wsgi.server [req-39d6e355-0e06-48a4-b88d-2ddf463c253d 9b1f9b36d7354b1ea121ccfbae339d8b 85a11a1515f94848be7aa5b56adec8bf - - -] 192.168.0.10 - - [26/Feb/2016 19:49:28] "HEAD /v1/images/9535cff0-1980-4ac8-a702-a3b6234c88dd HTTP/1.1" 200 726 0.936601
2016-02-26 19:49:29.055 1984 INFO eventlet.wsgi.server [req-bd60ade3-1df9-49fa-a465-cf7a7c3247f1 9b1f9b36d7354b1ea121ccfbae339d8b 85a11a1515f94848be7aa5b56adec8bf - - -] 192.168.0.10 - - [26/Feb/2016 19:49:29] "HEAD /v1/images/9535cff0-1980-4ac8-a702-a3b6234c88dd HTTP/1.1" 200 726 0.572281
2016-02-26 19:49:29.533 1990 INFO eventlet.wsgi.server [req-c4fa6663-90b4-490b-83c7-cb319599a136 9b1f9b36d7354b1ea121ccfbae339d8b 85a11a1515f94848be7aa5b56adec8bf - - -] 192.168.0.10 - - [26/Feb/2016 19:49:29] "HEAD /v1/images/8a724f78-2673-4ea1-b607-373626a15afb HTTP/1.1" 200 817 0.365960
2016-02-26 19:49:39.096 1994 INFO eventlet.wsgi.server [req-ee68b53c-64c3-48ba-bc17-c0db10fbd331 9b1f9b36d7354b1ea121ccfbae339d8b 85a11a1515f94848be7aa5b56adec8bf - - -] 192.168.0.10 - - [26/Feb/2016 19:49:39] "HEAD /v1/images/8a724f78-2673-4ea1-b607-373626a15afb HTTP/1.1" 200 817 0.852921
2016-02-26 19:49:56.909 1994 INFO eventlet.wsgi.server [req-abe72744-6f59-4508-b05d-54a7d15ede96 9b1f9b36d7354b1ea121ccfbae339d8b 85a11a1515f94848be7aa5b56adec8bf - - -] 192.168.0.10 - - [26/Feb/2016 19:49:56] "GET /v1/images/detail?is_public=None&limit=20 HTTP/1.1" 200 1172 0.646163
2016-02-26 19:59:27.374 1986 INFO eventlet.wsgi.server [req-36103a2c-02fa-46da-a70f-b9939e887c23 9b1f9b36d7354b1ea121ccfbae339d8b 85a11a1515f94848be7aa5b56adec8bf - - -] 192.168.0.10 - - [26/Feb/2016 19:59:27] "HEAD /v1/images/9535cff0-1980-4ac8-a702-a3b6234c88dd HTTP/1.1" 200 726 0.489476
2016-02-26 19:59:27.413 1986 INFO eventlet.wsgi.server [req-203f4a37-a1ea-489e-86ea-64cfacf8c639 9b1f9b36d7354b1ea121ccfbae339d8b 85a11a1515f94848be7aa5b56adec8bf - - -] 192.168.0.10 - - [26/Feb/2016 19:59:27] "HEAD /v1/images/9535cff0-1980-4ac8-a702-a3b6234c88dd HTTP/1.1" 200 726 0.033037
2016-02-26 19:59:27.650 1990 INFO eventlet.wsgi.server [req-afb4bdc3-04d2-4f16-961e-1cc2eb8d8ba8 9b1f9b36d7354b1ea121ccfbae339d8b 85a11a1515f94848be7aa5b56adec8bf - - -] 192.168.0.10 - - [26/Feb/2016 19:59:27] "HEAD /v1/images/8a724f78-2673-4ea1-b607-373626a15afb HTTP/1.1" 200 817 0.217553
2016-02-26 19:59:36.612 1990 INFO eventlet.wsgi.server [req-ace9a728-4f0f-4b34-8072-bd265675f6c5 9b1f9b36d7354b1ea121ccfbae339d8b 85a11a1515f94848be7aa5b56adec8bf - - -] 192.168.0.10 - - [26/Feb/2016 19:59:36] "HEAD /v1/images/8a724f78-2673-4ea1-b607-373626a15afb HTTP/1.1" 200 817 0.242790
2016-02-26 19:59:55.723 1994 INFO eventlet.wsgi.server [req-ec3eb7fb-f886-4d71-a5bd-57f92ea18294 9b1f9b36d7354b1ea121ccfbae339d8b 85a11a1515f94848be7aa5b56adec8bf - - -] 192.168.0.10 - - [26/Feb/2016 19:59:55] "GET /v1/images/detail?is_public=None&limit=20 HTTP/1.1" 200 1172 0.348391
2016-02-26 20:09:27.097 1986 INFO eventlet.wsgi.server [req-8ffee202-3e8a-46c6-bf53-88818a5d6c79 9b1f9b36d7354b1ea121ccfbae339d8b 85a11a1515f94848be7aa5b56adec8bf - - -] 192.168.0.10 - - [26/Feb/2016 20:09:27] "HEAD /v1/images/9535cff0-1980-4ac8-a702-a3b6234c88dd HTTP/1.1" 200 726 0.253640
2016-02-26 20:09:27.236 1986 INFO eventlet.wsgi.server [req-0cc90412-9ae8-44ea-b464-12433fcfb636 9b1f9b36d7354b1ea121ccfbae339d8b 85a11a1515f94848be7aa5b56adec8bf - - -] 192.168.0.10 - - [26/Feb/2016 20:09:27] "HEAD /v1/images/9535cff0-1980-4ac8-a702-a3b6234c88dd HTTP/1.1" 200 726 0.134239
2016-02-26 20:09:27.499 1984 INFO eventlet.wsgi.server [req-ff9f9f75-e37a-4ee1-ad52-fa0b72cb3958 9b1f9b36d7354b1ea121ccfbae339d8b 85a11a1515f94848be7aa5b56adec8bf - - -] 192.168.0.10 - - [26/Feb/2016 20:09:27] "HEAD /v1/images/8a724f78-2673-4ea1-b607-373626a15afb HTTP/1.1" 200 817 0.243236
2016-02-26 20:09:36.482 1994 INFO eventlet.wsgi.server [req-1ee2de23-6054-4ae6-84ca-691e42c3bd89 9b1f9b36d7354b1ea121ccfbae339d8b 85a11a1515f94848be7aa5b56adec8bf - - -] 192.168.0.10 - - [26/Feb/2016 20:09:36] "HEAD /v1/images/8a724f78-2673-4ea1-b607-373626a15afb HTTP/1.1" 200 817 0.226859
2016-02-26 20:09:55.381 1990 INFO eventlet.wsgi.server [req-9adcb8b8-0292-4031-93ba-312b7c7371c1 9b1f9b36d7354b1ea121ccfbae339d8b 85a11a1515f94848be7aa5b56adec8bf - - -] 192.168.0.10 - - [26/Feb/2016 20:09:55] "GET /v1/images/detail?is_public=None&limit=20 HTTP/1.1" 200 1172 0.242336
2016-02-26 20:19:27.138 1986 INFO eventlet.wsgi.server [req-809dc4ba-e063-44fb-a8ee-e3e2c1ec0539 9b1f9b36d7354b1ea121ccfbae339d8b 85a11a1515f94848be7aa5b56adec8bf - - -] 192.168.0.10 - - [26/Feb/2016 20:19:27] "HEAD /v1/images/9535cff0-1980-4ac8-a702-a3b6234c88dd HTTP/1.1" 200 726 0.341801
2016-02-26 20:19:27.335 1986 INFO eventlet.wsgi.server [req-b2af3865-ab28-4620-815b-3932ae104f12 9b1f9b36d7354b1ea121ccfbae339d8b 85a11a1515f94848be7aa5b56adec8bf - - -] 192.168.0.10 - - [26/Feb/2016 20:19:27] "HEAD /v1/images/9535cff0-1980-4ac8-a702-a3b6234c88dd HTTP/1.1" 200 726 0.190913
2016-02-26 20:19:27.605 1990 INFO eventlet.wsgi.server [req-614f14bf-1c90-43bd-ba6c-5c241f4fd6a4 9b1f9b36d7354b1ea121ccfbae339d8b 85a11a1515f94848be7aa5b56adec8bf - - -] 192.168.0.10 - - [26/Feb/2016 20:19:27] "HEAD /v1/images/8a724f78-2673-4ea1-b607-373626a15afb HTTP/1.1" 200 817 0.152295
2016-02-26 20:19:36.627 1984 INFO eventlet.wsgi.server [req-e64ed418-7f0c-4312-8baf-87f5b08fd4d4 9b1f9b36d7354b1ea121ccfbae339d8b 85a11a1515f94848be7aa5b56adec8bf - - -] 192.168.0.10 - - [26/Feb/2016 20:19:36] "HEAD /v1/images/8a724f78-2673-4ea1-b607-373626a15afb HTTP/1.1" 200 817 0.286897
2016-02-26 20:19:55.966 1984 INFO eventlet.wsgi.server [req-a691555b-c8fb-44a4-bce7-4bf6f583c9be 9b1f9b36d7354b1ea121ccfbae339d8b 85a11a1515f94848be7aa5b56adec8bf - - -] 192.168.0.10 - - [26/Feb/2016 20:19:55] "GET /v1/images/detail?is_public=None&limit=20 HTTP/1.1" 200 1172 0.330661
2016-02-26 20:29:27.154 1986 INFO eventlet.wsgi.server [req-b0147cc0-8d81-422d-8054-ba24d02fc63a 9b1f9b36d7354b1ea121ccfbae339d8b 85a11a1515f94848be7aa5b56adec8bf - - -] 192.168.0.10 - - [26/Feb/2016 20:29:27] "HEAD /v1/images/9535cff0-1980-4ac8-a702-a3b6234c88dd HTTP/1.1" 200 726 0.280387
2016-02-26 20:29:27.301 1986 INFO eventlet.wsgi.server [req-92a22075-555a-40bf-a720-a5e5c67fcfe4 9b1f9b36d7354b1ea121ccfbae339d8b 85a11a1515f94848be7aa5b56adec8bf - - -] 192.168.0.10 - - [26/Feb/2016 20:29:27] "HEAD /v1/images/9535cff0-1980-4ac8-a702-a3b6234c88dd HTTP/1.1" 200 726 0.141760
2016-02-26 20:29:27.467 1990 INFO eventlet.wsgi.server [req-5ad8dc0d-14a2-488a-8329-525cf5593509 9b1f9b36d7354b1ea121ccfbae339d8b 85a11a1515f94848be7aa5b56adec8bf - - -] 192.168.0.10 - - [26/Feb/2016 20:29:27] "HEAD /v1/images/8a724f78-2673-4ea1-b607-373626a15afb HTTP/1.1" 200 817 0.133791
2016-02-26 20:29:36.612 1984 INFO eventlet.wsgi.server [req-05c7cbb8-6f00-42ec-ab9a-64f44e5722e4 9b1f9b36d7354b1ea121ccfbae339d8b 85a11a1515f94848be7aa5b56adec8bf - - -] 192.168.0.10 - - [26/Feb/2016 20:29:36] "HEAD /v1/images/8a724f78-2673-4ea1-b607-373626a15afb HTTP/1.1" 200 817 0.227555
2016-02-26 20:29:55.385 1986 INFO eventlet.wsgi.server [req-abbcb743-d57d-4487-bdc8-f820a4b02822 9b1f9b36d7354b1ea121ccfbae339d8b 85a11a1515f94848be7aa5b56adec8bf - - -] 192.168.0.10 - - [26/Feb/2016 20:29:55] "GET /v1/images/detail?is_public=None&limit=20 HTTP/1.1" 200 1172 0.315294
2016-02-26 20:39:26.899 1986 INFO eventlet.wsgi.server [req-cfdb8b3d-c7e8-4433-b841-9b79cba9bac1 9b1f9b36d7354b1ea121ccfbae339d8b 85a11a1515f94848be7aa5b56adec8bf - - -] 192.168.0.10 - - [26/Feb/2016 20:39:26] "HEAD /v1/images/9535cff0-1980-4ac8-a702-a3b6234c88dd HTTP/1.1" 200 726 0.222932
2016-02-26 20:39:27.033 1986 INFO eventlet.wsgi.server [req-04353327-4808-420d-892c-2e66a88475af 9b1f9b36d7354b1ea121ccfbae339d8b 85a11a1515f94848be7aa5b56adec8bf - - -] 192.168.0.10 - - [26/Feb/2016 20:39:27] "HEAD /v1/images/9535cff0-1980-4ac8-a702-a3b6234c88dd HTTP/1.1" 200 726 0.129612
2016-02-26 20:39:27.125 1986 INFO eventlet.wsgi.server [req-9c37a489-7dac-453c-a3be-4761bd4d27ab 9b1f9b36d7354b1ea121ccfbae339d8b 85a11a1515f94848be7aa5b56adec8bf - - -] 192.168.0.10 - - [26/Feb/2016 20:39:27] "HEAD /v1/images/8a724f78-2673-4ea1-b607-373626a15afb HTTP/1.1" 200 817 0.026741
2016-02-26 20:39:36.437 1990 INFO eventlet.wsgi.server [req-1a4290c1-1961-41fa-a3a0-8037c616c5e2 9b1f9b36d7354b1ea121ccfbae339d8b 85a11a1515f94848be7aa5b56adec8bf - - -] 192.168.0.10 - - [26/Feb/2016 20:39:36] "HEAD /v1/images/8a724f78-2673-4ea1-b607-373626a15afb HTTP/1.1" 200 817 0.201448
2016-02-26 20:39:55.519 1986 INFO eventlet.wsgi.server [req-a9ce8712-eefd-4140-9ca6-111c18111f11 9b1f9b36d7354b1ea121ccfbae339d8b 85a11a1515f94848be7aa5b56adec8bf - - -] 192.168.0.10 - - [26/Feb/2016 20:39:55] "GET /v1/images/detail?is_public=None&limit=20 HTTP/1.1" 200 1172 0.234445
2016-02-26 20:49:27.352 1986 INFO eventlet.wsgi.server [req-f1ee1526-844e-4a92-9c7a-9ab926526960 9b1f9b36d7354b1ea121ccfbae339d8b 85a11a1515f94848be7aa5b56adec8bf - - -] 192.168.0.10 - - [26/Feb/2016 20:49:27] "HEAD /v1/images/9535cff0-1980-4ac8-a702-a3b6234c88dd HTTP/1.1" 200 726 0.349518
2016-02-26 20:49:27.507 1986 INFO eventlet.wsgi.server [req-9f0c4683-4f48-4120-a25d-6d992672f91e 9b1f9b36d7354b1ea121ccfbae339d8b 85a11a1515f94848be7aa5b56adec8bf - - -] 192.168.0.10 - - [26/Feb/2016 20:49:27] "HEAD /v1/images/9535cff0-1980-4ac8-a702-a3b6234c88dd HTTP/1.1" 200 726 0.148636
2016-02-26 20:49:28.066 1990 INFO eventlet.wsgi.server [req-dcea57e9-5b4f-47fa-9573-4b0a47fb3b7d 9b1f9b36d7354b1ea121ccfbae339d8b 85a11a1515f94848be7aa5b56adec8bf - - -] 192.168.0.10 - - [26/Feb/2016 20:49:28] "HEAD /v1/images/8a724f78-2673-4ea1-b607-373626a15afb HTTP/1.1" 200 817 0.375655
2016-02-26 20:49:36.747 1994 INFO eventlet.wsgi.server [req-3f97ab83-6f60-4cf9-a6b3-4d96286dfed7 9b1f9b36d7354b1ea121ccfbae339d8b 85a11a1515f94848be7aa5b56adec8bf - - -] 192.168.0.10 - - [26/Feb/2016 20:49:36] "HEAD /v1/images/8a724f78-2673-4ea1-b607-373626a15afb HTTP/1.1" 200 817 0.256838
2016-02-26 20:49:56.264 1986 INFO eventlet.wsgi.server [req-f5654b16-3668-434f-af03-20290a978916 9b1f9b36d7354b1ea121ccfbae339d8b 85a11a1515f94848be7aa5b56adec8bf - - -] 192.168.0.10 - - [26/Feb/2016 20:49:56] "GET /v1/images/detail?is_public=None&limit=20 HTTP/1.1" 200 1172 0.389013
2016-02-26 20:59:27.041 1986 INFO eventlet.wsgi.server [req-399e0a03-510d-46dd-b587-63e53a873dd5 9b1f9b36d7354b1ea121ccfbae339d8b 85a11a1515f94848be7aa5b56adec8bf - - -] 192.168.0.10 - - [26/Feb/2016 20:59:27] "HEAD /v1/images/9535cff0-1980-4ac8-a702-a3b6234c88dd HTTP/1.1" 200 726 0.390090
2016-02-26 20:59:27.329 1986 INFO eventlet.wsgi.server [req-e0dec116-e3d5-4d29-936a-002dbe5fefc0 9b1f9b36d7354b1ea121ccfbae339d8b 85a11a1515f94848be7aa5b56adec8bf - - -] 192.168.0.10 - - [26/Feb/2016 20:59:27] "HEAD /v1/images/9535cff0-1980-4ac8-a702-a3b6234c88dd HTTP/1.1" 200 726 0.283470
2016-02-26 20:59:27.673 1984 INFO eventlet.wsgi.server [req-d756e7c8-0e26-40f4-88ae-dbaf15dad18b 9b1f9b36d7354b1ea121ccfbae339d8b 85a11a1515f94848be7aa5b56adec8bf - - -] 192.168.0.10 - - [26/Feb/2016 20:59:27] "HEAD /v1/images/8a724f78-2673-4ea1-b607-373626a15afb HTTP/1.1" 200 817 0.323017
2016-02-26 20:59:36.778 1994 INFO eventlet.wsgi.server [req-a7f77301-5d3e-4662-8b8b-f27e51001c4c 9b1f9b36d7354b1ea121ccfbae339d8b 85a11a1515f94848be7aa5b56adec8bf - - -] 192.168.0.10 - - [26/Feb/2016 20:59:36] "HEAD /v1/images/8a724f78-2673-4ea1-b607-373626a15afb HTTP/1.1" 200 817 0.353657
2016-02-26 20:59:55.830 1984 INFO eventlet.wsgi.server [req-2831707d-c969-47d8-8679-ef05dc56504b 9b1f9b36d7354b1ea121ccfbae339d8b 85a11a1515f94848be7aa5b56adec8bf - - -] 192.168.0.10 - - [26/Feb/2016 20:59:55] "GET /v1/images/detail?is_public=None&limit=20 HTTP/1.1" 200 1172 0.258604
2016-02-26 21:09:27.105 1990 INFO eventlet.wsgi.server [req-c97105d5-054b-42e9-a9e8-13ca53cfe79f 9b1f9b36d7354b1ea121ccfbae339d8b 85a11a1515f94848be7aa5b56adec8bf - - -] 192.168.0.10 - - [26/Feb/2016 21:09:27] "HEAD /v1/images/9535cff0-1980-4ac8-a702-a3b6234c88dd HTTP/1.1" 200 726 0.348457
2016-02-26 21:09:27.141 1990 INFO eventlet.wsgi.server [req-b7326c55-53ad-4946-aba1-e66ddd6659ff 9b1f9b36d7354b1ea121ccfbae339d8b 85a11a1515f94848be7aa5b56adec8bf - - -] 192.168.0.10 - - [26/Feb/2016 21:09:27] "HEAD /v1/images/9535cff0-1980-4ac8-a702-a3b6234c88dd HTTP/1.1" 200 726 0.029854
2016-02-26 21:09:27.332 1986 INFO eventlet.wsgi.server [req-ce364c1d-daca-4ac7-b452-9b55ef7e5b41 9b1f9b36d7354b1ea121ccfbae339d8b 85a11a1515f94848be7aa5b56adec8bf - - -] 192.168.0.10 - - [26/Feb/2016 21:09:27] "HEAD /v1/images/8a724f78-2673-4ea1-b607-373626a15afb HTTP/1.1" 200 817 0.125184
2016-02-26 21:09:36.528 1986 INFO eventlet.wsgi.server [req-2cf23805-abc3-4540-9d3d-a8b271b68e3d 9b1f9b36d7354b1ea121ccfbae339d8b 85a11a1515f94848be7aa5b56adec8bf - - -] 192.168.0.10 - - [26/Feb/2016 21:09:36] "HEAD /v1/images/8a724f78-2673-4ea1-b607-373626a15afb HTTP/1.1" 200 817 0.243876
2016-02-26 21:09:55.512 1994 INFO eventlet.wsgi.server [req-9cf7e124-4a32-45f5-9f10-c69075a0a2a3 9b1f9b36d7354b1ea121ccfbae339d8b 85a11a1515f94848be7aa5b56adec8bf - - -] 192.168.0.10 - - [26/Feb/2016 21:09:55] "GET /v1/images/detail?is_public=None&limit=20 HTTP/1.1" 200 1172 0.261080
2016-02-26 21:19:27.138 1990 INFO eventlet.wsgi.server [req-96b8f62c-901f-48fc-8a27-7701df3bed52 9b1f9b36d7354b1ea121ccfbae339d8b 85a11a1515f94848be7aa5b56adec8bf - - -] 192.168.0.10 - - [26/Feb/2016 21:19:27] "HEAD /v1/images/9535cff0-1980-4ac8-a702-a3b6234c88dd HTTP/1.1" 200 726 0.289662
2016-02-26 21:19:27.301 1990 INFO eventlet.wsgi.server [req-6fc4264c-70ec-493e-9ad3-251b1174b51e 9b1f9b36d7354b1ea121ccfbae339d8b 85a11a1515f94848be7aa5b56adec8bf - - -] 192.168.0.10 - - [26/Feb/2016 21:19:27] "HEAD /v1/images/9535cff0-1980-4ac8-a702-a3b6234c88dd HTTP/1.1" 200 726 0.157941
2016-02-26 21:19:27.538 1990 INFO eventlet.wsgi.server [req-37cbdece-ef7b-4cca-a360-fbd43a38c78f 9b1f9b36d7354b1ea121ccfbae339d8b 85a11a1515f94848be7aa5b56adec8bf - - -] 192.168.0.10 - - [26/Feb/2016 21:19:27] "HEAD /v1/images/8a724f78-2673-4ea1-b607-373626a15afb HTTP/1.1" 200 817 0.153316
2016-02-26 21:19:36.851 1984 INFO eventlet.wsgi.server [req-cae78acf-36c7-429c-923f-58a636374866 9b1f9b36d7354b1ea121ccfbae339d8b 85a11a1515f94848be7aa5b56adec8bf - - -] 192.168.0.10 - - [26/Feb/2016 21:19:36] "HEAD /v1/images/8a724f78-2673-4ea1-b607-373626a15afb HTTP/1.1" 200 817 0.324875
2016-02-26 21:19:55.969 1994 INFO eventlet.wsgi.server [req-8dd90b8e-e15e-407c-b09b-0da6a1dd666b 9b1f9b36d7354b1ea121ccfbae339d8b 85a11a1515f94848be7aa5b56adec8bf - - -] 192.168.0.10 - - [26/Feb/2016 21:19:55] "GET /v1/images/detail?is_public=None&limit=20 HTTP/1.1" 200 1172 0.314643
2016-02-26 21:29:26.983 1986 INFO eventlet.wsgi.server [req-2631b699-226f-428e-96cd-21fad922eefa 9b1f9b36d7354b1ea121ccfbae339d8b 85a11a1515f94848be7aa5b56adec8bf - - -] 192.168.0.10 - - [26/Feb/2016 21:29:26] "HEAD /v1/images/9535cff0-1980-4ac8-a702-a3b6234c88dd HTTP/1.1" 200 726 0.258768
2016-02-26 21:29:27.124 1986 INFO eventlet.wsgi.server [req-14cd3db4-30d9-4ec0-ad64-7daec35be413 9b1f9b36d7354b1ea121ccfbae339d8b 85a11a1515f94848be7aa5b56adec8bf - - -] 192.168.0.10 - - [26/Feb/2016 21:29:27] "HEAD /v1/images/9535cff0-1980-4ac8-a702-a3b6234c88dd HTTP/1.1" 200 726 0.136228
2016-02-26 21:29:27.451 1984 INFO eventlet.wsgi.server [req-d3d55ce6-f44f-4458-897b-273934ba0f5e 9b1f9b36d7354b1ea121ccfbae339d8b 85a11a1515f94848be7aa5b56adec8bf - - -] 192.168.0.10 - - [26/Feb/2016 21:29:27] "HEAD /v1/images/8a724f78-2673-4ea1-b607-373626a15afb HTTP/1.1" 200 817 0.305189
2016-02-26 21:29:36.421 1984 INFO eventlet.wsgi.server [req-d297aa0c-4a30-44fc-ae01-8c55c62b5da3 9b1f9b36d7354b1ea121ccfbae339d8b 85a11a1515f94848be7aa5b56adec8bf - - -] 192.168.0.10 - - [26/Feb/2016 21:29:36] "HEAD /v1/images/8a724f78-2673-4ea1-b607-373626a15afb HTTP/1.1" 200 817 0.189559
2016-02-26 21:29:55.448 1984 INFO eventlet.wsgi.server [req-6660733d-70a9-4235-8943-a23fa93dd580 9b1f9b36d7354b1ea121ccfbae339d8b 85a11a1515f94848be7aa5b56adec8bf - - -] 192.168.0.10 - - [26/Feb/2016 21:29:55] "GET /v1/images/detail?is_public=None&limit=20 HTTP/1.1" 200 1172 0.293856
2016-02-26 21:39:27.120 1986 INFO eventlet.wsgi.server [req-cc5ff140-781a-48cd-bee4-28c8a5da93f0 9b1f9b36d7354b1ea121ccfbae339d8b 85a11a1515f94848be7aa5b56adec8bf - - -] 192.168.0.10 - - [26/Feb/2016 21:39:27] "HEAD /v1/images/9535cff0-1980-4ac8-a702-a3b6234c88dd HTTP/1.1" 200 726 0.248433
2016-02-26 21:39:27.151 1986 INFO eventlet.wsgi.server [req-06eff0d1-d6d2-4fb3-9038-7e1275a80e05 9b1f9b36d7354b1ea121ccfbae339d8b 85a11a1515f94848be7aa5b56adec8bf - - -] 192.168.0.10 - - [26/Feb/2016 21:39:27] "HEAD /v1/images/9535cff0-1980-4ac8-a702-a3b6234c88dd HTTP/1.1" 200 726 0.024201
2016-02-26 21:39:27.396 1984 INFO eventlet.wsgi.server [req-98f3c702-e7f5-4847-84d3-b7365adbbb62 9b1f9b36d7354b1ea121ccfbae339d8b 85a11a1515f94848be7aa5b56adec8bf - - -] 192.168.0.10 - - [26/Feb/2016 21:39:27] "HEAD /v1/images/8a724f78-2673-4ea1-b607-373626a15afb HTTP/1.1" 200 817 0.225183
2016-02-26 21:39:36.443 1990 INFO eventlet.wsgi.server [req-e18ae3f4-c289-40a6-a41c-fa002674cf23 9b1f9b36d7354b1ea121ccfbae339d8b 85a11a1515f94848be7aa5b56adec8bf - - -] 192.168.0.10 - - [26/Feb/2016 21:39:36] "HEAD /v1/images/8a724f78-2673-4ea1-b607-373626a15afb HTTP/1.1" 200 817 0.204763
2016-02-26 21:39:55.525 1990 INFO eventlet.wsgi.server [req-f855f51a-173f-4792-b5da-3f3ebf076142 9b1f9b36d7354b1ea121ccfbae339d8b 85a11a1515f94848be7aa5b56adec8bf - - -] 192.168.0.10 - - [26/Feb/2016 21:39:55] "GET /v1/images/detail?is_public=None&limit=20 HTTP/1.1" 200 1172 0.294821
2016-02-26 21:49:27.197 1984 INFO eventlet.wsgi.server [req-75d4f154-7db8-4ded-9827-8ce448ae4747 9b1f9b36d7354b1ea121ccfbae339d8b 85a11a1515f94848be7aa5b56adec8bf - - -] 192.168.0.10 - - [26/Feb/2016 21:49:27] "HEAD /v1/images/9535cff0-1980-4ac8-a702-a3b6234c88dd HTTP/1.1" 200 726 0.244840
2016-02-26 21:49:27.233 1984 INFO eventlet.wsgi.server [req-4c45bdb7-da2f-4634-89b6-4226ebaa6547 9b1f9b36d7354b1ea121ccfbae339d8b 85a11a1515f94848be7aa5b56adec8bf - - -] 192.168.0.10 - - [26/Feb/2016 21:49:27] "HEAD /v1/images/9535cff0-1980-4ac8-a702-a3b6234c88dd HTTP/1.1" 200 726 0.030784
2016-02-26 21:49:27.616 1994 INFO eventlet.wsgi.server [req-a4d15cf2-3386-47b4-878f-9472c782e6fc 9b1f9b36d7354b1ea121ccfbae339d8b 85a11a1515f94848be7aa5b56adec8bf - - -] 192.168.0.10 - - [26/Feb/2016 21:49:27] "HEAD /v1/images/8a724f78-2673-4ea1-b607-373626a15afb HTTP/1.1" 200 817 0.359539
2016-02-26 21:49:36.816 1984 INFO eventlet.wsgi.server [req-c34a9ee4-82ff-4449-bc81-cec726fb257b 9b1f9b36d7354b1ea121ccfbae339d8b 85a11a1515f94848be7aa5b56adec8bf - - -] 192.168.0.10 - - [26/Feb/2016 21:49:36] "HEAD /v1/images/8a724f78-2673-4ea1-b607-373626a15afb HTTP/1.1" 200 817 0.325247
2016-02-26 21:49:56.757 1990 INFO eventlet.wsgi.server [req-a970ce91-7e2d-4f08-8963-8c8d42c5121d 9b1f9b36d7354b1ea121ccfbae339d8b 85a11a1515f94848be7aa5b56adec8bf - - -] 192.168.0.10 - - [26/Feb/2016 21:49:56] "GET /v1/images/detail?is_public=None&limit=20 HTTP/1.1" 200 1172 0.342280
2016-02-26 21:59:27.189 1986 INFO eventlet.wsgi.server [req-a5695b5a-0a2a-4597-961b-27b3101049d5 9b1f9b36d7354b1ea121ccfbae339d8b 85a11a1515f94848be7aa5b56adec8bf - - -] 192.168.0.10 - - [26/Feb/2016 21:59:27] "HEAD /v1/images/9535cff0-1980-4ac8-a702-a3b6234c88dd HTTP/1.1" 200 726 0.474448
2016-02-26 21:59:27.219 1986 INFO eventlet.wsgi.server [req-97dcdc71-5922-4245-a06c-bb8ac25a6521 9b1f9b36d7354b1ea121ccfbae339d8b 85a11a1515f94848be7aa5b56adec8bf - - -] 192.168.0.10 - - [26/Feb/2016 21:59:27] "HEAD /v1/images/9535cff0-1980-4ac8-a702-a3b6234c88dd HTTP/1.1" 200 726 0.024602
2016-02-26 21:59:27.422 1986 INFO eventlet.wsgi.server [req-97a11443-0d0b-403d-b93e-5d19d1c5e89f 9b1f9b36d7354b1ea121ccfbae339d8b 85a11a1515f94848be7aa5b56adec8bf - - -] 192.168.0.10 - - [26/Feb/2016 21:59:27] "HEAD /v1/images/8a724f78-2673-4ea1-b607-373626a15afb HTTP/1.1" 200 817 0.028260
2016-02-26 21:59:36.759 1990 INFO eventlet.wsgi.server [req-2daa7da1-126d-40e6-b16b-fa88f0b16570 9b1f9b36d7354b1ea121ccfbae339d8b 85a11a1515f94848be7aa5b56adec8bf - - -] 192.168.0.10 - - [26/Feb/2016 21:59:36] "HEAD /v1/images/8a724f78-2673-4ea1-b607-373626a15afb HTTP/1.1" 200 817 0.248740
2016-02-26 21:59:55.974 1990 INFO eventlet.wsgi.server [req-4a7cbd82-be13-4231-a242-156c3a4bb2bc 9b1f9b36d7354b1ea121ccfbae339d8b 85a11a1515f94848be7aa5b56adec8bf - - -] 192.168.0.10 - - [26/Feb/2016 21:59:55] "GET /v1/images/detail?is_public=None&limit=20 HTTP/1.1" 200 1172 0.288671
2016-02-26 22:09:27.129 1984 INFO eventlet.wsgi.server [req-432042a6-e1b2-469a-9a97-b9a7a03e645f 9b1f9b36d7354b1ea121ccfbae339d8b 85a11a1515f94848be7aa5b56adec8bf - - -] 192.168.0.10 - - [26/Feb/2016 22:09:27] "HEAD /v1/images/9535cff0-1980-4ac8-a702-a3b6234c88dd HTTP/1.1" 200 726 0.347697
2016-02-26 22:09:27.159 1984 INFO eventlet.wsgi.server [req-b7f3584a-7e82-48dc-bea0-25c4548e57ee 9b1f9b36d7354b1ea121ccfbae339d8b 85a11a1515f94848be7aa5b56adec8bf - - -] 192.168.0.10 - - [26/Feb/2016 22:09:27] "HEAD /v1/images/9535cff0-1980-4ac8-a702-a3b6234c88dd HTTP/1.1" 200 726 0.025397
2016-02-26 22:09:27.676 1994 INFO eventlet.wsgi.server [req-e4db67c5-4ba3-4ab0-a26c-2b61a2ef31f3 9b1f9b36d7354b1ea121ccfbae339d8b 85a11a1515f94848be7aa5b56adec8bf - - -] 192.168.0.10 - - [26/Feb/2016 22:09:27] "HEAD /v1/images/8a724f78-2673-4ea1-b607-373626a15afb HTTP/1.1" 200 817 0.490435
2016-02-26 22:09:36.565 1990 INFO eventlet.wsgi.server [req-e75b38af-c1c1-4ebf-a5dc-f63238e3d536 9b1f9b36d7354b1ea121ccfbae339d8b 85a11a1515f94848be7aa5b56adec8bf - - -] 192.168.0.10 - - [26/Feb/2016 22:09:36] "HEAD /v1/images/8a724f78-2673-4ea1-b607-373626a15afb HTTP/1.1" 200 817 0.355020
2016-02-26 22:09:55.405 1990 INFO eventlet.wsgi.server [req-7cb52d9a-0324-4bbb-a03c-6e213b36e36d 9b1f9b36d7354b1ea121ccfbae339d8b 85a11a1515f94848be7aa5b56adec8bf - - -] 192.168.0.10 - - [26/Feb/2016 22:09:55] "GET /v1/images/detail?is_public=None&limit=20 HTTP/1.1" 200 1172 0.297175
2016-02-26 22:19:27.039 1994 INFO eventlet.wsgi.server [req-0eea29a9-df87-46f0-81d4-83351373d053 9b1f9b36d7354b1ea121ccfbae339d8b 85a11a1515f94848be7aa5b56adec8bf - - -] 192.168.0.10 - - [26/Feb/2016 22:19:27] "HEAD /v1/images/9535cff0-1980-4ac8-a702-a3b6234c88dd HTTP/1.1" 200 726 0.241933
2016-02-26 22:19:27.172 1994 INFO eventlet.wsgi.server [req-c2f62800-90b2-44e3-b7b2-1250e390a990 9b1f9b36d7354b1ea121ccfbae339d8b 85a11a1515f94848be7aa5b56adec8bf - - -] 192.168.0.10 - - [26/Feb/2016 22:19:27] "HEAD /v1/images/9535cff0-1980-4ac8-a702-a3b6234c88dd HTTP/1.1" 200 726 0.124817
2016-02-26 22:19:27.351 1990 INFO eventlet.wsgi.server [req-9b48949c-82a6-4f43-a564-6c05928c2142 9b1f9b36d7354b1ea121ccfbae339d8b 85a11a1515f94848be7aa5b56adec8bf - - -] 192.168.0.10 - - [26/Feb/2016 22:19:27] "HEAD /v1/images/8a724f78-2673-4ea1-b607-373626a15afb HTTP/1.1" 200 817 0.114258
2016-02-26 22:19:36.636 1986 INFO eventlet.wsgi.server [req-aaeee429-9d65-45e3-a957-93b0e37a2925 9b1f9b36d7354b1ea121ccfbae339d8b 85a11a1515f94848be7aa5b56adec8bf - - -] 192.168.0.10 - - [26/Feb/2016 22:19:36] "HEAD /v1/images/8a724f78-2673-4ea1-b607-373626a15afb HTTP/1.1" 200 817 0.214259
2016-02-26 22:19:55.575 1986 INFO eventlet.wsgi.server [req-bf6da1fd-6238-4c6c-b599-5bcc7991d1a5 9b1f9b36d7354b1ea121ccfbae339d8b 85a11a1515f94848be7aa5b56adec8bf - - -] 192.168.0.10 - - [26/Feb/2016 22:19:55] "GET /v1/images/detail?is_public=None&limit=20 HTTP/1.1" 200 1172 0.266140
2016-02-26 22:29:26.964 1994 INFO eventlet.wsgi.server [req-6f2c6ed4-e8e6-480a-a7e8-361b216917f6 9b1f9b36d7354b1ea121ccfbae339d8b 85a11a1515f94848be7aa5b56adec8bf - - -] 192.168.0.10 - - [26/Feb/2016 22:29:26] "HEAD /v1/images/9535cff0-1980-4ac8-a702-a3b6234c88dd HTTP/1.1" 200 726 0.219054
