2016-02-22 19:24:35.274 995 INFO glance.common.wsgi [-] Started child 1872
2016-02-22 19:24:35.303 1872 INFO eventlet.wsgi.server [-] (1872) wsgi starting up on http://0.0.0.0:9292/
2016-02-22 19:24:35.347 995 INFO glance.common.wsgi [-] Started child 1879
2016-02-22 19:24:35.350 1879 INFO eventlet.wsgi.server [-] (1879) wsgi starting up on http://0.0.0.0:9292/
2016-02-22 19:26:01.547 995 INFO glance.common.wsgi [-] Removed dead child 1868
2016-02-22 19:26:01.815 2809 INFO eventlet.wsgi.server [-] (2809) wsgi starting up on http://0.0.0.0:9292/
2016-02-22 19:26:01.950 995 INFO glance.common.wsgi [-] Started child 2809
2016-02-22 19:26:02.014 2809 INFO eventlet.wsgi.server [-] (2809) wsgi exited, is_accepting=True
2016-02-22 19:26:02.201 2809 INFO glance.common.wsgi [-] Child 2809 exiting normally
2016-02-22 19:39:55.712 1028 WARNING oslo_config.cfg [-] Option "filesystem_store_datadir" from group "DEFAULT" is deprecated. Use option "filesystem_store_datadir" from group "glance_store".
2016-02-22 19:39:55.729 1028 INFO glance.common.wsgi [-] Starting 4 workers
2016-02-22 19:39:55.841 1931 INFO eventlet.wsgi.server [-] (1931) wsgi starting up on http://0.0.0.0:9292/
2016-02-22 19:39:55.865 1028 INFO glance.common.wsgi [-] Started child 1931
2016-02-22 19:39:55.975 1942 INFO eventlet.wsgi.server [-] (1942) wsgi starting up on http://0.0.0.0:9292/
2016-02-22 19:39:55.991 1028 INFO glance.common.wsgi [-] Started child 1942
2016-02-22 19:39:56.042 1028 INFO glance.common.wsgi [-] Started child 1946
2016-02-22 19:39:56.112 1946 INFO eventlet.wsgi.server [-] (1946) wsgi starting up on http://0.0.0.0:9292/
2016-02-22 19:39:56.153 1028 INFO glance.common.wsgi [-] Started child 1947
2016-02-22 19:39:56.131 1947 INFO eventlet.wsgi.server [-] (1947) wsgi starting up on http://0.0.0.0:9292/
2016-02-22 19:49:55.939 1942 INFO eventlet.wsgi.server [req-df54c2f5-9776-4a37-adb1-087e4ef1890c 9b1f9b36d7354b1ea121ccfbae339d8b 85a11a1515f94848be7aa5b56adec8bf - - -] 192.168.0.10 - - [22/Feb/2016 19:49:55] "GET /v1/images/detail?is_public=None&limit=20 HTTP/1.1" 200 713 0.869318
2016-02-22 19:59:53.122 1946 INFO eventlet.wsgi.server [req-fc65e583-d631-4017-941e-0ef6e3ac69c3 9b1f9b36d7354b1ea121ccfbae339d8b 85a11a1515f94848be7aa5b56adec8bf - - -] 192.168.0.10 - - [22/Feb/2016 19:59:53] "GET /v1/images/detail?is_public=None&limit=20 HTTP/1.1" 200 713 0.457646
2016-02-22 20:09:53.489 1931 INFO eventlet.wsgi.server [req-025448fa-fd42-450b-81a4-49253c30ec8b 9b1f9b36d7354b1ea121ccfbae339d8b 85a11a1515f94848be7aa5b56adec8bf - - -] 192.168.0.10 - - [22/Feb/2016 20:09:53] "GET /v1/images/detail?is_public=None&limit=20 HTTP/1.1" 200 713 0.804872
2016-02-22 20:19:52.978 1942 INFO eventlet.wsgi.server [req-a4214f56-da49-4378-8a64-8b095fc45775 9b1f9b36d7354b1ea121ccfbae339d8b 85a11a1515f94848be7aa5b56adec8bf - - -] 192.168.0.10 - - [22/Feb/2016 20:19:52] "GET /v1/images/detail?is_public=None&limit=20 HTTP/1.1" 200 713 0.284359
2016-02-22 20:29:53.391 1931 INFO eventlet.wsgi.server [req-211dcdd5-7d9c-4540-ba2d-70ccb86bff05 9b1f9b36d7354b1ea121ccfbae339d8b 85a11a1515f94848be7aa5b56adec8bf - - -] 192.168.0.10 - - [22/Feb/2016 20:29:53] "GET /v1/images/detail?is_public=None&limit=20 HTTP/1.1" 200 713 0.684227
2016-02-22 20:39:53.504 1947 INFO eventlet.wsgi.server [req-4881c9ef-9aed-4f44-aa23-5d0d7e4d1729 9b1f9b36d7354b1ea121ccfbae339d8b 85a11a1515f94848be7aa5b56adec8bf - - -] 192.168.0.10 - - [22/Feb/2016 20:39:53] "GET /v1/images/detail?is_public=None&limit=20 HTTP/1.1" 200 713 0.827740
2016-02-22 20:49:53.297 1947 INFO eventlet.wsgi.server [req-389b0df8-49b7-46bd-9f10-2f0ffbf1161d 9b1f9b36d7354b1ea121ccfbae339d8b 85a11a1515f94848be7aa5b56adec8bf - - -] 192.168.0.10 - - [22/Feb/2016 20:49:53] "GET /v1/images/detail?is_public=None&limit=20 HTTP/1.1" 200 713 0.249495
2016-02-22 20:59:53.661 1947 INFO eventlet.wsgi.server [req-3a57e511-4776-4272-940f-78d32cd85174 9b1f9b36d7354b1ea121ccfbae339d8b 85a11a1515f94848be7aa5b56adec8bf - - -] 192.168.0.10 - - [22/Feb/2016 20:59:53] "GET /v1/images/detail?is_public=None&limit=20 HTTP/1.1" 200 713 0.246177
2016-02-22 21:09:52.914 1947 INFO eventlet.wsgi.server [req-16259448-19e9-4e12-b038-f421f2c5f0a6 9b1f9b36d7354b1ea121ccfbae339d8b 85a11a1515f94848be7aa5b56adec8bf - - -] 192.168.0.10 - - [22/Feb/2016 21:09:52] "GET /v1/images/detail?is_public=None&limit=20 HTTP/1.1" 200 713 0.226794
2016-02-22 21:19:53.119 1947 INFO eventlet.wsgi.server [req-9b538534-6d6e-47d0-a29a-27ffa902b70e 9b1f9b36d7354b1ea121ccfbae339d8b 85a11a1515f94848be7aa5b56adec8bf - - -] 192.168.0.10 - - [22/Feb/2016 21:19:53] "GET /v1/images/detail?is_public=None&limit=20 HTTP/1.1" 200 713 0.355314
2016-02-22 21:29:53.004 1947 INFO eventlet.wsgi.server [req-cd56e08e-47c4-4361-aa41-151281654eae 9b1f9b36d7354b1ea121ccfbae339d8b 85a11a1515f94848be7aa5b56adec8bf - - -] 192.168.0.10 - - [22/Feb/2016 21:29:53] "GET /v1/images/detail?is_public=None&limit=20 HTTP/1.1" 200 713 0.372468
2016-02-22 21:38:44.378 1931 INFO eventlet.wsgi.server [req-bece19c3-0152-4ea4-9f80-73db3296fe13 18691f33e06348e5bfaa9d6ae6d9857e 5cf4f16cd7f749fe968ec33db2f1f408 - - -] 192.168.0.10 - - [22/Feb/2016 21:38:44] "GET /v1/images/detail?sort_key=created_at&sort_dir=desc&status=active&limit=1000&is_public=True HTTP/1.1" 200 713 0.427173
2016-02-22 21:38:44.440 1931 INFO eventlet.wsgi.server [req-d8ee0be5-fc83-4acd-b4bb-fda92aa0f007 18691f33e06348e5bfaa9d6ae6d9857e 5cf4f16cd7f749fe968ec33db2f1f408 - - -] 192.168.0.10 - - [22/Feb/2016 21:38:44] "GET /v1/images/detail?sort_key=created_at&sort_dir=desc&property-owner_id=5cf4f16cd7f749fe968ec33db2f1f408&status=active&limit=1000 HTTP/1.1" 200 231 0.056471
2016-02-22 21:39:51.376 1946 INFO eventlet.wsgi.server [req-5a6dbe1c-47b5-4bb9-9814-2a4ca5232ef5 18691f33e06348e5bfaa9d6ae6d9857e 5cf4f16cd7f749fe968ec33db2f1f408 - - -] 192.168.0.10 - - [22/Feb/2016 21:39:51] "GET /v1/images/detail?sort_key=created_at&sort_dir=desc&status=active&limit=1000&is_public=True HTTP/1.1" 200 713 0.388792
2016-02-22 21:39:51.669 1946 INFO eventlet.wsgi.server [req-74e41ff2-214c-48ee-8c50-7593993ae2b6 18691f33e06348e5bfaa9d6ae6d9857e 5cf4f16cd7f749fe968ec33db2f1f408 - - -] 192.168.0.10 - - [22/Feb/2016 21:39:51] "GET /v1/images/detail?sort_key=created_at&sort_dir=desc&property-owner_id=5cf4f16cd7f749fe968ec33db2f1f408&status=active&limit=1000 HTTP/1.1" 200 231 0.285021
2016-02-22 21:39:52.914 1946 INFO eventlet.wsgi.server [req-4cfc7442-0a09-465a-9b2c-32fbe9dda077 9b1f9b36d7354b1ea121ccfbae339d8b 85a11a1515f94848be7aa5b56adec8bf - - -] 192.168.0.10 - - [22/Feb/2016 21:39:52] "GET /v1/images/detail?is_public=None&limit=20 HTTP/1.1" 200 713 0.239902
2016-02-22 21:40:34.928 1947 INFO eventlet.wsgi.server [req-adbb6e08-2439-4d4d-9aa8-7a8cb09bd7a9 18691f33e06348e5bfaa9d6ae6d9857e 5cf4f16cd7f749fe968ec33db2f1f408 - - -] 192.168.0.10 - - [22/Feb/2016 21:40:34] "GET /v1/images/detail?sort_key=created_at&sort_dir=desc&status=active&limit=1000&is_public=True HTTP/1.1" 200 713 0.313174
2016-02-22 21:40:35.002 1947 INFO eventlet.wsgi.server [req-c02f749b-e18c-4aa4-be8d-d74aca14ea49 18691f33e06348e5bfaa9d6ae6d9857e 5cf4f16cd7f749fe968ec33db2f1f408 - - -] 192.168.0.10 - - [22/Feb/2016 21:40:35] "GET /v1/images/detail?sort_key=created_at&sort_dir=desc&property-owner_id=5cf4f16cd7f749fe968ec33db2f1f408&status=active&limit=1000 HTTP/1.1" 200 231 0.070799
2016-02-22 21:41:08.246 1946 INFO eventlet.wsgi.server [req-13f704e4-e04e-43d9-9f40-f4e68f76e8c1 18691f33e06348e5bfaa9d6ae6d9857e 5cf4f16cd7f749fe968ec33db2f1f408 - - -] 192.168.0.10 - - [22/Feb/2016 21:41:08] "GET /v1/images/detail?sort_key=created_at&sort_dir=desc&status=active&limit=1000&is_public=True HTTP/1.1" 200 713 0.089319
2016-02-22 21:41:08.312 1946 INFO eventlet.wsgi.server [req-ea3ce6b1-88f1-4dc2-8b35-a7320aec2483 18691f33e06348e5bfaa9d6ae6d9857e 5cf4f16cd7f749fe968ec33db2f1f408 - - -] 192.168.0.10 - - [22/Feb/2016 21:41:08] "GET /v1/images/detail?sort_key=created_at&sort_dir=desc&property-owner_id=5cf4f16cd7f749fe968ec33db2f1f408&status=active&limit=1000 HTTP/1.1" 200 231 0.059420
2016-02-22 21:41:09.332 1946 INFO eventlet.wsgi.server [req-af12f955-c97e-4dc4-a3ac-dfbfbfc26868 18691f33e06348e5bfaa9d6ae6d9857e 5cf4f16cd7f749fe968ec33db2f1f408 - - -] 192.168.0.10 - - [22/Feb/2016 21:41:09] "HEAD /v1/images/8a724f78-2673-4ea1-b607-373626a15afb HTTP/1.1" 200 817 0.027134
2016-02-22 21:41:10.640 1947 INFO eventlet.wsgi.server [req-ed781242-7c1f-4e5c-b043-a4cb5008fe27 18691f33e06348e5bfaa9d6ae6d9857e 5cf4f16cd7f749fe968ec33db2f1f408 - - -] 192.168.0.10 - - [22/Feb/2016 21:41:10] "GET /v1/images/detail?sort_key=created_at&sort_dir=desc&limit=1000 HTTP/1.1" 200 713 0.095866
2016-02-22 21:41:11.969 1942 WARNING oslo_config.cfg [req-125a8045-5bab-4e25-a56e-9b7295a0b507 18691f33e06348e5bfaa9d6ae6d9857e 5cf4f16cd7f749fe968ec33db2f1f408 - - -] Option "rabbit_virtual_host" from group "DEFAULT" is deprecated. Use option "rabbit_virtual_host" from group "oslo_messaging_rabbit".
2016-02-22 21:41:11.970 1942 WARNING oslo_config.cfg [req-125a8045-5bab-4e25-a56e-9b7295a0b507 18691f33e06348e5bfaa9d6ae6d9857e 5cf4f16cd7f749fe968ec33db2f1f408 - - -] Option "rabbit_hosts" from group "DEFAULT" is deprecated. Use option "rabbit_hosts" from group "oslo_messaging_rabbit".
2016-02-22 21:41:11.971 1942 WARNING oslo_config.cfg [req-125a8045-5bab-4e25-a56e-9b7295a0b507 18691f33e06348e5bfaa9d6ae6d9857e 5cf4f16cd7f749fe968ec33db2f1f408 - - -] Option "rabbit_port" from group "DEFAULT" is deprecated. Use option "rabbit_port" from group "oslo_messaging_rabbit".
2016-02-22 21:41:11.971 1942 WARNING oslo_config.cfg [req-125a8045-5bab-4e25-a56e-9b7295a0b507 18691f33e06348e5bfaa9d6ae6d9857e 5cf4f16cd7f749fe968ec33db2f1f408 - - -] Option "rabbit_userid" from group "DEFAULT" is deprecated. Use option "rabbit_userid" from group "oslo_messaging_rabbit".
2016-02-22 21:41:11.972 1942 WARNING oslo_config.cfg [req-125a8045-5bab-4e25-a56e-9b7295a0b507 18691f33e06348e5bfaa9d6ae6d9857e 5cf4f16cd7f749fe968ec33db2f1f408 - - -] Option "rabbit_password" from group "DEFAULT" is deprecated. Use option "rabbit_password" from group "oslo_messaging_rabbit".
2016-02-22 21:41:11.973 1942 WARNING oslo_config.cfg [req-125a8045-5bab-4e25-a56e-9b7295a0b507 18691f33e06348e5bfaa9d6ae6d9857e 5cf4f16cd7f749fe968ec33db2f1f408 - - -] Option "rabbit_use_ssl" from group "DEFAULT" is deprecated. Use option "rabbit_use_ssl" from group "oslo_messaging_rabbit".
2016-02-22 21:41:12.008 1942 INFO oslo_messaging._drivers.impl_rabbit [req-125a8045-5bab-4e25-a56e-9b7295a0b507 18691f33e06348e5bfaa9d6ae6d9857e 5cf4f16cd7f749fe968ec33db2f1f408 - - -] Connecting to AMQP server on 192.168.0.10:5672
2016-02-22 21:41:12.026 1942 INFO oslo_messaging._drivers.impl_rabbit [req-125a8045-5bab-4e25-a56e-9b7295a0b507 18691f33e06348e5bfaa9d6ae6d9857e 5cf4f16cd7f749fe968ec33db2f1f408 - - -] Connected to AMQP server on 192.168.0.10:5672
2016-02-22 21:41:12.027 1942 WARNING oslo_config.cfg [req-125a8045-5bab-4e25-a56e-9b7295a0b507 18691f33e06348e5bfaa9d6ae6d9857e 5cf4f16cd7f749fe968ec33db2f1f408 - - -] Option "rabbit_ha_queues" from group "DEFAULT" is deprecated. Use option "rabbit_ha_queues" from group "oslo_messaging_rabbit".
2016-02-22 21:41:12.049 1942 INFO eventlet.wsgi.server [req-125a8045-5bab-4e25-a56e-9b7295a0b507 18691f33e06348e5bfaa9d6ae6d9857e 5cf4f16cd7f749fe968ec33db2f1f408 - - -] 192.168.0.13 - - [22/Feb/2016 21:41:12] "GET /v1/images/8a724f78-2673-4ea1-b607-373626a15afb HTTP/1.1" 200 13201720 0.601289
2016-02-22 21:41:12.768 1942 INFO eventlet.wsgi.server [req-4be1245c-b3ac-4225-b503-bf9038486104 18691f33e06348e5bfaa9d6ae6d9857e 5cf4f16cd7f749fe968ec33db2f1f408 - - -] 192.168.0.10 - - [22/Feb/2016 21:41:12] "HEAD /v1/images/8a724f78-2673-4ea1-b607-373626a15afb HTTP/1.1" 200 817 0.039285
2016-02-22 21:41:16.144 1942 INFO eventlet.wsgi.server [req-a93144b6-1564-42df-9ab3-9dcbd8b45c2c 18691f33e06348e5bfaa9d6ae6d9857e 5cf4f16cd7f749fe968ec33db2f1f408 - - -] 192.168.0.10 - - [22/Feb/2016 21:41:16] "HEAD /v1/images/8a724f78-2673-4ea1-b607-373626a15afb HTTP/1.1" 200 817 0.041581
2016-02-22 21:41:22.012 1942 INFO eventlet.wsgi.server [req-dc7ad3e4-60cf-4024-a8bc-7445d3ad651f 18691f33e06348e5bfaa9d6ae6d9857e 5cf4f16cd7f749fe968ec33db2f1f408 - - -] 192.168.0.10 - - [22/Feb/2016 21:41:22] "HEAD /v1/images/8a724f78-2673-4ea1-b607-373626a15afb HTTP/1.1" 200 817 0.029585
2016-02-22 21:41:30.369 1946 INFO eventlet.wsgi.server [req-958b2e52-8077-4316-99ca-9125e7272ae2 18691f33e06348e5bfaa9d6ae6d9857e 5cf4f16cd7f749fe968ec33db2f1f408 - - -] 192.168.0.10 - - [22/Feb/2016 21:41:30] "HEAD /v1/images/8a724f78-2673-4ea1-b607-373626a15afb HTTP/1.1" 200 817 0.041721
2016-02-22 21:41:41.328 1931 INFO eventlet.wsgi.server [req-8ad12f9e-a9c0-4cf1-b6ce-97152779c50c 18691f33e06348e5bfaa9d6ae6d9857e 5cf4f16cd7f749fe968ec33db2f1f408 - - -] 192.168.0.10 - - [22/Feb/2016 21:41:41] "HEAD /v1/images/8a724f78-2673-4ea1-b607-373626a15afb HTTP/1.1" 200 817 0.062682
2016-02-22 21:41:54.832 1931 INFO eventlet.wsgi.server [req-93378b72-6f85-4026-b40c-1084c99bf513 18691f33e06348e5bfaa9d6ae6d9857e 5cf4f16cd7f749fe968ec33db2f1f408 - - -] 192.168.0.10 - - [22/Feb/2016 21:41:54] "HEAD /v1/images/8a724f78-2673-4ea1-b607-373626a15afb HTTP/1.1" 200 817 0.050032
2016-02-22 21:43:33.454 1947 INFO eventlet.wsgi.server [req-77260a60-fa54-4bc1-accb-38f861aa6138 18691f33e06348e5bfaa9d6ae6d9857e 5cf4f16cd7f749fe968ec33db2f1f408 - - -] 192.168.0.10 - - [22/Feb/2016 21:43:33] "HEAD /v1/images/8a724f78-2673-4ea1-b607-373626a15afb HTTP/1.1" 200 817 0.060749
2016-02-22 21:44:53.231 1946 INFO eventlet.wsgi.server [req-456efc98-4ed5-4ee5-a150-6e37ba4cc901 088f8e4ce1c24286a85e67aac57a4359 5cf4f16cd7f749fe968ec33db2f1f408 - - -] 192.168.0.10 - - [22/Feb/2016 21:44:53] "GET /v1/images/detail?sort_key=created_at&sort_dir=desc&limit=1000 HTTP/1.1" 200 713 0.282414
2016-02-22 21:44:57.910 1947 INFO eventlet.wsgi.server [req-cece2e08-e175-4442-831d-9b5077cee1d7 088f8e4ce1c24286a85e67aac57a4359 5cf4f16cd7f749fe968ec33db2f1f408 - - -] 192.168.0.10 - - [22/Feb/2016 21:44:57] "GET /v1/images/detail?sort_key=created_at&sort_dir=desc&status=active&limit=1000&is_public=True HTTP/1.1" 200 713 0.261366
2016-02-22 21:44:58.174 1947 INFO eventlet.wsgi.server [req-c8440061-5ada-4fc9-be3e-32d2a5f8719a 088f8e4ce1c24286a85e67aac57a4359 5cf4f16cd7f749fe968ec33db2f1f408 - - -] 192.168.0.10 - - [22/Feb/2016 21:44:58] "GET /v1/images/detail?sort_key=created_at&sort_dir=desc&property-owner_id=5cf4f16cd7f749fe968ec33db2f1f408&status=active&limit=1000 HTTP/1.1" 200 231 0.259349
2016-02-22 21:45:19.240 1942 INFO eventlet.wsgi.server [req-f269d4c2-6134-4137-97b3-38e5e76ebe75 088f8e4ce1c24286a85e67aac57a4359 5cf4f16cd7f749fe968ec33db2f1f408 - - -] 192.168.0.10 - - [22/Feb/2016 21:45:19] "GET /v1/images/detail?sort_key=created_at&sort_dir=desc&status=active&limit=1000&is_public=True HTTP/1.1" 200 713 0.177413
2016-02-22 21:45:19.301 1942 INFO eventlet.wsgi.server [req-2195a77a-c3f7-4386-b718-268572e21e25 088f8e4ce1c24286a85e67aac57a4359 5cf4f16cd7f749fe968ec33db2f1f408 - - -] 192.168.0.10 - - [22/Feb/2016 21:45:19] "GET /v1/images/detail?sort_key=created_at&sort_dir=desc&property-owner_id=5cf4f16cd7f749fe968ec33db2f1f408&status=active&limit=1000 HTTP/1.1" 200 231 0.053068
2016-02-22 21:45:25.981 1946 INFO eventlet.wsgi.server [req-2ffa9fd5-c29a-40a2-b01d-41db1e846ac4 088f8e4ce1c24286a85e67aac57a4359 5cf4f16cd7f749fe968ec33db2f1f408 - - -] 192.168.0.10 - - [22/Feb/2016 21:45:25] "GET /v1/images/detail?sort_key=created_at&sort_dir=desc&status=active&limit=1000&is_public=True HTTP/1.1" 200 713 0.175522
2016-02-22 21:45:26.056 1946 INFO eventlet.wsgi.server [req-8183eefb-9a95-43e7-a731-a490202dfedd 088f8e4ce1c24286a85e67aac57a4359 5cf4f16cd7f749fe968ec33db2f1f408 - - -] 192.168.0.10 - - [22/Feb/2016 21:45:26] "GET /v1/images/detail?sort_key=created_at&sort_dir=desc&property-owner_id=5cf4f16cd7f749fe968ec33db2f1f408&status=active&limit=1000 HTTP/1.1" 200 231 0.064507
2016-02-22 21:45:26.914 1946 INFO eventlet.wsgi.server [req-0aef73e1-e549-4b4d-9715-dafb2eaa78ef 088f8e4ce1c24286a85e67aac57a4359 5cf4f16cd7f749fe968ec33db2f1f408 - - -] 192.168.0.10 - - [22/Feb/2016 21:45:26] "HEAD /v1/images/8a724f78-2673-4ea1-b607-373626a15afb HTTP/1.1" 200 817 0.039477
2016-02-22 21:45:28.306 1946 INFO eventlet.wsgi.server [req-af75790f-ec09-4a49-b00f-ee675fe856d7 088f8e4ce1c24286a85e67aac57a4359 5cf4f16cd7f749fe968ec33db2f1f408 - - -] 192.168.0.10 - - [22/Feb/2016 21:45:28] "GET /v1/images/detail?sort_key=created_at&sort_dir=desc&limit=1000 HTTP/1.1" 200 713 0.087216
2016-02-22 21:45:29.125 1931 WARNING oslo_config.cfg [req-f5bb4a97-9637-4c23-aa90-8ebcffe87026 088f8e4ce1c24286a85e67aac57a4359 5cf4f16cd7f749fe968ec33db2f1f408 - - -] Option "rabbit_virtual_host" from group "DEFAULT" is deprecated. Use option "rabbit_virtual_host" from group "oslo_messaging_rabbit".
2016-02-22 21:45:29.127 1931 WARNING oslo_config.cfg [req-f5bb4a97-9637-4c23-aa90-8ebcffe87026 088f8e4ce1c24286a85e67aac57a4359 5cf4f16cd7f749fe968ec33db2f1f408 - - -] Option "rabbit_hosts" from group "DEFAULT" is deprecated. Use option "rabbit_hosts" from group "oslo_messaging_rabbit".
2016-02-22 21:45:29.128 1931 WARNING oslo_config.cfg [req-f5bb4a97-9637-4c23-aa90-8ebcffe87026 088f8e4ce1c24286a85e67aac57a4359 5cf4f16cd7f749fe968ec33db2f1f408 - - -] Option "rabbit_port" from group "DEFAULT" is deprecated. Use option "rabbit_port" from group "oslo_messaging_rabbit".
2016-02-22 21:45:29.128 1931 WARNING oslo_config.cfg [req-f5bb4a97-9637-4c23-aa90-8ebcffe87026 088f8e4ce1c24286a85e67aac57a4359 5cf4f16cd7f749fe968ec33db2f1f408 - - -] Option "rabbit_userid" from group "DEFAULT" is deprecated. Use option "rabbit_userid" from group "oslo_messaging_rabbit".
2016-02-22 21:45:29.129 1931 WARNING oslo_config.cfg [req-f5bb4a97-9637-4c23-aa90-8ebcffe87026 088f8e4ce1c24286a85e67aac57a4359 5cf4f16cd7f749fe968ec33db2f1f408 - - -] Option "rabbit_password" from group "DEFAULT" is deprecated. Use option "rabbit_password" from group "oslo_messaging_rabbit".
2016-02-22 21:45:29.131 1931 WARNING oslo_config.cfg [req-f5bb4a97-9637-4c23-aa90-8ebcffe87026 088f8e4ce1c24286a85e67aac57a4359 5cf4f16cd7f749fe968ec33db2f1f408 - - -] Option "rabbit_use_ssl" from group "DEFAULT" is deprecated. Use option "rabbit_use_ssl" from group "oslo_messaging_rabbit".
2016-02-22 21:45:29.173 1931 INFO oslo_messaging._drivers.impl_rabbit [req-f5bb4a97-9637-4c23-aa90-8ebcffe87026 088f8e4ce1c24286a85e67aac57a4359 5cf4f16cd7f749fe968ec33db2f1f408 - - -] Connecting to AMQP server on 192.168.0.10:5672
2016-02-22 21:45:29.192 1931 INFO oslo_messaging._drivers.impl_rabbit [req-f5bb4a97-9637-4c23-aa90-8ebcffe87026 088f8e4ce1c24286a85e67aac57a4359 5cf4f16cd7f749fe968ec33db2f1f408 - - -] Connected to AMQP server on 192.168.0.10:5672
2016-02-22 21:45:29.194 1931 WARNING oslo_config.cfg [req-f5bb4a97-9637-4c23-aa90-8ebcffe87026 088f8e4ce1c24286a85e67aac57a4359 5cf4f16cd7f749fe968ec33db2f1f408 - - -] Option "rabbit_ha_queues" from group "DEFAULT" is deprecated. Use option "rabbit_ha_queues" from group "oslo_messaging_rabbit".
2016-02-22 21:45:29.202 1931 INFO eventlet.wsgi.server [req-f5bb4a97-9637-4c23-aa90-8ebcffe87026 088f8e4ce1c24286a85e67aac57a4359 5cf4f16cd7f749fe968ec33db2f1f408 - - -] 192.168.0.12 - - [22/Feb/2016 21:45:29] "GET /v1/images/8a724f78-2673-4ea1-b607-373626a15afb HTTP/1.1" 200 13201720 0.566738
2016-02-22 21:45:33.403 1931 INFO eventlet.wsgi.server [req-a64b3037-05b3-464d-8e21-ff8444f8ba19 088f8e4ce1c24286a85e67aac57a4359 5cf4f16cd7f749fe968ec33db2f1f408 - - -] 192.168.0.10 - - [22/Feb/2016 21:45:33] "HEAD /v1/images/8a724f78-2673-4ea1-b607-373626a15afb HTTP/1.1" 200 817 0.067909
2016-02-22 21:45:36.707 1931 INFO eventlet.wsgi.server [req-91163a7c-0eb2-4691-8a21-160447c22adf 088f8e4ce1c24286a85e67aac57a4359 5cf4f16cd7f749fe968ec33db2f1f408 - - -] 192.168.0.10 - - [22/Feb/2016 21:45:36] "HEAD /v1/images/8a724f78-2673-4ea1-b607-373626a15afb HTTP/1.1" 200 817 0.054090
2016-02-22 21:45:42.616 1946 INFO eventlet.wsgi.server [req-a64dd9c5-a057-404e-9b26-8311c58a3278 088f8e4ce1c24286a85e67aac57a4359 5cf4f16cd7f749fe968ec33db2f1f408 - - -] 192.168.0.10 - - [22/Feb/2016 21:45:42] "HEAD /v1/images/8a724f78-2673-4ea1-b607-373626a15afb HTTP/1.1" 200 817 0.050955
2016-02-22 21:45:51.219 1947 INFO eventlet.wsgi.server [req-a21fa68f-da4a-4fdf-ae9e-a36b2b6d6ae1 088f8e4ce1c24286a85e67aac57a4359 5cf4f16cd7f749fe968ec33db2f1f408 - - -] 192.168.0.10 - - [22/Feb/2016 21:45:51] "HEAD /v1/images/8a724f78-2673-4ea1-b607-373626a15afb HTTP/1.1" 200 817 0.041298
2016-02-22 21:46:02.267 1931 INFO eventlet.wsgi.server [req-9e0c9942-0ffb-4cbc-9cce-473927f4ee95 088f8e4ce1c24286a85e67aac57a4359 5cf4f16cd7f749fe968ec33db2f1f408 - - -] 192.168.0.10 - - [22/Feb/2016 21:46:02] "HEAD /v1/images/8a724f78-2673-4ea1-b607-373626a15afb HTTP/1.1" 200 817 0.083106
2016-02-22 21:46:15.796 1947 INFO eventlet.wsgi.server [req-e9f9b7e0-e164-4731-815d-ec18f6a6f1c8 088f8e4ce1c24286a85e67aac57a4359 5cf4f16cd7f749fe968ec33db2f1f408 - - -] 192.168.0.10 - - [22/Feb/2016 21:46:15] "HEAD /v1/images/8a724f78-2673-4ea1-b607-373626a15afb HTTP/1.1" 200 817 0.073626
2016-02-22 21:46:31.778 1946 INFO eventlet.wsgi.server [req-f0d56952-8668-4d71-ade5-b292995c02bb 088f8e4ce1c24286a85e67aac57a4359 5cf4f16cd7f749fe968ec33db2f1f408 - - -] 192.168.0.10 - - [22/Feb/2016 21:46:31] "HEAD /v1/images/8a724f78-2673-4ea1-b607-373626a15afb HTTP/1.1" 200 817 0.048186
2016-02-22 21:46:50.445 1947 INFO eventlet.wsgi.server [req-4db50203-71e1-4c5d-ad1f-bfacf7ad4cbf 088f8e4ce1c24286a85e67aac57a4359 5cf4f16cd7f749fe968ec33db2f1f408 - - -] 192.168.0.10 - - [22/Feb/2016 21:46:50] "HEAD /v1/images/8a724f78-2673-4ea1-b607-373626a15afb HTTP/1.1" 200 817 0.066291
2016-02-22 21:47:11.440 1946 INFO eventlet.wsgi.server [req-2aa58919-cf2f-4cb3-8c93-f2c43c8b3e77 088f8e4ce1c24286a85e67aac57a4359 5cf4f16cd7f749fe968ec33db2f1f408 - - -] 192.168.0.10 - - [22/Feb/2016 21:47:11] "HEAD /v1/images/8a724f78-2673-4ea1-b607-373626a15afb HTTP/1.1" 200 817 0.085000
2016-02-22 21:47:35.043 1946 INFO eventlet.wsgi.server [req-bee778f1-c414-4bc1-8420-241839e02c66 088f8e4ce1c24286a85e67aac57a4359 5cf4f16cd7f749fe968ec33db2f1f408 - - -] 192.168.0.10 - - [22/Feb/2016 21:47:35] "HEAD /v1/images/8a724f78-2673-4ea1-b607-373626a15afb HTTP/1.1" 200 817 0.087596
2016-02-22 21:48:01.235 1931 INFO eventlet.wsgi.server [req-edf694a2-8538-4cf8-91f8-1ddd1d4e3fc9 088f8e4ce1c24286a85e67aac57a4359 5cf4f16cd7f749fe968ec33db2f1f408 - - -] 192.168.0.10 - - [22/Feb/2016 21:48:01] "HEAD /v1/images/8a724f78-2673-4ea1-b607-373626a15afb HTTP/1.1" 200 817 0.069888
2016-02-22 21:48:29.738 1946 INFO eventlet.wsgi.server [req-5ed12dab-2820-41de-b14b-7a8c09e14608 088f8e4ce1c24286a85e67aac57a4359 5cf4f16cd7f749fe968ec33db2f1f408 - - -] 192.168.0.10 - - [22/Feb/2016 21:48:29] "HEAD /v1/images/8a724f78-2673-4ea1-b607-373626a15afb HTTP/1.1" 200 817 0.075297
2016-02-22 21:48:38.711 1931 INFO eventlet.wsgi.server [req-29ba4ffc-6334-4f1f-b48d-ccd61ebeabf6 088f8e4ce1c24286a85e67aac57a4359 5cf4f16cd7f749fe968ec33db2f1f408 - - -] 192.168.0.10 - - [22/Feb/2016 21:48:38] "HEAD /v1/images/8a724f78-2673-4ea1-b607-373626a15afb HTTP/1.1" 200 817 0.064493
2016-02-22 21:49:19.745 1942 INFO eventlet.wsgi.server [req-4924b452-848d-4cd9-b6ba-a230aed689d7 9b1f9b36d7354b1ea121ccfbae339d8b 85a11a1515f94848be7aa5b56adec8bf - - -] 192.168.0.10 - - [22/Feb/2016 21:49:19] "HEAD /v1/images/8a724f78-2673-4ea1-b607-373626a15afb HTTP/1.1" 200 817 0.276461
2016-02-22 21:49:24.127 1942 INFO eventlet.wsgi.server [req-fbe7bb90-46b7-4476-b196-223ab4738f44 9b1f9b36d7354b1ea121ccfbae339d8b 85a11a1515f94848be7aa5b56adec8bf - - -] 192.168.0.10 - - [22/Feb/2016 21:49:24] "HEAD /v1/images/8a724f78-2673-4ea1-b607-373626a15afb HTTP/1.1" 200 817 0.267549
2016-02-22 21:49:53.805 1946 INFO eventlet.wsgi.server [req-36e885f2-9b2f-48e3-9f4e-7cc4b2e4868f 9b1f9b36d7354b1ea121ccfbae339d8b 85a11a1515f94848be7aa5b56adec8bf - - -] 192.168.0.10 - - [22/Feb/2016 21:49:53] "GET /v1/images/detail?is_public=None&limit=20 HTTP/1.1" 200 713 0.338943
2016-02-22 21:50:41.775 1947 INFO eventlet.wsgi.server [req-95745c31-7284-4282-b41f-e7a0adec3eb7 088f8e4ce1c24286a85e67aac57a4359 5cf4f16cd7f749fe968ec33db2f1f408 - - -] 192.168.0.10 - - [22/Feb/2016 21:50:41] "GET /v1/images/detail?sort_key=created_at&sort_dir=desc&limit=1000 HTTP/1.1" 200 713 0.398075
2016-02-22 21:50:45.374 1947 INFO eventlet.wsgi.server [req-4bc66d50-b183-46e5-a295-cc04d0e32f6d 088f8e4ce1c24286a85e67aac57a4359 5cf4f16cd7f749fe968ec33db2f1f408 - - -] 192.168.0.10 - - [22/Feb/2016 21:50:45] "HEAD /v1/images/8a724f78-2673-4ea1-b607-373626a15afb HTTP/1.1" 200 817 0.190759
2016-02-22 21:52:43.478 1946 INFO eventlet.wsgi.server [req-f9cb94dc-71d8-4a56-b9c1-24a82c28dcee e9483918caa940a48fe882ba092c7e0b 300b2cc45c3846939e589310ae714e46 - - -] 192.168.0.10 - - [22/Feb/2016 21:52:43] "HEAD /v1/images/8a724f78-2673-4ea1-b607-373626a15afb HTTP/1.1" 200 817 0.284981
2016-02-22 21:52:43.640 1946 INFO eventlet.wsgi.server [req-68415c28-7180-4d12-929a-520446b01c8c e9483918caa940a48fe882ba092c7e0b 300b2cc45c3846939e589310ae714e46 - - -] 192.168.0.10 - - [22/Feb/2016 21:52:43] "HEAD /v1/images/8a724f78-2673-4ea1-b607-373626a15afb HTTP/1.1" 200 817 0.029478
2016-02-22 21:53:44.398 1947 INFO eventlet.wsgi.server [req-12a66a08-2484-4c1e-8ae2-1dd99876ff22 e9483918caa940a48fe882ba092c7e0b 300b2cc45c3846939e589310ae714e46 - - -] 192.168.0.10 - - [22/Feb/2016 21:53:44] "HEAD /v1/images/8a724f78-2673-4ea1-b607-373626a15afb HTTP/1.1" 200 817 0.358292
2016-02-22 21:53:44.500 1947 INFO eventlet.wsgi.server [req-bc027d95-81e8-43f6-8507-d93ddd3a075d e9483918caa940a48fe882ba092c7e0b 300b2cc45c3846939e589310ae714e46 - - -] 192.168.0.10 - - [22/Feb/2016 21:53:44] "HEAD /v1/images/8a724f78-2673-4ea1-b607-373626a15afb HTTP/1.1" 200 817 0.064361
2016-02-22 21:53:47.221 1947 INFO eventlet.wsgi.server [req-2175273f-3009-4485-a4ae-d9b9ef9585f7 e9483918caa940a48fe882ba092c7e0b 300b2cc45c3846939e589310ae714e46 - - -] 192.168.0.10 - - [22/Feb/2016 21:53:47] "HEAD /v1/images/8a724f78-2673-4ea1-b607-373626a15afb HTTP/1.1" 200 817 0.271651
2016-02-22 21:53:47.761 1946 INFO eventlet.wsgi.server [req-62884fd9-4db7-448b-86ba-a896d5879824 e9483918caa940a48fe882ba092c7e0b 300b2cc45c3846939e589310ae714e46 - - -] 192.168.0.10 - - [22/Feb/2016 21:53:47] "HEAD /v1/images/8a724f78-2673-4ea1-b607-373626a15afb HTTP/1.1" 200 817 0.066956
2016-02-22 21:59:53.727 1931 INFO eventlet.wsgi.server [req-5c08ee21-32e9-4b50-a8be-a73b60d9e8fb 9b1f9b36d7354b1ea121ccfbae339d8b 85a11a1515f94848be7aa5b56adec8bf - - -] 192.168.0.10 - - [22/Feb/2016 21:59:53] "GET /v1/images/detail?is_public=None&limit=20 HTTP/1.1" 200 713 0.243451
2016-02-22 22:09:52.931 1947 INFO eventlet.wsgi.server [req-dc1247ee-3dac-48a7-aaa1-699e2f0a3324 9b1f9b36d7354b1ea121ccfbae339d8b 85a11a1515f94848be7aa5b56adec8bf - - -] 192.168.0.10 - - [22/Feb/2016 22:09:52] "GET /v1/images/detail?is_public=None&limit=20 HTTP/1.1" 200 713 0.240821
2016-02-22 22:14:20.027 1931 INFO eventlet.wsgi.server [req-81088ac4-6909-4bec-a018-e741c98665ac e9483918caa940a48fe882ba092c7e0b 300b2cc45c3846939e589310ae714e46 - - -] 192.168.0.10 - - [22/Feb/2016 22:14:20] "GET /v1/images/detail?sort_key=created_at&sort_dir=desc&status=active&limit=1000&is_public=True HTTP/1.1" 200 713 0.242763
2016-02-22 22:14:20.182 1931 INFO eventlet.wsgi.server [req-ccca979a-8316-4aa0-aeef-2d7795fd35fd e9483918caa940a48fe882ba092c7e0b 300b2cc45c3846939e589310ae714e46 - - -] 192.168.0.10 - - [22/Feb/2016 22:14:20] "GET /v1/images/detail?sort_key=created_at&sort_dir=desc&property-owner_id=300b2cc45c3846939e589310ae714e46&status=active&limit=1000 HTTP/1.1" 200 231 0.150901
2016-02-22 22:19:52.909 1931 INFO eventlet.wsgi.server [req-fa02116c-d814-4a3a-b8fa-b1ce26460d61 9b1f9b36d7354b1ea121ccfbae339d8b 85a11a1515f94848be7aa5b56adec8bf - - -] 192.168.0.10 - - [22/Feb/2016 22:19:52] "GET /v1/images/detail?is_public=None&limit=20 HTTP/1.1" 200 713 0.242178
2016-02-22 22:20:13.841 1947 INFO eventlet.wsgi.server [req-169da3a4-622d-489b-8544-e68e357ed75a e9483918caa940a48fe882ba092c7e0b 300b2cc45c3846939e589310ae714e46 - - -] 192.168.0.10 - - [22/Feb/2016 22:20:13] "GET /v1/images/detail?sort_key=created_at&sort_dir=desc&limit=1000 HTTP/1.1" 200 713 0.249892
2016-02-22 22:29:53.006 1946 INFO eventlet.wsgi.server [req-fdb7002f-65aa-42a3-81b6-d50f11c7b23e 9b1f9b36d7354b1ea121ccfbae339d8b 85a11a1515f94848be7aa5b56adec8bf - - -] 192.168.0.10 - - [22/Feb/2016 22:29:53] "GET /v1/images/detail?is_public=None&limit=20 HTTP/1.1" 200 713 0.366595
2016-02-22 22:39:53.129 1931 INFO eventlet.wsgi.server [req-66b5bb10-338f-40ed-abaf-0d15f9773022 9b1f9b36d7354b1ea121ccfbae339d8b 85a11a1515f94848be7aa5b56adec8bf - - -] 192.168.0.10 - - [22/Feb/2016 22:39:53] "GET /v1/images/detail?is_public=None&limit=20 HTTP/1.1" 200 713 0.444828
2016-02-22 22:49:53.392 1946 INFO eventlet.wsgi.server [req-c85086f9-7dfc-4f21-9bad-3c0ff521a261 9b1f9b36d7354b1ea121ccfbae339d8b 85a11a1515f94848be7aa5b56adec8bf - - -] 192.168.0.10 - - [22/Feb/2016 22:49:53] "GET /v1/images/detail?is_public=None&limit=20 HTTP/1.1" 200 713 0.464229
2016-02-22 22:50:16.888 1942 INFO eventlet.wsgi.server [req-482a213d-beff-4208-99b9-b4912ab9b7d6 c707602d0dd240eb9d48a7be028c21be c3ed2b338e14413e8016bcaa88575243 - - -] 192.168.0.10 - - [22/Feb/2016 22:50:16] "GET /v1/images/detail?sort_key=created_at&sort_dir=desc&status=active&limit=1000&is_public=True HTTP/1.1" 200 713 0.403157
2016-02-22 22:50:17.200 1942 INFO eventlet.wsgi.server [req-17eb6bc3-c525-4c26-92b4-f8069a4ea15c c707602d0dd240eb9d48a7be028c21be c3ed2b338e14413e8016bcaa88575243 - - -] 192.168.0.10 - - [22/Feb/2016 22:50:17] "GET /v1/images/detail?sort_key=created_at&sort_dir=desc&property-owner_id=c3ed2b338e14413e8016bcaa88575243&status=active&limit=1000 HTTP/1.1" 200 231 0.299628
2016-02-22 22:50:39.642 1947 INFO eventlet.wsgi.server [req-1885112c-25b8-41f3-8520-72f067781d5a c707602d0dd240eb9d48a7be028c21be c3ed2b338e14413e8016bcaa88575243 - - -] 192.168.0.10 - - [22/Feb/2016 22:50:39] "GET /v1/images/detail?sort_key=created_at&sort_dir=desc&status=active&limit=1000&is_public=True HTTP/1.1" 200 713 0.323406
2016-02-22 22:50:39.814 1947 INFO eventlet.wsgi.server [req-2a67a7f0-367c-48a6-8ca1-811ea64a0455 c707602d0dd240eb9d48a7be028c21be c3ed2b338e14413e8016bcaa88575243 - - -] 192.168.0.10 - - [22/Feb/2016 22:50:39] "GET /v1/images/detail?sort_key=created_at&sort_dir=desc&property-owner_id=c3ed2b338e14413e8016bcaa88575243&status=active&limit=1000 HTTP/1.1" 200 231 0.163809
2016-02-22 22:50:56.653 1942 INFO eventlet.wsgi.server [req-ef89ba63-96b1-45a4-9bd6-1f54003cc1eb c707602d0dd240eb9d48a7be028c21be c3ed2b338e14413e8016bcaa88575243 - - -] 192.168.0.10 - - [22/Feb/2016 22:50:56] "GET /v1/images/detail?sort_key=created_at&sort_dir=desc&status=active&limit=1000&is_public=True HTTP/1.1" 200 713 0.179697
2016-02-22 22:50:56.726 1942 INFO eventlet.wsgi.server [req-69f3e1c1-17e5-493d-8928-58519bfb539f c707602d0dd240eb9d48a7be028c21be c3ed2b338e14413e8016bcaa88575243 - - -] 192.168.0.10 - - [22/Feb/2016 22:50:56] "GET /v1/images/detail?sort_key=created_at&sort_dir=desc&property-owner_id=c3ed2b338e14413e8016bcaa88575243&status=active&limit=1000 HTTP/1.1" 200 231 0.068327
2016-02-22 22:50:57.936 1947 INFO eventlet.wsgi.server [req-b0279b9c-d12a-4819-bddd-f58c138b811d c707602d0dd240eb9d48a7be028c21be c3ed2b338e14413e8016bcaa88575243 - - -] 192.168.0.10 - - [22/Feb/2016 22:50:57] "HEAD /v1/images/8a724f78-2673-4ea1-b607-373626a15afb HTTP/1.1" 200 817 0.030884
2016-02-22 22:50:59.532 1931 INFO eventlet.wsgi.server [req-2709d507-fd00-4937-8827-4ed37731753a c707602d0dd240eb9d48a7be028c21be c3ed2b338e14413e8016bcaa88575243 - - -] 192.168.0.10 - - [22/Feb/2016 22:50:59] "GET /v1/images/detail?sort_key=created_at&sort_dir=desc&limit=1000 HTTP/1.1" 200 713 0.333248
2016-02-22 22:51:01.660 1931 INFO eventlet.wsgi.server [req-6bfedcc8-d08e-4b8b-a07a-67ac4d5ec4d7 c707602d0dd240eb9d48a7be028c21be c3ed2b338e14413e8016bcaa88575243 - - -] 192.168.0.10 - - [22/Feb/2016 22:51:01] "HEAD /v1/images/8a724f78-2673-4ea1-b607-373626a15afb HTTP/1.1" 200 817 0.046253
2016-02-22 22:51:05.290 1942 INFO eventlet.wsgi.server [req-97df9f66-b5e4-424c-a0f1-5dcf8296f341 c707602d0dd240eb9d48a7be028c21be c3ed2b338e14413e8016bcaa88575243 - - -] 192.168.0.10 - - [22/Feb/2016 22:51:05] "HEAD /v1/images/8a724f78-2673-4ea1-b607-373626a15afb HTTP/1.1" 200 817 0.063532
2016-02-22 22:51:11.443 1931 INFO eventlet.wsgi.server [req-41723a06-917b-48d2-9af4-44a883ab737b c707602d0dd240eb9d48a7be028c21be c3ed2b338e14413e8016bcaa88575243 - - -] 192.168.0.10 - - [22/Feb/2016 22:51:11] "HEAD /v1/images/8a724f78-2673-4ea1-b607-373626a15afb HTTP/1.1" 200 817 0.055650
2016-02-22 22:51:19.862 1931 INFO eventlet.wsgi.server [req-3828b9cf-a1d2-4886-93e4-fd25e6f05be6 c707602d0dd240eb9d48a7be028c21be c3ed2b338e14413e8016bcaa88575243 - - -] 192.168.0.10 - - [22/Feb/2016 22:51:19] "HEAD /v1/images/8a724f78-2673-4ea1-b607-373626a15afb HTTP/1.1" 200 817 0.068405
2016-02-22 22:51:30.766 1931 INFO eventlet.wsgi.server [req-0649cc2e-cafa-4bab-8ccf-95c15a648ef8 c707602d0dd240eb9d48a7be028c21be c3ed2b338e14413e8016bcaa88575243 - - -] 192.168.0.10 - - [22/Feb/2016 22:51:30] "HEAD /v1/images/8a724f78-2673-4ea1-b607-373626a15afb HTTP/1.1" 200 817 0.049976
2016-02-22 22:51:44.249 1947 INFO eventlet.wsgi.server [req-b1c8b77e-5efc-42e4-80e4-588f2442e18d c707602d0dd240eb9d48a7be028c21be c3ed2b338e14413e8016bcaa88575243 - - -] 192.168.0.10 - - [22/Feb/2016 22:51:44] "HEAD /v1/images/8a724f78-2673-4ea1-b607-373626a15afb HTTP/1.1" 200 817 0.055243
2016-02-22 22:52:32.305 1931 INFO eventlet.wsgi.server [req-01c8a0f1-4b23-40d9-8403-6eb05d1fdd90 c707602d0dd240eb9d48a7be028c21be c3ed2b338e14413e8016bcaa88575243 - - -] 192.168.0.10 - - [22/Feb/2016 22:52:32] "HEAD /v1/images/8a724f78-2673-4ea1-b607-373626a15afb HTTP/1.1" 200 817 0.048327
2016-02-22 22:52:46.420 1946 INFO eventlet.wsgi.server [req-19d70834-57c1-4ab0-bf36-8f8538e790db c707602d0dd240eb9d48a7be028c21be c3ed2b338e14413e8016bcaa88575243 - - -] 192.168.0.10 - - [22/Feb/2016 22:52:46] "HEAD /v1/images/8a724f78-2673-4ea1-b607-373626a15afb HTTP/1.1" 200 817 0.145008
2016-02-22 22:54:05.321 1028 INFO glance.common.wsgi [-] Removed dead child 1931
2016-02-22 22:54:05.385 7674 INFO eventlet.wsgi.server [-] (7674) wsgi starting up on http://0.0.0.0:9292/
2016-02-22 22:54:05.575 1028 INFO glance.common.wsgi [-] Started child 7674
2016-02-22 22:54:05.580 7674 INFO eventlet.wsgi.server [-] (7674) wsgi exited, is_accepting=True
2016-02-22 22:54:05.583 7674 INFO glance.common.wsgi [-] Child 7674 exiting normally
2016-02-23 19:47:06.775 1032 WARNING oslo_config.cfg [-] Option "filesystem_store_datadir" from group "DEFAULT" is deprecated. Use option "filesystem_store_datadir" from group "glance_store".
2016-02-23 19:47:06.802 1032 INFO glance.common.wsgi [-] Starting 4 workers
2016-02-23 19:47:06.999 1032 INFO glance.common.wsgi [-] Started child 2198
2016-02-23 19:47:07.053 2198 INFO eventlet.wsgi.server [-] (2198) wsgi starting up on http://0.0.0.0:9292/
2016-02-23 19:47:07.329 2208 INFO eventlet.wsgi.server [-] (2208) wsgi starting up on http://0.0.0.0:9292/
2016-02-23 19:47:07.381 1032 INFO glance.common.wsgi [-] Started child 2208
2016-02-23 19:47:07.507 1032 INFO glance.common.wsgi [-] Started child 2220
2016-02-23 19:47:07.566 2220 INFO eventlet.wsgi.server [-] (2220) wsgi starting up on http://0.0.0.0:9292/
2016-02-23 19:47:07.704 1032 INFO glance.common.wsgi [-] Started child 2226
2016-02-23 19:47:07.705 2226 INFO eventlet.wsgi.server [-] (2226) wsgi starting up on http://0.0.0.0:9292/
2016-02-23 19:56:46.659 2220 INFO eventlet.wsgi.server [req-2ff71146-f8d6-40d2-afcf-e8d67e305424 9b1f9b36d7354b1ea121ccfbae339d8b 85a11a1515f94848be7aa5b56adec8bf - - -] 192.168.0.10 - - [23/Feb/2016 19:56:46] "HEAD /v1/images/8a724f78-2673-4ea1-b607-373626a15afb HTTP/1.1" 200 817 1.289863
2016-02-23 19:57:09.682 2220 INFO eventlet.wsgi.server [req-2c366ef7-fa7a-4630-8e9f-b87f8a8dbdcd 9b1f9b36d7354b1ea121ccfbae339d8b 85a11a1515f94848be7aa5b56adec8bf - - -] 192.168.0.10 - - [23/Feb/2016 19:57:09] "GET /v1/images/detail?is_public=None&limit=20 HTTP/1.1" 200 713 2.464610
2016-02-23 20:06:43.367 2226 INFO eventlet.wsgi.server [req-08eb09ab-31c2-418f-bf5d-6a496560b170 9b1f9b36d7354b1ea121ccfbae339d8b 85a11a1515f94848be7aa5b56adec8bf - - -] 192.168.0.10 - - [23/Feb/2016 20:06:43] "HEAD /v1/images/8a724f78-2673-4ea1-b607-373626a15afb HTTP/1.1" 200 817 0.580198
2016-02-23 20:07:04.550 2208 INFO eventlet.wsgi.server [req-17dd2213-ce69-4cb3-ab4b-9c88cbaefcd9 9b1f9b36d7354b1ea121ccfbae339d8b 85a11a1515f94848be7aa5b56adec8bf - - -] 192.168.0.10 - - [23/Feb/2016 20:07:04] "GET /v1/images/detail?is_public=None&limit=20 HTTP/1.1" 200 713 0.886378
2016-02-23 20:16:43.249 2220 INFO eventlet.wsgi.server [req-0b403de5-cf56-49cf-bd87-9d6fb9b2e4be 9b1f9b36d7354b1ea121ccfbae339d8b 85a11a1515f94848be7aa5b56adec8bf - - -] 192.168.0.10 - - [23/Feb/2016 20:16:43] "HEAD /v1/images/8a724f78-2673-4ea1-b607-373626a15afb HTTP/1.1" 200 817 0.286025
2016-02-23 20:17:04.265 2220 INFO eventlet.wsgi.server [req-669f2b24-920e-47f7-ad8c-e54303535659 9b1f9b36d7354b1ea121ccfbae339d8b 85a11a1515f94848be7aa5b56adec8bf - - -] 192.168.0.10 - - [23/Feb/2016 20:17:04] "GET /v1/images/detail?is_public=None&limit=20 HTTP/1.1" 200 713 0.307764
2016-02-23 20:26:43.880 2198 INFO eventlet.wsgi.server [req-6dcb366f-899d-4d31-9a04-2ed86b8e247c 9b1f9b36d7354b1ea121ccfbae339d8b 85a11a1515f94848be7aa5b56adec8bf - - -] 192.168.0.10 - - [23/Feb/2016 20:26:43] "HEAD /v1/images/8a724f78-2673-4ea1-b607-373626a15afb HTTP/1.1" 200 817 0.914193
2016-02-23 20:27:04.014 2220 INFO eventlet.wsgi.server [req-103b07d6-011b-4681-891f-1fc7f20afe0d 9b1f9b36d7354b1ea121ccfbae339d8b 85a11a1515f94848be7aa5b56adec8bf - - -] 192.168.0.10 - - [23/Feb/2016 20:27:04] "GET /v1/images/detail?is_public=None&limit=20 HTTP/1.1" 200 713 0.273112
2016-02-23 20:36:43.039 2198 INFO eventlet.wsgi.server [req-b9b44515-ed2d-4d28-9492-50f8a77ecf99 9b1f9b36d7354b1ea121ccfbae339d8b 85a11a1515f94848be7aa5b56adec8bf - - -] 192.168.0.10 - - [23/Feb/2016 20:36:43] "HEAD /v1/images/8a724f78-2673-4ea1-b607-373626a15afb HTTP/1.1" 200 817 0.309105
2016-02-23 20:37:03.679 2226 INFO eventlet.wsgi.server [req-b91b039c-bf08-47bf-9c25-84f12c5f215a 9b1f9b36d7354b1ea121ccfbae339d8b 85a11a1515f94848be7aa5b56adec8bf - - -] 192.168.0.10 - - [23/Feb/2016 20:37:03] "GET /v1/images/detail?is_public=None&limit=20 HTTP/1.1" 200 713 0.288162
2016-02-23 20:46:43.287 2208 INFO eventlet.wsgi.server [req-fe2ed9f7-7393-46a0-a160-843ca1afd22d 9b1f9b36d7354b1ea121ccfbae339d8b 85a11a1515f94848be7aa5b56adec8bf - - -] 192.168.0.10 - - [23/Feb/2016 20:46:43] "HEAD /v1/images/8a724f78-2673-4ea1-b607-373626a15afb HTTP/1.1" 200 817 0.328856
2016-02-23 20:47:04.021 2226 INFO eventlet.wsgi.server [req-0a660f6f-4bf1-4bf8-bf08-e2dbd9bc2ad4 9b1f9b36d7354b1ea121ccfbae339d8b 85a11a1515f94848be7aa5b56adec8bf - - -] 192.168.0.10 - - [23/Feb/2016 20:47:04] "GET /v1/images/detail?is_public=None&limit=20 HTTP/1.1" 200 713 0.268519
2016-02-23 20:56:43.520 2208 INFO eventlet.wsgi.server [req-0929f139-1e56-4a90-aac1-3799baf10a36 9b1f9b36d7354b1ea121ccfbae339d8b 85a11a1515f94848be7aa5b56adec8bf - - -] 192.168.0.10 - - [23/Feb/2016 20:56:43] "HEAD /v1/images/8a724f78-2673-4ea1-b607-373626a15afb HTTP/1.1" 200 817 0.334017
2016-02-23 20:57:04.295 2226 INFO eventlet.wsgi.server [req-c40a8793-78be-4b83-b098-f882fbdef00b 9b1f9b36d7354b1ea121ccfbae339d8b 85a11a1515f94848be7aa5b56adec8bf - - -] 192.168.0.10 - - [23/Feb/2016 20:57:04] "GET /v1/images/detail?is_public=None&limit=20 HTTP/1.1" 200 713 0.392987
2016-02-23 21:06:43.155 2220 INFO eventlet.wsgi.server [req-43533c90-05ee-41c6-b08b-4e1207dd95b2 9b1f9b36d7354b1ea121ccfbae339d8b 85a11a1515f94848be7aa5b56adec8bf - - -] 192.168.0.10 - - [23/Feb/2016 21:06:43] "HEAD /v1/images/8a724f78-2673-4ea1-b607-373626a15afb HTTP/1.1" 200 817 0.376738
2016-02-23 21:07:04.662 2226 INFO eventlet.wsgi.server [req-85a5fb37-8e17-4cd9-bd63-4bc264f97eca 9b1f9b36d7354b1ea121ccfbae339d8b 85a11a1515f94848be7aa5b56adec8bf - - -] 192.168.0.10 - - [23/Feb/2016 21:07:04] "GET /v1/images/detail?is_public=None&limit=20 HTTP/1.1" 200 713 0.609036
2016-02-23 21:16:43.089 2208 INFO eventlet.wsgi.server [req-7334eda2-cecd-4b30-af98-bfbedafc9bad 9b1f9b36d7354b1ea121ccfbae339d8b 85a11a1515f94848be7aa5b56adec8bf - - -] 192.168.0.10 - - [23/Feb/2016 21:16:43] "HEAD /v1/images/8a724f78-2673-4ea1-b607-373626a15afb HTTP/1.1" 200 817 0.395310
2016-02-23 21:17:03.955 2208 INFO eventlet.wsgi.server [req-6140db2e-1777-4808-b512-fc3ccf504681 9b1f9b36d7354b1ea121ccfbae339d8b 85a11a1515f94848be7aa5b56adec8bf - - -] 192.168.0.10 - - [23/Feb/2016 21:17:03] "GET /v1/images/detail?is_public=None&limit=20 HTTP/1.1" 200 713 0.334630
2016-02-23 21:23:35.526 2226 INFO eventlet.wsgi.server [req-0f333223-8856-4d73-8094-94bd1141b2ef 8b01dff85bb640f5ac72eb634117d3f1 802906d526ed42e8a5980f390847fa87 - - -] 192.168.0.10 - - [23/Feb/2016 21:23:35] "GET /v1/images/detail?sort_key=created_at&sort_dir=desc&status=active&limit=1000&is_public=True HTTP/1.1" 200 713 0.484772
2016-02-23 21:23:35.723 2226 INFO eventlet.wsgi.server [req-2eddf722-878e-443b-a2b2-f49bfa3e8283 8b01dff85bb640f5ac72eb634117d3f1 802906d526ed42e8a5980f390847fa87 - - -] 192.168.0.10 - - [23/Feb/2016 21:23:35] "GET /v1/images/detail?sort_key=created_at&sort_dir=desc&property-owner_id=802906d526ed42e8a5980f390847fa87&status=active&limit=1000 HTTP/1.1" 200 231 0.187388
2016-02-23 21:23:57.044 2220 INFO eventlet.wsgi.server [req-209b1b48-88f7-4e1d-b406-b57086280508 8b01dff85bb640f5ac72eb634117d3f1 802906d526ed42e8a5980f390847fa87 - - -] 192.168.0.10 - - [23/Feb/2016 21:23:57] "GET /v1/images/detail?sort_key=created_at&sort_dir=desc&status=active&limit=1000&is_public=True HTTP/1.1" 200 713 0.318330
2016-02-23 21:23:57.240 2220 INFO eventlet.wsgi.server [req-02a42aef-c609-40c6-8abe-980767b4b8d2 8b01dff85bb640f5ac72eb634117d3f1 802906d526ed42e8a5980f390847fa87 - - -] 192.168.0.10 - - [23/Feb/2016 21:23:57] "GET /v1/images/detail?sort_key=created_at&sort_dir=desc&property-owner_id=802906d526ed42e8a5980f390847fa87&status=active&limit=1000 HTTP/1.1" 200 231 0.191876
2016-02-23 21:24:03.190 2220 INFO eventlet.wsgi.server [req-ec2fa3d7-7867-442a-b3ed-874ea603f9b5 8b01dff85bb640f5ac72eb634117d3f1 802906d526ed42e8a5980f390847fa87 - - -] 192.168.0.10 - - [23/Feb/2016 21:24:03] "GET /v1/images/detail?sort_key=created_at&sort_dir=desc&status=active&limit=1000&is_public=True HTTP/1.1" 200 713 0.107457
2016-02-23 21:24:03.279 2220 INFO eventlet.wsgi.server [req-777b1861-e4d7-45c0-927e-5093e553d8e2 8b01dff85bb640f5ac72eb634117d3f1 802906d526ed42e8a5980f390847fa87 - - -] 192.168.0.10 - - [23/Feb/2016 21:24:03] "GET /v1/images/detail?sort_key=created_at&sort_dir=desc&property-owner_id=802906d526ed42e8a5980f390847fa87&status=active&limit=1000 HTTP/1.1" 200 231 0.084690
2016-02-23 21:24:04.346 2226 INFO eventlet.wsgi.server [req-f8a14294-69f4-4924-998c-a617c6cdf3f8 8b01dff85bb640f5ac72eb634117d3f1 802906d526ed42e8a5980f390847fa87 - - -] 192.168.0.10 - - [23/Feb/2016 21:24:04] "HEAD /v1/images/8a724f78-2673-4ea1-b607-373626a15afb HTTP/1.1" 200 817 0.071711
2016-02-23 21:24:05.718 2226 INFO eventlet.wsgi.server [req-3dc18f6c-02c7-49bf-a069-bb0cedbaf54d 8b01dff85bb640f5ac72eb634117d3f1 802906d526ed42e8a5980f390847fa87 - - -] 192.168.0.10 - - [23/Feb/2016 21:24:05] "GET /v1/images/detail?sort_key=created_at&sort_dir=desc&limit=1000 HTTP/1.1" 200 713 0.082471
2016-02-23 21:24:07.939 2198 INFO eventlet.wsgi.server [req-82b31aa3-6883-4e89-b98c-023998663a3d 8b01dff85bb640f5ac72eb634117d3f1 802906d526ed42e8a5980f390847fa87 - - -] 192.168.0.10 - - [23/Feb/2016 21:24:07] "HEAD /v1/images/8a724f78-2673-4ea1-b607-373626a15afb HTTP/1.1" 200 817 0.217704
2016-02-23 21:24:11.481 2198 INFO eventlet.wsgi.server [req-08aa3688-f857-42c6-b81e-85dc9565fe99 8b01dff85bb640f5ac72eb634117d3f1 802906d526ed42e8a5980f390847fa87 - - -] 192.168.0.10 - - [23/Feb/2016 21:24:11] "HEAD /v1/images/8a724f78-2673-4ea1-b607-373626a15afb HTTP/1.1" 200 817 0.037897
2016-02-23 21:24:17.527 2198 INFO eventlet.wsgi.server [req-0ccd6748-dd43-43f9-94d9-6f6d8ddc59e1 8b01dff85bb640f5ac72eb634117d3f1 802906d526ed42e8a5980f390847fa87 - - -] 192.168.0.10 - - [23/Feb/2016 21:24:17] "HEAD /v1/images/8a724f78-2673-4ea1-b607-373626a15afb HTTP/1.1" 200 817 0.094254
2016-02-23 21:24:26.513 2220 INFO eventlet.wsgi.server [req-5a5e3db4-6407-45f6-bd12-39b85eea037f 8b01dff85bb640f5ac72eb634117d3f1 802906d526ed42e8a5980f390847fa87 - - -] 192.168.0.10 - - [23/Feb/2016 21:24:26] "HEAD /v1/images/8a724f78-2673-4ea1-b607-373626a15afb HTTP/1.1" 200 817 0.062429
2016-02-23 21:24:38.352 2198 INFO eventlet.wsgi.server [req-2c874be1-43a8-4725-9b59-3cbb6b024286 8b01dff85bb640f5ac72eb634117d3f1 802906d526ed42e8a5980f390847fa87 - - -] 192.168.0.10 - - [23/Feb/2016 21:24:38] "HEAD /v1/images/8a724f78-2673-4ea1-b607-373626a15afb HTTP/1.1" 200 817 0.082760
2016-02-23 21:24:52.489 2226 INFO eventlet.wsgi.server [req-134798ea-ae1f-4ac6-b2c1-1fb183279d12 8b01dff85bb640f5ac72eb634117d3f1 802906d526ed42e8a5980f390847fa87 - - -] 192.168.0.10 - - [23/Feb/2016 21:24:52] "HEAD /v1/images/8a724f78-2673-4ea1-b607-373626a15afb HTTP/1.1" 200 817 0.070830
2016-02-23 21:25:09.714 2198 INFO eventlet.wsgi.server [req-712f0520-4d98-4881-9596-76565ab998d9 8b01dff85bb640f5ac72eb634117d3f1 802906d526ed42e8a5980f390847fa87 - - -] 192.168.0.10 - - [23/Feb/2016 21:25:09] "HEAD /v1/images/8a724f78-2673-4ea1-b607-373626a15afb HTTP/1.1" 200 817 0.072082
2016-02-23 21:25:28.662 2208 INFO eventlet.wsgi.server [req-20ba6f6c-1c8a-4239-ac91-5c8bd372d5f6 8b01dff85bb640f5ac72eb634117d3f1 802906d526ed42e8a5980f390847fa87 - - -] 192.168.0.10 - - [23/Feb/2016 21:25:28] "HEAD /v1/images/8a724f78-2673-4ea1-b607-373626a15afb HTTP/1.1" 200 817 0.194034
2016-02-23 21:26:43.025 2208 INFO eventlet.wsgi.server [req-e02d8553-55f9-426e-a7ef-f41ca5c3cc55 9b1f9b36d7354b1ea121ccfbae339d8b 85a11a1515f94848be7aa5b56adec8bf - - -] 192.168.0.10 - - [23/Feb/2016 21:26:43] "HEAD /v1/images/8a724f78-2673-4ea1-b607-373626a15afb HTTP/1.1" 200 817 0.259170
2016-02-23 21:26:54.122 2208 INFO eventlet.wsgi.server [req-7d4e34fa-066e-420b-8fc8-a35660c1c030 9b1f9b36d7354b1ea121ccfbae339d8b 85a11a1515f94848be7aa5b56adec8bf - - -] 192.168.0.10 - - [23/Feb/2016 21:26:54] "HEAD /v1/images/8a724f78-2673-4ea1-b607-373626a15afb HTTP/1.1" 200 817 0.225044
2016-02-23 21:27:04.484 2208 INFO eventlet.wsgi.server [req-26e999ee-6283-4d0f-8605-62ed6b9e9cd5 9b1f9b36d7354b1ea121ccfbae339d8b 85a11a1515f94848be7aa5b56adec8bf - - -] 192.168.0.10 - - [23/Feb/2016 21:27:04] "GET /v1/images/detail?is_public=None&limit=20 HTTP/1.1" 200 713 0.540180
2016-02-23 21:36:43.144 2220 INFO eventlet.wsgi.server [req-e4a6b3d0-48c5-487b-83ef-f08389c63f71 9b1f9b36d7354b1ea121ccfbae339d8b 85a11a1515f94848be7aa5b56adec8bf - - -] 192.168.0.10 - - [23/Feb/2016 21:36:43] "HEAD /v1/images/8a724f78-2673-4ea1-b607-373626a15afb HTTP/1.1" 200 817 0.300730
2016-02-23 21:36:54.506 2226 INFO eventlet.wsgi.server [req-1231c0e9-88f5-4ad4-a3fb-47231f631db7 9b1f9b36d7354b1ea121ccfbae339d8b 85a11a1515f94848be7aa5b56adec8bf - - -] 192.168.0.10 - - [23/Feb/2016 21:36:54] "HEAD /v1/images/8a724f78-2673-4ea1-b607-373626a15afb HTTP/1.1" 200 817 0.257644
2016-02-23 21:37:04.350 2220 INFO eventlet.wsgi.server [req-bf7e0cee-db39-455d-8ac5-d1ebf8c7aabe 9b1f9b36d7354b1ea121ccfbae339d8b 85a11a1515f94848be7aa5b56adec8bf - - -] 192.168.0.10 - - [23/Feb/2016 21:37:04] "GET /v1/images/detail?is_public=None&limit=20 HTTP/1.1" 200 713 0.363619
2016-02-23 21:46:42.934 2226 INFO eventlet.wsgi.server [req-f60a021f-4a2f-42a8-a0e4-192e66637c43 9b1f9b36d7354b1ea121ccfbae339d8b 85a11a1515f94848be7aa5b56adec8bf - - -] 192.168.0.10 - - [23/Feb/2016 21:46:42] "HEAD /v1/images/8a724f78-2673-4ea1-b607-373626a15afb HTTP/1.1" 200 817 0.245154
2016-02-23 21:46:54.205 2226 INFO eventlet.wsgi.server [req-3a184e84-98d0-4c40-b4da-df86b717e1be 9b1f9b36d7354b1ea121ccfbae339d8b 85a11a1515f94848be7aa5b56adec8bf - - -] 192.168.0.10 - - [23/Feb/2016 21:46:54] "HEAD /v1/images/8a724f78-2673-4ea1-b607-373626a15afb HTTP/1.1" 200 817 0.213388
2016-02-23 21:47:03.987 2226 INFO eventlet.wsgi.server [req-cf12eb85-5e6b-4e21-8ee6-ec363c25fb4d 9b1f9b36d7354b1ea121ccfbae339d8b 85a11a1515f94848be7aa5b56adec8bf - - -] 192.168.0.10 - - [23/Feb/2016 21:47:03] "GET /v1/images/detail?is_public=None&limit=20 HTTP/1.1" 200 713 0.328582
2016-02-23 21:56:43.070 2220 INFO eventlet.wsgi.server [req-dfd6f37d-3b6c-42be-8379-ee45ab4acff7 9b1f9b36d7354b1ea121ccfbae339d8b 85a11a1515f94848be7aa5b56adec8bf - - -] 192.168.0.10 - - [23/Feb/2016 21:56:43] "HEAD /v1/images/8a724f78-2673-4ea1-b607-373626a15afb HTTP/1.1" 200 817 0.259763
2016-02-23 21:56:54.660 2226 INFO eventlet.wsgi.server [req-905e586f-dff1-4e1c-8721-de4f3eae39c1 9b1f9b36d7354b1ea121ccfbae339d8b 85a11a1515f94848be7aa5b56adec8bf - - -] 192.168.0.10 - - [23/Feb/2016 21:56:54] "HEAD /v1/images/8a724f78-2673-4ea1-b607-373626a15afb HTTP/1.1" 200 817 0.240586
2016-02-23 21:57:04.989 2226 INFO eventlet.wsgi.server [req-8a589d16-74d8-449c-817a-959a904894f4 9b1f9b36d7354b1ea121ccfbae339d8b 85a11a1515f94848be7aa5b56adec8bf - - -] 192.168.0.10 - - [23/Feb/2016 21:57:04] "GET /v1/images/detail?is_public=None&limit=20 HTTP/1.1" 200 713 0.474530
2016-02-23 22:06:42.806 2208 INFO eventlet.wsgi.server [req-b5820970-4855-4a34-bdea-13b304f80955 9b1f9b36d7354b1ea121ccfbae339d8b 85a11a1515f94848be7aa5b56adec8bf - - -] 192.168.0.10 - - [23/Feb/2016 22:06:42] "HEAD /v1/images/8a724f78-2673-4ea1-b607-373626a15afb HTTP/1.1" 200 817 0.241606
2016-02-23 22:06:54.245 2226 INFO eventlet.wsgi.server [req-00fc566a-aeee-432e-9248-84c6dc696582 9b1f9b36d7354b1ea121ccfbae339d8b 85a11a1515f94848be7aa5b56adec8bf - - -] 192.168.0.10 - - [23/Feb/2016 22:06:54] "HEAD /v1/images/8a724f78-2673-4ea1-b607-373626a15afb HTTP/1.1" 200 817 0.241739
