2016-02-23 22:07:04.533 2226 INFO eventlet.wsgi.server [req-2e05b207-d9cd-4357-b4ff-6dbe63724261 9b1f9b36d7354b1ea121ccfbae339d8b 85a11a1515f94848be7aa5b56adec8bf - - -] 192.168.0.10 - - [23/Feb/2016 22:07:04] "GET /v1/images/detail?is_public=None&limit=20 HTTP/1.1" 200 713 0.423048
2016-02-23 22:16:43.288 2220 INFO eventlet.wsgi.server [req-7b338fb2-c722-46ba-b06e-636932e6ca59 9b1f9b36d7354b1ea121ccfbae339d8b 85a11a1515f94848be7aa5b56adec8bf - - -] 192.168.0.10 - - [23/Feb/2016 22:16:43] "HEAD /v1/images/8a724f78-2673-4ea1-b607-373626a15afb HTTP/1.1" 200 817 0.538436
2016-02-23 22:16:54.459 2198 INFO eventlet.wsgi.server [req-70dd5ff7-3581-4422-9338-cfe7c61bc015 9b1f9b36d7354b1ea121ccfbae339d8b 85a11a1515f94848be7aa5b56adec8bf - - -] 192.168.0.10 - - [23/Feb/2016 22:16:54] "HEAD /v1/images/8a724f78-2673-4ea1-b607-373626a15afb HTTP/1.1" 200 817 0.549849
2016-02-23 22:17:04.238 2208 INFO eventlet.wsgi.server [req-72fce5ee-86c8-46a2-a5db-34d58745e4fe 9b1f9b36d7354b1ea121ccfbae339d8b 85a11a1515f94848be7aa5b56adec8bf - - -] 192.168.0.10 - - [23/Feb/2016 22:17:04] "GET /v1/images/detail?is_public=None&limit=20 HTTP/1.1" 200 713 0.506470
2016-02-23 22:26:43.217 2220 INFO eventlet.wsgi.server [req-efd97428-a77c-4a62-98d9-1858e0dd5cc5 9b1f9b36d7354b1ea121ccfbae339d8b 85a11a1515f94848be7aa5b56adec8bf - - -] 192.168.0.10 - - [23/Feb/2016 22:26:43] "HEAD /v1/images/8a724f78-2673-4ea1-b607-373626a15afb HTTP/1.1" 200 817 0.291922
2016-02-23 22:26:54.319 2220 INFO eventlet.wsgi.server [req-2c45a7b5-c6db-4eaa-8139-d6e6f2be5660 9b1f9b36d7354b1ea121ccfbae339d8b 85a11a1515f94848be7aa5b56adec8bf - - -] 192.168.0.10 - - [23/Feb/2016 22:26:54] "HEAD /v1/images/8a724f78-2673-4ea1-b607-373626a15afb HTTP/1.1" 200 817 0.254437
2016-02-23 22:27:04.401 2226 INFO eventlet.wsgi.server [req-d9e4e65c-8284-4db4-94fd-463aa0fcf5e9 9b1f9b36d7354b1ea121ccfbae339d8b 85a11a1515f94848be7aa5b56adec8bf - - -] 192.168.0.10 - - [23/Feb/2016 22:27:04] "GET /v1/images/detail?is_public=None&limit=20 HTTP/1.1" 200 713 0.336956
2016-02-23 22:36:43.030 2208 INFO eventlet.wsgi.server [req-eb300aa5-e342-4748-bc22-ca2e5e92d5ef 9b1f9b36d7354b1ea121ccfbae339d8b 85a11a1515f94848be7aa5b56adec8bf - - -] 192.168.0.10 - - [23/Feb/2016 22:36:43] "HEAD /v1/images/8a724f78-2673-4ea1-b607-373626a15afb HTTP/1.1" 200 817 0.291152
2016-02-23 22:36:54.197 2198 INFO eventlet.wsgi.server [req-cbce4c8a-ff22-4192-ba0f-998da05894f7 9b1f9b36d7354b1ea121ccfbae339d8b 85a11a1515f94848be7aa5b56adec8bf - - -] 192.168.0.10 - - [23/Feb/2016 22:36:54] "HEAD /v1/images/8a724f78-2673-4ea1-b607-373626a15afb HTTP/1.1" 200 817 0.250116
2016-02-23 22:37:04.220 2220 INFO eventlet.wsgi.server [req-c5672602-f94a-403f-a6f6-cbade03a5a85 9b1f9b36d7354b1ea121ccfbae339d8b 85a11a1515f94848be7aa5b56adec8bf - - -] 192.168.0.10 - - [23/Feb/2016 22:37:04] "GET /v1/images/detail?is_public=None&limit=20 HTTP/1.1" 200 713 0.318963
2016-02-23 22:46:43.172 2208 INFO eventlet.wsgi.server [req-b23b9b69-21c6-4ef6-8e1f-25764c4c72b5 9b1f9b36d7354b1ea121ccfbae339d8b 85a11a1515f94848be7aa5b56adec8bf - - -] 192.168.0.10 - - [23/Feb/2016 22:46:43] "HEAD /v1/images/8a724f78-2673-4ea1-b607-373626a15afb HTTP/1.1" 200 817 0.379980
2016-02-23 22:46:54.432 2220 INFO eventlet.wsgi.server [req-9a2c9104-2468-4dbf-ada1-43e6f241b546 9b1f9b36d7354b1ea121ccfbae339d8b 85a11a1515f94848be7aa5b56adec8bf - - -] 192.168.0.10 - - [23/Feb/2016 22:46:54] "HEAD /v1/images/8a724f78-2673-4ea1-b607-373626a15afb HTTP/1.1" 200 817 0.391921
2016-02-23 22:47:04.196 2198 INFO eventlet.wsgi.server [req-f8401baa-e164-425d-93a6-01c58e22da82 9b1f9b36d7354b1ea121ccfbae339d8b 85a11a1515f94848be7aa5b56adec8bf - - -] 192.168.0.10 - - [23/Feb/2016 22:47:04] "GET /v1/images/detail?is_public=None&limit=20 HTTP/1.1" 200 713 0.311502
2016-02-23 22:56:43.183 2208 INFO eventlet.wsgi.server [req-00118478-2826-4bab-b0a0-c0f0e1c486f0 9b1f9b36d7354b1ea121ccfbae339d8b 85a11a1515f94848be7aa5b56adec8bf - - -] 192.168.0.10 - - [23/Feb/2016 22:56:43] "HEAD /v1/images/8a724f78-2673-4ea1-b607-373626a15afb HTTP/1.1" 200 817 0.298112
2016-02-23 22:56:54.567 2220 INFO eventlet.wsgi.server [req-5a6fbfd5-0a3e-4aad-96bb-b3f790931d0f 9b1f9b36d7354b1ea121ccfbae339d8b 85a11a1515f94848be7aa5b56adec8bf - - -] 192.168.0.10 - - [23/Feb/2016 22:56:54] "HEAD /v1/images/8a724f78-2673-4ea1-b607-373626a15afb HTTP/1.1" 200 817 0.259704
2016-02-23 22:57:04.753 2198 INFO eventlet.wsgi.server [req-a445d1b4-3546-412f-aec6-955b666e1c3c 9b1f9b36d7354b1ea121ccfbae339d8b 85a11a1515f94848be7aa5b56adec8bf - - -] 192.168.0.10 - - [23/Feb/2016 22:57:04] "GET /v1/images/detail?is_public=None&limit=20 HTTP/1.1" 200 713 0.309924
2016-02-23 23:01:32.256 2208 INFO eventlet.wsgi.server [req-8c066244-5a21-4d64-a28e-521af3c0b363 8b01dff85bb640f5ac72eb634117d3f1 802906d526ed42e8a5980f390847fa87 - - -] 192.168.0.10 - - [23/Feb/2016 23:01:32] "GET /v1/images/detail?is_public=none&limit=20 HTTP/1.1" 200 713 0.399623
2016-02-23 23:03:28.965 2226 INFO eventlet.wsgi.server [req-7ff99d1d-5d85-4494-b8e9-085f37a6e655 8b01dff85bb640f5ac72eb634117d3f1 802906d526ed42e8a5980f390847fa87 - - -] 192.168.0.10 - - [23/Feb/2016 23:03:28] "GET /v1/images/detail?is_public=none&limit=20 HTTP/1.1" 200 713 0.410833
2016-02-23 23:03:29.136 2220 INFO eventlet.wsgi.server [req-88211937-772c-4026-972e-704434bffae9 8b01dff85bb640f5ac72eb634117d3f1 802906d526ed42e8a5980f390847fa87 - - -] 192.168.0.10 - - [23/Feb/2016 23:03:29] "HEAD /v1/images/8a724f78-2673-4ea1-b607-373626a15afb HTTP/1.1" 200 817 0.123774
2016-02-23 23:03:29.546 2220 INFO eventlet.wsgi.server [req-de2c25ed-2dbf-4a59-a735-f9c9b956e868 8b01dff85bb640f5ac72eb634117d3f1 802906d526ed42e8a5980f390847fa87 - - -] 192.168.0.10 - - [23/Feb/2016 23:03:29] "HEAD /v1/images/8a724f78-2673-4ea1-b607-373626a15afb HTTP/1.1" 200 817 0.263144
2016-02-23 23:03:30.372 2226 INFO eventlet.wsgi.server [req-891a16e7-453f-4d99-9309-0fc2d4629054 8b01dff85bb640f5ac72eb634117d3f1 802906d526ed42e8a5980f390847fa87 - - -] 192.168.0.10 - - [23/Feb/2016 23:03:30] "HEAD /v1/images/8a724f78-2673-4ea1-b607-373626a15afb HTTP/1.1" 200 817 0.158607
2016-02-23 23:06:23.513 2208 INFO eventlet.wsgi.server [req-a4bc1b7c-8bce-479c-a74f-892ec8624cd4 8b01dff85bb640f5ac72eb634117d3f1 802906d526ed42e8a5980f390847fa87 - - -] 192.168.0.10 - - [23/Feb/2016 23:06:23] "HEAD /v1/images/8a724f78-2673-4ea1-b607-373626a15afb HTTP/1.1" 200 817 0.337187
2016-02-23 23:06:43.160 2220 INFO eventlet.wsgi.server [req-c311a442-1bec-4e25-867c-986e3cb84fda 9b1f9b36d7354b1ea121ccfbae339d8b 85a11a1515f94848be7aa5b56adec8bf - - -] 192.168.0.10 - - [23/Feb/2016 23:06:43] "HEAD /v1/images/8a724f78-2673-4ea1-b607-373626a15afb HTTP/1.1" 200 817 0.336286
2016-02-23 23:06:54.370 2220 INFO eventlet.wsgi.server [req-f5a047c1-dc75-4afc-9f5c-8916bc857f8e 9b1f9b36d7354b1ea121ccfbae339d8b 85a11a1515f94848be7aa5b56adec8bf - - -] 192.168.0.10 - - [23/Feb/2016 23:06:54] "HEAD /v1/images/8a724f78-2673-4ea1-b607-373626a15afb HTTP/1.1" 200 817 0.294019
2016-02-23 23:07:04.774 2198 INFO eventlet.wsgi.server [req-558858b2-b1b1-4ed3-aceb-31a44e72cfaa 9b1f9b36d7354b1ea121ccfbae339d8b 85a11a1515f94848be7aa5b56adec8bf - - -] 192.168.0.10 - - [23/Feb/2016 23:07:04] "GET /v1/images/detail?is_public=None&limit=20 HTTP/1.1" 200 713 0.323500
2016-02-23 23:07:08.382 2198 INFO eventlet.wsgi.server [req-c6f49fc6-1e89-4d1f-95eb-7f47bc14f9fa 8b01dff85bb640f5ac72eb634117d3f1 802906d526ed42e8a5980f390847fa87 - - -] 192.168.0.10 - - [23/Feb/2016 23:07:08] "GET /v1/images/detail?sort_key=created_at&sort_dir=desc&limit=1000 HTTP/1.1" 200 713 0.315379
2016-02-23 23:07:12.626 2198 INFO eventlet.wsgi.server [req-c3943878-9b45-49a8-9655-3112d11443fd 8b01dff85bb640f5ac72eb634117d3f1 802906d526ed42e8a5980f390847fa87 - - -] 192.168.0.10 - - [23/Feb/2016 23:07:12] "GET /v1/images/detail?sort_key=created_at&sort_dir=desc&limit=1000 HTTP/1.1" 200 713 0.102257
2016-02-23 23:07:27.214 2198 INFO eventlet.wsgi.server [req-5dde13d2-6060-4aeb-83de-3ec85e77cfa0 8b01dff85bb640f5ac72eb634117d3f1 802906d526ed42e8a5980f390847fa87 - - -] 192.168.0.10 - - [23/Feb/2016 23:07:27] "HEAD /v1/images/8a724f78-2673-4ea1-b607-373626a15afb HTTP/1.1" 200 817 0.244048
2016-02-23 23:12:00.205 2208 INFO eventlet.wsgi.server [req-6e08b565-91de-4d43-bfaf-831d31e2d9b5 e9483918caa940a48fe882ba092c7e0b 300b2cc45c3846939e589310ae714e46 - - -] 192.168.0.10 - - [23/Feb/2016 23:12:00] "HEAD /v1/images/8a724f78-2673-4ea1-b607-373626a15afb HTTP/1.1" 200 817 0.336707
2016-02-23 23:16:43.439 2208 INFO eventlet.wsgi.server [req-ce0988d0-446b-4d1c-972a-bb870c82bbda 9b1f9b36d7354b1ea121ccfbae339d8b 85a11a1515f94848be7aa5b56adec8bf - - -] 192.168.0.10 - - [23/Feb/2016 23:16:43] "HEAD /v1/images/8a724f78-2673-4ea1-b607-373626a15afb HTTP/1.1" 200 817 0.323803
2016-02-23 23:16:54.519 2198 INFO eventlet.wsgi.server [req-4302eaa7-d294-41d8-a37f-e00f13f74e6e 9b1f9b36d7354b1ea121ccfbae339d8b 85a11a1515f94848be7aa5b56adec8bf - - -] 192.168.0.10 - - [23/Feb/2016 23:16:54] "HEAD /v1/images/8a724f78-2673-4ea1-b607-373626a15afb HTTP/1.1" 200 817 0.471790
2016-02-23 23:17:04.193 2198 INFO eventlet.wsgi.server [req-57426973-04cb-4265-a32a-602823622819 9b1f9b36d7354b1ea121ccfbae339d8b 85a11a1515f94848be7aa5b56adec8bf - - -] 192.168.0.10 - - [23/Feb/2016 23:17:04] "GET /v1/images/detail?is_public=None&limit=20 HTTP/1.1" 200 713 0.339485
2016-02-23 23:18:17.125 2226 INFO eventlet.wsgi.server [req-2812d020-1123-48e8-8338-b1e6604d0a2d e9483918caa940a48fe882ba092c7e0b 300b2cc45c3846939e589310ae714e46 - - -] 192.168.0.10 - - [23/Feb/2016 23:18:17] "HEAD /v1/images/8a724f78-2673-4ea1-b607-373626a15afb HTTP/1.1" 200 817 0.626804
2016-02-23 23:19:10.598 2220 INFO eventlet.wsgi.server [req-93b7182c-108b-42e2-8157-1fa55a3a89c3 e9483918caa940a48fe882ba092c7e0b 300b2cc45c3846939e589310ae714e46 - - -] 192.168.0.10 - - [23/Feb/2016 23:19:10] "HEAD /v1/images/8a724f78-2673-4ea1-b607-373626a15afb HTTP/1.1" 200 817 0.447758
2016-02-23 23:19:45.449 2208 INFO eventlet.wsgi.server [req-a01b769d-a1b5-40f7-a9f0-87ea873ee878 e9483918caa940a48fe882ba092c7e0b 300b2cc45c3846939e589310ae714e46 - - -] 192.168.0.10 - - [23/Feb/2016 23:19:45] "HEAD /v1/images/8a724f78-2673-4ea1-b607-373626a15afb HTTP/1.1" 200 817 0.528937
2016-02-23 23:20:44.675 2208 INFO eventlet.wsgi.server [req-d1ec44bc-c69f-4500-b43e-4c4682331a9e e9483918caa940a48fe882ba092c7e0b 300b2cc45c3846939e589310ae714e46 - - -] 192.168.0.10 - - [23/Feb/2016 23:20:44] "HEAD /v1/images/8a724f78-2673-4ea1-b607-373626a15afb HTTP/1.1" 200 817 0.287442
2016-02-23 23:21:28.773 2198 INFO eventlet.wsgi.server [req-4030ada8-1d02-4145-b77c-226abd8421a7 e9483918caa940a48fe882ba092c7e0b 300b2cc45c3846939e589310ae714e46 - - -] 192.168.0.10 - - [23/Feb/2016 23:21:28] "HEAD /v1/images/8a724f78-2673-4ea1-b607-373626a15afb HTTP/1.1" 200 817 0.317497
2016-02-23 23:22:01.506 2208 INFO eventlet.wsgi.server [req-bb65e590-a01b-4b57-8333-370e9e298b4b 8b01dff85bb640f5ac72eb634117d3f1 802906d526ed42e8a5980f390847fa87 - - -] 192.168.0.10 - - [23/Feb/2016 23:22:01] "GET /v1/images/detail?sort_key=created_at&sort_dir=desc&limit=1000 HTTP/1.1" 200 713 0.310246
2016-02-23 23:23:41.576 2220 INFO eventlet.wsgi.server [req-ae208e2e-3430-4447-abbd-f7e68efda76d e9483918caa940a48fe882ba092c7e0b 300b2cc45c3846939e589310ae714e46 - - -] 192.168.0.10 - - [23/Feb/2016 23:23:41] "HEAD /v1/images/8a724f78-2673-4ea1-b607-373626a15afb HTTP/1.1" 200 817 0.375791
2016-02-23 23:23:51.288 2226 INFO eventlet.wsgi.server [req-490daf0f-14f8-462b-87bc-827da10c1d42 e9483918caa940a48fe882ba092c7e0b 300b2cc45c3846939e589310ae714e46 - - -] 192.168.0.10 - - [23/Feb/2016 23:23:51] "HEAD /v1/images/8a724f78-2673-4ea1-b607-373626a15afb HTTP/1.1" 200 817 0.334272
2016-02-23 23:24:01.485 2208 INFO eventlet.wsgi.server [req-bf98cafb-4ea6-445b-826a-8bd84e0efe85 e9483918caa940a48fe882ba092c7e0b 300b2cc45c3846939e589310ae714e46 - - -] 192.168.0.10 - - [23/Feb/2016 23:24:01] "HEAD /v1/images/8a724f78-2673-4ea1-b607-373626a15afb HTTP/1.1" 200 817 0.362619
2016-02-23 23:24:16.312 2208 INFO eventlet.wsgi.server [req-9b3d0421-3dfd-4106-92d8-1489747e4794 e9483918caa940a48fe882ba092c7e0b 300b2cc45c3846939e589310ae714e46 - - -] 192.168.0.10 - - [23/Feb/2016 23:24:16] "HEAD /v1/images/8a724f78-2673-4ea1-b607-373626a15afb HTTP/1.1" 200 817 0.340622
2016-02-23 23:24:44.588 2220 INFO eventlet.wsgi.server [req-8fb1fd86-24c9-48f8-99b7-d4f3c3f78379 e9483918caa940a48fe882ba092c7e0b 300b2cc45c3846939e589310ae714e46 - - -] 192.168.0.10 - - [23/Feb/2016 23:24:44] "HEAD /v1/images/8a724f78-2673-4ea1-b607-373626a15afb HTTP/1.1" 200 817 0.385023
2016-02-23 23:24:51.180 2208 INFO eventlet.wsgi.server [req-07fb1c06-0eba-4677-9090-42f8d57a80a6 e9483918caa940a48fe882ba092c7e0b 300b2cc45c3846939e589310ae714e46 - - -] 192.168.0.10 - - [23/Feb/2016 23:24:51] "HEAD /v1/images/8a724f78-2673-4ea1-b607-373626a15afb HTTP/1.1" 200 817 0.371903
2016-02-23 23:26:43.185 2208 INFO eventlet.wsgi.server [req-1b321f26-cc93-4a52-a440-d3914dc65451 9b1f9b36d7354b1ea121ccfbae339d8b 85a11a1515f94848be7aa5b56adec8bf - - -] 192.168.0.10 - - [23/Feb/2016 23:26:43] "HEAD /v1/images/8a724f78-2673-4ea1-b607-373626a15afb HTTP/1.1" 200 817 0.291258
2016-02-23 23:26:54.427 2226 INFO eventlet.wsgi.server [req-7c1493cb-cb74-41d3-b6c6-8793ff7b7b47 9b1f9b36d7354b1ea121ccfbae339d8b 85a11a1515f94848be7aa5b56adec8bf - - -] 192.168.0.10 - - [23/Feb/2016 23:26:54] "HEAD /v1/images/8a724f78-2673-4ea1-b607-373626a15afb HTTP/1.1" 200 817 0.330213
2016-02-23 23:27:04.248 2226 INFO eventlet.wsgi.server [req-480bdee8-844d-4fcf-9afb-b985a81604ba 9b1f9b36d7354b1ea121ccfbae339d8b 85a11a1515f94848be7aa5b56adec8bf - - -] 192.168.0.10 - - [23/Feb/2016 23:27:04] "GET /v1/images/detail?is_public=None&limit=20 HTTP/1.1" 200 713 0.313248
2016-02-23 23:27:28.477 2198 INFO eventlet.wsgi.server [req-5ab256e1-b350-4c4f-baee-14195163f51e e9483918caa940a48fe882ba092c7e0b 300b2cc45c3846939e589310ae714e46 - - -] 192.168.0.13 - - [23/Feb/2016 23:27:28] "HEAD /v1/images/8a724f78-2673-4ea1-b607-373626a15afb HTTP/1.1" 200 817 0.319689
2016-02-23 23:28:59.666 2220 INFO eventlet.wsgi.server [req-9089db51-7684-407e-981c-24c6bf0fa8d3 e9483918caa940a48fe882ba092c7e0b 300b2cc45c3846939e589310ae714e46 - - -] 192.168.0.10 - - [23/Feb/2016 23:28:59] "HEAD /v1/images/8a724f78-2673-4ea1-b607-373626a15afb HTTP/1.1" 200 817 0.337153
2016-02-23 23:29:24.965 2220 INFO eventlet.wsgi.server [req-456e525c-bdb7-4a14-823b-1bf899a11d93 e9483918caa940a48fe882ba092c7e0b 300b2cc45c3846939e589310ae714e46 - - -] 192.168.0.10 - - [23/Feb/2016 23:29:24] "HEAD /v1/images/8a724f78-2673-4ea1-b607-373626a15afb HTTP/1.1" 200 817 0.373494
2016-02-23 23:29:30.516 2220 INFO eventlet.wsgi.server [req-b7fec7fa-5a14-4711-a731-9323032e0c8a e9483918caa940a48fe882ba092c7e0b 300b2cc45c3846939e589310ae714e46 - - -] 192.168.0.10 - - [23/Feb/2016 23:29:30] "HEAD /v1/images/8a724f78-2673-4ea1-b607-373626a15afb HTTP/1.1" 200 817 0.327573
2016-02-23 23:29:46.431 2208 INFO eventlet.wsgi.server [req-4fc2c93f-96c1-44ba-a354-2a4fb6fe9086 8b01dff85bb640f5ac72eb634117d3f1 802906d526ed42e8a5980f390847fa87 - - -] 192.168.0.10 - - [23/Feb/2016 23:29:46] "HEAD /v1/images/8a724f78-2673-4ea1-b607-373626a15afb HTTP/1.1" 200 817 0.400899
2016-02-23 23:30:22.071 2198 INFO eventlet.wsgi.server [req-cd7990a8-a15a-405d-a165-b6172dd64107 e9483918caa940a48fe882ba092c7e0b 300b2cc45c3846939e589310ae714e46 - - -] 192.168.0.10 - - [23/Feb/2016 23:30:22] "HEAD /v1/images/8a724f78-2673-4ea1-b607-373626a15afb HTTP/1.1" 200 817 0.324754
2016-02-23 23:36:42.921 2220 INFO eventlet.wsgi.server [req-54662b88-802c-47a0-b597-8051af9baedb 9b1f9b36d7354b1ea121ccfbae339d8b 85a11a1515f94848be7aa5b56adec8bf - - -] 192.168.0.10 - - [23/Feb/2016 23:36:42] "HEAD /v1/images/8a724f78-2673-4ea1-b607-373626a15afb HTTP/1.1" 200 817 0.246527
2016-02-23 23:36:54.519 2220 INFO eventlet.wsgi.server [req-f9a7b032-15fd-414b-9371-121620a5d37d 9b1f9b36d7354b1ea121ccfbae339d8b 85a11a1515f94848be7aa5b56adec8bf - - -] 192.168.0.10 - - [23/Feb/2016 23:36:54] "HEAD /v1/images/8a724f78-2673-4ea1-b607-373626a15afb HTTP/1.1" 200 817 0.256043
2016-02-23 23:37:04.191 2220 INFO eventlet.wsgi.server [req-829f3635-6edc-4ca4-a3e7-ea312935d895 9b1f9b36d7354b1ea121ccfbae339d8b 85a11a1515f94848be7aa5b56adec8bf - - -] 192.168.0.10 - - [23/Feb/2016 23:37:04] "GET /v1/images/detail?is_public=None&limit=20 HTTP/1.1" 200 713 0.366053
2016-02-23 23:40:02.791 1032 INFO glance.common.wsgi [-] Removed dead child 2198
2016-02-23 23:40:03.204 1032 INFO glance.common.wsgi [-] Started child 25249
2016-02-23 23:40:03.233 25249 INFO eventlet.wsgi.server [-] (25249) wsgi starting up on http://0.0.0.0:9292/
2016-02-23 23:40:03.572 25249 INFO eventlet.wsgi.server [-] (25249) wsgi exited, is_accepting=True
2016-02-23 23:40:03.578 25249 INFO glance.common.wsgi [-] Child 25249 exiting normally
2016-02-24 19:46:19.716 1033 WARNING oslo_config.cfg [-] Option "filesystem_store_datadir" from group "DEFAULT" is deprecated. Use option "filesystem_store_datadir" from group "glance_store".
2016-02-24 19:46:19.732 1033 INFO glance.common.wsgi [-] Starting 4 workers
2016-02-24 19:46:19.788 1033 INFO glance.common.wsgi [-] Started child 1980
2016-02-24 19:46:19.839 1980 INFO eventlet.wsgi.server [-] (1980) wsgi starting up on http://0.0.0.0:9292/
2016-02-24 19:46:19.847 1033 INFO glance.common.wsgi [-] Started child 1982
2016-02-24 19:46:19.852 1982 INFO eventlet.wsgi.server [-] (1982) wsgi starting up on http://0.0.0.0:9292/
2016-02-24 19:46:19.932 1988 INFO eventlet.wsgi.server [-] (1988) wsgi starting up on http://0.0.0.0:9292/
2016-02-24 19:46:19.938 1033 INFO glance.common.wsgi [-] Started child 1988
2016-02-24 19:46:19.981 1033 INFO glance.common.wsgi [-] Started child 1992
2016-02-24 19:46:20.013 1992 INFO eventlet.wsgi.server [-] (1992) wsgi starting up on http://0.0.0.0:9292/
2016-02-24 19:55:49.760 1992 INFO eventlet.wsgi.server [req-8da4902c-1f34-494d-a7bf-131480cb57a5 9b1f9b36d7354b1ea121ccfbae339d8b 85a11a1515f94848be7aa5b56adec8bf - - -] 192.168.0.10 - - [24/Feb/2016 19:55:49] "HEAD /v1/images/8a724f78-2673-4ea1-b607-373626a15afb HTTP/1.1" 200 817 1.027852
2016-02-24 19:56:09.534 1982 INFO eventlet.wsgi.server [req-1a27cf05-27dc-43db-8afd-2665ee558102 9b1f9b36d7354b1ea121ccfbae339d8b 85a11a1515f94848be7aa5b56adec8bf - - -] 192.168.0.10 - - [24/Feb/2016 19:56:09] "HEAD /v1/images/8a724f78-2673-4ea1-b607-373626a15afb HTTP/1.1" 200 817 0.962018
2016-02-24 19:56:19.479 1992 INFO eventlet.wsgi.server [req-ee74fa1a-819f-4067-927b-7e5a0a091c2e 9b1f9b36d7354b1ea121ccfbae339d8b 85a11a1515f94848be7aa5b56adec8bf - - -] 192.168.0.10 - - [24/Feb/2016 19:56:19] "GET /v1/images/detail?is_public=None&limit=20 HTTP/1.1" 200 713 0.710860
2016-02-24 20:05:48.541 1992 INFO eventlet.wsgi.server [req-06af8940-e7c3-40b7-898b-68cf52048398 9b1f9b36d7354b1ea121ccfbae339d8b 85a11a1515f94848be7aa5b56adec8bf - - -] 192.168.0.10 - - [24/Feb/2016 20:05:48] "HEAD /v1/images/8a724f78-2673-4ea1-b607-373626a15afb HTTP/1.1" 200 817 0.307833
2016-02-24 20:06:09.539 1980 INFO eventlet.wsgi.server [req-3aa42a40-8e6c-4e3f-9396-7e3753c603f1 9b1f9b36d7354b1ea121ccfbae339d8b 85a11a1515f94848be7aa5b56adec8bf - - -] 192.168.0.10 - - [24/Feb/2016 20:06:09] "HEAD /v1/images/8a724f78-2673-4ea1-b607-373626a15afb HTTP/1.1" 200 817 1.049392
2016-02-24 20:06:17.533 1982 INFO eventlet.wsgi.server [req-2335f91b-90ed-4a33-bf6c-856cdfc1d19c 9b1f9b36d7354b1ea121ccfbae339d8b 85a11a1515f94848be7aa5b56adec8bf - - -] 192.168.0.10 - - [24/Feb/2016 20:06:17] "GET /v1/images/detail?is_public=None&limit=20 HTTP/1.1" 200 713 0.285848
2016-02-24 20:15:48.209 1988 INFO eventlet.wsgi.server [req-0f462ebc-2295-4c08-8b83-edadc93620e8 9b1f9b36d7354b1ea121ccfbae339d8b 85a11a1515f94848be7aa5b56adec8bf - - -] 192.168.0.10 - - [24/Feb/2016 20:15:48] "HEAD /v1/images/8a724f78-2673-4ea1-b607-373626a15afb HTTP/1.1" 200 817 0.484631
