2016-02-24 20:16:08.453 1988 INFO eventlet.wsgi.server [req-babac28a-4a6f-4aaf-a42c-6df739e6a30c 9b1f9b36d7354b1ea121ccfbae339d8b 85a11a1515f94848be7aa5b56adec8bf - - -] 192.168.0.10 - - [24/Feb/2016 20:16:08] "HEAD /v1/images/8a724f78-2673-4ea1-b607-373626a15afb HTTP/1.1" 200 817 0.239046
2016-02-24 20:16:17.212 1992 INFO eventlet.wsgi.server [req-89168646-9eca-4901-a7e7-5177b287d2f4 9b1f9b36d7354b1ea121ccfbae339d8b 85a11a1515f94848be7aa5b56adec8bf - - -] 192.168.0.10 - - [24/Feb/2016 20:16:17] "GET /v1/images/detail?is_public=None&limit=20 HTTP/1.1" 200 713 0.252373
2016-02-24 20:25:47.929 1982 INFO eventlet.wsgi.server [req-522a9d1b-ee12-48bb-92b0-99598cb4a0d0 9b1f9b36d7354b1ea121ccfbae339d8b 85a11a1515f94848be7aa5b56adec8bf - - -] 192.168.0.10 - - [24/Feb/2016 20:25:47] "HEAD /v1/images/8a724f78-2673-4ea1-b607-373626a15afb HTTP/1.1" 200 817 0.249218
2016-02-24 20:26:08.639 1980 INFO eventlet.wsgi.server [req-33660a82-eaaf-435c-bd73-2e7294dee8fb 9b1f9b36d7354b1ea121ccfbae339d8b 85a11a1515f94848be7aa5b56adec8bf - - -] 192.168.0.10 - - [24/Feb/2016 20:26:08] "HEAD /v1/images/8a724f78-2673-4ea1-b607-373626a15afb HTTP/1.1" 200 817 0.305293
2016-02-24 20:26:17.288 1982 INFO eventlet.wsgi.server [req-ca51b9e0-9833-41a5-993f-0804a5919c15 9b1f9b36d7354b1ea121ccfbae339d8b 85a11a1515f94848be7aa5b56adec8bf - - -] 192.168.0.10 - - [24/Feb/2016 20:26:17] "GET /v1/images/detail?is_public=None&limit=20 HTTP/1.1" 200 713 0.318821
2016-02-24 20:35:48.052 1988 INFO eventlet.wsgi.server [req-a24b4f20-68a1-4c4a-8514-5413b04e7a6c 9b1f9b36d7354b1ea121ccfbae339d8b 85a11a1515f94848be7aa5b56adec8bf - - -] 192.168.0.10 - - [24/Feb/2016 20:35:48] "HEAD /v1/images/8a724f78-2673-4ea1-b607-373626a15afb HTTP/1.1" 200 817 0.272265
2016-02-24 20:36:08.573 1992 INFO eventlet.wsgi.server [req-d3ac99de-e9fb-4015-ba59-8e118381ddce 9b1f9b36d7354b1ea121ccfbae339d8b 85a11a1515f94848be7aa5b56adec8bf - - -] 192.168.0.10 - - [24/Feb/2016 20:36:08] "HEAD /v1/images/8a724f78-2673-4ea1-b607-373626a15afb HTTP/1.1" 200 817 0.260977
2016-02-24 20:36:17.387 1992 INFO eventlet.wsgi.server [req-03035944-d90d-400d-bff4-f7a94f7b30ff 9b1f9b36d7354b1ea121ccfbae339d8b 85a11a1515f94848be7aa5b56adec8bf - - -] 192.168.0.10 - - [24/Feb/2016 20:36:17] "GET /v1/images/detail?is_public=None&limit=20 HTTP/1.1" 200 713 0.236258
2016-02-24 20:45:02.901 1982 INFO eventlet.wsgi.server [req-136bac49-99d8-40a1-bc7c-198ba86b2428 8b01dff85bb640f5ac72eb634117d3f1 802906d526ed42e8a5980f390847fa87 - - -] 192.168.0.10 - - [24/Feb/2016 20:45:02] "GET /v1/images/detail?sort_key=created_at&sort_dir=desc&limit=1000 HTTP/1.1" 200 713 0.383423
2016-02-24 20:45:24.883 1992 INFO eventlet.wsgi.server [req-bc8a6432-0d02-4f9a-a4eb-fae6005dbe18 8b01dff85bb640f5ac72eb634117d3f1 802906d526ed42e8a5980f390847fa87 - - -] 192.168.0.10 - - [24/Feb/2016 20:45:24] "GET /v1/images/detail?sort_key=created_at&sort_dir=desc&status=active&limit=1000&is_public=True HTTP/1.1" 200 713 0.320645
2016-02-24 20:45:24.954 1992 INFO eventlet.wsgi.server [req-b2c1cd9b-3c1d-4d8c-b402-b248767ed653 8b01dff85bb640f5ac72eb634117d3f1 802906d526ed42e8a5980f390847fa87 - - -] 192.168.0.10 - - [24/Feb/2016 20:45:24] "GET /v1/images/detail?sort_key=created_at&sort_dir=desc&property-owner_id=802906d526ed42e8a5980f390847fa87&status=active&limit=1000 HTTP/1.1" 200 231 0.060523
2016-02-24 20:45:35.492 1992 INFO eventlet.wsgi.server [req-c0da078e-d204-4818-bb4d-f2591eb4e1f9 8b01dff85bb640f5ac72eb634117d3f1 802906d526ed42e8a5980f390847fa87 - - -] 192.168.0.10 - - [24/Feb/2016 20:45:35] "GET /v1/images/detail?sort_key=created_at&sort_dir=desc&status=active&limit=1000&is_public=True HTTP/1.1" 200 713 0.216618
2016-02-24 20:45:35.569 1992 INFO eventlet.wsgi.server [req-7019bf83-f42c-4b10-a570-30966a017252 8b01dff85bb640f5ac72eb634117d3f1 802906d526ed42e8a5980f390847fa87 - - -] 192.168.0.10 - - [24/Feb/2016 20:45:35] "GET /v1/images/detail?sort_key=created_at&sort_dir=desc&property-owner_id=802906d526ed42e8a5980f390847fa87&status=active&limit=1000 HTTP/1.1" 200 231 0.072619
2016-02-24 20:45:48.055 1988 INFO eventlet.wsgi.server [req-43640943-eed5-4713-84b0-edc8f6270857 9b1f9b36d7354b1ea121ccfbae339d8b 85a11a1515f94848be7aa5b56adec8bf - - -] 192.168.0.10 - - [24/Feb/2016 20:45:48] "HEAD /v1/images/8a724f78-2673-4ea1-b607-373626a15afb HTTP/1.1" 200 817 0.298250
2016-02-24 20:46:08.623 1980 INFO eventlet.wsgi.server [req-9731e512-0070-4f00-bb5d-6e27b7e7061c 9b1f9b36d7354b1ea121ccfbae339d8b 85a11a1515f94848be7aa5b56adec8bf - - -] 192.168.0.10 - - [24/Feb/2016 20:46:08] "HEAD /v1/images/8a724f78-2673-4ea1-b607-373626a15afb HTTP/1.1" 200 817 0.337559
2016-02-24 20:46:14.084 1980 INFO eventlet.wsgi.server [req-1a339b1a-30c1-4de9-9ba0-b160de43ac8b 8b01dff85bb640f5ac72eb634117d3f1 802906d526ed42e8a5980f390847fa87 - - -] 192.168.0.10 - - [24/Feb/2016 20:46:14] "GET /v1/images/detail?sort_key=created_at&sort_dir=desc&status=active&limit=1000&is_public=True HTTP/1.1" 200 713 0.188201
2016-02-24 20:46:14.145 1980 INFO eventlet.wsgi.server [req-1fee3330-be0c-45a5-aea2-a1bd760faa5f 8b01dff85bb640f5ac72eb634117d3f1 802906d526ed42e8a5980f390847fa87 - - -] 192.168.0.10 - - [24/Feb/2016 20:46:14] "GET /v1/images/detail?sort_key=created_at&sort_dir=desc&property-owner_id=802906d526ed42e8a5980f390847fa87&status=active&limit=1000 HTTP/1.1" 200 231 0.055744
2016-02-24 20:46:15.471 1992 INFO eventlet.wsgi.server [req-8d20b5a0-ea87-4c8b-980e-81f22b95c617 8b01dff85bb640f5ac72eb634117d3f1 802906d526ed42e8a5980f390847fa87 - - -] 192.168.0.10 - - [24/Feb/2016 20:46:15] "HEAD /v1/images/8a724f78-2673-4ea1-b607-373626a15afb HTTP/1.1" 200 817 0.074232
2016-02-24 20:46:17.401 1982 INFO eventlet.wsgi.server [req-3646a75b-33fc-46a0-8a52-ee81400ffe12 9b1f9b36d7354b1ea121ccfbae339d8b 85a11a1515f94848be7aa5b56adec8bf - - -] 192.168.0.10 - - [24/Feb/2016 20:46:17] "GET /v1/images/detail?is_public=None&limit=20 HTTP/1.1" 200 713 0.348044
2016-02-24 20:46:17.656 1992 INFO eventlet.wsgi.server [req-77828217-7a2b-444e-b2e0-ba5af8f6a6b2 8b01dff85bb640f5ac72eb634117d3f1 802906d526ed42e8a5980f390847fa87 - - -] 192.168.0.10 - - [24/Feb/2016 20:46:17] "GET /v1/images/detail?sort_key=created_at&sort_dir=desc&limit=1000 HTTP/1.1" 200 713 0.120796
2016-02-24 20:46:19.847 1982 INFO eventlet.wsgi.server [req-021ae27b-1806-4552-a927-4b67c1b83b8f 8b01dff85bb640f5ac72eb634117d3f1 802906d526ed42e8a5980f390847fa87 - - -] 192.168.0.10 - - [24/Feb/2016 20:46:19] "HEAD /v1/images/8a724f78-2673-4ea1-b607-373626a15afb HTTP/1.1" 200 817 0.051960
2016-02-24 20:46:23.434 1982 INFO eventlet.wsgi.server [req-b2e93f0c-1a53-4562-9c01-939c282fdaf4 8b01dff85bb640f5ac72eb634117d3f1 802906d526ed42e8a5980f390847fa87 - - -] 192.168.0.10 - - [24/Feb/2016 20:46:23] "HEAD /v1/images/8a724f78-2673-4ea1-b607-373626a15afb HTTP/1.1" 200 817 0.247621
2016-02-24 20:46:29.533 1982 INFO eventlet.wsgi.server [req-2a5a6ac9-1c43-4c5b-9132-4c584dace420 8b01dff85bb640f5ac72eb634117d3f1 802906d526ed42e8a5980f390847fa87 - - -] 192.168.0.10 - - [24/Feb/2016 20:46:29] "HEAD /v1/images/8a724f78-2673-4ea1-b607-373626a15afb HTTP/1.1" 200 817 0.079366
2016-02-24 20:46:38.283 1980 INFO eventlet.wsgi.server [req-4030bca8-617d-426d-a2d5-15e5d6887d80 8b01dff85bb640f5ac72eb634117d3f1 802906d526ed42e8a5980f390847fa87 - - -] 192.168.0.10 - - [24/Feb/2016 20:46:38] "HEAD /v1/images/8a724f78-2673-4ea1-b607-373626a15afb HTTP/1.1" 200 817 0.084025
2016-02-24 20:46:49.593 1988 INFO eventlet.wsgi.server [req-b33604a2-458c-40b3-8e0e-843d1627d42f 8b01dff85bb640f5ac72eb634117d3f1 802906d526ed42e8a5980f390847fa87 - - -] 192.168.0.10 - - [24/Feb/2016 20:46:49] "HEAD /v1/images/8a724f78-2673-4ea1-b607-373626a15afb HTTP/1.1" 200 817 0.168622
2016-02-24 20:47:03.249 1982 INFO eventlet.wsgi.server [req-6e32fa31-88aa-4c19-91b6-d0e58d4ca31e 8b01dff85bb640f5ac72eb634117d3f1 802906d526ed42e8a5980f390847fa87 - - -] 192.168.0.10 - - [24/Feb/2016 20:47:03] "HEAD /v1/images/8a724f78-2673-4ea1-b607-373626a15afb HTTP/1.1" 200 817 0.100834
2016-02-24 20:47:19.270 1982 INFO eventlet.wsgi.server [req-630b5b53-d299-45ed-85e9-dfd29f443ba8 8b01dff85bb640f5ac72eb634117d3f1 802906d526ed42e8a5980f390847fa87 - - -] 192.168.0.10 - - [24/Feb/2016 20:47:19] "HEAD /v1/images/8a724f78-2673-4ea1-b607-373626a15afb HTTP/1.1" 200 817 0.059513
2016-02-24 20:47:37.978 1988 INFO eventlet.wsgi.server [req-b09935a0-a3ec-4018-9b7b-6e8484d8bd9e 8b01dff85bb640f5ac72eb634117d3f1 802906d526ed42e8a5980f390847fa87 - - -] 192.168.0.10 - - [24/Feb/2016 20:47:37] "HEAD /v1/images/8a724f78-2673-4ea1-b607-373626a15afb HTTP/1.1" 200 817 0.086006
2016-02-24 20:48:17.188 1980 INFO eventlet.wsgi.server [req-437d5680-8dd5-42f9-ab43-b52d678327fc 8b01dff85bb640f5ac72eb634117d3f1 802906d526ed42e8a5980f390847fa87 - - -] 192.168.0.10 - - [24/Feb/2016 20:48:17] "HEAD /v1/images/8a724f78-2673-4ea1-b607-373626a15afb HTTP/1.1" 200 817 0.299020
2016-02-24 20:55:36.336 1992 INFO eventlet.wsgi.server [req-d27e5738-4dd2-45c9-bd84-ad49e41f4fc2 8b01dff85bb640f5ac72eb634117d3f1 802906d526ed42e8a5980f390847fa87 - - -] 192.168.0.10 - - [24/Feb/2016 20:55:36] "HEAD /v1/images/8a724f78-2673-4ea1-b607-373626a15afb HTTP/1.1" 200 817 0.263929
2016-02-24 20:55:48.134 1982 INFO eventlet.wsgi.server [req-2aedd417-d90d-47a9-9ce9-08ac6d05e13b 9b1f9b36d7354b1ea121ccfbae339d8b 85a11a1515f94848be7aa5b56adec8bf - - -] 192.168.0.10 - - [24/Feb/2016 20:55:48] "HEAD /v1/images/8a724f78-2673-4ea1-b607-373626a15afb HTTP/1.1" 200 817 0.228468
2016-02-24 20:56:08.761 1992 INFO eventlet.wsgi.server [req-671b3242-915a-4379-b592-91cff6ffa074 9b1f9b36d7354b1ea121ccfbae339d8b 85a11a1515f94848be7aa5b56adec8bf - - -] 192.168.0.10 - - [24/Feb/2016 20:56:08] "HEAD /v1/images/8a724f78-2673-4ea1-b607-373626a15afb HTTP/1.1" 200 817 0.396191
2016-02-24 20:56:18.146 1982 INFO eventlet.wsgi.server [req-abc17efe-906d-4346-8723-c6d0b90a8d41 9b1f9b36d7354b1ea121ccfbae339d8b 85a11a1515f94848be7aa5b56adec8bf - - -] 192.168.0.10 - - [24/Feb/2016 20:56:18] "GET /v1/images/detail?is_public=None&limit=20 HTTP/1.1" 200 713 0.561406
2016-02-24 21:05:48.239 1988 INFO eventlet.wsgi.server [req-6d5c241e-81ea-442b-9278-4eb5d5ba2174 9b1f9b36d7354b1ea121ccfbae339d8b 85a11a1515f94848be7aa5b56adec8bf - - -] 192.168.0.10 - - [24/Feb/2016 21:05:48] "HEAD /v1/images/8a724f78-2673-4ea1-b607-373626a15afb HTTP/1.1" 200 817 0.433417
2016-02-24 21:06:09.024 1980 INFO eventlet.wsgi.server [req-b8fcfb47-c9d1-408a-877f-91c759c4c809 9b1f9b36d7354b1ea121ccfbae339d8b 85a11a1515f94848be7aa5b56adec8bf - - -] 192.168.0.10 - - [24/Feb/2016 21:06:09] "HEAD /v1/images/8a724f78-2673-4ea1-b607-373626a15afb HTTP/1.1" 200 817 0.553315
2016-02-24 21:06:18.136 1992 INFO eventlet.wsgi.server [req-2bf65d72-9c6e-4aa3-be91-f45e320dcf40 9b1f9b36d7354b1ea121ccfbae339d8b 85a11a1515f94848be7aa5b56adec8bf - - -] 192.168.0.10 - - [24/Feb/2016 21:06:18] "GET /v1/images/detail?is_public=None&limit=20 HTTP/1.1" 200 713 0.373442
2016-02-24 21:09:22.754 1982 INFO eventlet.wsgi.server [req-1bacacd7-2a22-49e2-9b77-ac60abc2c624 e9483918caa940a48fe882ba092c7e0b 300b2cc45c3846939e589310ae714e46 - - -] 192.168.0.10 - - [24/Feb/2016 21:09:22] "HEAD /v1/images/8a724f78-2673-4ea1-b607-373626a15afb HTTP/1.1" 200 817 0.430082
2016-02-24 21:09:22.991 1982 INFO eventlet.wsgi.server [req-b6d458d9-71e6-464f-b1c0-f9d2c6b78d33 e9483918caa940a48fe882ba092c7e0b 300b2cc45c3846939e589310ae714e46 - - -] 192.168.0.10 - - [24/Feb/2016 21:09:22] "HEAD /v1/images/8a724f78-2673-4ea1-b607-373626a15afb HTTP/1.1" 200 817 0.130780
2016-02-24 21:09:23.040 1982 INFO eventlet.wsgi.server [req-4d648a56-be62-413f-a677-34ceb90e0308 e9483918caa940a48fe882ba092c7e0b 300b2cc45c3846939e589310ae714e46 - - -] 192.168.0.10 - - [24/Feb/2016 21:09:23] "HEAD /v1/images/8a724f78-2673-4ea1-b607-373626a15afb HTTP/1.1" 200 817 0.028445
2016-02-24 21:09:23.101 1982 INFO eventlet.wsgi.server [req-f813d58c-8dcf-4df5-8114-de2693135bcd e9483918caa940a48fe882ba092c7e0b 300b2cc45c3846939e589310ae714e46 - - -] 192.168.0.10 - - [24/Feb/2016 21:09:23] "HEAD /v1/images/8a724f78-2673-4ea1-b607-373626a15afb HTTP/1.1" 200 817 0.029986
2016-02-24 21:15:48.183 1982 INFO eventlet.wsgi.server [req-f1f2e181-29ff-4880-a792-78ab55bce980 9b1f9b36d7354b1ea121ccfbae339d8b 85a11a1515f94848be7aa5b56adec8bf - - -] 192.168.0.10 - - [24/Feb/2016 21:15:48] "HEAD /v1/images/8a724f78-2673-4ea1-b607-373626a15afb HTTP/1.1" 200 817 0.273231
2016-02-24 21:16:08.527 1992 INFO eventlet.wsgi.server [req-cc00338b-0159-49c9-94ab-056423a3b406 9b1f9b36d7354b1ea121ccfbae339d8b 85a11a1515f94848be7aa5b56adec8bf - - -] 192.168.0.10 - - [24/Feb/2016 21:16:08] "HEAD /v1/images/8a724f78-2673-4ea1-b607-373626a15afb HTTP/1.1" 200 817 0.296183
2016-02-24 21:16:17.727 1988 INFO eventlet.wsgi.server [req-97421285-2b4e-4cc0-aa30-28af0447a8fd 9b1f9b36d7354b1ea121ccfbae339d8b 85a11a1515f94848be7aa5b56adec8bf - - -] 192.168.0.10 - - [24/Feb/2016 21:16:17] "GET /v1/images/detail?is_public=None&limit=20 HTTP/1.1" 200 713 0.435810
2016-02-24 21:25:48.181 1980 INFO eventlet.wsgi.server [req-da25a560-2152-4f0e-b80c-1e98bd3d086f 9b1f9b36d7354b1ea121ccfbae339d8b 85a11a1515f94848be7aa5b56adec8bf - - -] 192.168.0.10 - - [24/Feb/2016 21:25:48] "HEAD /v1/images/8a724f78-2673-4ea1-b607-373626a15afb HTTP/1.1" 200 817 0.421704
2016-02-24 21:26:08.568 1988 INFO eventlet.wsgi.server [req-0076661e-6523-42e3-81f2-861a3f8e1282 9b1f9b36d7354b1ea121ccfbae339d8b 85a11a1515f94848be7aa5b56adec8bf - - -] 192.168.0.10 - - [24/Feb/2016 21:26:08] "HEAD /v1/images/8a724f78-2673-4ea1-b607-373626a15afb HTTP/1.1" 200 817 0.309861
2016-02-24 21:26:17.425 1992 INFO eventlet.wsgi.server [req-d8224ce2-ca5f-4dae-b1c7-62ce0b7c546d 9b1f9b36d7354b1ea121ccfbae339d8b 85a11a1515f94848be7aa5b56adec8bf - - -] 192.168.0.10 - - [24/Feb/2016 21:26:17] "GET /v1/images/detail?is_public=None&limit=20 HTTP/1.1" 200 713 0.298866
2016-02-24 21:35:48.167 1992 INFO eventlet.wsgi.server [req-a5c42166-b7fc-486d-85f8-c8019e37d886 9b1f9b36d7354b1ea121ccfbae339d8b 85a11a1515f94848be7aa5b56adec8bf - - -] 192.168.0.10 - - [24/Feb/2016 21:35:48] "HEAD /v1/images/8a724f78-2673-4ea1-b607-373626a15afb HTTP/1.1" 200 817 0.295091
2016-02-24 21:36:08.836 1988 INFO eventlet.wsgi.server [req-164ae153-fb2b-455a-b6e9-ef6ab22ee5f2 9b1f9b36d7354b1ea121ccfbae339d8b 85a11a1515f94848be7aa5b56adec8bf - - -] 192.168.0.10 - - [24/Feb/2016 21:36:08] "HEAD /v1/images/8a724f78-2673-4ea1-b607-373626a15afb HTTP/1.1" 200 817 0.314971
2016-02-24 21:36:17.311 1988 INFO eventlet.wsgi.server [req-15159278-f1d8-4cde-8b1b-0fbeebb6e668 9b1f9b36d7354b1ea121ccfbae339d8b 85a11a1515f94848be7aa5b56adec8bf - - -] 192.168.0.10 - - [24/Feb/2016 21:36:17] "GET /v1/images/detail?is_public=None&limit=20 HTTP/1.1" 200 713 0.285644
2016-02-24 21:45:48.286 1982 INFO eventlet.wsgi.server [req-6f107d57-05a0-4286-9778-f439e025bd75 9b1f9b36d7354b1ea121ccfbae339d8b 85a11a1515f94848be7aa5b56adec8bf - - -] 192.168.0.10 - - [24/Feb/2016 21:45:48] "HEAD /v1/images/8a724f78-2673-4ea1-b607-373626a15afb HTTP/1.1" 200 817 0.326476
2016-02-24 21:46:08.615 1982 INFO eventlet.wsgi.server [req-a1b0f6a6-1971-44f4-9038-15bb64be0c3c 9b1f9b36d7354b1ea121ccfbae339d8b 85a11a1515f94848be7aa5b56adec8bf - - -] 192.168.0.10 - - [24/Feb/2016 21:46:08] "HEAD /v1/images/8a724f78-2673-4ea1-b607-373626a15afb HTTP/1.1" 200 817 0.306166
2016-02-24 21:46:17.436 1982 INFO eventlet.wsgi.server [req-cd41b396-3ee6-4fac-b456-8c420e068997 9b1f9b36d7354b1ea121ccfbae339d8b 85a11a1515f94848be7aa5b56adec8bf - - -] 192.168.0.10 - - [24/Feb/2016 21:46:17] "GET /v1/images/detail?is_public=None&limit=20 HTTP/1.1" 200 713 0.315210
2016-02-24 21:55:48.897 1988 INFO eventlet.wsgi.server [req-213f52f7-0a51-4f87-b0e7-c41e348f9f15 9b1f9b36d7354b1ea121ccfbae339d8b 85a11a1515f94848be7aa5b56adec8bf - - -] 192.168.0.10 - - [24/Feb/2016 21:55:48] "HEAD /v1/images/8a724f78-2673-4ea1-b607-373626a15afb HTTP/1.1" 200 817 0.241381
2016-02-24 21:56:08.809 1980 INFO eventlet.wsgi.server [req-50958906-b87b-4813-a0b7-b8aeba38f29c 9b1f9b36d7354b1ea121ccfbae339d8b 85a11a1515f94848be7aa5b56adec8bf - - -] 192.168.0.10 - - [24/Feb/2016 21:56:08] "HEAD /v1/images/8a724f78-2673-4ea1-b607-373626a15afb HTTP/1.1" 200 817 0.305349
2016-02-24 21:56:18.917 1982 INFO eventlet.wsgi.server [req-d150ec7e-fd21-49aa-8db7-0ea3d03eb04e 9b1f9b36d7354b1ea121ccfbae339d8b 85a11a1515f94848be7aa5b56adec8bf - - -] 192.168.0.10 - - [24/Feb/2016 21:56:18] "GET /v1/images/detail?is_public=None&limit=20 HTTP/1.1" 200 713 0.648437
2016-02-24 22:05:48.291 1988 INFO eventlet.wsgi.server [req-84e1dbaf-8fe6-402e-b3f4-c47e2d037cd1 9b1f9b36d7354b1ea121ccfbae339d8b 85a11a1515f94848be7aa5b56adec8bf - - -] 192.168.0.10 - - [24/Feb/2016 22:05:48] "HEAD /v1/images/8a724f78-2673-4ea1-b607-373626a15afb HTTP/1.1" 200 817 0.326753
2016-02-24 22:06:08.972 1982 INFO eventlet.wsgi.server [req-8c063dbd-d2a3-4854-a54b-c4643d8eda9d 9b1f9b36d7354b1ea121ccfbae339d8b 85a11a1515f94848be7aa5b56adec8bf - - -] 192.168.0.10 - - [24/Feb/2016 22:06:08] "HEAD /v1/images/8a724f78-2673-4ea1-b607-373626a15afb HTTP/1.1" 200 817 0.522676
2016-02-24 22:06:17.466 1992 INFO eventlet.wsgi.server [req-0b8a05ca-83de-4470-9355-44c1868a667c 9b1f9b36d7354b1ea121ccfbae339d8b 85a11a1515f94848be7aa5b56adec8bf - - -] 192.168.0.10 - - [24/Feb/2016 22:06:17] "GET /v1/images/detail?is_public=None&limit=20 HTTP/1.1" 200 713 0.472040
2016-02-24 22:15:48.197 1982 INFO eventlet.wsgi.server [req-3a661897-6f1f-4095-b343-fffb2a8e7348 9b1f9b36d7354b1ea121ccfbae339d8b 85a11a1515f94848be7aa5b56adec8bf - - -] 192.168.0.10 - - [24/Feb/2016 22:15:48] "HEAD /v1/images/8a724f78-2673-4ea1-b607-373626a15afb HTTP/1.1" 200 817 0.262184
2016-02-24 22:16:08.875 1980 INFO eventlet.wsgi.server [req-f8ff6a64-9b3a-4e1c-a125-2cf8a284c609 9b1f9b36d7354b1ea121ccfbae339d8b 85a11a1515f94848be7aa5b56adec8bf - - -] 192.168.0.10 - - [24/Feb/2016 22:16:08] "HEAD /v1/images/8a724f78-2673-4ea1-b607-373626a15afb HTTP/1.1" 200 817 0.461601
2016-02-24 22:16:18.028 1992 INFO eventlet.wsgi.server [req-82fe4e9e-9cee-40d4-a7b9-1260a09eae96 9b1f9b36d7354b1ea121ccfbae339d8b 85a11a1515f94848be7aa5b56adec8bf - - -] 192.168.0.10 - - [24/Feb/2016 22:16:18] "GET /v1/images/detail?is_public=None&limit=20 HTTP/1.1" 200 713 0.358377
2016-02-24 22:25:48.308 1988 INFO eventlet.wsgi.server [req-304f790d-4b70-40ee-ac1e-1fd00a3387b8 9b1f9b36d7354b1ea121ccfbae339d8b 85a11a1515f94848be7aa5b56adec8bf - - -] 192.168.0.10 - - [24/Feb/2016 22:25:48] "HEAD /v1/images/8a724f78-2673-4ea1-b607-373626a15afb HTTP/1.1" 200 817 0.548106
2016-02-24 22:26:08.625 1980 INFO eventlet.wsgi.server [req-7baa3527-f01f-45e5-98b7-fccb2529491d 9b1f9b36d7354b1ea121ccfbae339d8b 85a11a1515f94848be7aa5b56adec8bf - - -] 192.168.0.10 - - [24/Feb/2016 22:26:08] "HEAD /v1/images/8a724f78-2673-4ea1-b607-373626a15afb HTTP/1.1" 200 817 0.272575
2016-02-24 22:26:17.535 1980 INFO eventlet.wsgi.server [req-9643d299-63e2-4a4f-8af5-e41fae249c30 9b1f9b36d7354b1ea121ccfbae339d8b 85a11a1515f94848be7aa5b56adec8bf - - -] 192.168.0.10 - - [24/Feb/2016 22:26:17] "GET /v1/images/detail?is_public=None&limit=20 HTTP/1.1" 200 713 0.418437
2016-02-24 22:35:48.200 1992 INFO eventlet.wsgi.server [req-8702ee11-fbd9-4b08-9e0d-03bdd3cd67fd 9b1f9b36d7354b1ea121ccfbae339d8b 85a11a1515f94848be7aa5b56adec8bf - - -] 192.168.0.10 - - [24/Feb/2016 22:35:48] "HEAD /v1/images/8a724f78-2673-4ea1-b607-373626a15afb HTTP/1.1" 200 817 0.313861
2016-02-24 22:36:08.838 1992 INFO eventlet.wsgi.server [req-fe7a7615-e4dd-4385-94ec-7dbabb792a21 9b1f9b36d7354b1ea121ccfbae339d8b 85a11a1515f94848be7aa5b56adec8bf - - -] 192.168.0.10 - - [24/Feb/2016 22:36:08] "HEAD /v1/images/8a724f78-2673-4ea1-b607-373626a15afb HTTP/1.1" 200 817 0.359958
2016-02-24 22:36:17.531 1980 INFO eventlet.wsgi.server [req-562c9535-f4e4-4f89-800e-7f00f27a412a 9b1f9b36d7354b1ea121ccfbae339d8b 85a11a1515f94848be7aa5b56adec8bf - - -] 192.168.0.10 - - [24/Feb/2016 22:36:17] "GET /v1/images/detail?is_public=None&limit=20 HTTP/1.1" 200 713 0.297502
2016-02-24 22:45:48.134 1992 INFO eventlet.wsgi.server [req-639215e3-15e8-4681-8531-dcd8bb489b6a 9b1f9b36d7354b1ea121ccfbae339d8b 85a11a1515f94848be7aa5b56adec8bf - - -] 192.168.0.10 - - [24/Feb/2016 22:45:48] "HEAD /v1/images/8a724f78-2673-4ea1-b607-373626a15afb HTTP/1.1" 200 817 0.287503
2016-02-24 22:46:09.020 1982 INFO eventlet.wsgi.server [req-b9a8f7a8-65de-4a3c-83d6-76ee505e3d0d 9b1f9b36d7354b1ea121ccfbae339d8b 85a11a1515f94848be7aa5b56adec8bf - - -] 192.168.0.10 - - [24/Feb/2016 22:46:09] "HEAD /v1/images/8a724f78-2673-4ea1-b607-373626a15afb HTTP/1.1" 200 817 0.423078
2016-02-24 22:46:17.546 1988 INFO eventlet.wsgi.server [req-026611d4-c048-4883-a4f5-1e278cca2868 9b1f9b36d7354b1ea121ccfbae339d8b 85a11a1515f94848be7aa5b56adec8bf - - -] 192.168.0.10 - - [24/Feb/2016 22:46:17] "GET /v1/images/detail?is_public=None&limit=20 HTTP/1.1" 200 713 0.310168
2016-02-24 22:55:48.890 1992 INFO eventlet.wsgi.server [req-792f440a-8c58-4638-ad29-38240861811c 9b1f9b36d7354b1ea121ccfbae339d8b 85a11a1515f94848be7aa5b56adec8bf - - -] 192.168.0.10 - - [24/Feb/2016 22:55:48] "HEAD /v1/images/8a724f78-2673-4ea1-b607-373626a15afb HTTP/1.1" 200 817 0.305968
2016-02-24 22:56:09.304 1982 INFO eventlet.wsgi.server [req-3081c391-8166-46d7-9f91-83ea3f9a91fb 9b1f9b36d7354b1ea121ccfbae339d8b 85a11a1515f94848be7aa5b56adec8bf - - -] 192.168.0.10 - - [24/Feb/2016 22:56:09] "HEAD /v1/images/8a724f78-2673-4ea1-b607-373626a15afb HTTP/1.1" 200 817 0.384795
2016-02-24 22:56:17.729 1988 INFO eventlet.wsgi.server [req-7f391315-1dba-4173-a1cc-24fb742c392c 9b1f9b36d7354b1ea121ccfbae339d8b 85a11a1515f94848be7aa5b56adec8bf - - -] 192.168.0.10 - - [24/Feb/2016 22:56:17] "GET /v1/images/detail?is_public=None&limit=20 HTTP/1.1" 200 713 0.340108
2016-02-24 23:05:48.063 1980 INFO eventlet.wsgi.server [req-8f4a8950-92f0-405a-8f4f-4719ffcac4da 9b1f9b36d7354b1ea121ccfbae339d8b 85a11a1515f94848be7aa5b56adec8bf - - -] 192.168.0.10 - - [24/Feb/2016 23:05:48] "HEAD /v1/images/8a724f78-2673-4ea1-b607-373626a15afb HTTP/1.1" 200 817 0.285723
2016-02-24 23:06:08.834 1982 INFO eventlet.wsgi.server [req-f00af5d6-272b-47f4-9ec9-f2dd3e054dbd 9b1f9b36d7354b1ea121ccfbae339d8b 85a11a1515f94848be7aa5b56adec8bf - - -] 192.168.0.10 - - [24/Feb/2016 23:06:08] "HEAD /v1/images/8a724f78-2673-4ea1-b607-373626a15afb HTTP/1.1" 200 817 0.482963
2016-02-24 23:06:18.086 1988 INFO eventlet.wsgi.server [req-50d38a12-bef6-48a1-81d8-5a345d13bc06 9b1f9b36d7354b1ea121ccfbae339d8b 85a11a1515f94848be7aa5b56adec8bf - - -] 192.168.0.10 - - [24/Feb/2016 23:06:18] "GET /v1/images/detail?is_public=None&limit=20 HTTP/1.1" 200 713 0.417661
2016-02-24 23:15:48.252 1992 INFO eventlet.wsgi.server [req-349a0005-28cd-46fb-ae43-3dc567eaf666 9b1f9b36d7354b1ea121ccfbae339d8b 85a11a1515f94848be7aa5b56adec8bf - - -] 192.168.0.10 - - [24/Feb/2016 23:15:48] "HEAD /v1/images/8a724f78-2673-4ea1-b607-373626a15afb HTTP/1.1" 200 817 0.384230
2016-02-24 23:16:08.973 1982 INFO eventlet.wsgi.server [req-27069436-c093-48d9-8d86-a44973e600c9 9b1f9b36d7354b1ea121ccfbae339d8b 85a11a1515f94848be7aa5b56adec8bf - - -] 192.168.0.10 - - [24/Feb/2016 23:16:08] "HEAD /v1/images/8a724f78-2673-4ea1-b607-373626a15afb HTTP/1.1" 200 817 0.456378
2016-02-24 23:16:18.192 1992 INFO eventlet.wsgi.server [req-dec1e920-2ff6-4c12-9385-6ae6acac48b3 9b1f9b36d7354b1ea121ccfbae339d8b 85a11a1515f94848be7aa5b56adec8bf - - -] 192.168.0.10 - - [24/Feb/2016 23:16:18] "GET /v1/images/detail?is_public=None&limit=20 HTTP/1.1" 200 713 0.489438
2016-02-24 23:17:48.125 1033 INFO glance.common.wsgi [-] Removed dead child 1980
2016-02-24 23:17:48.561 1033 INFO glance.common.wsgi [-] Started child 19558
2016-02-24 23:17:48.745 19558 INFO eventlet.wsgi.server [-] (19558) wsgi starting up on http://0.0.0.0:9292/
2016-02-24 23:17:48.885 19558 INFO eventlet.wsgi.server [-] (19558) wsgi exited, is_accepting=True
2016-02-24 23:17:48.891 19558 INFO glance.common.wsgi [-] Child 19558 exiting normally
2016-02-25 19:46:51.853 1026 WARNING oslo_config.cfg [-] Option "filesystem_store_datadir" from group "DEFAULT" is deprecated. Use option "filesystem_store_datadir" from group "glance_store".
2016-02-25 19:46:51.858 1026 INFO glance.common.wsgi [-] Starting 4 workers
2016-02-25 19:46:51.920 1941 INFO eventlet.wsgi.server [-] (1941) wsgi starting up on http://0.0.0.0:9292/
2016-02-25 19:46:51.895 1026 INFO glance.common.wsgi [-] Started child 1941
2016-02-25 19:46:52.063 1026 INFO glance.common.wsgi [-] Started child 1945
2016-02-25 19:46:52.101 1945 INFO eventlet.wsgi.server [-] (1945) wsgi starting up on http://0.0.0.0:9292/
2016-02-25 19:46:52.174 1026 INFO glance.common.wsgi [-] Started child 1946
2016-02-25 19:46:52.195 1946 INFO eventlet.wsgi.server [-] (1946) wsgi starting up on http://0.0.0.0:9292/
2016-02-25 19:46:52.251 1026 INFO glance.common.wsgi [-] Started child 1950
2016-02-25 19:46:52.293 1950 INFO eventlet.wsgi.server [-] (1950) wsgi starting up on http://0.0.0.0:9292/
2016-02-25 19:55:23.840 1950 INFO eventlet.wsgi.server [req-4a45a323-85fe-4a9a-b4c4-cccc14c5d9b2 9b1f9b36d7354b1ea121ccfbae339d8b 85a11a1515f94848be7aa5b56adec8bf - - -] 192.168.0.10 - - [25/Feb/2016 19:55:23] "HEAD /v1/images/8a724f78-2673-4ea1-b607-373626a15afb HTTP/1.1" 200 817 0.863535
2016-02-25 19:56:33.481 1945 INFO eventlet.wsgi.server [req-7dae90c5-1833-47cb-9811-0d353a00559c 9b1f9b36d7354b1ea121ccfbae339d8b 85a11a1515f94848be7aa5b56adec8bf - - -] 192.168.0.10 - - [25/Feb/2016 19:56:33] "HEAD /v1/images/8a724f78-2673-4ea1-b607-373626a15afb HTTP/1.1" 200 817 0.818560
2016-02-25 19:56:51.305 1950 INFO eventlet.wsgi.server [req-f859dfd4-affb-478b-8c7c-4c0c4645e66b 9b1f9b36d7354b1ea121ccfbae339d8b 85a11a1515f94848be7aa5b56adec8bf - - -] 192.168.0.10 - - [25/Feb/2016 19:56:51] "GET /v1/images/detail?is_public=None&limit=20 HTTP/1.1" 200 713 0.711579
2016-02-25 20:05:22.886 1941 INFO eventlet.wsgi.server [req-146acea8-322b-4211-85f7-f261c1f6c930 9b1f9b36d7354b1ea121ccfbae339d8b 85a11a1515f94848be7aa5b56adec8bf - - -] 192.168.0.10 - - [25/Feb/2016 20:05:22] "HEAD /v1/images/8a724f78-2673-4ea1-b607-373626a15afb HTTP/1.1" 200 817 0.504638
2016-02-25 20:06:32.946 1946 INFO eventlet.wsgi.server [req-57d439d0-ae11-427b-933a-2eed27944693 9b1f9b36d7354b1ea121ccfbae339d8b 85a11a1515f94848be7aa5b56adec8bf - - -] 192.168.0.10 - - [25/Feb/2016 20:06:32] "HEAD /v1/images/8a724f78-2673-4ea1-b607-373626a15afb HTTP/1.1" 200 817 0.509753
2016-02-25 20:06:50.877 1941 INFO eventlet.wsgi.server [req-fbc0398a-a782-40b6-86cd-689b9bc114eb 9b1f9b36d7354b1ea121ccfbae339d8b 85a11a1515f94848be7aa5b56adec8bf - - -] 192.168.0.10 - - [25/Feb/2016 20:06:50] "GET /v1/images/detail?is_public=None&limit=20 HTTP/1.1" 200 713 0.654395
2016-02-25 20:15:22.619 1946 INFO eventlet.wsgi.server [req-10911dca-3ff9-4981-a639-eda78105b14c 9b1f9b36d7354b1ea121ccfbae339d8b 85a11a1515f94848be7aa5b56adec8bf - - -] 192.168.0.10 - - [25/Feb/2016 20:15:22] "HEAD /v1/images/8a724f78-2673-4ea1-b607-373626a15afb HTTP/1.1" 200 817 0.293259
2016-02-25 20:16:32.716 1945 INFO eventlet.wsgi.server [req-af92382a-2fd8-40b9-893b-a19f86415586 9b1f9b36d7354b1ea121ccfbae339d8b 85a11a1515f94848be7aa5b56adec8bf - - -] 192.168.0.10 - - [25/Feb/2016 20:16:32] "HEAD /v1/images/8a724f78-2673-4ea1-b607-373626a15afb HTTP/1.1" 200 817 0.243312
2016-02-25 20:16:50.760 1946 INFO eventlet.wsgi.server [req-12032845-4e96-4540-b23f-f8407f6a8615 9b1f9b36d7354b1ea121ccfbae339d8b 85a11a1515f94848be7aa5b56adec8bf - - -] 192.168.0.10 - - [25/Feb/2016 20:16:50] "GET /v1/images/detail?is_public=None&limit=20 HTTP/1.1" 200 713 0.249853
2016-02-25 20:25:22.570 1945 INFO eventlet.wsgi.server [req-625a6ca7-6437-4195-9528-74e2ebd348a4 9b1f9b36d7354b1ea121ccfbae339d8b 85a11a1515f94848be7aa5b56adec8bf - - -] 192.168.0.10 - - [25/Feb/2016 20:25:22] "HEAD /v1/images/8a724f78-2673-4ea1-b607-373626a15afb HTTP/1.1" 200 817 0.232388
2016-02-25 20:26:32.657 1941 INFO eventlet.wsgi.server [req-80c06683-18cf-4af2-91f7-4b6964ee462d 9b1f9b36d7354b1ea121ccfbae339d8b 85a11a1515f94848be7aa5b56adec8bf - - -] 192.168.0.10 - - [25/Feb/2016 20:26:32] "HEAD /v1/images/8a724f78-2673-4ea1-b607-373626a15afb HTTP/1.1" 200 817 0.258868
2016-02-25 20:26:50.750 1945 INFO eventlet.wsgi.server [req-8c961c38-ebe5-4715-b17f-56c63164dbc2 9b1f9b36d7354b1ea121ccfbae339d8b 85a11a1515f94848be7aa5b56adec8bf - - -] 192.168.0.10 - - [25/Feb/2016 20:26:50] "GET /v1/images/detail?is_public=None&limit=20 HTTP/1.1" 200 713 0.247156
2016-02-25 20:35:22.543 1946 INFO eventlet.wsgi.server [req-677714c1-f843-40e1-97f3-e6da485f46de 9b1f9b36d7354b1ea121ccfbae339d8b 85a11a1515f94848be7aa5b56adec8bf - - -] 192.168.0.10 - - [25/Feb/2016 20:35:22] "HEAD /v1/images/8a724f78-2673-4ea1-b607-373626a15afb HTTP/1.1" 200 817 0.281029
2016-02-25 20:36:32.810 1950 INFO eventlet.wsgi.server [req-f65239f4-06d5-4064-9c11-8988a24f5e38 9b1f9b36d7354b1ea121ccfbae339d8b 85a11a1515f94848be7aa5b56adec8bf - - -] 192.168.0.10 - - [25/Feb/2016 20:36:32] "HEAD /v1/images/8a724f78-2673-4ea1-b607-373626a15afb HTTP/1.1" 200 817 0.320814
2016-02-25 20:36:50.458 1945 INFO eventlet.wsgi.server [req-e5bd4074-1da9-4353-b0e2-87ef3acc418a 9b1f9b36d7354b1ea121ccfbae339d8b 85a11a1515f94848be7aa5b56adec8bf - - -] 192.168.0.10 - - [25/Feb/2016 20:36:50] "GET /v1/images/detail?is_public=None&limit=20 HTTP/1.1" 200 713 0.251952
2016-02-25 20:45:22.564 1945 INFO eventlet.wsgi.server [req-bd56e06b-c51a-4c0f-a2a8-c688f561219c 9b1f9b36d7354b1ea121ccfbae339d8b 85a11a1515f94848be7aa5b56adec8bf - - -] 192.168.0.10 - - [25/Feb/2016 20:45:22] "HEAD /v1/images/8a724f78-2673-4ea1-b607-373626a15afb HTTP/1.1" 200 817 0.327307
2016-02-25 20:46:32.939 1946 INFO eventlet.wsgi.server [req-ac747eb5-e375-4830-aa73-c72c7a3ea3b9 9b1f9b36d7354b1ea121ccfbae339d8b 85a11a1515f94848be7aa5b56adec8bf - - -] 192.168.0.10 - - [25/Feb/2016 20:46:32] "HEAD /v1/images/8a724f78-2673-4ea1-b607-373626a15afb HTTP/1.1" 200 817 0.320819
2016-02-25 20:46:50.735 1950 INFO eventlet.wsgi.server [req-507ce13c-ec8f-4547-b723-8e8c163b5e5a 9b1f9b36d7354b1ea121ccfbae339d8b 85a11a1515f94848be7aa5b56adec8bf - - -] 192.168.0.10 - - [25/Feb/2016 20:46:50] "GET /v1/images/detail?is_public=None&limit=20 HTTP/1.1" 200 713 0.266618
2016-02-25 20:48:22.419 1945 INFO eventlet.wsgi.server [req-3ca68b7d-790b-49df-b4dc-2d4576e12058 e9483918caa940a48fe882ba092c7e0b 300b2cc45c3846939e589310ae714e46 - - -] 192.168.0.10 - - [25/Feb/2016 20:48:22] "GET /v1/images/detail?sort_key=name&sort_dir=asc&limit=20 HTTP/1.1" 200 713 0.333153
2016-02-25 20:49:16.085 1946 WARNING oslo_config.cfg [req-326e5f35-fc88-43e2-9d1e-c94eb71a6860 e9483918caa940a48fe882ba092c7e0b 300b2cc45c3846939e589310ae714e46 - - -] Option "rabbit_virtual_host" from group "DEFAULT" is deprecated. Use option "rabbit_virtual_host" from group "oslo_messaging_rabbit".
2016-02-25 20:49:16.087 1946 WARNING oslo_config.cfg [req-326e5f35-fc88-43e2-9d1e-c94eb71a6860 e9483918caa940a48fe882ba092c7e0b 300b2cc45c3846939e589310ae714e46 - - -] Option "rabbit_hosts" from group "DEFAULT" is deprecated. Use option "rabbit_hosts" from group "oslo_messaging_rabbit".
2016-02-25 20:49:16.088 1946 WARNING oslo_config.cfg [req-326e5f35-fc88-43e2-9d1e-c94eb71a6860 e9483918caa940a48fe882ba092c7e0b 300b2cc45c3846939e589310ae714e46 - - -] Option "rabbit_port" from group "DEFAULT" is deprecated. Use option "rabbit_port" from group "oslo_messaging_rabbit".
2016-02-25 20:49:16.088 1946 WARNING oslo_config.cfg [req-326e5f35-fc88-43e2-9d1e-c94eb71a6860 e9483918caa940a48fe882ba092c7e0b 300b2cc45c3846939e589310ae714e46 - - -] Option "rabbit_userid" from group "DEFAULT" is deprecated. Use option "rabbit_userid" from group "oslo_messaging_rabbit".
2016-02-25 20:49:16.089 1946 WARNING oslo_config.cfg [req-326e5f35-fc88-43e2-9d1e-c94eb71a6860 e9483918caa940a48fe882ba092c7e0b 300b2cc45c3846939e589310ae714e46 - - -] Option "rabbit_password" from group "DEFAULT" is deprecated. Use option "rabbit_password" from group "oslo_messaging_rabbit".
2016-02-25 20:49:16.090 1946 WARNING oslo_config.cfg [req-326e5f35-fc88-43e2-9d1e-c94eb71a6860 e9483918caa940a48fe882ba092c7e0b 300b2cc45c3846939e589310ae714e46 - - -] Option "rabbit_use_ssl" from group "DEFAULT" is deprecated. Use option "rabbit_use_ssl" from group "oslo_messaging_rabbit".
2016-02-25 20:49:16.130 1946 INFO oslo_messaging._drivers.impl_rabbit [req-326e5f35-fc88-43e2-9d1e-c94eb71a6860 e9483918caa940a48fe882ba092c7e0b 300b2cc45c3846939e589310ae714e46 - - -] Connecting to AMQP server on 192.168.0.10:5672
2016-02-25 20:49:16.158 1946 INFO oslo_messaging._drivers.impl_rabbit [req-326e5f35-fc88-43e2-9d1e-c94eb71a6860 e9483918caa940a48fe882ba092c7e0b 300b2cc45c3846939e589310ae714e46 - - -] Connected to AMQP server on 192.168.0.10:5672
2016-02-25 20:49:16.159 1946 WARNING oslo_config.cfg [req-326e5f35-fc88-43e2-9d1e-c94eb71a6860 e9483918caa940a48fe882ba092c7e0b 300b2cc45c3846939e589310ae714e46 - - -] Option "rabbit_ha_queues" from group "DEFAULT" is deprecated. Use option "rabbit_ha_queues" from group "oslo_messaging_rabbit".
2016-02-25 20:49:16.877 1946 INFO eventlet.wsgi.server [req-326e5f35-fc88-43e2-9d1e-c94eb71a6860 e9483918caa940a48fe882ba092c7e0b 300b2cc45c3846939e589310ae714e46 - - -] 192.168.0.10 - - [25/Feb/2016 20:49:16] "POST /v1/images HTTP/1.1" 201 759 1.434157
2016-02-25 20:49:25.526 1946 INFO eventlet.wsgi.server [req-64057f51-60b0-4ad7-bde5-ac3455f91b15 e9483918caa940a48fe882ba092c7e0b 300b2cc45c3846939e589310ae714e46 - - -] 192.168.0.10 - - [25/Feb/2016 20:49:25] "GET /v1/images/detail?sort_key=name&sort_dir=asc&limit=20 HTTP/1.1" 200 1172 0.310847
2016-02-25 20:55:22.874 1945 INFO eventlet.wsgi.server [req-5a5e5684-b018-46a1-a850-b79e32a684f6 9b1f9b36d7354b1ea121ccfbae339d8b 85a11a1515f94848be7aa5b56adec8bf - - -] 192.168.0.10 - - [25/Feb/2016 20:55:22] "HEAD /v1/images/8a724f78-2673-4ea1-b607-373626a15afb HTTP/1.1" 200 817 0.238937
2016-02-25 20:56:33.258 1946 INFO eventlet.wsgi.server [req-a93288b7-1c73-4a09-a0d5-2f436ac7354d 9b1f9b36d7354b1ea121ccfbae339d8b 85a11a1515f94848be7aa5b56adec8bf - - -] 192.168.0.10 - - [25/Feb/2016 20:56:33] "HEAD /v1/images/8a724f78-2673-4ea1-b607-373626a15afb HTTP/1.1" 200 817 0.357762
2016-02-25 20:56:51.153 1946 INFO eventlet.wsgi.server [req-19eb5932-41a1-4a2c-bef7-ec2b0cf1236e 9b1f9b36d7354b1ea121ccfbae339d8b 85a11a1515f94848be7aa5b56adec8bf - - -] 192.168.0.10 - - [25/Feb/2016 20:56:51] "GET /v1/images/detail?is_public=None&limit=20 HTTP/1.1" 200 1172 0.362635
2016-02-25 21:04:16.151 1946 INFO eventlet.wsgi.server [req-c85f9590-a0e3-42f2-b1b4-5644b3d5d857 e9483918caa940a48fe882ba092c7e0b 300b2cc45c3846939e589310ae714e46 - - -] 192.168.0.10 - - [25/Feb/2016 21:04:16] "POST /v1/images HTTP/1.1" 201 759 1.496828
2016-02-25 21:04:28.553 1945 INFO eventlet.wsgi.server [req-455b134e-6839-44ec-b143-7656cdcca0bd e9483918caa940a48fe882ba092c7e0b 300b2cc45c3846939e589310ae714e46 - - -] 192.168.0.10 - - [25/Feb/2016 21:04:28] "GET /v1/images/detail?sort_key=name&sort_dir=asc&limit=20 HTTP/1.1" 200 1632 0.392795
2016-02-25 21:05:22.480 1946 INFO eventlet.wsgi.server [req-6bb36aa2-b10d-436d-9708-d579c3e05d4a 9b1f9b36d7354b1ea121ccfbae339d8b 85a11a1515f94848be7aa5b56adec8bf - - -] 192.168.0.10 - - [25/Feb/2016 21:05:22] "HEAD /v1/images/8a724f78-2673-4ea1-b607-373626a15afb HTTP/1.1" 200 817 0.232059
2016-02-25 21:06:32.923 1941 INFO eventlet.wsgi.server [req-8c622315-6425-4ea9-bb0b-650736d81f09 9b1f9b36d7354b1ea121ccfbae339d8b 85a11a1515f94848be7aa5b56adec8bf - - -] 192.168.0.10 - - [25/Feb/2016 21:06:32] "HEAD /v1/images/8a724f78-2673-4ea1-b607-373626a15afb HTTP/1.1" 200 817 0.398865
2016-02-25 21:06:38.023 1946 INFO eventlet.wsgi.server [req-944ea8cb-29f1-4fda-9ef1-7972cbb9036f e9483918caa940a48fe882ba092c7e0b 300b2cc45c3846939e589310ae714e46 - - -] 192.168.0.10 - - [25/Feb/2016 21:06:38] "GET /v1/images/detail?is_public=none&limit=20 HTTP/1.1" 200 1632 0.389001
2016-02-25 21:06:38.348 1950 INFO eventlet.wsgi.server [req-3a74d33f-072e-4bfd-a7c4-5cce387cdda1 e9483918caa940a48fe882ba092c7e0b 300b2cc45c3846939e589310ae714e46 - - -] 192.168.0.10 - - [25/Feb/2016 21:06:38] "HEAD /v1/images/10717506-1635-4d89-9004-c6438efc98c7 HTTP/1.1" 200 726 0.264685
2016-02-25 21:06:38.481 1950 INFO eventlet.wsgi.server [req-10741579-098f-4112-802c-b53d45d7d8a9 e9483918caa940a48fe882ba092c7e0b 300b2cc45c3846939e589310ae714e46 - - -] 192.168.0.10 - - [25/Feb/2016 21:06:38] "HEAD /v1/images/10717506-1635-4d89-9004-c6438efc98c7 HTTP/1.1" 200 726 0.128300
2016-02-25 21:06:38.628 1941 INFO eventlet.wsgi.server [req-79a18085-1cf1-4c99-b6eb-6b6746cb801e e9483918caa940a48fe882ba092c7e0b 300b2cc45c3846939e589310ae714e46 - - -] 192.168.0.10 - - [25/Feb/2016 21:06:38] "HEAD /v1/images/9535cff0-1980-4ac8-a702-a3b6234c88dd HTTP/1.1" 200 726 0.128002
2016-02-25 21:06:38.766 1941 INFO eventlet.wsgi.server [req-30534c52-c17a-45fc-949c-1ac52cafb3f6 e9483918caa940a48fe882ba092c7e0b 300b2cc45c3846939e589310ae714e46 - - -] 192.168.0.10 - - [25/Feb/2016 21:06:38] "HEAD /v1/images/9535cff0-1980-4ac8-a702-a3b6234c88dd HTTP/1.1" 200 726 0.133446
2016-02-25 21:06:50.691 1941 INFO eventlet.wsgi.server [req-7d4b5e3b-e1bb-4e61-ac94-e1be09bad16d 9b1f9b36d7354b1ea121ccfbae339d8b 85a11a1515f94848be7aa5b56adec8bf - - -] 192.168.0.10 - - [25/Feb/2016 21:06:50] "GET /v1/images/detail?is_public=None&limit=20 HTTP/1.1" 200 1632 0.304290
2016-02-25 21:08:34.096 1950 INFO eventlet.wsgi.server [req-6fc79cac-760b-4a48-9d92-08d1fb65f2c4 e9483918caa940a48fe882ba092c7e0b 300b2cc45c3846939e589310ae714e46 - - -] 192.168.0.10 - - [25/Feb/2016 21:08:34] "GET /v1/images/detail?sort_key=name&sort_dir=asc&limit=20 HTTP/1.1" 200 1632 0.289099
2016-02-25 21:11:26.876 1946 INFO eventlet.wsgi.server [req-88d8c5c2-1565-4770-80da-d057d193bebb e9483918caa940a48fe882ba092c7e0b 300b2cc45c3846939e589310ae714e46 - - -] 192.168.0.10 - - [25/Feb/2016 21:11:26] "GET /v1/images/detail?sort_key=name&sort_dir=asc&limit=20 HTTP/1.1" 200 1632 0.445849
2016-02-25 21:11:40.062 1945 INFO eventlet.wsgi.server [req-6cb34a86-b8a1-48b4-933a-4f3badf25df9 e9483918caa940a48fe882ba092c7e0b 300b2cc45c3846939e589310ae714e46 - - -] 192.168.0.10 - - [25/Feb/2016 21:11:40] "HEAD /v1/images/10717506-1635-4d89-9004-c6438efc98c7 HTTP/1.1" 200 726 0.390814
2016-02-25 21:11:40.183 1945 INFO eventlet.wsgi.server [req-02003ff5-4656-4cf0-aa86-cd31d58298ba e9483918caa940a48fe882ba092c7e0b 300b2cc45c3846939e589310ae714e46 - - -] 192.168.0.10 - - [25/Feb/2016 21:11:40] "HEAD /v1/images/10717506-1635-4d89-9004-c6438efc98c7 HTTP/1.1" 200 726 0.118238
2016-02-25 21:11:40.294 1945 WARNING glance.common.store_utils [req-643cfbe6-827f-4464-8991-375f5ce03742 e9483918caa940a48fe882ba092c7e0b 300b2cc45c3846939e589310ae714e46 - - -] Deleting images from this store is not supported.
2016-02-25 21:11:40.361 1945 WARNING oslo_config.cfg [req-643cfbe6-827f-4464-8991-375f5ce03742 e9483918caa940a48fe882ba092c7e0b 300b2cc45c3846939e589310ae714e46 - - -] Option "rabbit_virtual_host" from group "DEFAULT" is deprecated. Use option "rabbit_virtual_host" from group "oslo_messaging_rabbit".
2016-02-25 21:11:40.362 1945 WARNING oslo_config.cfg [req-643cfbe6-827f-4464-8991-375f5ce03742 e9483918caa940a48fe882ba092c7e0b 300b2cc45c3846939e589310ae714e46 - - -] Option "rabbit_hosts" from group "DEFAULT" is deprecated. Use option "rabbit_hosts" from group "oslo_messaging_rabbit".
2016-02-25 21:11:40.362 1945 WARNING oslo_config.cfg [req-643cfbe6-827f-4464-8991-375f5ce03742 e9483918caa940a48fe882ba092c7e0b 300b2cc45c3846939e589310ae714e46 - - -] Option "rabbit_port" from group "DEFAULT" is deprecated. Use option "rabbit_port" from group "oslo_messaging_rabbit".
2016-02-25 21:11:40.363 1945 WARNING oslo_config.cfg [req-643cfbe6-827f-4464-8991-375f5ce03742 e9483918caa940a48fe882ba092c7e0b 300b2cc45c3846939e589310ae714e46 - - -] Option "rabbit_userid" from group "DEFAULT" is deprecated. Use option "rabbit_userid" from group "oslo_messaging_rabbit".
2016-02-25 21:11:40.363 1945 WARNING oslo_config.cfg [req-643cfbe6-827f-4464-8991-375f5ce03742 e9483918caa940a48fe882ba092c7e0b 300b2cc45c3846939e589310ae714e46 - - -] Option "rabbit_password" from group "DEFAULT" is deprecated. Use option "rabbit_password" from group "oslo_messaging_rabbit".
2016-02-25 21:11:40.365 1945 WARNING oslo_config.cfg [req-643cfbe6-827f-4464-8991-375f5ce03742 e9483918caa940a48fe882ba092c7e0b 300b2cc45c3846939e589310ae714e46 - - -] Option "rabbit_use_ssl" from group "DEFAULT" is deprecated. Use option "rabbit_use_ssl" from group "oslo_messaging_rabbit".
2016-02-25 21:11:40.393 1945 INFO oslo_messaging._drivers.impl_rabbit [req-643cfbe6-827f-4464-8991-375f5ce03742 e9483918caa940a48fe882ba092c7e0b 300b2cc45c3846939e589310ae714e46 - - -] Connecting to AMQP server on 192.168.0.10:5672
2016-02-25 21:11:40.417 1945 INFO oslo_messaging._drivers.impl_rabbit [req-643cfbe6-827f-4464-8991-375f5ce03742 e9483918caa940a48fe882ba092c7e0b 300b2cc45c3846939e589310ae714e46 - - -] Connected to AMQP server on 192.168.0.10:5672
2016-02-25 21:11:40.418 1945 WARNING oslo_config.cfg [req-643cfbe6-827f-4464-8991-375f5ce03742 e9483918caa940a48fe882ba092c7e0b 300b2cc45c3846939e589310ae714e46 - - -] Option "rabbit_ha_queues" from group "DEFAULT" is deprecated. Use option "rabbit_ha_queues" from group "oslo_messaging_rabbit".
2016-02-25 21:11:40.432 1945 INFO eventlet.wsgi.server [req-643cfbe6-827f-4464-8991-375f5ce03742 e9483918caa940a48fe882ba092c7e0b 300b2cc45c3846939e589310ae714e46 - - -] 192.168.0.10 - - [25/Feb/2016 21:11:40] "DELETE /v1/images/10717506-1635-4d89-9004-c6438efc98c7 HTTP/1.1" 200 209 0.245588
2016-02-25 21:11:44.711 1945 INFO eventlet.wsgi.server [req-8d51d715-982d-4e0f-b1e7-ea06be02c59e e9483918caa940a48fe882ba092c7e0b 300b2cc45c3846939e589310ae714e46 - - -] 192.168.0.10 - - [25/Feb/2016 21:11:44] "GET /v1/images/detail?sort_key=name&sort_dir=asc&limit=20 HTTP/1.1" 200 1172 0.256988
2016-02-25 21:11:56.051 1941 INFO eventlet.wsgi.server [req-e156ed98-5e1f-49eb-bc57-93534d198f92 e9483918caa940a48fe882ba092c7e0b 300b2cc45c3846939e589310ae714e46 - - -] 192.168.0.10 - - [25/Feb/2016 21:11:56] "GET /v1/images/detail?is_public=none&limit=20 HTTP/1.1" 200 1172 0.251345
2016-02-25 21:11:56.119 1941 INFO eventlet.wsgi.server [req-7f49e94f-411b-41f2-820d-ee6c09ca6f1e e9483918caa940a48fe882ba092c7e0b 300b2cc45c3846939e589310ae714e46 - - -] 192.168.0.10 - - [25/Feb/2016 21:11:56] "HEAD /v1/images/9535cff0-1980-4ac8-a702-a3b6234c88dd HTTP/1.1" 200 726 0.029633
2016-02-25 21:11:56.152 1941 INFO eventlet.wsgi.server [req-1816ca7a-9c9c-4bdf-867a-43fe6ff1f7d3 e9483918caa940a48fe882ba092c7e0b 300b2cc45c3846939e589310ae714e46 - - -] 192.168.0.10 - - [25/Feb/2016 21:11:56] "HEAD /v1/images/9535cff0-1980-4ac8-a702-a3b6234c88dd HTTP/1.1" 200 726 0.028760
2016-02-25 21:11:56.297 1941 INFO eventlet.wsgi.server [req-145d8909-e68d-42e2-9262-c8d7c78fcb26 e9483918caa940a48fe882ba092c7e0b 300b2cc45c3846939e589310ae714e46 - - -] 192.168.0.10 - - [25/Feb/2016 21:11:56] "HEAD /v1/images/9535cff0-1980-4ac8-a702-a3b6234c88dd HTTP/1.1" 200 726 0.024045
2016-02-25 21:11:56.447 1941 INFO eventlet.wsgi.server [req-40ca58bc-4f81-4270-9428-fa6a28c4b963 e9483918caa940a48fe882ba092c7e0b 300b2cc45c3846939e589310ae714e46 - - -] 192.168.0.10 - - [25/Feb/2016 21:11:56] "HEAD /v1/images/9535cff0-1980-4ac8-a702-a3b6234c88dd HTTP/1.1" 200 726 0.145933
2016-02-25 21:11:57.294 1950 INFO eventlet.wsgi.server [req-a60b9e51-6d05-4798-a378-f6173b2cf884 e9483918caa940a48fe882ba092c7e0b 300b2cc45c3846939e589310ae714e46 - - -] 192.168.0.10 - - [25/Feb/2016 21:11:57] "HEAD /v1/images/9535cff0-1980-4ac8-a702-a3b6234c88dd HTTP/1.1" 200 726 0.197153
2016-02-25 21:11:57.430 1950 INFO eventlet.wsgi.server [req-dc07e246-6943-4f90-9779-8fac29f5b0b3 e9483918caa940a48fe882ba092c7e0b 300b2cc45c3846939e589310ae714e46 - - -] 192.168.0.10 - - [25/Feb/2016 21:11:57] "HEAD /v1/images/9535cff0-1980-4ac8-a702-a3b6234c88dd HTTP/1.1" 200 726 0.130538
2016-02-25 21:12:03.618 1945 INFO oslo_messaging._drivers.impl_rabbit [req-3cf19f29-4973-434c-9481-d690fd0b75fc e9483918caa940a48fe882ba092c7e0b 300b2cc45c3846939e589310ae714e46 - - -] Connecting to AMQP server on 192.168.0.10:5672
2016-02-25 21:12:03.644 1945 INFO oslo_messaging._drivers.impl_rabbit [req-3cf19f29-4973-434c-9481-d690fd0b75fc e9483918caa940a48fe882ba092c7e0b 300b2cc45c3846939e589310ae714e46 - - -] Connected to AMQP server on 192.168.0.10:5672
2016-02-25 21:12:03.660 1945 INFO eventlet.wsgi.server [req-3cf19f29-4973-434c-9481-d690fd0b75fc e9483918caa940a48fe882ba092c7e0b 300b2cc45c3846939e589310ae714e46 - - -] 192.168.0.13 - - [25/Feb/2016 21:12:03] "GET /v1/images/9535cff0-1980-4ac8-a702-a3b6234c88dd HTTP/1.1" 200 13288669 5.553458
2016-02-25 21:12:07.880 1945 INFO eventlet.wsgi.server [req-c906c121-fcda-4d14-9e60-e5b3e4c754f0 e9483918caa940a48fe882ba092c7e0b 300b2cc45c3846939e589310ae714e46 - - -] 192.168.0.10 - - [25/Feb/2016 21:12:07] "GET /v1/images/detail?sort_key=created_at&sort_dir=desc&limit=1000 HTTP/1.1" 200 1172 0.306671
2016-02-25 21:12:10.395 1946 INFO eventlet.wsgi.server [req-639e71ed-3ae7-4bfd-b56a-ded39d6e720d e9483918caa940a48fe882ba092c7e0b 300b2cc45c3846939e589310ae714e46 - - -] 192.168.0.10 - - [25/Feb/2016 21:12:10] "HEAD /v1/images/9535cff0-1980-4ac8-a702-a3b6234c88dd HTTP/1.1" 200 726 0.246457
2016-02-25 21:12:13.986 1941 INFO eventlet.wsgi.server [req-79d1ce8d-45a6-4141-87f7-828e678d824b e9483918caa940a48fe882ba092c7e0b 300b2cc45c3846939e589310ae714e46 - - -] 192.168.0.10 - - [25/Feb/2016 21:12:13] "HEAD /v1/images/9535cff0-1980-4ac8-a702-a3b6234c88dd HTTP/1.1" 200 726 0.255716
2016-02-25 21:12:20.002 1950 INFO eventlet.wsgi.server [req-316aa0a9-4b98-46c6-bc5c-27f2cc974b77 e9483918caa940a48fe882ba092c7e0b 300b2cc45c3846939e589310ae714e46 - - -] 192.168.0.10 - - [25/Feb/2016 21:12:20] "HEAD /v1/images/9535cff0-1980-4ac8-a702-a3b6234c88dd HTTP/1.1" 200 726 0.188650
2016-02-25 21:12:28.518 1945 INFO eventlet.wsgi.server [req-db6bc2e7-d260-491f-b700-75cffd4ed22d e9483918caa940a48fe882ba092c7e0b 300b2cc45c3846939e589310ae714e46 - - -] 192.168.0.10 - - [25/Feb/2016 21:12:28] "HEAD /v1/images/9535cff0-1980-4ac8-a702-a3b6234c88dd HTTP/1.1" 200 726 0.026362
2016-02-25 21:12:39.600 1941 INFO eventlet.wsgi.server [req-9e9b1551-f6cd-42a2-882b-35113d620443 e9483918caa940a48fe882ba092c7e0b 300b2cc45c3846939e589310ae714e46 - - -] 192.168.0.10 - - [25/Feb/2016 21:12:39] "HEAD /v1/images/9535cff0-1980-4ac8-a702-a3b6234c88dd HTTP/1.1" 200 726 0.189061
2016-02-25 21:12:53.196 1950 INFO eventlet.wsgi.server [req-9b8e210d-6fbe-4016-ba76-787e0ff15a10 e9483918caa940a48fe882ba092c7e0b 300b2cc45c3846939e589310ae714e46 - - -] 192.168.0.10 - - [25/Feb/2016 21:12:53] "HEAD /v1/images/9535cff0-1980-4ac8-a702-a3b6234c88dd HTTP/1.1" 200 726 0.065158
2016-02-25 21:13:09.485 1950 INFO eventlet.wsgi.server [req-8077b746-1f49-4325-a550-014bc2b01752 e9483918caa940a48fe882ba092c7e0b 300b2cc45c3846939e589310ae714e46 - - -] 192.168.0.10 - - [25/Feb/2016 21:13:09] "HEAD /v1/images/9535cff0-1980-4ac8-a702-a3b6234c88dd HTTP/1.1" 200 726 0.063919
2016-02-25 21:13:27.735 1945 INFO eventlet.wsgi.server [req-54e69ba2-6e4d-48fa-8226-2f12b06f7bf9 e9483918caa940a48fe882ba092c7e0b 300b2cc45c3846939e589310ae714e46 - - -] 192.168.0.10 - - [25/Feb/2016 21:13:27] "HEAD /v1/images/9535cff0-1980-4ac8-a702-a3b6234c88dd HTTP/1.1" 200 726 0.038612
2016-02-25 21:15:22.476 1946 INFO eventlet.wsgi.server [req-d9ba1a20-337c-43ee-b365-aa224aafdf79 9b1f9b36d7354b1ea121ccfbae339d8b 85a11a1515f94848be7aa5b56adec8bf - - -] 192.168.0.10 - - [25/Feb/2016 21:15:22] "HEAD /v1/images/8a724f78-2673-4ea1-b607-373626a15afb HTTP/1.1" 200 817 0.244628
2016-02-25 21:16:32.670 1950 INFO eventlet.wsgi.server [req-a787c1fb-7422-446e-8de6-4290f30ade77 9b1f9b36d7354b1ea121ccfbae339d8b 85a11a1515f94848be7aa5b56adec8bf - - -] 192.168.0.10 - - [25/Feb/2016 21:16:32] "HEAD /v1/images/9535cff0-1980-4ac8-a702-a3b6234c88dd HTTP/1.1" 200 726 0.220854
2016-02-25 21:16:32.805 1950 INFO eventlet.wsgi.server [req-83dbbf8c-ef09-4472-9cbe-4479dc1ac25b 9b1f9b36d7354b1ea121ccfbae339d8b 85a11a1515f94848be7aa5b56adec8bf - - -] 192.168.0.10 - - [25/Feb/2016 21:16:32] "HEAD /v1/images/9535cff0-1980-4ac8-a702-a3b6234c88dd HTTP/1.1" 200 726 0.130249
2016-02-25 21:16:33.100 1946 INFO eventlet.wsgi.server [req-35fe920f-4bcb-4204-b4a0-6b1e038e3d9f 9b1f9b36d7354b1ea121ccfbae339d8b 85a11a1515f94848be7aa5b56adec8bf - - -] 192.168.0.10 - - [25/Feb/2016 21:16:33] "HEAD /v1/images/8a724f78-2673-4ea1-b607-373626a15afb HTTP/1.1" 200 817 0.222168
2016-02-25 21:16:50.480 1946 INFO eventlet.wsgi.server [req-acbe75ab-0394-466e-86fb-5fbf5ae0b4ad 9b1f9b36d7354b1ea121ccfbae339d8b 85a11a1515f94848be7aa5b56adec8bf - - -] 192.168.0.10 - - [25/Feb/2016 21:16:50] "GET /v1/images/detail?is_public=None&limit=20 HTTP/1.1" 200 1172 0.229836
2016-02-25 21:25:22.627 1941 INFO eventlet.wsgi.server [req-89efaa4d-1adf-4d72-8739-f026961546c7 9b1f9b36d7354b1ea121ccfbae339d8b 85a11a1515f94848be7aa5b56adec8bf - - -] 192.168.0.10 - - [25/Feb/2016 21:25:22] "HEAD /v1/images/8a724f78-2673-4ea1-b607-373626a15afb HTTP/1.1" 200 817 0.287560
2016-02-25 21:26:32.729 1945 INFO eventlet.wsgi.server [req-b20f1c5d-f5ca-4a5e-935c-c76592541b4c 9b1f9b36d7354b1ea121ccfbae339d8b 85a11a1515f94848be7aa5b56adec8bf - - -] 192.168.0.10 - - [25/Feb/2016 21:26:32] "HEAD /v1/images/9535cff0-1980-4ac8-a702-a3b6234c88dd HTTP/1.1" 200 726 0.246892
2016-02-25 21:26:32.873 1945 INFO eventlet.wsgi.server [req-bf2c561d-4eb4-40cc-8ea3-60ee18d080dc 9b1f9b36d7354b1ea121ccfbae339d8b 85a11a1515f94848be7aa5b56adec8bf - - -] 192.168.0.10 - - [25/Feb/2016 21:26:32] "HEAD /v1/images/9535cff0-1980-4ac8-a702-a3b6234c88dd HTTP/1.1" 200 726 0.138841
2016-02-25 21:26:33.025 1950 INFO eventlet.wsgi.server [req-063d375d-e20f-4660-8994-8943482aefeb 9b1f9b36d7354b1ea121ccfbae339d8b 85a11a1515f94848be7aa5b56adec8bf - - -] 192.168.0.10 - - [25/Feb/2016 21:26:33] "HEAD /v1/images/8a724f78-2673-4ea1-b607-373626a15afb HTTP/1.1" 200 817 0.122866
2016-02-25 21:26:50.625 1941 INFO eventlet.wsgi.server [req-77e8744e-d5b8-4c76-90d0-7e7981532668 9b1f9b36d7354b1ea121ccfbae339d8b 85a11a1515f94848be7aa5b56adec8bf - - -] 192.168.0.10 - - [25/Feb/2016 21:26:50] "GET /v1/images/detail?is_public=None&limit=20 HTTP/1.1" 200 1172 0.343506
