2016-02-25 21:12:13.980 1866 INFO eventlet.wsgi.server [req-2f2ac7ab-ffb9-4289-927b-91a0fd0e2ac2 e9483918caa940a48fe882ba092c7e0b 300b2cc45c3846939e589310ae714e46 - - -] 127.0.0.1 - - [25/Feb/2016 21:12:13] "GET /images/9535cff0-1980-4ac8-a702-a3b6234c88dd HTTP/1.1" 200 891 0.131440
2016-02-25 21:12:19.993 1862 INFO eventlet.wsgi.server [req-533948da-d04d-44a4-a33e-dd0c3e208501 e9483918caa940a48fe882ba092c7e0b 300b2cc45c3846939e589310ae714e46 - - -] 127.0.0.1 - - [25/Feb/2016 21:12:19] "GET /images/9535cff0-1980-4ac8-a702-a3b6234c88dd HTTP/1.1" 200 891 0.028090
2016-02-25 21:12:28.514 1866 INFO eventlet.wsgi.server [req-71ca5843-717f-45af-9eb5-4272b370b5ff e9483918caa940a48fe882ba092c7e0b 300b2cc45c3846939e589310ae714e46 - - -] 127.0.0.1 - - [25/Feb/2016 21:12:28] "GET /images/9535cff0-1980-4ac8-a702-a3b6234c88dd HTTP/1.1" 200 891 0.016718
2016-02-25 21:12:39.595 1868 INFO eventlet.wsgi.server [req-b59f7361-99bc-4631-ad77-84a593314da2 e9483918caa940a48fe882ba092c7e0b 300b2cc45c3846939e589310ae714e46 - - -] 127.0.0.1 - - [25/Feb/2016 21:12:39] "GET /images/9535cff0-1980-4ac8-a702-a3b6234c88dd HTTP/1.1" 200 891 0.157618
2016-02-25 21:12:53.189 1858 INFO eventlet.wsgi.server [req-7430c61e-c856-4c5d-8bbc-da7f14e4b77d e9483918caa940a48fe882ba092c7e0b 300b2cc45c3846939e589310ae714e46 - - -] 127.0.0.1 - - [25/Feb/2016 21:12:53] "GET /images/9535cff0-1980-4ac8-a702-a3b6234c88dd HTTP/1.1" 200 891 0.042058
2016-02-25 21:13:09.479 1862 INFO eventlet.wsgi.server [req-0b5eb151-35f6-46af-8a27-e5cbe69a9aa7 e9483918caa940a48fe882ba092c7e0b 300b2cc45c3846939e589310ae714e46 - - -] 127.0.0.1 - - [25/Feb/2016 21:13:09] "GET /images/9535cff0-1980-4ac8-a702-a3b6234c88dd HTTP/1.1" 200 891 0.037775
2016-02-25 21:13:27.730 1866 INFO eventlet.wsgi.server [req-57dc883d-984b-4bc0-81bf-d3b3b4798775 e9483918caa940a48fe882ba092c7e0b 300b2cc45c3846939e589310ae714e46 - - -] 127.0.0.1 - - [25/Feb/2016 21:13:27] "GET /images/9535cff0-1980-4ac8-a702-a3b6234c88dd HTTP/1.1" 200 891 0.022808
2016-02-25 21:15:22.471 1862 INFO eventlet.wsgi.server [req-31a34764-48c0-4994-a20a-a471aec058fc 9b1f9b36d7354b1ea121ccfbae339d8b 85a11a1515f94848be7aa5b56adec8bf - - -] 127.0.0.1 - - [25/Feb/2016 21:15:22] "GET /images/8a724f78-2673-4ea1-b607-373626a15afb HTTP/1.1" 200 911 0.124495
2016-02-25 21:16:32.666 1858 INFO eventlet.wsgi.server [req-550faea4-38e0-4706-bd17-2474a817d1cb 9b1f9b36d7354b1ea121ccfbae339d8b 85a11a1515f94848be7aa5b56adec8bf - - -] 127.0.0.1 - - [25/Feb/2016 21:16:32] "GET /images/9535cff0-1980-4ac8-a702-a3b6234c88dd HTTP/1.1" 200 891 0.113033
2016-02-25 21:16:32.796 1866 INFO eventlet.wsgi.server [req-81e01155-0d9d-4c07-861a-0fc7c38f4154 9b1f9b36d7354b1ea121ccfbae339d8b 85a11a1515f94848be7aa5b56adec8bf - - -] 127.0.0.1 - - [25/Feb/2016 21:16:32] "GET /images/9535cff0-1980-4ac8-a702-a3b6234c88dd HTTP/1.1" 200 891 0.113848
2016-02-25 21:16:33.097 1868 INFO eventlet.wsgi.server [req-8113b2e3-600a-490b-ad40-21cf10cb4059 9b1f9b36d7354b1ea121ccfbae339d8b 85a11a1515f94848be7aa5b56adec8bf - - -] 127.0.0.1 - - [25/Feb/2016 21:16:33] "GET /images/8a724f78-2673-4ea1-b607-373626a15afb HTTP/1.1" 200 911 0.117717
2016-02-25 21:16:50.477 1858 INFO eventlet.wsgi.server [req-22607527-4dd1-43b7-93e3-3af8668faf03 9b1f9b36d7354b1ea121ccfbae339d8b 85a11a1515f94848be7aa5b56adec8bf - - -] 127.0.0.1 - - [25/Feb/2016 21:16:50] "GET /images/detail?is_public=None&limit=20 HTTP/1.1" 200 1603 0.135056
2016-02-25 21:25:22.623 1858 INFO eventlet.wsgi.server [req-90f01ac2-3ef8-4694-a282-b0f0505bac89 9b1f9b36d7354b1ea121ccfbae339d8b 85a11a1515f94848be7aa5b56adec8bf - - -] 127.0.0.1 - - [25/Feb/2016 21:25:22] "GET /images/8a724f78-2673-4ea1-b607-373626a15afb HTTP/1.1" 200 911 0.158604
2016-02-25 21:26:32.726 1866 INFO eventlet.wsgi.server [req-401ace19-6da9-491b-a97b-454d1b29efc0 9b1f9b36d7354b1ea121ccfbae339d8b 85a11a1515f94848be7aa5b56adec8bf - - -] 127.0.0.1 - - [25/Feb/2016 21:26:32] "GET /images/9535cff0-1980-4ac8-a702-a3b6234c88dd HTTP/1.1" 200 891 0.132818
2016-02-25 21:26:32.868 1862 INFO eventlet.wsgi.server [req-6e86baf6-f3c7-479c-834c-656312d634f6 9b1f9b36d7354b1ea121ccfbae339d8b 85a11a1515f94848be7aa5b56adec8bf - - -] 127.0.0.1 - - [25/Feb/2016 21:26:32] "GET /images/9535cff0-1980-4ac8-a702-a3b6234c88dd HTTP/1.1" 200 891 0.126112
2016-02-25 21:26:33.022 1866 INFO eventlet.wsgi.server [req-83b47616-86fe-47a4-a21a-264fb6f6e7d3 9b1f9b36d7354b1ea121ccfbae339d8b 85a11a1515f94848be7aa5b56adec8bf - - -] 127.0.0.1 - - [25/Feb/2016 21:26:33] "GET /images/8a724f78-2673-4ea1-b607-373626a15afb HTTP/1.1" 200 911 0.018152
2016-02-25 21:26:50.622 1868 INFO eventlet.wsgi.server [req-91b7a75b-18ea-4488-a42d-f7038f11411d 9b1f9b36d7354b1ea121ccfbae339d8b 85a11a1515f94848be7aa5b56adec8bf - - -] 127.0.0.1 - - [25/Feb/2016 21:26:50] "GET /images/detail?is_public=None&limit=20 HTTP/1.1" 200 1603 0.124788
2016-02-25 21:32:54.557 1866 INFO eventlet.wsgi.server [req-c12cdf7f-e198-4c88-a54a-4a44bb4ac598 e9483918caa940a48fe882ba092c7e0b 300b2cc45c3846939e589310ae714e46 - - -] 127.0.0.1 - - [25/Feb/2016 21:32:54] "GET /images/detail?is_public=none&limit=20 HTTP/1.1" 200 1603 0.123408
2016-02-25 21:32:54.816 1862 INFO eventlet.wsgi.server [req-04cb48ce-3a5f-4a13-ac38-bcd6a5ca4d82 e9483918caa940a48fe882ba092c7e0b 300b2cc45c3846939e589310ae714e46 - - -] 127.0.0.1 - - [25/Feb/2016 21:32:54] "GET /images/9535cff0-1980-4ac8-a702-a3b6234c88dd HTTP/1.1" 200 891 0.124248
2016-02-25 21:32:54.967 1868 INFO eventlet.wsgi.server [req-8fb97410-5bb3-4eb0-8ac6-4446fa8f7d66 e9483918caa940a48fe882ba092c7e0b 300b2cc45c3846939e589310ae714e46 - - -] 127.0.0.1 - - [25/Feb/2016 21:32:54] "GET /images/9535cff0-1980-4ac8-a702-a3b6234c88dd HTTP/1.1" 200 891 0.136210
2016-02-25 21:32:55.222 1858 INFO eventlet.wsgi.server [req-53fffb8d-f8c5-4ea7-bedc-8fc96e8cd196 e9483918caa940a48fe882ba092c7e0b 300b2cc45c3846939e589310ae714e46 - - -] 127.0.0.1 - - [25/Feb/2016 21:32:55] "GET /images/9535cff0-1980-4ac8-a702-a3b6234c88dd HTTP/1.1" 200 891 0.129009
2016-02-25 21:32:55.251 1858 INFO eventlet.wsgi.server [req-6e90b2a1-042e-461e-8b0d-1ce8ac481946 e9483918caa940a48fe882ba092c7e0b 300b2cc45c3846939e589310ae714e46 - - -] 127.0.0.1 - - [25/Feb/2016 21:32:55] "GET /images/9535cff0-1980-4ac8-a702-a3b6234c88dd HTTP/1.1" 200 891 0.016977
2016-02-25 21:32:55.925 1862 INFO eventlet.wsgi.server [req-4da70131-8951-463f-8bd0-1cd4c205dccc e9483918caa940a48fe882ba092c7e0b 300b2cc45c3846939e589310ae714e46 - - -] 127.0.0.1 - - [25/Feb/2016 21:32:55] "GET /images/9535cff0-1980-4ac8-a702-a3b6234c88dd HTTP/1.1" 200 891 0.015837
2016-02-25 21:32:55.955 1862 INFO eventlet.wsgi.server [req-89977079-11e8-4735-9b14-c7de3b0cd29c e9483918caa940a48fe882ba092c7e0b 300b2cc45c3846939e589310ae714e46 - - -] 127.0.0.1 - - [25/Feb/2016 21:32:55] "GET /images/9535cff0-1980-4ac8-a702-a3b6234c88dd HTTP/1.1" 200 891 0.014422
2016-02-25 21:32:57.365 1866 INFO eventlet.wsgi.server [req-1dcf278b-d7d9-4e81-b93f-b51f04c84b1d e9483918caa940a48fe882ba092c7e0b 300b2cc45c3846939e589310ae714e46 - - -] 127.0.0.1 - - [25/Feb/2016 21:32:57] "GET /images/9535cff0-1980-4ac8-a702-a3b6234c88dd HTTP/1.1" 200 891 0.028353
2016-02-25 21:33:05.072 1868 INFO eventlet.wsgi.server [req-7679bd56-c93e-4c95-be88-5ac64c05d032 e9483918caa940a48fe882ba092c7e0b 300b2cc45c3846939e589310ae714e46 - - -] 127.0.0.1 - - [25/Feb/2016 21:33:05] "GET /images/detail?sort_key=created_at&sort_dir=desc&limit=1000 HTTP/1.1" 200 1603 0.175616
2016-02-25 21:33:07.319 1866 INFO eventlet.wsgi.server [req-8ed29ada-ad6c-4572-97e2-b41187536303 e9483918caa940a48fe882ba092c7e0b 300b2cc45c3846939e589310ae714e46 - - -] 127.0.0.1 - - [25/Feb/2016 21:33:07] "GET /images/9535cff0-1980-4ac8-a702-a3b6234c88dd HTTP/1.1" 200 891 0.165197
2016-02-25 21:33:10.815 1868 INFO eventlet.wsgi.server [req-243e02a4-7444-444f-994c-550c8ea2054e e9483918caa940a48fe882ba092c7e0b 300b2cc45c3846939e589310ae714e46 - - -] 127.0.0.1 - - [25/Feb/2016 21:33:10] "GET /images/9535cff0-1980-4ac8-a702-a3b6234c88dd HTTP/1.1" 200 891 0.020767
2016-02-25 21:33:16.943 1862 INFO eventlet.wsgi.server [req-105b9b32-ea29-4d45-bcba-20554cb859f6 e9483918caa940a48fe882ba092c7e0b 300b2cc45c3846939e589310ae714e46 - - -] 127.0.0.1 - - [25/Feb/2016 21:33:16] "GET /images/9535cff0-1980-4ac8-a702-a3b6234c88dd HTTP/1.1" 200 891 0.147712
2016-02-25 21:33:25.574 1858 INFO eventlet.wsgi.server [req-52077642-d3e7-4633-99a5-6052bd7fd2a9 e9483918caa940a48fe882ba092c7e0b 300b2cc45c3846939e589310ae714e46 - - -] 127.0.0.1 - - [25/Feb/2016 21:33:25] "GET /images/9535cff0-1980-4ac8-a702-a3b6234c88dd HTTP/1.1" 200 891 0.189303
2016-02-25 21:33:36.647 1862 INFO eventlet.wsgi.server [req-5c70c355-13d0-4ac2-b5d3-9de109efdd34 e9483918caa940a48fe882ba092c7e0b 300b2cc45c3846939e589310ae714e46 - - -] 127.0.0.1 - - [25/Feb/2016 21:33:36] "GET /images/9535cff0-1980-4ac8-a702-a3b6234c88dd HTTP/1.1" 200 891 0.036034
2016-02-25 21:33:50.155 1858 INFO eventlet.wsgi.server [req-ad179698-f2d4-420a-85eb-255688527de6 e9483918caa940a48fe882ba092c7e0b 300b2cc45c3846939e589310ae714e46 - - -] 127.0.0.1 - - [25/Feb/2016 21:33:50] "GET /images/9535cff0-1980-4ac8-a702-a3b6234c88dd HTTP/1.1" 200 891 0.034044
2016-02-25 21:33:54.326 1858 INFO eventlet.wsgi.server [req-8584b9a4-84b5-4148-9603-2917288e5be2 e9483918caa940a48fe882ba092c7e0b 300b2cc45c3846939e589310ae714e46 - - -] 127.0.0.1 - - [25/Feb/2016 21:33:54] "GET /images/9535cff0-1980-4ac8-a702-a3b6234c88dd HTTP/1.1" 200 891 0.026490
2016-02-25 21:34:21.063 1868 INFO eventlet.wsgi.server [req-131f4ec6-54bf-40ca-9d70-cb567b2ffb52 e9483918caa940a48fe882ba092c7e0b 300b2cc45c3846939e589310ae714e46 - - -] 127.0.0.1 - - [25/Feb/2016 21:34:21] "GET /images/detail?sort_key=created_at&sort_dir=desc&limit=1000 HTTP/1.1" 200 1603 0.103471
2016-02-25 21:34:38.769 1866 INFO eventlet.wsgi.server [req-11c9f643-b45e-49d8-9e4c-830d7086cd45 e9483918caa940a48fe882ba092c7e0b 300b2cc45c3846939e589310ae714e46 - - -] 127.0.0.1 - - [25/Feb/2016 21:34:38] "GET /images/detail?sort_key=created_at&sort_dir=desc&limit=1000 HTTP/1.1" 200 1603 0.074882
2016-02-25 21:35:22.603 1866 INFO eventlet.wsgi.server [req-a853d03b-3b24-4676-a7ed-a034443cc021 9b1f9b36d7354b1ea121ccfbae339d8b 85a11a1515f94848be7aa5b56adec8bf - - -] 127.0.0.1 - - [25/Feb/2016 21:35:22] "GET /images/9535cff0-1980-4ac8-a702-a3b6234c88dd HTTP/1.1" 200 891 0.129705
2016-02-25 21:35:22.754 1868 INFO eventlet.wsgi.server [req-8aa86138-e322-4cb3-ba62-22e03f1e94e8 9b1f9b36d7354b1ea121ccfbae339d8b 85a11a1515f94848be7aa5b56adec8bf - - -] 127.0.0.1 - - [25/Feb/2016 21:35:22] "GET /images/9535cff0-1980-4ac8-a702-a3b6234c88dd HTTP/1.1" 200 891 0.131456
2016-02-25 21:35:22.947 1866 INFO eventlet.wsgi.server [req-3840313f-3967-4b38-90f3-e9eee81c0bf9 9b1f9b36d7354b1ea121ccfbae339d8b 85a11a1515f94848be7aa5b56adec8bf - - -] 127.0.0.1 - - [25/Feb/2016 21:35:22] "GET /images/8a724f78-2673-4ea1-b607-373626a15afb HTTP/1.1" 200 911 0.021645
2016-02-25 21:36:29.290 1862 INFO eventlet.wsgi.server [req-ba03786d-60cb-437e-8906-3f2cde91f630 e9483918caa940a48fe882ba092c7e0b 300b2cc45c3846939e589310ae714e46 - - -] 127.0.0.1 - - [25/Feb/2016 21:36:29] "GET /images/detail?status=active&is_public=True&limit=1000&sort_dir=desc&sort_key=created_at HTTP/1.1" 200 1603 0.056703
2016-02-25 21:36:29.353 1862 INFO eventlet.wsgi.server [req-23fb01c7-1904-49f5-8e5e-6221eb0adb9e e9483918caa940a48fe882ba092c7e0b 300b2cc45c3846939e589310ae714e46 - - -] 127.0.0.1 - - [25/Feb/2016 21:36:29] "GET /images/detail?status=active&sort_key=created_at&property-owner_id=300b2cc45c3846939e589310ae714e46&limit=1000&sort_dir=desc HTTP/1.1" 200 207 0.049764
2016-02-25 21:36:32.880 1868 INFO eventlet.wsgi.server [req-2aa1cabf-7c8f-42ba-bbf9-1b971d1a0de3 9b1f9b36d7354b1ea121ccfbae339d8b 85a11a1515f94848be7aa5b56adec8bf - - -] 127.0.0.1 - - [25/Feb/2016 21:36:32] "GET /images/9535cff0-1980-4ac8-a702-a3b6234c88dd HTTP/1.1" 200 891 0.140656
2016-02-25 21:36:32.916 1868 INFO eventlet.wsgi.server [req-7085da03-e067-478b-bc7c-ddc860bce1c1 9b1f9b36d7354b1ea121ccfbae339d8b 85a11a1515f94848be7aa5b56adec8bf - - -] 127.0.0.1 - - [25/Feb/2016 21:36:32] "GET /images/9535cff0-1980-4ac8-a702-a3b6234c88dd HTTP/1.1" 200 891 0.017392
2016-02-25 21:36:33.243 1866 INFO eventlet.wsgi.server [req-8f178e4e-ef2c-43b5-b1ee-ac2db1d452c5 9b1f9b36d7354b1ea121ccfbae339d8b 85a11a1515f94848be7aa5b56adec8bf - - -] 127.0.0.1 - - [25/Feb/2016 21:36:33] "GET /images/8a724f78-2673-4ea1-b607-373626a15afb HTTP/1.1" 200 911 0.169255
2016-02-25 21:36:50.503 1868 INFO eventlet.wsgi.server [req-eb5f67dd-5481-4ddb-9d5a-d6b98fbfa8d6 9b1f9b36d7354b1ea121ccfbae339d8b 85a11a1515f94848be7aa5b56adec8bf - - -] 127.0.0.1 - - [25/Feb/2016 21:36:50] "GET /images/detail?is_public=None&limit=20 HTTP/1.1" 200 1603 0.123760
2016-02-25 21:37:37.289 1858 INFO eventlet.wsgi.server [req-50996e06-bbad-4194-95ee-26fb9a261403 e9483918caa940a48fe882ba092c7e0b 300b2cc45c3846939e589310ae714e46 - - -] 127.0.0.1 - - [25/Feb/2016 21:37:37] "GET /images/detail?status=active&is_public=True&limit=1000&sort_dir=desc&sort_key=created_at HTTP/1.1" 200 1603 0.063705
2016-02-25 21:37:37.353 1858 INFO eventlet.wsgi.server [req-84875dc9-dd5b-405a-8956-34bf46c27798 e9483918caa940a48fe882ba092c7e0b 300b2cc45c3846939e589310ae714e46 - - -] 127.0.0.1 - - [25/Feb/2016 21:37:37] "GET /images/detail?status=active&sort_key=created_at&property-owner_id=300b2cc45c3846939e589310ae714e46&limit=1000&sort_dir=desc HTTP/1.1" 200 207 0.045912
2016-02-25 21:38:01.177 1868 INFO eventlet.wsgi.server [req-37f5ec3b-caa5-4981-b3b8-6300d95df5cc e9483918caa940a48fe882ba092c7e0b 300b2cc45c3846939e589310ae714e46 - - -] 127.0.0.1 - - [25/Feb/2016 21:38:01] "GET /images/detail?status=active&is_public=True&limit=1000&sort_dir=desc&sort_key=created_at HTTP/1.1" 200 1603 0.060270
2016-02-25 21:38:01.258 1862 INFO eventlet.wsgi.server [req-ab4b30b5-c794-49cd-aabb-d33cc74d1ae6 e9483918caa940a48fe882ba092c7e0b 300b2cc45c3846939e589310ae714e46 - - -] 127.0.0.1 - - [25/Feb/2016 21:38:01] "GET /images/detail?status=active&sort_key=created_at&property-owner_id=300b2cc45c3846939e589310ae714e46&limit=1000&sort_dir=desc HTTP/1.1" 200 207 0.063973
2016-02-25 21:38:02.686 1868 INFO eventlet.wsgi.server [req-7f86c0f2-4954-4769-a404-7e0984d487f0 e9483918caa940a48fe882ba092c7e0b 300b2cc45c3846939e589310ae714e46 - - -] 127.0.0.1 - - [25/Feb/2016 21:38:02] "GET /images/9535cff0-1980-4ac8-a702-a3b6234c88dd HTTP/1.1" 200 891 0.019805
2016-02-25 21:38:02.734 1868 INFO eventlet.wsgi.server [req-2117d7f4-df0c-4dab-9f6b-579803babf80 e9483918caa940a48fe882ba092c7e0b 300b2cc45c3846939e589310ae714e46 - - -] 127.0.0.1 - - [25/Feb/2016 21:38:02] "GET /images/9535cff0-1980-4ac8-a702-a3b6234c88dd HTTP/1.1" 200 891 0.024808
2016-02-25 21:38:03.020 1868 INFO eventlet.wsgi.server [req-660a236b-5cb9-4835-90e2-996b5884bbf9 e9483918caa940a48fe882ba092c7e0b 300b2cc45c3846939e589310ae714e46 - - -] 127.0.0.1 - - [25/Feb/2016 21:38:03] "GET /images/9535cff0-1980-4ac8-a702-a3b6234c88dd HTTP/1.1" 200 891 0.015032
2016-02-25 21:38:03.066 1868 INFO eventlet.wsgi.server [req-ffac160f-f41f-4a7c-afbd-773628e0d8c8 e9483918caa940a48fe882ba092c7e0b 300b2cc45c3846939e589310ae714e46 - - -] 127.0.0.1 - - [25/Feb/2016 21:38:03] "GET /images/9535cff0-1980-4ac8-a702-a3b6234c88dd HTTP/1.1" 200 891 0.024394
2016-02-25 21:38:04.773 1868 INFO eventlet.wsgi.server [req-373af486-8788-44b1-ab34-d83bc3d745ca e9483918caa940a48fe882ba092c7e0b 300b2cc45c3846939e589310ae714e46 - - -] 127.0.0.1 - - [25/Feb/2016 21:38:04] "GET /images/9535cff0-1980-4ac8-a702-a3b6234c88dd HTTP/1.1" 200 891 0.045839
2016-02-25 21:38:04.801 1858 INFO eventlet.wsgi.server [req-66598d56-4c07-48f0-9d0b-1fdb9bed0142 e9483918caa940a48fe882ba092c7e0b 300b2cc45c3846939e589310ae714e46 - - -] 127.0.0.1 - - [25/Feb/2016 21:38:04] "GET /images/detail?sort_key=created_at&sort_dir=desc&limit=1000 HTTP/1.1" 200 1603 0.146545
2016-02-25 21:38:04.877 1862 INFO eventlet.wsgi.server [req-844b56f0-8cf4-41cd-9c08-392b287f670f e9483918caa940a48fe882ba092c7e0b 300b2cc45c3846939e589310ae714e46 - - -] 127.0.0.1 - - [25/Feb/2016 21:38:04] "GET /images/9535cff0-1980-4ac8-a702-a3b6234c88dd HTTP/1.1" 200 891 0.054193
2016-02-25 21:38:05.640 1858 INFO eventlet.wsgi.server [req-a367cb8e-b09c-48e1-8273-1990a9d363a0 e9483918caa940a48fe882ba092c7e0b 300b2cc45c3846939e589310ae714e46 - - -] 127.0.0.1 - - [25/Feb/2016 21:38:05] "GET /images/9535cff0-1980-4ac8-a702-a3b6234c88dd HTTP/1.1" 200 891 0.019653
2016-02-25 21:38:05.670 1858 INFO eventlet.wsgi.server [req-3b85db0b-388f-4a1d-b118-721edfa67738 e9483918caa940a48fe882ba092c7e0b 300b2cc45c3846939e589310ae714e46 - - -] 127.0.0.1 - - [25/Feb/2016 21:38:05] "GET /images/9535cff0-1980-4ac8-a702-a3b6234c88dd HTTP/1.1" 200 891 0.014847
2016-02-25 21:38:06.886 1862 INFO eventlet.wsgi.server [req-58964d6d-909e-4f80-a886-01ad306f593b e9483918caa940a48fe882ba092c7e0b 300b2cc45c3846939e589310ae714e46 - - -] 127.0.0.1 - - [25/Feb/2016 21:38:06] "GET /images/9535cff0-1980-4ac8-a702-a3b6234c88dd HTTP/1.1" 200 891 0.026007
2016-02-25 21:38:07.101 1868 INFO eventlet.wsgi.server [req-3fa7fffa-5569-4fbf-8ab5-405d2f9cafa8 e9483918caa940a48fe882ba092c7e0b 300b2cc45c3846939e589310ae714e46 - - -] 127.0.0.1 - - [25/Feb/2016 21:38:07] "GET /images/9535cff0-1980-4ac8-a702-a3b6234c88dd HTTP/1.1" 200 891 0.192830
2016-02-25 21:38:08.192 1868 INFO eventlet.wsgi.server [req-b3e5e7f0-be1b-4abb-ae10-73bacf410fde e9483918caa940a48fe882ba092c7e0b 300b2cc45c3846939e589310ae714e46 - - -] 127.0.0.1 - - [25/Feb/2016 21:38:08] "GET /images/9535cff0-1980-4ac8-a702-a3b6234c88dd HTTP/1.1" 200 891 0.036878
2016-02-25 21:38:08.247 1868 INFO eventlet.wsgi.server [req-0b223386-36b5-45cb-822e-370efab1f2be e9483918caa940a48fe882ba092c7e0b 300b2cc45c3846939e589310ae714e46 - - -] 127.0.0.1 - - [25/Feb/2016 21:38:08] "GET /images/9535cff0-1980-4ac8-a702-a3b6234c88dd HTTP/1.1" 200 891 0.034617
2016-02-25 21:38:08.679 1858 INFO eventlet.wsgi.server [req-da003449-5876-4e62-9828-ed995c7b29bf e9483918caa940a48fe882ba092c7e0b 300b2cc45c3846939e589310ae714e46 - - -] 127.0.0.1 - - [25/Feb/2016 21:38:08] "GET /images/9535cff0-1980-4ac8-a702-a3b6234c88dd HTTP/1.1" 200 891 0.033899
2016-02-25 21:38:14.063 1858 INFO eventlet.wsgi.server [req-07da6bc6-cf80-4aeb-98ec-a7a91f9fea68 e9483918caa940a48fe882ba092c7e0b 300b2cc45c3846939e589310ae714e46 - - -] 127.0.0.1 - - [25/Feb/2016 21:38:14] "GET /images/9535cff0-1980-4ac8-a702-a3b6234c88dd HTTP/1.1" 200 891 0.028866
2016-02-25 21:38:14.226 1866 INFO eventlet.wsgi.server [req-a83a093b-801a-4b12-8b57-bfddcab1bc48 e9483918caa940a48fe882ba092c7e0b 300b2cc45c3846939e589310ae714e46 - - -] 127.0.0.1 - - [25/Feb/2016 21:38:14] "GET /images/9535cff0-1980-4ac8-a702-a3b6234c88dd HTTP/1.1" 200 891 0.134239
2016-02-25 21:39:22.494 1862 INFO eventlet.wsgi.server [req-8e55cd75-0da8-42d5-8ec7-3dfef447f90f e9483918caa940a48fe882ba092c7e0b 300b2cc45c3846939e589310ae714e46 - - -] 127.0.0.1 - - [25/Feb/2016 21:39:22] "GET /images/detail?status=active&is_public=True&limit=1000&sort_dir=desc&sort_key=created_at HTTP/1.1" 200 1603 0.174984
2016-02-25 21:39:22.556 1862 INFO eventlet.wsgi.server [req-19aaad28-d7dd-4c0b-aab0-d0c42b248f30 e9483918caa940a48fe882ba092c7e0b 300b2cc45c3846939e589310ae714e46 - - -] 127.0.0.1 - - [25/Feb/2016 21:39:22] "GET /images/detail?status=active&sort_key=created_at&property-owner_id=300b2cc45c3846939e589310ae714e46&limit=1000&sort_dir=desc HTTP/1.1" 200 207 0.047856
2016-02-25 21:40:40.719 1868 INFO eventlet.wsgi.server [req-799fbf10-eb5e-46a3-aa8d-9e593ada15fa e9483918caa940a48fe882ba092c7e0b 300b2cc45c3846939e589310ae714e46 - - -] 127.0.0.1 - - [25/Feb/2016 21:40:40] "GET /images/detail?sort_key=created_at&sort_dir=desc&limit=1000 HTTP/1.1" 200 1603 0.070065
2016-02-25 21:40:42.219 1862 INFO eventlet.wsgi.server [req-1f887a6f-7e5c-4c33-a6cf-730622688044 e9483918caa940a48fe882ba092c7e0b 300b2cc45c3846939e589310ae714e46 - - -] 127.0.0.1 - - [25/Feb/2016 21:40:42] "GET /images/detail?sort_key=created_at&sort_dir=desc&limit=1000 HTTP/1.1" 200 1603 0.080256
2016-02-25 21:40:57.842 1868 INFO eventlet.wsgi.server [req-d27e9f9a-0d5b-48d0-964c-1d1c08cfc5bb e9483918caa940a48fe882ba092c7e0b 300b2cc45c3846939e589310ae714e46 - - -] 127.0.0.1 - - [25/Feb/2016 21:40:57] "GET /images/detail?sort_key=created_at&sort_dir=desc&limit=1000 HTTP/1.1" 200 1603 0.050880
2016-02-25 21:40:58.869 1862 INFO eventlet.wsgi.server [req-e930a038-fb9b-4a0b-a432-0dd6836980d1 e9483918caa940a48fe882ba092c7e0b 300b2cc45c3846939e589310ae714e46 - - -] 127.0.0.1 - - [25/Feb/2016 21:40:58] "GET /images/detail?sort_key=created_at&sort_dir=desc&limit=1000 HTTP/1.1" 200 1603 0.061127
2016-02-25 21:41:01.274 1866 INFO eventlet.wsgi.server [req-5fd1014c-aacb-42bf-a602-55190b22b92a e9483918caa940a48fe882ba092c7e0b 300b2cc45c3846939e589310ae714e46 - - -] 127.0.0.1 - - [25/Feb/2016 21:41:01] "GET /images/9535cff0-1980-4ac8-a702-a3b6234c88dd HTTP/1.1" 200 891 0.031691
2016-02-25 21:41:05.016 1868 INFO eventlet.wsgi.server [req-a824c39f-c105-4d8e-b4bd-1c2f31c49317 e9483918caa940a48fe882ba092c7e0b 300b2cc45c3846939e589310ae714e46 - - -] 127.0.0.1 - - [25/Feb/2016 21:41:05] "GET /images/9535cff0-1980-4ac8-a702-a3b6234c88dd HTTP/1.1" 200 891 0.028098
2016-02-25 21:43:15.017 1862 INFO eventlet.wsgi.server [req-f4170b79-df79-4f9d-a13c-9be2ce0d956b e9483918caa940a48fe882ba092c7e0b 300b2cc45c3846939e589310ae714e46 - - -] 127.0.0.1 - - [25/Feb/2016 21:43:15] "GET /images/detail?sort_key=created_at&sort_dir=desc&limit=1000 HTTP/1.1" 200 1603 0.165793
2016-02-25 21:43:16.750 1858 INFO eventlet.wsgi.server [req-ddce465d-dcf2-4ae5-8849-06ce006c0d9f e9483918caa940a48fe882ba092c7e0b 300b2cc45c3846939e589310ae714e46 - - -] 127.0.0.1 - - [25/Feb/2016 21:43:16] "GET /images/detail?sort_key=created_at&sort_dir=desc&limit=1000 HTTP/1.1" 200 1603 0.212045
2016-02-25 21:43:27.066 1858 INFO eventlet.wsgi.server [req-26336aef-d364-4da8-9c4e-c136b7963764 e9483918caa940a48fe882ba092c7e0b 300b2cc45c3846939e589310ae714e46 - - -] 127.0.0.1 - - [25/Feb/2016 21:43:27] "GET /images/detail?status=active&is_public=True&limit=1000&sort_dir=desc&sort_key=created_at HTTP/1.1" 200 1603 0.191729
2016-02-25 21:43:27.147 1862 INFO eventlet.wsgi.server [req-a353aa82-91f4-41c9-9029-7c70cc642f6d e9483918caa940a48fe882ba092c7e0b 300b2cc45c3846939e589310ae714e46 - - -] 127.0.0.1 - - [25/Feb/2016 21:43:27] "GET /images/detail?status=active&sort_key=created_at&property-owner_id=300b2cc45c3846939e589310ae714e46&limit=1000&sort_dir=desc HTTP/1.1" 200 207 0.063833
2016-02-25 21:43:57.080 1858 INFO eventlet.wsgi.server [req-1b1e6243-92bf-43e2-95df-2418a835cb08 e9483918caa940a48fe882ba092c7e0b 300b2cc45c3846939e589310ae714e46 - - -] 127.0.0.1 - - [25/Feb/2016 21:43:57] "GET /images/detail?status=active&is_public=True&limit=1000&sort_dir=desc&sort_key=created_at HTTP/1.1" 200 1603 0.054142
2016-02-25 21:43:57.130 1858 INFO eventlet.wsgi.server [req-b708d33b-5903-4e61-951b-b6b48cb4d1ba e9483918caa940a48fe882ba092c7e0b 300b2cc45c3846939e589310ae714e46 - - -] 127.0.0.1 - - [25/Feb/2016 21:43:57] "GET /images/detail?status=active&sort_key=created_at&property-owner_id=300b2cc45c3846939e589310ae714e46&limit=1000&sort_dir=desc HTTP/1.1" 200 207 0.036142
2016-02-25 21:44:14.747 1858 INFO eventlet.wsgi.server [req-7c0ea0ee-c710-499a-b549-8683688baf72 e9483918caa940a48fe882ba092c7e0b 300b2cc45c3846939e589310ae714e46 - - -] 127.0.0.1 - - [25/Feb/2016 21:44:14] "GET /images/detail?status=active&is_public=True&limit=1000&sort_dir=desc&sort_key=created_at HTTP/1.1" 200 1603 0.057626
2016-02-25 21:44:14.801 1858 INFO eventlet.wsgi.server [req-2d79a945-e4a8-4b81-8dac-407258476657 e9483918caa940a48fe882ba092c7e0b 300b2cc45c3846939e589310ae714e46 - - -] 127.0.0.1 - - [25/Feb/2016 21:44:14] "GET /images/detail?status=active&sort_key=created_at&property-owner_id=300b2cc45c3846939e589310ae714e46&limit=1000&sort_dir=desc HTTP/1.1" 200 207 0.036110
2016-02-25 21:44:15.998 1858 INFO eventlet.wsgi.server [req-7e9554de-974c-4d38-ae6b-962394457151 e9483918caa940a48fe882ba092c7e0b 300b2cc45c3846939e589310ae714e46 - - -] 127.0.0.1 - - [25/Feb/2016 21:44:15] "GET /images/9535cff0-1980-4ac8-a702-a3b6234c88dd HTTP/1.1" 200 891 0.016587
2016-02-25 21:44:16.041 1862 INFO eventlet.wsgi.server [req-548f4742-e3ba-42f4-88cd-c3c7315ba870 e9483918caa940a48fe882ba092c7e0b 300b2cc45c3846939e589310ae714e46 - - -] 127.0.0.1 - - [25/Feb/2016 21:44:16] "GET /images/9535cff0-1980-4ac8-a702-a3b6234c88dd HTTP/1.1" 200 891 0.025763
2016-02-25 21:44:16.494 1866 INFO eventlet.wsgi.server [req-44fc283c-6a49-41cc-acee-f3ef16bb6678 e9483918caa940a48fe882ba092c7e0b 300b2cc45c3846939e589310ae714e46 - - -] 127.0.0.1 - - [25/Feb/2016 21:44:16] "GET /images/9535cff0-1980-4ac8-a702-a3b6234c88dd HTTP/1.1" 200 891 0.106659
2016-02-25 21:44:16.520 1866 INFO eventlet.wsgi.server [req-fdb10f09-b8ae-450c-95f3-5710a1371c0f e9483918caa940a48fe882ba092c7e0b 300b2cc45c3846939e589310ae714e46 - - -] 127.0.0.1 - - [25/Feb/2016 21:44:16] "GET /images/9535cff0-1980-4ac8-a702-a3b6234c88dd HTTP/1.1" 200 891 0.013237
2016-02-25 21:44:17.540 1868 INFO eventlet.wsgi.server [req-69e1a51b-f1c4-4c4c-abc1-e1357be435cf e9483918caa940a48fe882ba092c7e0b 300b2cc45c3846939e589310ae714e46 - - -] 127.0.0.1 - - [25/Feb/2016 21:44:17] "GET /images/detail?sort_key=created_at&sort_dir=desc&limit=1000 HTTP/1.1" 200 1603 0.151757
2016-02-25 21:44:17.666 1866 INFO eventlet.wsgi.server [req-f365bc8f-580e-4779-be27-42b8cbda9507 e9483918caa940a48fe882ba092c7e0b 300b2cc45c3846939e589310ae714e46 - - -] 127.0.0.1 - - [25/Feb/2016 21:44:17] "GET /images/9535cff0-1980-4ac8-a702-a3b6234c88dd HTTP/1.1" 200 891 0.031716
2016-02-25 21:44:17.705 1866 INFO eventlet.wsgi.server [req-ac778000-5897-4417-8dda-19b2e9f4b61c e9483918caa940a48fe882ba092c7e0b 300b2cc45c3846939e589310ae714e46 - - -] 127.0.0.1 - - [25/Feb/2016 21:44:17] "GET /images/9535cff0-1980-4ac8-a702-a3b6234c88dd HTTP/1.1" 200 891 0.025475
2016-02-25 21:44:17.995 1858 INFO eventlet.wsgi.server [req-d234d7e2-f3f3-462f-af9c-c26bc1d70a92 e9483918caa940a48fe882ba092c7e0b 300b2cc45c3846939e589310ae714e46 - - -] 127.0.0.1 - - [25/Feb/2016 21:44:17] "GET /images/9535cff0-1980-4ac8-a702-a3b6234c88dd HTTP/1.1" 200 891 0.046239
2016-02-25 21:44:18.054 1866 INFO eventlet.wsgi.server [req-f9f086c1-efab-4a47-8467-d6e61a268846 e9483918caa940a48fe882ba092c7e0b 300b2cc45c3846939e589310ae714e46 - - -] 127.0.0.1 - - [25/Feb/2016 21:44:18] "GET /images/9535cff0-1980-4ac8-a702-a3b6234c88dd HTTP/1.1" 200 891 0.023207
2016-02-25 21:44:18.556 1866 INFO eventlet.wsgi.server [req-0c61c215-f06b-4e21-abcf-99e2650d25d9 e9483918caa940a48fe882ba092c7e0b 300b2cc45c3846939e589310ae714e46 - - -] 127.0.0.1 - - [25/Feb/2016 21:44:18] "GET /images/9535cff0-1980-4ac8-a702-a3b6234c88dd HTTP/1.1" 200 891 0.017879
2016-02-25 21:44:18.596 1866 INFO eventlet.wsgi.server [req-1f6a0702-0a99-4b07-9005-5e1fc2bec158 e9483918caa940a48fe882ba092c7e0b 300b2cc45c3846939e589310ae714e46 - - -] 127.0.0.1 - - [25/Feb/2016 21:44:18] "GET /images/9535cff0-1980-4ac8-a702-a3b6234c88dd HTTP/1.1" 200 891 0.023504
2016-02-25 21:44:19.485 1868 INFO eventlet.wsgi.server [req-cfd8702d-b916-4b77-9e95-3cf7191640ba e9483918caa940a48fe882ba092c7e0b 300b2cc45c3846939e589310ae714e46 - - -] 127.0.0.1 - - [25/Feb/2016 21:44:19] "GET /images/9535cff0-1980-4ac8-a702-a3b6234c88dd HTTP/1.1" 200 891 0.211584
2016-02-25 21:44:19.538 1866 INFO eventlet.wsgi.server [req-57aea725-3add-4106-8f98-db7ae86edda8 e9483918caa940a48fe882ba092c7e0b 300b2cc45c3846939e589310ae714e46 - - -] 127.0.0.1 - - [25/Feb/2016 21:44:19] "GET /images/9535cff0-1980-4ac8-a702-a3b6234c88dd HTTP/1.1" 200 891 0.023930
2016-02-25 21:44:19.860 1858 INFO eventlet.wsgi.server [req-a12e3194-1a6c-4a48-abdd-a36465e78484 e9483918caa940a48fe882ba092c7e0b 300b2cc45c3846939e589310ae714e46 - - -] 127.0.0.1 - - [25/Feb/2016 21:44:19] "GET /images/9535cff0-1980-4ac8-a702-a3b6234c88dd HTTP/1.1" 200 891 0.019267
2016-02-25 21:44:35.147 1858 INFO eventlet.wsgi.server [req-ed366646-2a6c-4c22-9680-0042bad8d6f1 e9483918caa940a48fe882ba092c7e0b 300b2cc45c3846939e589310ae714e46 - - -] 127.0.0.1 - - [25/Feb/2016 21:44:35] "GET /images/9535cff0-1980-4ac8-a702-a3b6234c88dd HTTP/1.1" 200 891 0.038853
2016-02-25 21:44:35.199 1858 INFO eventlet.wsgi.server [req-37563547-336e-4213-998d-e7bed764c805 e9483918caa940a48fe882ba092c7e0b 300b2cc45c3846939e589310ae714e46 - - -] 127.0.0.1 - - [25/Feb/2016 21:44:35] "GET /images/9535cff0-1980-4ac8-a702-a3b6234c88dd HTTP/1.1" 200 891 0.028945
2016-02-25 21:45:22.654 1858 INFO eventlet.wsgi.server [req-fa892b8a-6820-41b1-84ba-eae7302dd09f 9b1f9b36d7354b1ea121ccfbae339d8b 85a11a1515f94848be7aa5b56adec8bf - - -] 127.0.0.1 - - [25/Feb/2016 21:45:22] "GET /images/8a724f78-2673-4ea1-b607-373626a15afb HTTP/1.1" 200 911 0.144592
2016-02-25 21:45:41.989 1862 INFO eventlet.wsgi.server [req-2f56fa5c-870e-4647-abea-030d01dca5b1 8b01dff85bb640f5ac72eb634117d3f1 802906d526ed42e8a5980f390847fa87 - - -] 127.0.0.1 - - [25/Feb/2016 21:45:41] "GET /images/detail?status=active&is_public=True&limit=1000&sort_dir=desc&sort_key=created_at HTTP/1.1" 200 1603 0.182730
2016-02-25 21:45:42.069 1862 INFO eventlet.wsgi.server [req-06efc32c-f710-422b-b5cf-02c8c62ccf2f 8b01dff85bb640f5ac72eb634117d3f1 802906d526ed42e8a5980f390847fa87 - - -] 127.0.0.1 - - [25/Feb/2016 21:45:42] "GET /images/detail?status=active&sort_key=created_at&property-owner_id=802906d526ed42e8a5980f390847fa87&limit=1000&sort_dir=desc HTTP/1.1" 200 207 0.062143
2016-02-25 21:46:08.779 1868 INFO eventlet.wsgi.server [req-bf7ddfa8-a7a5-4e8a-860a-dc33ba051746 8b01dff85bb640f5ac72eb634117d3f1 802906d526ed42e8a5980f390847fa87 - - -] 127.0.0.1 - - [25/Feb/2016 21:46:08] "GET /images/detail?status=active&is_public=True&limit=1000&sort_dir=desc&sort_key=created_at HTTP/1.1" 200 1603 0.212668
2016-02-25 21:46:08.852 1868 INFO eventlet.wsgi.server [req-0a98f722-aa35-46f0-a2a4-01e3049b4146 8b01dff85bb640f5ac72eb634117d3f1 802906d526ed42e8a5980f390847fa87 - - -] 127.0.0.1 - - [25/Feb/2016 21:46:08] "GET /images/detail?status=active&sort_key=created_at&property-owner_id=802906d526ed42e8a5980f390847fa87&limit=1000&sort_dir=desc HTTP/1.1" 200 207 0.051959
2016-02-25 21:46:32.979 1858 INFO eventlet.wsgi.server [req-d424f84d-d447-4753-979a-46dda844d5e5 9b1f9b36d7354b1ea121ccfbae339d8b 85a11a1515f94848be7aa5b56adec8bf - - -] 127.0.0.1 - - [25/Feb/2016 21:46:32] "GET /images/9535cff0-1980-4ac8-a702-a3b6234c88dd HTTP/1.1" 200 891 0.152885
2016-02-25 21:46:33.137 1868 INFO eventlet.wsgi.server [req-f97f8862-bf96-4ea4-a2d6-cc4d0cd841ae 9b1f9b36d7354b1ea121ccfbae339d8b 85a11a1515f94848be7aa5b56adec8bf - - -] 127.0.0.1 - - [25/Feb/2016 21:46:33] "GET /images/9535cff0-1980-4ac8-a702-a3b6234c88dd HTTP/1.1" 200 891 0.139485
2016-02-25 21:46:33.359 1866 INFO eventlet.wsgi.server [req-1e11bc4b-565c-47e1-bc47-155f35f3153a 9b1f9b36d7354b1ea121ccfbae339d8b 85a11a1515f94848be7aa5b56adec8bf - - -] 127.0.0.1 - - [25/Feb/2016 21:46:33] "GET /images/8a724f78-2673-4ea1-b607-373626a15afb HTTP/1.1" 200 911 0.170520
2016-02-25 21:46:50.773 1868 INFO eventlet.wsgi.server [req-e6bfcb3d-20a9-47ec-a1da-6df585b320fd 9b1f9b36d7354b1ea121ccfbae339d8b 85a11a1515f94848be7aa5b56adec8bf - - -] 127.0.0.1 - - [25/Feb/2016 21:46:50] "GET /images/detail?is_public=None&limit=20 HTTP/1.1" 200 1603 0.151808
2016-02-25 21:55:23.494 1862 INFO eventlet.wsgi.server [req-149a99af-3fc8-49b4-974f-745ba46b9c71 9b1f9b36d7354b1ea121ccfbae339d8b 85a11a1515f94848be7aa5b56adec8bf - - -] 127.0.0.1 - - [25/Feb/2016 21:55:23] "GET /images/8a724f78-2673-4ea1-b607-373626a15afb HTTP/1.1" 200 911 0.117757
2016-02-25 21:56:33.282 1858 INFO eventlet.wsgi.server [req-4dd4e5a5-79a5-41d2-ac82-133cbf34c553 9b1f9b36d7354b1ea121ccfbae339d8b 85a11a1515f94848be7aa5b56adec8bf - - -] 127.0.0.1 - - [25/Feb/2016 21:56:33] "GET /images/9535cff0-1980-4ac8-a702-a3b6234c88dd HTTP/1.1" 200 891 0.140199
2016-02-25 21:56:33.600 1868 INFO eventlet.wsgi.server [req-e167261b-123f-4831-a97e-724cf0a97368 9b1f9b36d7354b1ea121ccfbae339d8b 85a11a1515f94848be7aa5b56adec8bf - - -] 127.0.0.1 - - [25/Feb/2016 21:56:33] "GET /images/9535cff0-1980-4ac8-a702-a3b6234c88dd HTTP/1.1" 200 891 0.290578
2016-02-25 21:56:33.831 1868 INFO eventlet.wsgi.server [req-083ddf44-a382-49d8-a8ca-962aa3d3ed42 9b1f9b36d7354b1ea121ccfbae339d8b 85a11a1515f94848be7aa5b56adec8bf - - -] 127.0.0.1 - - [25/Feb/2016 21:56:33] "GET /images/8a724f78-2673-4ea1-b607-373626a15afb HTTP/1.1" 200 911 0.018476
2016-02-25 21:56:51.284 1866 INFO eventlet.wsgi.server [req-77e2b3dd-35cc-4ef9-8b56-b4227ae99af1 9b1f9b36d7354b1ea121ccfbae339d8b 85a11a1515f94848be7aa5b56adec8bf - - -] 127.0.0.1 - - [25/Feb/2016 21:56:51] "GET /images/detail?is_public=None&limit=20 HTTP/1.1" 200 1603 0.149620
2016-02-25 22:05:22.646 1868 INFO eventlet.wsgi.server [req-888154b7-0649-4d5e-b6f7-fde7f83e2880 9b1f9b36d7354b1ea121ccfbae339d8b 85a11a1515f94848be7aa5b56adec8bf - - -] 127.0.0.1 - - [25/Feb/2016 22:05:22] "GET /images/8a724f78-2673-4ea1-b607-373626a15afb HTTP/1.1" 200 911 0.159943
2016-02-25 22:06:33.047 1866 INFO eventlet.wsgi.server [req-129a2a75-9c20-4088-b76a-f653b7f11a75 9b1f9b36d7354b1ea121ccfbae339d8b 85a11a1515f94848be7aa5b56adec8bf - - -] 127.0.0.1 - - [25/Feb/2016 22:06:33] "GET /images/9535cff0-1980-4ac8-a702-a3b6234c88dd HTTP/1.1" 200 891 0.282418
2016-02-25 22:06:33.090 1866 INFO eventlet.wsgi.server [req-22927864-fc30-4648-9f7d-8020cef2698d 9b1f9b36d7354b1ea121ccfbae339d8b 85a11a1515f94848be7aa5b56adec8bf - - -] 127.0.0.1 - - [25/Feb/2016 22:06:33] "GET /images/9535cff0-1980-4ac8-a702-a3b6234c88dd HTTP/1.1" 200 891 0.015744
2016-02-25 22:06:33.565 1862 INFO eventlet.wsgi.server [req-bc6f5479-a5e6-4510-929a-12c734431539 9b1f9b36d7354b1ea121ccfbae339d8b 85a11a1515f94848be7aa5b56adec8bf - - -] 127.0.0.1 - - [25/Feb/2016 22:06:33] "GET /images/8a724f78-2673-4ea1-b607-373626a15afb HTTP/1.1" 200 911 0.282319
2016-02-25 22:06:50.981 1858 INFO eventlet.wsgi.server [req-083b7270-8632-4c70-b1bf-e78450be1862 9b1f9b36d7354b1ea121ccfbae339d8b 85a11a1515f94848be7aa5b56adec8bf - - -] 127.0.0.1 - - [25/Feb/2016 22:06:50] "GET /images/detail?is_public=None&limit=20 HTTP/1.1" 200 1603 0.142188
2016-02-25 22:15:22.759 1858 INFO eventlet.wsgi.server [req-d5383c9e-2ec9-42f8-8557-e364da673b0d 9b1f9b36d7354b1ea121ccfbae339d8b 85a11a1515f94848be7aa5b56adec8bf - - -] 127.0.0.1 - - [25/Feb/2016 22:15:22] "GET /images/8a724f78-2673-4ea1-b607-373626a15afb HTTP/1.1" 200 911 0.299379
2016-02-25 22:16:32.816 1858 INFO eventlet.wsgi.server [req-18f336e1-46fb-4f0b-8984-b9eba9332d9c 9b1f9b36d7354b1ea121ccfbae339d8b 85a11a1515f94848be7aa5b56adec8bf - - -] 127.0.0.1 - - [25/Feb/2016 22:16:32] "GET /images/9535cff0-1980-4ac8-a702-a3b6234c88dd HTTP/1.1" 200 891 0.121038
2016-02-25 22:16:32.847 1858 INFO eventlet.wsgi.server [req-0d579f2b-6e40-4f79-9e43-300f249076ce 9b1f9b36d7354b1ea121ccfbae339d8b 85a11a1515f94848be7aa5b56adec8bf - - -] 127.0.0.1 - - [25/Feb/2016 22:16:32] "GET /images/9535cff0-1980-4ac8-a702-a3b6234c88dd HTTP/1.1" 200 891 0.015609
2016-02-25 22:16:33.170 1858 INFO eventlet.wsgi.server [req-13c9eb63-c52c-4720-863d-cebae8ca00de 9b1f9b36d7354b1ea121ccfbae339d8b 85a11a1515f94848be7aa5b56adec8bf - - -] 127.0.0.1 - - [25/Feb/2016 22:16:33] "GET /images/8a724f78-2673-4ea1-b607-373626a15afb HTTP/1.1" 200 911 0.023519
2016-02-25 22:16:50.431 1866 INFO eventlet.wsgi.server [req-dd402d61-dc54-4b08-89ef-06dbf3cab8d6 9b1f9b36d7354b1ea121ccfbae339d8b 85a11a1515f94848be7aa5b56adec8bf - - -] 127.0.0.1 - - [25/Feb/2016 22:16:50] "GET /images/detail?is_public=None&limit=20 HTTP/1.1" 200 1603 0.125857
2016-02-25 22:19:20.366 1868 INFO eventlet.wsgi.server [req-4591b410-dc66-4c8c-81ed-33f83e2e658b 8b01dff85bb640f5ac72eb634117d3f1 802906d526ed42e8a5980f390847fa87 - - -] 127.0.0.1 - - [25/Feb/2016 22:19:20] "GET /images/detail?sort_key=created_at&sort_dir=desc&limit=1000 HTTP/1.1" 200 1603 0.196221
2016-02-25 22:19:58.804 1858 INFO eventlet.wsgi.server [req-b9cda919-02c9-4610-8c21-61c7653a0509 8b01dff85bb640f5ac72eb634117d3f1 802906d526ed42e8a5980f390847fa87 - - -] 127.0.0.1 - - [25/Feb/2016 22:19:58] "GET /images/detail?sort_key=created_at&sort_dir=desc&limit=1000 HTTP/1.1" 200 1603 0.143862
2016-02-25 22:20:00.453 1862 INFO eventlet.wsgi.server [req-e2dc7d6e-07d5-4b20-a12f-9aeb37da14b2 8b01dff85bb640f5ac72eb634117d3f1 802906d526ed42e8a5980f390847fa87 - - -] 127.0.0.1 - - [25/Feb/2016 22:20:00] "GET /images/detail?sort_key=created_at&sort_dir=desc&limit=1000 HTTP/1.1" 200 1603 0.216231
2016-02-25 22:20:02.665 1858 INFO eventlet.wsgi.server [req-dfe1ad04-97ac-4bc2-a8c7-d9fd32fbec4b 8b01dff85bb640f5ac72eb634117d3f1 802906d526ed42e8a5980f390847fa87 - - -] 127.0.0.1 - - [25/Feb/2016 22:20:02] "GET /images/8a724f78-2673-4ea1-b607-373626a15afb HTTP/1.1" 200 911 0.037916
2016-02-25 22:20:10.866 1866 INFO eventlet.wsgi.server [req-b6472cd1-c544-4bd4-97e7-c8b006d3dd0a 8b01dff85bb640f5ac72eb634117d3f1 802906d526ed42e8a5980f390847fa87 - - -] 127.0.0.1 - - [25/Feb/2016 22:20:10] "GET /images/detail?sort_key=created_at&sort_dir=desc&limit=1000 HTTP/1.1" 200 1603 0.231429
2016-02-25 22:20:12.321 1866 INFO eventlet.wsgi.server [req-92ffbe81-fe2e-4606-8a4c-0d30c7e70132 8b01dff85bb640f5ac72eb634117d3f1 802906d526ed42e8a5980f390847fa87 - - -] 127.0.0.1 - - [25/Feb/2016 22:20:12] "GET /images/detail?sort_key=created_at&sort_dir=desc&limit=1000 HTTP/1.1" 200 1603 0.247269
2016-02-25 22:20:22.234 1868 INFO eventlet.wsgi.server [req-253641c5-2fcf-4564-be9a-4cdd62865741 8b01dff85bb640f5ac72eb634117d3f1 802906d526ed42e8a5980f390847fa87 - - -] 127.0.0.1 - - [25/Feb/2016 22:20:22] "GET /images/detail?sort_key=created_at&sort_dir=desc&limit=1000 HTTP/1.1" 200 1603 0.114008
2016-02-25 22:20:23.921 1862 INFO eventlet.wsgi.server [req-bc5f522e-ca88-4f49-8006-1dfbad43264c 8b01dff85bb640f5ac72eb634117d3f1 802906d526ed42e8a5980f390847fa87 - - -] 127.0.0.1 - - [25/Feb/2016 22:20:23] "GET /images/detail?sort_key=created_at&sort_dir=desc&limit=1000 HTTP/1.1" 200 1603 0.112683
2016-02-25 22:20:26.358 1866 INFO eventlet.wsgi.server [req-d34fdf4e-78cc-47a6-9c18-c623a1997a28 8b01dff85bb640f5ac72eb634117d3f1 802906d526ed42e8a5980f390847fa87 - - -] 127.0.0.1 - - [25/Feb/2016 22:20:26] "GET /images/8a724f78-2673-4ea1-b607-373626a15afb HTTP/1.1" 200 911 0.040674
2016-02-25 22:20:29.864 1858 INFO eventlet.wsgi.server [req-859d3750-917f-42b8-a082-417a4bbe048c 8b01dff85bb640f5ac72eb634117d3f1 802906d526ed42e8a5980f390847fa87 - - -] 127.0.0.1 - - [25/Feb/2016 22:20:29] "GET /images/8a724f78-2673-4ea1-b607-373626a15afb HTTP/1.1" 200 911 0.045186
2016-02-25 22:23:23.699 1858 INFO eventlet.wsgi.server [req-7d0346ec-4b2c-4033-b55d-743582d1168a 8b01dff85bb640f5ac72eb634117d3f1 802906d526ed42e8a5980f390847fa87 - - -] 127.0.0.1 - - [25/Feb/2016 22:23:23] "GET /images/detail?sort_key=created_at&sort_dir=desc&limit=1000 HTTP/1.1" 200 1603 0.080989
2016-02-25 22:25:22.844 1862 INFO eventlet.wsgi.server [req-510d5549-f7f2-473d-bf2f-33e02c69033f 9b1f9b36d7354b1ea121ccfbae339d8b 85a11a1515f94848be7aa5b56adec8bf - - -] 127.0.0.1 - - [25/Feb/2016 22:25:22] "GET /images/8a724f78-2673-4ea1-b607-373626a15afb HTTP/1.1" 200 911 0.164961
2016-02-25 22:26:32.930 1858 INFO eventlet.wsgi.server [req-971f78c2-c501-4153-b3bb-781b9ae24436 9b1f9b36d7354b1ea121ccfbae339d8b 85a11a1515f94848be7aa5b56adec8bf - - -] 127.0.0.1 - - [25/Feb/2016 22:26:32] "GET /images/9535cff0-1980-4ac8-a702-a3b6234c88dd HTTP/1.1" 200 891 0.144763
2016-02-25 22:26:32.976 1858 INFO eventlet.wsgi.server [req-70a4d02b-5a9f-4727-bc33-1c48e052ac3f 9b1f9b36d7354b1ea121ccfbae339d8b 85a11a1515f94848be7aa5b56adec8bf - - -] 127.0.0.1 - - [25/Feb/2016 22:26:32] "GET /images/9535cff0-1980-4ac8-a702-a3b6234c88dd HTTP/1.1" 200 891 0.028605
2016-02-25 22:26:33.374 1868 INFO eventlet.wsgi.server [req-3817798e-646b-4d83-81e7-217a4216860d 9b1f9b36d7354b1ea121ccfbae339d8b 85a11a1515f94848be7aa5b56adec8bf - - -] 127.0.0.1 - - [25/Feb/2016 22:26:33] "GET /images/8a724f78-2673-4ea1-b607-373626a15afb HTTP/1.1" 200 911 0.171094
2016-02-25 22:26:50.858 1858 INFO eventlet.wsgi.server [req-c9c2f78f-a84c-43ad-a3eb-57836a66d509 9b1f9b36d7354b1ea121ccfbae339d8b 85a11a1515f94848be7aa5b56adec8bf - - -] 127.0.0.1 - - [25/Feb/2016 22:26:50] "GET /images/detail?is_public=None&limit=20 HTTP/1.1" 200 1603 0.161576
2016-02-25 22:35:22.718 1868 INFO eventlet.wsgi.server [req-cec250ea-d101-45fb-a99d-76ff0e196446 9b1f9b36d7354b1ea121ccfbae339d8b 85a11a1515f94848be7aa5b56adec8bf - - -] 127.0.0.1 - - [25/Feb/2016 22:35:22] "GET /images/8a724f78-2673-4ea1-b607-373626a15afb HTTP/1.1" 200 911 0.136303
2016-02-25 22:36:33.004 1862 INFO eventlet.wsgi.server [req-65f25a70-05ca-4f7b-99c7-a25a403713ca 9b1f9b36d7354b1ea121ccfbae339d8b 85a11a1515f94848be7aa5b56adec8bf - - -] 127.0.0.1 - - [25/Feb/2016 22:36:33] "GET /images/9535cff0-1980-4ac8-a702-a3b6234c88dd HTTP/1.1" 200 891 0.151230
2016-02-25 22:36:33.158 1868 INFO eventlet.wsgi.server [req-9884437d-ce40-426e-99fd-fb6068b3338b 9b1f9b36d7354b1ea121ccfbae339d8b 85a11a1515f94848be7aa5b56adec8bf - - -] 127.0.0.1 - - [25/Feb/2016 22:36:33] "GET /images/9535cff0-1980-4ac8-a702-a3b6234c88dd HTTP/1.1" 200 891 0.135589
2016-02-25 22:36:33.451 1868 INFO eventlet.wsgi.server [req-26ebcff9-9a14-4030-af31-5350348d576b 9b1f9b36d7354b1ea121ccfbae339d8b 85a11a1515f94848be7aa5b56adec8bf - - -] 127.0.0.1 - - [25/Feb/2016 22:36:33] "GET /images/8a724f78-2673-4ea1-b607-373626a15afb HTTP/1.1" 200 911 0.018885
2016-02-25 22:36:50.783 1862 INFO eventlet.wsgi.server [req-acc7236b-a49a-4826-9ef3-b9b6aace2b26 9b1f9b36d7354b1ea121ccfbae339d8b 85a11a1515f94848be7aa5b56adec8bf - - -] 127.0.0.1 - - [25/Feb/2016 22:36:50] "GET /images/detail?is_public=None&limit=20 HTTP/1.1" 200 1603 0.154436
2016-02-25 22:45:22.873 1862 INFO eventlet.wsgi.server [req-75bdc13c-3a27-4f64-92fa-70a72b2a3686 9b1f9b36d7354b1ea121ccfbae339d8b 85a11a1515f94848be7aa5b56adec8bf - - -] 127.0.0.1 - - [25/Feb/2016 22:45:22] "GET /images/8a724f78-2673-4ea1-b607-373626a15afb HTTP/1.1" 200 911 0.178509
2016-02-25 22:46:33.129 1862 INFO eventlet.wsgi.server [req-32f5142a-02e2-48c5-abd4-066625f6623d 9b1f9b36d7354b1ea121ccfbae339d8b 85a11a1515f94848be7aa5b56adec8bf - - -] 127.0.0.1 - - [25/Feb/2016 22:46:33] "GET /images/9535cff0-1980-4ac8-a702-a3b6234c88dd HTTP/1.1" 200 891 0.137517
2016-02-25 22:46:33.184 1862 INFO eventlet.wsgi.server [req-10362364-0386-4ad6-8174-0af7ec22eb19 9b1f9b36d7354b1ea121ccfbae339d8b 85a11a1515f94848be7aa5b56adec8bf - - -] 127.0.0.1 - - [25/Feb/2016 22:46:33] "GET /images/9535cff0-1980-4ac8-a702-a3b6234c88dd HTTP/1.1" 200 891 0.028814
2016-02-25 22:46:33.530 1868 INFO eventlet.wsgi.server [req-064d85cc-fe0c-4dc2-a614-fac55a3ecc87 9b1f9b36d7354b1ea121ccfbae339d8b 85a11a1515f94848be7aa5b56adec8bf - - -] 127.0.0.1 - - [25/Feb/2016 22:46:33] "GET /images/8a724f78-2673-4ea1-b607-373626a15afb HTTP/1.1" 200 911 0.139113
2016-02-25 22:46:50.871 1868 INFO eventlet.wsgi.server [req-1853d878-0a5a-41c6-bb64-a257822b969d 9b1f9b36d7354b1ea121ccfbae339d8b 85a11a1515f94848be7aa5b56adec8bf - - -] 127.0.0.1 - - [25/Feb/2016 22:46:50] "GET /images/detail?is_public=None&limit=20 HTTP/1.1" 200 1603 0.164452
2016-02-25 22:55:23.402 1862 INFO eventlet.wsgi.server [req-ff1d6e42-448b-405f-b46b-a929d7c1c5d7 9b1f9b36d7354b1ea121ccfbae339d8b 85a11a1515f94848be7aa5b56adec8bf - - -] 127.0.0.1 - - [25/Feb/2016 22:55:23] "GET /images/8a724f78-2673-4ea1-b607-373626a15afb HTTP/1.1" 200 911 0.137856
2016-02-25 22:56:33.933 1866 INFO eventlet.wsgi.server [req-391947ff-fe11-4ac6-a08a-20517455aec4 9b1f9b36d7354b1ea121ccfbae339d8b 85a11a1515f94848be7aa5b56adec8bf - - -] 127.0.0.1 - - [25/Feb/2016 22:56:33] "GET /images/9535cff0-1980-4ac8-a702-a3b6234c88dd HTTP/1.1" 200 891 0.179838
2016-02-25 22:56:34.315 1868 INFO eventlet.wsgi.server [req-a2a41bc0-8923-4275-beba-8c2ad6619094 9b1f9b36d7354b1ea121ccfbae339d8b 85a11a1515f94848be7aa5b56adec8bf - - -] 127.0.0.1 - - [25/Feb/2016 22:56:34] "GET /images/9535cff0-1980-4ac8-a702-a3b6234c88dd HTTP/1.1" 200 891 0.356220
2016-02-25 22:56:34.383 1866 INFO eventlet.wsgi.server [req-6f1ad421-df90-4b56-ab25-123203d13cc7 9b1f9b36d7354b1ea121ccfbae339d8b 85a11a1515f94848be7aa5b56adec8bf - - -] 127.0.0.1 - - [25/Feb/2016 22:56:34] "GET /images/8a724f78-2673-4ea1-b607-373626a15afb HTTP/1.1" 200 911 0.021911
2016-02-25 22:56:51.855 1862 INFO eventlet.wsgi.server [req-b68c7ec3-519a-4db8-970a-4c4eb9261ae9 9b1f9b36d7354b1ea121ccfbae339d8b 85a11a1515f94848be7aa5b56adec8bf - - -] 127.0.0.1 - - [25/Feb/2016 22:56:51] "GET /images/detail?is_public=None&limit=20 HTTP/1.1" 200 1603 0.192602
2016-02-25 23:01:49.986 1868 INFO eventlet.wsgi.server [req-bc27fca1-4731-43a1-884e-ece0810885b1 e9483918caa940a48fe882ba092c7e0b 300b2cc45c3846939e589310ae714e46 - - -] 127.0.0.1 - - [25/Feb/2016 23:01:49] "GET /images/9535cff0-1980-4ac8-a702-a3b6234c88dd HTTP/1.1" 200 891 0.146434
2016-02-25 23:01:50.238 1866 INFO eventlet.wsgi.server [req-4cc52fd1-ff1a-4a99-84d0-d61f31ab4d04 e9483918caa940a48fe882ba092c7e0b 300b2cc45c3846939e589310ae714e46 - - -] 127.0.0.1 - - [25/Feb/2016 23:01:50] "GET /images/8a724f78-2673-4ea1-b607-373626a15afb HTTP/1.1" 200 911 0.159724
2016-02-25 23:01:50.331 1866 INFO eventlet.wsgi.server [req-ab6907e7-1636-4e02-8abc-2e68c28c651d e9483918caa940a48fe882ba092c7e0b 300b2cc45c3846939e589310ae714e46 - - -] 127.0.0.1 - - [25/Feb/2016 23:01:50] "GET /images/8a724f78-2673-4ea1-b607-373626a15afb HTTP/1.1" 200 911 0.023064
2016-02-25 23:01:50.580 1858 INFO eventlet.wsgi.server [req-941b0d94-f52c-4131-af23-79bb3a785d75 e9483918caa940a48fe882ba092c7e0b 300b2cc45c3846939e589310ae714e46 - - -] 127.0.0.1 - - [25/Feb/2016 23:01:50] "GET /images/8a724f78-2673-4ea1-b607-373626a15afb HTTP/1.1" 200 911 0.197159
2016-02-25 23:01:50.700 1868 INFO eventlet.wsgi.server [req-c2dc9141-bba1-4ba2-afd1-7ac57a8ec3aa e9483918caa940a48fe882ba092c7e0b 300b2cc45c3846939e589310ae714e46 - - -] 127.0.0.1 - - [25/Feb/2016 23:01:50] "GET /images/8a724f78-2673-4ea1-b607-373626a15afb HTTP/1.1" 200 911 0.027078
2016-02-25 23:01:59.385 1858 INFO eventlet.wsgi.server [req-4084a311-1eea-4e3f-991a-a78f429914f5 e9483918caa940a48fe882ba092c7e0b 300b2cc45c3846939e589310ae714e46 - - -] 127.0.0.1 - - [25/Feb/2016 23:01:59] "GET /images/detail?sort_key=created_at&sort_dir=desc&limit=1000 HTTP/1.1" 200 1603 0.072416
2016-02-25 23:05:22.997 1858 INFO eventlet.wsgi.server [req-4df3c691-9fae-44db-a715-1f4d6fa6edac 9b1f9b36d7354b1ea121ccfbae339d8b 85a11a1515f94848be7aa5b56adec8bf - - -] 127.0.0.1 - - [25/Feb/2016 23:05:22] "GET /images/8a724f78-2673-4ea1-b607-373626a15afb HTTP/1.1" 200 911 0.179826
2016-02-25 23:06:33.275 1862 INFO eventlet.wsgi.server [req-9afc8773-af16-467a-ba17-678c970033cf 9b1f9b36d7354b1ea121ccfbae339d8b 85a11a1515f94848be7aa5b56adec8bf - - -] 127.0.0.1 - - [25/Feb/2016 23:06:33] "GET /images/9535cff0-1980-4ac8-a702-a3b6234c88dd HTTP/1.1" 200 891 0.304895
2016-02-25 23:06:33.623 1866 INFO eventlet.wsgi.server [req-beb24994-54b1-4742-bcee-5c925f576a2c 9b1f9b36d7354b1ea121ccfbae339d8b 85a11a1515f94848be7aa5b56adec8bf - - -] 127.0.0.1 - - [25/Feb/2016 23:06:33] "GET /images/9535cff0-1980-4ac8-a702-a3b6234c88dd HTTP/1.1" 200 891 0.326467
2016-02-25 23:06:34.055 1858 INFO eventlet.wsgi.server [req-126d4303-af10-4fc1-8c62-af58936f406a 9b1f9b36d7354b1ea121ccfbae339d8b 85a11a1515f94848be7aa5b56adec8bf - - -] 127.0.0.1 - - [25/Feb/2016 23:06:34] "GET /images/8a724f78-2673-4ea1-b607-373626a15afb HTTP/1.1" 200 911 0.129029
2016-02-25 23:06:50.973 1858 INFO eventlet.wsgi.server [req-bb133a48-3676-4cdb-ab74-a217a85c2fd1 9b1f9b36d7354b1ea121ccfbae339d8b 85a11a1515f94848be7aa5b56adec8bf - - -] 127.0.0.1 - - [25/Feb/2016 23:06:50] "GET /images/detail?is_public=None&limit=20 HTTP/1.1" 200 1603 0.233708
2016-02-25 23:08:00.517 1866 INFO eventlet.wsgi.server [req-86530a3b-7ee0-4ecc-b3d2-c882c193feaa e9483918caa940a48fe882ba092c7e0b 300b2cc45c3846939e589310ae714e46 - - -] 127.0.0.1 - - [25/Feb/2016 23:08:00] "GET /images/detail?sort_key=created_at&sort_dir=desc&limit=1000 HTTP/1.1" 200 1603 0.244152
2016-02-25 23:08:05.349 1866 INFO eventlet.wsgi.server [req-d835357d-8dcc-434d-92fd-af786b9fb76e e9483918caa940a48fe882ba092c7e0b 300b2cc45c3846939e589310ae714e46 - - -] 127.0.0.1 - - [25/Feb/2016 23:08:05] "GET /images/9535cff0-1980-4ac8-a702-a3b6234c88dd HTTP/1.1" 200 891 0.036729
2016-02-25 23:08:21.467 1866 INFO eventlet.wsgi.server [req-26df614c-268d-4647-a936-b5b8a26c2d3a e9483918caa940a48fe882ba092c7e0b 300b2cc45c3846939e589310ae714e46 - - -] 127.0.0.1 - - [25/Feb/2016 23:08:21] "GET /images/detail?sort_key=created_at&sort_dir=desc&limit=1000 HTTP/1.1" 200 1603 0.076029
2016-02-25 23:15:22.913 1858 INFO eventlet.wsgi.server [req-b7191bac-880d-494e-9b01-2afbe9a6b8ff 9b1f9b36d7354b1ea121ccfbae339d8b 85a11a1515f94848be7aa5b56adec8bf - - -] 127.0.0.1 - - [25/Feb/2016 23:15:22] "GET /images/8a724f78-2673-4ea1-b607-373626a15afb HTTP/1.1" 200 911 0.372246
2016-02-25 23:16:33.108 1868 INFO eventlet.wsgi.server [req-425e01f0-54c9-4139-bf6b-f37d60be2f8e 9b1f9b36d7354b1ea121ccfbae339d8b 85a11a1515f94848be7aa5b56adec8bf - - -] 127.0.0.1 - - [25/Feb/2016 23:16:33] "GET /images/9535cff0-1980-4ac8-a702-a3b6234c88dd HTTP/1.1" 200 891 0.171967
2016-02-25 23:16:33.278 1866 INFO eventlet.wsgi.server [req-e4c19393-27b1-4d0e-a2ff-2e5d42e0488f 9b1f9b36d7354b1ea121ccfbae339d8b 85a11a1515f94848be7aa5b56adec8bf - - -] 127.0.0.1 - - [25/Feb/2016 23:16:33] "GET /images/9535cff0-1980-4ac8-a702-a3b6234c88dd HTTP/1.1" 200 891 0.152131
2016-02-25 23:16:33.564 1862 INFO eventlet.wsgi.server [req-45e2345b-db55-4f3e-ba5c-0f3dedd22201 9b1f9b36d7354b1ea121ccfbae339d8b 85a11a1515f94848be7aa5b56adec8bf - - -] 127.0.0.1 - - [25/Feb/2016 23:16:33] "GET /images/8a724f78-2673-4ea1-b607-373626a15afb HTTP/1.1" 200 911 0.131901
2016-02-25 23:16:51.604 1858 INFO eventlet.wsgi.server [req-88154c48-8883-4cda-a4e1-12cf2522b634 8b01dff85bb640f5ac72eb634117d3f1 802906d526ed42e8a5980f390847fa87 - - -] 127.0.0.1 - - [25/Feb/2016 23:16:51] "GET /images/detail?sort_key=created_at&sort_dir=desc&limit=1000 HTTP/1.1" 200 1603 0.380293
2016-02-25 23:16:51.655 1858 INFO eventlet.wsgi.server [req-7892f27e-e161-4fc3-8754-e52a2558a737 9b1f9b36d7354b1ea121ccfbae339d8b 85a11a1515f94848be7aa5b56adec8bf - - -] 127.0.0.1 - - [25/Feb/2016 23:16:51] "GET /images/detail?is_public=None&limit=20 HTTP/1.1" 200 1603 0.151992
