2016-02-25 23:16:58.490 1858 INFO eventlet.wsgi.server [req-f95f2ba1-d415-4fdc-929d-8213338ecd5c 8b01dff85bb640f5ac72eb634117d3f1 802906d526ed42e8a5980f390847fa87 - - -] 127.0.0.1 - - [25/Feb/2016 23:16:58] "GET /images/8a724f78-2673-4ea1-b607-373626a15afb HTTP/1.1" 200 911 0.034964
2016-02-25 23:17:18.581 1868 INFO eventlet.wsgi.server [req-fe7ac6de-58b8-4bf2-84e6-4b13842aa494 8b01dff85bb640f5ac72eb634117d3f1 802906d526ed42e8a5980f390847fa87 - - -] 127.0.0.1 - - [25/Feb/2016 23:17:18] "GET /images/detail?sort_key=created_at&sort_dir=desc&limit=1000 HTTP/1.1" 200 1603 0.214766
2016-02-25 23:17:35.012 1868 INFO eventlet.wsgi.server [req-704550c0-397c-405c-8450-504205defca4 8b01dff85bb640f5ac72eb634117d3f1 802906d526ed42e8a5980f390847fa87 - - -] 127.0.0.1 - - [25/Feb/2016 23:17:35] "GET /images/8a724f78-2673-4ea1-b607-373626a15afb HTTP/1.1" 200 911 0.040951
2016-02-25 23:18:30.726 1858 INFO eventlet.wsgi.server [req-562466b3-7b95-4fde-a87e-7c51409f6b9d 8b01dff85bb640f5ac72eb634117d3f1 802906d526ed42e8a5980f390847fa87 - - -] 127.0.0.1 - - [25/Feb/2016 23:18:30] "GET /images/detail?sort_key=created_at&sort_dir=desc&limit=1000 HTTP/1.1" 200 1603 0.071972
2016-02-25 23:25:22.646 1868 INFO eventlet.wsgi.server [req-7b70a0a5-3cd5-4b5c-b640-a4024c218739 9b1f9b36d7354b1ea121ccfbae339d8b 85a11a1515f94848be7aa5b56adec8bf - - -] 127.0.0.1 - - [25/Feb/2016 23:25:22] "GET /images/8a724f78-2673-4ea1-b607-373626a15afb HTTP/1.1" 200 911 0.143363
2016-02-25 23:26:32.931 1858 INFO eventlet.wsgi.server [req-e8652deb-93c8-4e77-acc4-f4b961fa89fd 9b1f9b36d7354b1ea121ccfbae339d8b 85a11a1515f94848be7aa5b56adec8bf - - -] 127.0.0.1 - - [25/Feb/2016 23:26:32] "GET /images/9535cff0-1980-4ac8-a702-a3b6234c88dd HTTP/1.1" 200 891 0.166881
2016-02-25 23:26:33.130 1868 INFO eventlet.wsgi.server [req-7a22c426-eff9-4255-a82c-4858e67242d0 9b1f9b36d7354b1ea121ccfbae339d8b 85a11a1515f94848be7aa5b56adec8bf - - -] 127.0.0.1 - - [25/Feb/2016 23:26:33] "GET /images/9535cff0-1980-4ac8-a702-a3b6234c88dd HTTP/1.1" 200 891 0.161497
2016-02-25 23:26:33.336 1868 INFO eventlet.wsgi.server [req-e71a8eac-efb6-4a72-ba04-5cb42b6ed637 9b1f9b36d7354b1ea121ccfbae339d8b 85a11a1515f94848be7aa5b56adec8bf - - -] 127.0.0.1 - - [25/Feb/2016 23:26:33] "GET /images/8a724f78-2673-4ea1-b607-373626a15afb HTTP/1.1" 200 911 0.027750
2016-02-25 23:26:50.936 1866 INFO eventlet.wsgi.server [req-b262417c-c4ac-4339-afc0-9331d5cd6e4a 9b1f9b36d7354b1ea121ccfbae339d8b 85a11a1515f94848be7aa5b56adec8bf - - -] 127.0.0.1 - - [25/Feb/2016 23:26:50] "GET /images/detail?is_public=None&limit=20 HTTP/1.1" 200 1603 0.293722
2016-02-25 23:28:52.150 1868 INFO eventlet.wsgi.server [req-f6cf0e44-9004-4829-af77-4da4fe1cdec7 8b01dff85bb640f5ac72eb634117d3f1 802906d526ed42e8a5980f390847fa87 - - -] 127.0.0.1 - - [25/Feb/2016 23:28:52] "GET /images/detail?sort_key=created_at&sort_dir=desc&limit=1000 HTTP/1.1" 200 1603 0.197238
2016-02-25 23:29:03.294 1862 INFO eventlet.wsgi.server [req-94e37371-45f2-4745-bdab-be32743befb6 8b01dff85bb640f5ac72eb634117d3f1 802906d526ed42e8a5980f390847fa87 - - -] 127.0.0.1 - - [25/Feb/2016 23:29:03] "GET /images/8a724f78-2673-4ea1-b607-373626a15afb HTTP/1.1" 200 911 0.186507
2016-02-25 23:29:55.261 1858 INFO eventlet.wsgi.server [req-47651e7e-b114-4b75-9ab2-48cf93151627 8b01dff85bb640f5ac72eb634117d3f1 802906d526ed42e8a5980f390847fa87 - - -] 127.0.0.1 - - [25/Feb/2016 23:29:55] "GET /images/detail?sort_key=created_at&sort_dir=desc&limit=1000 HTTP/1.1" 200 1603 0.231768
2016-02-25 23:30:02.197 1862 INFO eventlet.wsgi.server [req-a81dd00f-db61-4dc7-9b1d-e1b3c88f8724 8b01dff85bb640f5ac72eb634117d3f1 802906d526ed42e8a5980f390847fa87 - - -] 127.0.0.1 - - [25/Feb/2016 23:30:02] "GET /images/8a724f78-2673-4ea1-b607-373626a15afb HTTP/1.1" 200 911 0.190999
2016-02-25 23:32:07.416 1858 INFO eventlet.wsgi.server [req-ec6a2939-a9e7-47cd-bd14-b07f52dfc861 8b01dff85bb640f5ac72eb634117d3f1 802906d526ed42e8a5980f390847fa87 - - -] 127.0.0.1 - - [25/Feb/2016 23:32:07] "GET /images/8a724f78-2673-4ea1-b607-373626a15afb HTTP/1.1" 200 911 0.201367
2016-02-25 23:32:07.962 1858 INFO eventlet.wsgi.server [req-1231fd38-25e2-4213-9f98-4ff570090c70 8b01dff85bb640f5ac72eb634117d3f1 802906d526ed42e8a5980f390847fa87 - - -] 127.0.0.1 - - [25/Feb/2016 23:32:07] "GET /images/detail?sort_key=created_at&sort_dir=desc&limit=1000 HTTP/1.1" 200 1603 0.062080
2016-02-25 23:32:13.582 1868 INFO eventlet.wsgi.server [req-c12d98fc-cd2e-4f9b-a8e0-e7c595abb3a4 8b01dff85bb640f5ac72eb634117d3f1 802906d526ed42e8a5980f390847fa87 - - -] 127.0.0.1 - - [25/Feb/2016 23:32:13] "GET /images/8a724f78-2673-4ea1-b607-373626a15afb HTTP/1.1" 200 911 0.034533
2016-02-25 23:32:23.287 1862 INFO eventlet.wsgi.server [req-82cfa457-67f3-443f-92b2-f5836b6b0784 8b01dff85bb640f5ac72eb634117d3f1 802906d526ed42e8a5980f390847fa87 - - -] 127.0.0.1 - - [25/Feb/2016 23:32:23] "GET /images/detail?sort_key=created_at&sort_dir=desc&limit=1000 HTTP/1.1" 200 1603 0.084427
2016-02-25 23:32:44.865 1866 INFO eventlet.wsgi.server [req-ee3a3c8a-f4cb-4ed6-b822-9225563504dc 8b01dff85bb640f5ac72eb634117d3f1 802906d526ed42e8a5980f390847fa87 - - -] 127.0.0.1 - - [25/Feb/2016 23:32:44] "GET /images/detail?sort_key=created_at&sort_dir=desc&limit=1000 HTTP/1.1" 200 1603 0.225527
2016-02-25 23:35:22.580 1862 INFO eventlet.wsgi.server [req-8604ab14-8505-4374-9502-e7b0b8fafe12 9b1f9b36d7354b1ea121ccfbae339d8b 85a11a1515f94848be7aa5b56adec8bf - - -] 127.0.0.1 - - [25/Feb/2016 23:35:22] "GET /images/8a724f78-2673-4ea1-b607-373626a15afb HTTP/1.1" 200 911 0.153246
2016-02-25 23:36:33.028 1858 INFO eventlet.wsgi.server [req-c4fb3c27-c1b7-449d-a46d-bce56353bff1 9b1f9b36d7354b1ea121ccfbae339d8b 85a11a1515f94848be7aa5b56adec8bf - - -] 127.0.0.1 - - [25/Feb/2016 23:36:33] "GET /images/9535cff0-1980-4ac8-a702-a3b6234c88dd HTTP/1.1" 200 891 0.153201
2016-02-25 23:36:33.205 1862 INFO eventlet.wsgi.server [req-c70efcee-6178-4303-b7f8-1e2abcb41ede 9b1f9b36d7354b1ea121ccfbae339d8b 85a11a1515f94848be7aa5b56adec8bf - - -] 127.0.0.1 - - [25/Feb/2016 23:36:33] "GET /images/9535cff0-1980-4ac8-a702-a3b6234c88dd HTTP/1.1" 200 891 0.154128
2016-02-25 23:36:33.445 1862 INFO eventlet.wsgi.server [req-ef25c902-0b44-444d-8398-8c22e8bf0496 9b1f9b36d7354b1ea121ccfbae339d8b 85a11a1515f94848be7aa5b56adec8bf - - -] 127.0.0.1 - - [25/Feb/2016 23:36:33] "GET /images/8a724f78-2673-4ea1-b607-373626a15afb HTTP/1.1" 200 911 0.021722
2016-02-25 23:36:50.839 1866 INFO eventlet.wsgi.server [req-6a311a67-5a62-44a9-8a3b-434851bd60e3 9b1f9b36d7354b1ea121ccfbae339d8b 85a11a1515f94848be7aa5b56adec8bf - - -] 127.0.0.1 - - [25/Feb/2016 23:36:50] "GET /images/detail?is_public=None&limit=20 HTTP/1.1" 200 1603 0.174512
2016-02-25 23:38:32.903 1866 INFO eventlet.wsgi.server [req-665135f5-bb96-4d73-85b0-6961d264f5be 8b01dff85bb640f5ac72eb634117d3f1 802906d526ed42e8a5980f390847fa87 - - -] 127.0.0.1 - - [25/Feb/2016 23:38:32] "GET /images/8a724f78-2673-4ea1-b607-373626a15afb HTTP/1.1" 200 911 0.141750
2016-02-25 23:38:50.323 1866 INFO eventlet.wsgi.server [req-35b9b207-0c41-4c5f-b12c-f295716ac418 8b01dff85bb640f5ac72eb634117d3f1 802906d526ed42e8a5980f390847fa87 - - -] 127.0.0.1 - - [25/Feb/2016 23:38:50] "GET /images/detail?sort_key=created_at&sort_dir=desc&limit=1000 HTTP/1.1" 200 1603 0.091200
2016-02-25 23:38:54.632 1868 INFO eventlet.wsgi.server [req-c5976b03-8b9e-46d6-b5ff-5697e330b565 8b01dff85bb640f5ac72eb634117d3f1 802906d526ed42e8a5980f390847fa87 - - -] 127.0.0.1 - - [25/Feb/2016 23:38:54] "GET /images/8a724f78-2673-4ea1-b607-373626a15afb HTTP/1.1" 200 911 0.146080
2016-02-25 23:39:00.758 1862 INFO eventlet.wsgi.server [req-7809b601-513c-4e9b-b5d4-5358a94fe300 8b01dff85bb640f5ac72eb634117d3f1 802906d526ed42e8a5980f390847fa87 - - -] 127.0.0.1 - - [25/Feb/2016 23:39:00] "GET /images/detail?sort_key=created_at&sort_dir=desc&limit=1000 HTTP/1.1" 200 1603 0.144530
2016-02-25 23:39:09.332 1866 INFO eventlet.wsgi.server [req-9c582f73-0f22-4e71-b28b-a96096e52524 8b01dff85bb640f5ac72eb634117d3f1 802906d526ed42e8a5980f390847fa87 - - -] 127.0.0.1 - - [25/Feb/2016 23:39:09] "GET /images/8a724f78-2673-4ea1-b607-373626a15afb HTTP/1.1" 200 911 0.260779
2016-02-25 23:39:14.202 1866 INFO eventlet.wsgi.server [req-46b3ac6a-194d-4546-bcb9-88ec5fefbc6b 8b01dff85bb640f5ac72eb634117d3f1 802906d526ed42e8a5980f390847fa87 - - -] 127.0.0.1 - - [25/Feb/2016 23:39:14] "GET /images/detail?sort_key=created_at&sort_dir=desc&limit=1000 HTTP/1.1" 200 1603 0.106218
2016-02-25 23:39:14.653 1858 INFO eventlet.wsgi.server [req-968ffc40-422a-4aa5-aa77-92dc4e0518b7 8b01dff85bb640f5ac72eb634117d3f1 802906d526ed42e8a5980f390847fa87 - - -] 127.0.0.1 - - [25/Feb/2016 23:39:14] "GET /images/detail?sort_key=created_at&sort_dir=desc&limit=1000 HTTP/1.1" 200 1603 0.231470
2016-02-25 23:39:55.735 1862 INFO eventlet.wsgi.server [req-3e031f9e-9399-4406-89a7-a7b044caf2aa 8b01dff85bb640f5ac72eb634117d3f1 802906d526ed42e8a5980f390847fa87 - - -] 127.0.0.1 - - [25/Feb/2016 23:39:55] "GET /images/detail?sort_key=created_at&sort_dir=desc&limit=1000 HTTP/1.1" 200 1603 0.171988
2016-02-25 23:40:03.221 1862 INFO eventlet.wsgi.server [req-794b0796-b70f-46d8-87be-666fe944312d 8b01dff85bb640f5ac72eb634117d3f1 802906d526ed42e8a5980f390847fa87 - - -] 127.0.0.1 - - [25/Feb/2016 23:40:03] "GET /images/detail?sort_key=created_at&sort_dir=desc&limit=1000 HTTP/1.1" 200 1603 0.122968
2016-02-25 23:40:50.130 1868 INFO eventlet.wsgi.server [req-f30aa3dd-b3c6-4039-a69a-43e3cd41ddf7 8b01dff85bb640f5ac72eb634117d3f1 802906d526ed42e8a5980f390847fa87 - - -] 127.0.0.1 - - [25/Feb/2016 23:40:50] "GET /images/detail?sort_key=created_at&sort_dir=desc&limit=1000 HTTP/1.1" 200 1603 0.209244
2016-02-25 23:41:05.796 1868 INFO eventlet.wsgi.server [req-7464b5f4-ae1f-479f-8a58-ea18f24229b4 8b01dff85bb640f5ac72eb634117d3f1 802906d526ed42e8a5980f390847fa87 - - -] 127.0.0.1 - - [25/Feb/2016 23:41:05] "GET /images/detail?sort_key=created_at&sort_dir=desc&limit=1000 HTTP/1.1" 200 1603 0.110139
2016-02-25 23:41:39.280 1866 INFO eventlet.wsgi.server [req-77ce47c7-7065-4be0-b774-569e536dbf59 8b01dff85bb640f5ac72eb634117d3f1 802906d526ed42e8a5980f390847fa87 - - -] 127.0.0.1 - - [25/Feb/2016 23:41:39] "GET /images/8a724f78-2673-4ea1-b607-373626a15afb HTTP/1.1" 200 911 0.042365
2016-02-25 23:45:22.715 1858 INFO eventlet.wsgi.server [req-c96e3f13-aac8-42ab-96e1-7bac6002f52c 9b1f9b36d7354b1ea121ccfbae339d8b 85a11a1515f94848be7aa5b56adec8bf - - -] 127.0.0.1 - - [25/Feb/2016 23:45:22] "GET /images/8a724f78-2673-4ea1-b607-373626a15afb HTTP/1.1" 200 911 0.136886
2016-02-25 23:46:32.960 1868 INFO eventlet.wsgi.server [req-18a4b020-e739-42eb-bc4a-c74b4437698b 9b1f9b36d7354b1ea121ccfbae339d8b 85a11a1515f94848be7aa5b56adec8bf - - -] 127.0.0.1 - - [25/Feb/2016 23:46:32] "GET /images/9535cff0-1980-4ac8-a702-a3b6234c88dd HTTP/1.1" 200 891 0.150591
2016-02-25 23:46:33.180 1866 INFO eventlet.wsgi.server [req-b24c0430-de96-46ee-bcea-a070c3c4e98b 9b1f9b36d7354b1ea121ccfbae339d8b 85a11a1515f94848be7aa5b56adec8bf - - -] 127.0.0.1 - - [25/Feb/2016 23:46:33] "GET /images/9535cff0-1980-4ac8-a702-a3b6234c88dd HTTP/1.1" 200 891 0.192504
2016-02-25 23:46:33.303 1866 INFO eventlet.wsgi.server [req-df3e2f50-7f34-49b7-9d2f-4e79d3b7bcdb 9b1f9b36d7354b1ea121ccfbae339d8b 85a11a1515f94848be7aa5b56adec8bf - - -] 127.0.0.1 - - [25/Feb/2016 23:46:33] "GET /images/8a724f78-2673-4ea1-b607-373626a15afb HTTP/1.1" 200 911 0.021129
2016-02-25 23:46:50.814 1862 INFO eventlet.wsgi.server [req-008c72f2-660b-4fd5-bdb9-c9ae1d3e7366 9b1f9b36d7354b1ea121ccfbae339d8b 85a11a1515f94848be7aa5b56adec8bf - - -] 127.0.0.1 - - [25/Feb/2016 23:46:50] "GET /images/detail?is_public=None&limit=20 HTTP/1.1" 200 1603 0.161290
2016-02-25 23:55:23.423 1858 INFO eventlet.wsgi.server [req-a527febe-60f7-46af-8637-3e1734a5f12d 9b1f9b36d7354b1ea121ccfbae339d8b 85a11a1515f94848be7aa5b56adec8bf - - -] 127.0.0.1 - - [25/Feb/2016 23:55:23] "GET /images/8a724f78-2673-4ea1-b607-373626a15afb HTTP/1.1" 200 911 0.146000
2016-02-25 23:56:33.361 1862 INFO eventlet.wsgi.server [req-7b2a7033-0e13-41f2-9d6b-c3038eb376f1 9b1f9b36d7354b1ea121ccfbae339d8b 85a11a1515f94848be7aa5b56adec8bf - - -] 127.0.0.1 - - [25/Feb/2016 23:56:33] "GET /images/9535cff0-1980-4ac8-a702-a3b6234c88dd HTTP/1.1" 200 891 0.168206
2016-02-25 23:56:33.674 1868 INFO eventlet.wsgi.server [req-c0d2b774-93d1-49b2-9686-556989216071 9b1f9b36d7354b1ea121ccfbae339d8b 85a11a1515f94848be7aa5b56adec8bf - - -] 127.0.0.1 - - [25/Feb/2016 23:56:33] "GET /images/9535cff0-1980-4ac8-a702-a3b6234c88dd HTTP/1.1" 200 891 0.293209
2016-02-25 23:56:33.743 1862 INFO eventlet.wsgi.server [req-9273e900-1ac5-4517-ac21-765c95a0791f 9b1f9b36d7354b1ea121ccfbae339d8b 85a11a1515f94848be7aa5b56adec8bf - - -] 127.0.0.1 - - [25/Feb/2016 23:56:33] "GET /images/8a724f78-2673-4ea1-b607-373626a15afb HTTP/1.1" 200 911 0.019929
2016-02-25 23:56:51.477 1862 INFO eventlet.wsgi.server [req-2160fa63-8334-4f98-8761-8e3113c0a0b0 9b1f9b36d7354b1ea121ccfbae339d8b 85a11a1515f94848be7aa5b56adec8bf - - -] 127.0.0.1 - - [25/Feb/2016 23:56:51] "GET /images/detail?is_public=None&limit=20 HTTP/1.1" 200 1603 0.184577
2016-02-26 14:48:03.627 1047 INFO glance.common.wsgi [-] Starting 4 workers
2016-02-26 14:48:03.864 1047 INFO glance.common.wsgi [-] Started child 1897
2016-02-26 14:48:03.947 1897 INFO eventlet.wsgi.server [-] (1897) wsgi starting up on http://0.0.0.0:9191/
2016-02-26 14:48:04.145 1047 INFO glance.common.wsgi [-] Started child 1907
2016-02-26 14:48:04.269 1907 INFO eventlet.wsgi.server [-] (1907) wsgi starting up on http://0.0.0.0:9191/
2016-02-26 14:48:04.420 1912 INFO eventlet.wsgi.server [-] (1912) wsgi starting up on http://0.0.0.0:9191/
2016-02-26 14:48:04.398 1047 INFO glance.common.wsgi [-] Started child 1912
2016-02-26 14:48:04.583 1047 INFO glance.common.wsgi [-] Started child 1917
2016-02-26 14:48:04.658 1917 INFO eventlet.wsgi.server [-] (1917) wsgi starting up on http://0.0.0.0:9191/
2016-02-26 14:57:54.457 1907 INFO eventlet.wsgi.server [req-077ef354-4bdc-498f-bdd0-f962e794a12d 9b1f9b36d7354b1ea121ccfbae339d8b 85a11a1515f94848be7aa5b56adec8bf - - -] 127.0.0.1 - - [26/Feb/2016 14:57:54] "GET /images/9535cff0-1980-4ac8-a702-a3b6234c88dd HTTP/1.1" 200 891 0.480004
2016-02-26 14:57:54.498 1907 INFO eventlet.wsgi.server [req-a9d57fb1-9e78-4226-a757-e3c8cbfc5adf 9b1f9b36d7354b1ea121ccfbae339d8b 85a11a1515f94848be7aa5b56adec8bf - - -] 127.0.0.1 - - [26/Feb/2016 14:57:54] "GET /images/9535cff0-1980-4ac8-a702-a3b6234c88dd HTTP/1.1" 200 891 0.018694
2016-02-26 14:57:55.381 1897 INFO eventlet.wsgi.server [req-30b73ea7-488c-475f-a78a-4223736ce17b 9b1f9b36d7354b1ea121ccfbae339d8b 85a11a1515f94848be7aa5b56adec8bf - - -] 127.0.0.1 - - [26/Feb/2016 14:57:55] "GET /images/8a724f78-2673-4ea1-b607-373626a15afb HTTP/1.1" 200 911 0.463934
2016-02-26 14:58:05.179 1917 INFO eventlet.wsgi.server [req-84bc6533-2568-4404-b79f-d5cd1d1cc14e 9b1f9b36d7354b1ea121ccfbae339d8b 85a11a1515f94848be7aa5b56adec8bf - - -] 127.0.0.1 - - [26/Feb/2016 14:58:05] "GET /images/detail?is_public=None&limit=20 HTTP/1.1" 200 1603 0.576856
2016-02-26 14:58:20.568 1907 INFO eventlet.wsgi.server [req-258d4001-7c25-473d-b8ee-9b0aa48e7753 9b1f9b36d7354b1ea121ccfbae339d8b 85a11a1515f94848be7aa5b56adec8bf - - -] 127.0.0.1 - - [26/Feb/2016 14:58:20] "GET /images/8a724f78-2673-4ea1-b607-373626a15afb HTTP/1.1" 200 911 0.139122
2016-02-26 15:07:53.942 1917 INFO eventlet.wsgi.server [req-f0b95729-7a3b-47da-8520-9a03b8a616a0 9b1f9b36d7354b1ea121ccfbae339d8b 85a11a1515f94848be7aa5b56adec8bf - - -] 127.0.0.1 - - [26/Feb/2016 15:07:53] "GET /images/9535cff0-1980-4ac8-a702-a3b6234c88dd HTTP/1.1" 200 891 0.116964
2016-02-26 15:07:54.096 1897 INFO eventlet.wsgi.server [req-46512c1c-9c44-41d8-9778-88fe5fb76bd0 9b1f9b36d7354b1ea121ccfbae339d8b 85a11a1515f94848be7aa5b56adec8bf - - -] 127.0.0.1 - - [26/Feb/2016 15:07:54] "GET /images/9535cff0-1980-4ac8-a702-a3b6234c88dd HTTP/1.1" 200 891 0.131832
2016-02-26 15:07:54.360 1907 INFO eventlet.wsgi.server [req-34156dcf-025d-43d1-9fbe-262b2b9a259d 9b1f9b36d7354b1ea121ccfbae339d8b 85a11a1515f94848be7aa5b56adec8bf - - -] 127.0.0.1 - - [26/Feb/2016 15:07:54] "GET /images/8a724f78-2673-4ea1-b607-373626a15afb HTTP/1.1" 200 911 0.128973
2016-02-26 15:08:04.705 1912 INFO eventlet.wsgi.server [req-7fb438a3-e778-417b-aa35-fc6e8b7ca143 9b1f9b36d7354b1ea121ccfbae339d8b 85a11a1515f94848be7aa5b56adec8bf - - -] 127.0.0.1 - - [26/Feb/2016 15:08:04] "GET /images/detail?is_public=None&limit=20 HTTP/1.1" 200 1603 0.607525
2016-02-26 15:08:19.974 1917 INFO eventlet.wsgi.server [req-fc24cad8-a9a0-4b55-a0a8-a000fa2b95b5 9b1f9b36d7354b1ea121ccfbae339d8b 85a11a1515f94848be7aa5b56adec8bf - - -] 127.0.0.1 - - [26/Feb/2016 15:08:19] "GET /images/8a724f78-2673-4ea1-b607-373626a15afb HTTP/1.1" 200 911 0.131890
2016-02-26 15:16:20.946 1917 INFO eventlet.wsgi.server [req-1e6f2ce5-a100-44b8-8ae7-e5452afa1d4f e9483918caa940a48fe882ba092c7e0b 300b2cc45c3846939e589310ae714e46 - - -] 127.0.0.1 - - [26/Feb/2016 15:16:20] "GET /images/detail?sort_key=created_at&sort_dir=desc&limit=1000 HTTP/1.1" 200 1603 0.212616
2016-02-26 15:17:05.352 1897 INFO eventlet.wsgi.server [req-23b93100-b0f6-46bb-9782-186bb41e7dff e9483918caa940a48fe882ba092c7e0b 300b2cc45c3846939e589310ae714e46 - - -] 127.0.0.1 - - [26/Feb/2016 15:17:05] "GET /images/9535cff0-1980-4ac8-a702-a3b6234c88dd HTTP/1.1" 200 891 0.106651
2016-02-26 15:17:21.582 1912 INFO eventlet.wsgi.server [req-c4fbac6e-feea-4aec-8c2c-19fc31a6f38a e9483918caa940a48fe882ba092c7e0b 300b2cc45c3846939e589310ae714e46 - - -] 127.0.0.1 - - [26/Feb/2016 15:17:21] "GET /images/detail?sort_key=created_at&sort_dir=desc&limit=1000 HTTP/1.1" 200 1603 0.245384
2016-02-26 15:17:53.614 1912 INFO eventlet.wsgi.server [req-b727884f-5381-456c-809a-e7b8bfd2fe8f 9b1f9b36d7354b1ea121ccfbae339d8b 85a11a1515f94848be7aa5b56adec8bf - - -] 127.0.0.1 - - [26/Feb/2016 15:17:53] "GET /images/9535cff0-1980-4ac8-a702-a3b6234c88dd HTTP/1.1" 200 891 0.122039
2016-02-26 15:17:53.646 1912 INFO eventlet.wsgi.server [req-0c20f84b-0118-4eec-8ddf-d21d33f613e3 9b1f9b36d7354b1ea121ccfbae339d8b 85a11a1515f94848be7aa5b56adec8bf - - -] 127.0.0.1 - - [26/Feb/2016 15:17:53] "GET /images/9535cff0-1980-4ac8-a702-a3b6234c88dd HTTP/1.1" 200 891 0.016535
2016-02-26 15:17:53.897 1917 INFO eventlet.wsgi.server [req-297153c0-fa10-4c17-a503-77b4813e5002 9b1f9b36d7354b1ea121ccfbae339d8b 85a11a1515f94848be7aa5b56adec8bf - - -] 127.0.0.1 - - [26/Feb/2016 15:17:53] "GET /images/8a724f78-2673-4ea1-b607-373626a15afb HTTP/1.1" 200 911 0.124365
2016-02-26 15:18:04.096 1917 INFO eventlet.wsgi.server [req-6929cb87-4075-4bde-84fd-571ead17ed32 9b1f9b36d7354b1ea121ccfbae339d8b 85a11a1515f94848be7aa5b56adec8bf - - -] 127.0.0.1 - - [26/Feb/2016 15:18:04] "GET /images/detail?is_public=None&limit=20 HTTP/1.1" 200 1603 0.133960
2016-02-26 15:18:19.944 1907 INFO eventlet.wsgi.server [req-fc3d9e6f-7160-47bb-b830-30a9c49af2cf 9b1f9b36d7354b1ea121ccfbae339d8b 85a11a1515f94848be7aa5b56adec8bf - - -] 127.0.0.1 - - [26/Feb/2016 15:18:19] "GET /images/8a724f78-2673-4ea1-b607-373626a15afb HTTP/1.1" 200 911 0.112948
2016-02-26 15:23:19.485 1907 INFO eventlet.wsgi.server [req-7bd61be7-3ffc-4216-b465-f88ef7d66c0f 8b01dff85bb640f5ac72eb634117d3f1 802906d526ed42e8a5980f390847fa87 - - -] 127.0.0.1 - - [26/Feb/2016 15:23:19] "GET /images/detail?sort_key=created_at&sort_dir=desc&limit=1000 HTTP/1.1" 200 1603 0.207261
2016-02-26 15:25:33.735 1897 INFO eventlet.wsgi.server [req-85930c82-edc8-49d6-bcf2-80abb371002c 8b01dff85bb640f5ac72eb634117d3f1 802906d526ed42e8a5980f390847fa87 - - -] 127.0.0.1 - - [26/Feb/2016 15:25:33] "GET /images/detail?sort_key=created_at&sort_dir=desc&limit=1000 HTTP/1.1" 200 1603 0.217646
2016-02-26 15:27:53.629 1917 INFO eventlet.wsgi.server [req-497a2272-2af4-4c3d-806c-77d22c43bc5a 9b1f9b36d7354b1ea121ccfbae339d8b 85a11a1515f94848be7aa5b56adec8bf - - -] 127.0.0.1 - - [26/Feb/2016 15:27:53] "GET /images/9535cff0-1980-4ac8-a702-a3b6234c88dd HTTP/1.1" 200 891 0.115103
2016-02-26 15:27:53.788 1897 INFO eventlet.wsgi.server [req-5daadd24-7776-4bc4-af2e-edd4b0ac8f79 9b1f9b36d7354b1ea121ccfbae339d8b 85a11a1515f94848be7aa5b56adec8bf - - -] 127.0.0.1 - - [26/Feb/2016 15:27:53] "GET /images/9535cff0-1980-4ac8-a702-a3b6234c88dd HTTP/1.1" 200 891 0.124741
2016-02-26 15:27:54.112 1912 INFO eventlet.wsgi.server [req-31db9890-1b18-4a42-b78b-fa23f5065390 9b1f9b36d7354b1ea121ccfbae339d8b 85a11a1515f94848be7aa5b56adec8bf - - -] 127.0.0.1 - - [26/Feb/2016 15:27:54] "GET /images/8a724f78-2673-4ea1-b607-373626a15afb HTTP/1.1" 200 911 0.144140
2016-02-26 15:28:04.652 1917 INFO eventlet.wsgi.server [req-3770ab1b-ca1b-46e8-9b8e-7f2fe0c57909 9b1f9b36d7354b1ea121ccfbae339d8b 85a11a1515f94848be7aa5b56adec8bf - - -] 127.0.0.1 - - [26/Feb/2016 15:28:04] "GET /images/detail?is_public=None&limit=20 HTTP/1.1" 200 1603 0.163325
2016-02-26 15:28:19.970 1917 INFO eventlet.wsgi.server [req-d0d87695-98d4-4600-aca6-61c83d24e595 9b1f9b36d7354b1ea121ccfbae339d8b 85a11a1515f94848be7aa5b56adec8bf - - -] 127.0.0.1 - - [26/Feb/2016 15:28:19] "GET /images/8a724f78-2673-4ea1-b607-373626a15afb HTTP/1.1" 200 911 0.105542
2016-02-26 15:37:53.669 1917 INFO eventlet.wsgi.server [req-171921dc-d4af-4f36-bdfc-3fe5b2ba458a 9b1f9b36d7354b1ea121ccfbae339d8b 85a11a1515f94848be7aa5b56adec8bf - - -] 127.0.0.1 - - [26/Feb/2016 15:37:53] "GET /images/9535cff0-1980-4ac8-a702-a3b6234c88dd HTTP/1.1" 200 891 0.124167
2016-02-26 15:37:53.828 1907 INFO eventlet.wsgi.server [req-3f5cf8bd-9ec1-4018-a6be-e8d015ed73b0 9b1f9b36d7354b1ea121ccfbae339d8b 85a11a1515f94848be7aa5b56adec8bf - - -] 127.0.0.1 - - [26/Feb/2016 15:37:53] "GET /images/9535cff0-1980-4ac8-a702-a3b6234c88dd HTTP/1.1" 200 891 0.137540
2016-02-26 15:37:54.107 1897 INFO eventlet.wsgi.server [req-d84de2c7-a7a9-4b81-9440-7e7c7908a92f 9b1f9b36d7354b1ea121ccfbae339d8b 85a11a1515f94848be7aa5b56adec8bf - - -] 127.0.0.1 - - [26/Feb/2016 15:37:54] "GET /images/8a724f78-2673-4ea1-b607-373626a15afb HTTP/1.1" 200 911 0.108554
2016-02-26 15:38:04.174 1912 INFO eventlet.wsgi.server [req-aced0080-be01-41b5-9ab0-ba8988c5f74a 9b1f9b36d7354b1ea121ccfbae339d8b 85a11a1515f94848be7aa5b56adec8bf - - -] 127.0.0.1 - - [26/Feb/2016 15:38:04] "GET /images/detail?is_public=None&limit=20 HTTP/1.1" 200 1603 0.171539
2016-02-26 15:38:20.172 1897 INFO eventlet.wsgi.server [req-00a5c689-40df-4ed0-946b-5de9e6d39d35 9b1f9b36d7354b1ea121ccfbae339d8b 85a11a1515f94848be7aa5b56adec8bf - - -] 127.0.0.1 - - [26/Feb/2016 15:38:20] "GET /images/8a724f78-2673-4ea1-b607-373626a15afb HTTP/1.1" 200 911 0.141584
2016-02-26 19:39:56.496 1046 INFO glance.common.wsgi [-] Starting 4 workers
2016-02-26 19:39:56.630 1046 INFO glance.common.wsgi [-] Started child 1930
2016-02-26 19:39:56.686 1930 INFO eventlet.wsgi.server [-] (1930) wsgi starting up on http://0.0.0.0:9191/
2016-02-26 19:39:56.797 1046 INFO glance.common.wsgi [-] Started child 1935
2016-02-26 19:39:56.825 1935 INFO eventlet.wsgi.server [-] (1935) wsgi starting up on http://0.0.0.0:9191/
2016-02-26 19:39:56.998 1046 INFO glance.common.wsgi [-] Started child 1941
2016-02-26 19:39:57.113 1046 INFO glance.common.wsgi [-] Started child 1944
2016-02-26 19:39:57.197 1941 INFO eventlet.wsgi.server [-] (1941) wsgi starting up on http://0.0.0.0:9191/
2016-02-26 19:39:57.249 1944 INFO eventlet.wsgi.server [-] (1944) wsgi starting up on http://0.0.0.0:9191/
2016-02-26 19:49:28.469 1935 INFO eventlet.wsgi.server [req-f9d0880f-7a24-4d8b-8c0c-3df4548c157e 9b1f9b36d7354b1ea121ccfbae339d8b 85a11a1515f94848be7aa5b56adec8bf - - -] 127.0.0.1 - - [26/Feb/2016 19:49:28] "GET /images/9535cff0-1980-4ac8-a702-a3b6234c88dd HTTP/1.1" 200 891 0.579556
2016-02-26 19:49:29.046 1930 INFO eventlet.wsgi.server [req-937742c8-b561-454a-adac-3b2ce21ed4fe 9b1f9b36d7354b1ea121ccfbae339d8b 85a11a1515f94848be7aa5b56adec8bf - - -] 127.0.0.1 - - [26/Feb/2016 19:49:29] "GET /images/9535cff0-1980-4ac8-a702-a3b6234c88dd HTTP/1.1" 200 891 0.547354
2016-02-26 19:49:29.526 1930 INFO eventlet.wsgi.server [req-0fe34762-b3ff-419d-add3-2a12679810c3 9b1f9b36d7354b1ea121ccfbae339d8b 85a11a1515f94848be7aa5b56adec8bf - - -] 127.0.0.1 - - [26/Feb/2016 19:49:29] "GET /images/8a724f78-2673-4ea1-b607-373626a15afb HTTP/1.1" 200 911 0.032518
2016-02-26 19:49:39.090 1941 INFO eventlet.wsgi.server [req-e5a6b1e3-e728-4d7b-8b80-8ffc51b716aa 9b1f9b36d7354b1ea121ccfbae339d8b 85a11a1515f94848be7aa5b56adec8bf - - -] 127.0.0.1 - - [26/Feb/2016 19:49:39] "GET /images/8a724f78-2673-4ea1-b607-373626a15afb HTTP/1.1" 200 911 0.478665
2016-02-26 19:49:56.905 1944 INFO eventlet.wsgi.server [req-fb170328-be65-4741-a671-d7a6dd746ce1 9b1f9b36d7354b1ea121ccfbae339d8b 85a11a1515f94848be7aa5b56adec8bf - - -] 127.0.0.1 - - [26/Feb/2016 19:49:56] "GET /images/detail?is_public=None&limit=20 HTTP/1.1" 200 1603 0.522882
2016-02-26 19:59:27.368 1941 INFO eventlet.wsgi.server [req-038e6133-a0e3-4f3f-ae08-f1cebd5de231 9b1f9b36d7354b1ea121ccfbae339d8b 85a11a1515f94848be7aa5b56adec8bf - - -] 127.0.0.1 - - [26/Feb/2016 19:59:27] "GET /images/9535cff0-1980-4ac8-a702-a3b6234c88dd HTTP/1.1" 200 891 0.125205
2016-02-26 19:59:27.408 1941 INFO eventlet.wsgi.server [req-0e5c8700-2e92-423d-9e75-3939a18b327c 9b1f9b36d7354b1ea121ccfbae339d8b 85a11a1515f94848be7aa5b56adec8bf - - -] 127.0.0.1 - - [26/Feb/2016 19:59:27] "GET /images/9535cff0-1980-4ac8-a702-a3b6234c88dd HTTP/1.1" 200 891 0.018741
2016-02-26 19:59:27.646 1935 INFO eventlet.wsgi.server [req-d868ef09-bc5e-41ab-b113-ef632c8eed2b 9b1f9b36d7354b1ea121ccfbae339d8b 85a11a1515f94848be7aa5b56adec8bf - - -] 127.0.0.1 - - [26/Feb/2016 19:59:27] "GET /images/8a724f78-2673-4ea1-b607-373626a15afb HTTP/1.1" 200 911 0.115562
2016-02-26 19:59:36.608 1930 INFO eventlet.wsgi.server [req-daee6de5-5400-4f0b-bbcf-9ebe1795acdc 9b1f9b36d7354b1ea121ccfbae339d8b 85a11a1515f94848be7aa5b56adec8bf - - -] 127.0.0.1 - - [26/Feb/2016 19:59:36] "GET /images/8a724f78-2673-4ea1-b607-373626a15afb HTTP/1.1" 200 911 0.138802
2016-02-26 19:59:55.718 1944 INFO eventlet.wsgi.server [req-240366d3-33b2-4469-b0f8-46514b2c4cdc 9b1f9b36d7354b1ea121ccfbae339d8b 85a11a1515f94848be7aa5b56adec8bf - - -] 127.0.0.1 - - [26/Feb/2016 19:59:55] "GET /images/detail?is_public=None&limit=20 HTTP/1.1" 200 1603 0.163175
2016-02-26 20:09:27.093 1944 INFO eventlet.wsgi.server [req-c446e941-24b0-4e4d-8b6a-e3a9e1857555 9b1f9b36d7354b1ea121ccfbae339d8b 85a11a1515f94848be7aa5b56adec8bf - - -] 127.0.0.1 - - [26/Feb/2016 20:09:27] "GET /images/9535cff0-1980-4ac8-a702-a3b6234c88dd HTTP/1.1" 200 891 0.122306
2016-02-26 20:09:27.232 1935 INFO eventlet.wsgi.server [req-5a840bb5-3ade-447e-a4ae-2845602be007 9b1f9b36d7354b1ea121ccfbae339d8b 85a11a1515f94848be7aa5b56adec8bf - - -] 127.0.0.1 - - [26/Feb/2016 20:09:27] "GET /images/9535cff0-1980-4ac8-a702-a3b6234c88dd HTTP/1.1" 200 891 0.118702
2016-02-26 20:09:27.495 1941 INFO eventlet.wsgi.server [req-f9bb7462-79ee-4e7e-8a89-4f75d6084e59 9b1f9b36d7354b1ea121ccfbae339d8b 85a11a1515f94848be7aa5b56adec8bf - - -] 127.0.0.1 - - [26/Feb/2016 20:09:27] "GET /images/8a724f78-2673-4ea1-b607-373626a15afb HTTP/1.1" 200 911 0.132815
2016-02-26 20:09:36.477 1941 INFO eventlet.wsgi.server [req-7b30dae6-bd7d-4d69-bb14-830b4c48b1aa 9b1f9b36d7354b1ea121ccfbae339d8b 85a11a1515f94848be7aa5b56adec8bf - - -] 127.0.0.1 - - [26/Feb/2016 20:09:36] "GET /images/8a724f78-2673-4ea1-b607-373626a15afb HTTP/1.1" 200 911 0.097310
2016-02-26 20:09:55.377 1944 INFO eventlet.wsgi.server [req-5f6fb7ac-ac02-4ce9-bb9d-6c466fdcd7df 9b1f9b36d7354b1ea121ccfbae339d8b 85a11a1515f94848be7aa5b56adec8bf - - -] 127.0.0.1 - - [26/Feb/2016 20:09:55] "GET /images/detail?is_public=None&limit=20 HTTP/1.1" 200 1603 0.124258
2016-02-26 20:19:27.133 1935 INFO eventlet.wsgi.server [req-d5e859ba-d2bf-4b51-9a85-69de0ac3ccf6 9b1f9b36d7354b1ea121ccfbae339d8b 85a11a1515f94848be7aa5b56adec8bf - - -] 127.0.0.1 - - [26/Feb/2016 20:19:27] "GET /images/9535cff0-1980-4ac8-a702-a3b6234c88dd HTTP/1.1" 200 891 0.155622
2016-02-26 20:19:27.330 1930 INFO eventlet.wsgi.server [req-c174b410-4406-48b1-bdea-e3692a0dd305 9b1f9b36d7354b1ea121ccfbae339d8b 85a11a1515f94848be7aa5b56adec8bf - - -] 127.0.0.1 - - [26/Feb/2016 20:19:27] "GET /images/9535cff0-1980-4ac8-a702-a3b6234c88dd HTTP/1.1" 200 891 0.175559
2016-02-26 20:19:27.600 1930 INFO eventlet.wsgi.server [req-de648a74-e2b0-44cb-9cef-2505ae775057 9b1f9b36d7354b1ea121ccfbae339d8b 85a11a1515f94848be7aa5b56adec8bf - - -] 127.0.0.1 - - [26/Feb/2016 20:19:27] "GET /images/8a724f78-2673-4ea1-b607-373626a15afb HTTP/1.1" 200 911 0.020034
2016-02-26 20:19:36.621 1930 INFO eventlet.wsgi.server [req-afc487b6-3c45-44dd-8ef6-5988a2a7f0e7 9b1f9b36d7354b1ea121ccfbae339d8b 85a11a1515f94848be7aa5b56adec8bf - - -] 127.0.0.1 - - [26/Feb/2016 20:19:36] "GET /images/8a724f78-2673-4ea1-b607-373626a15afb HTTP/1.1" 200 911 0.140781
2016-02-26 20:19:55.959 1930 INFO eventlet.wsgi.server [req-8b76ad08-f5d0-4a35-852d-05e86ccab3bd 9b1f9b36d7354b1ea121ccfbae339d8b 85a11a1515f94848be7aa5b56adec8bf - - -] 127.0.0.1 - - [26/Feb/2016 20:19:55] "GET /images/detail?is_public=None&limit=20 HTTP/1.1" 200 1603 0.159210
2016-02-26 20:29:27.150 1944 INFO eventlet.wsgi.server [req-aa1c5528-c614-4c44-925a-041b2472f9ab 9b1f9b36d7354b1ea121ccfbae339d8b 85a11a1515f94848be7aa5b56adec8bf - - -] 127.0.0.1 - - [26/Feb/2016 20:29:27] "GET /images/9535cff0-1980-4ac8-a702-a3b6234c88dd HTTP/1.1" 200 891 0.158483
2016-02-26 20:29:27.296 1941 INFO eventlet.wsgi.server [req-9b30c116-b84d-4515-bc16-b6de5f03a3f1 9b1f9b36d7354b1ea121ccfbae339d8b 85a11a1515f94848be7aa5b56adec8bf - - -] 127.0.0.1 - - [26/Feb/2016 20:29:27] "GET /images/9535cff0-1980-4ac8-a702-a3b6234c88dd HTTP/1.1" 200 891 0.126638
2016-02-26 20:29:27.462 1944 INFO eventlet.wsgi.server [req-366824c6-5798-4971-ac56-9026d1cdc70d 9b1f9b36d7354b1ea121ccfbae339d8b 85a11a1515f94848be7aa5b56adec8bf - - -] 127.0.0.1 - - [26/Feb/2016 20:29:27] "GET /images/8a724f78-2673-4ea1-b607-373626a15afb HTTP/1.1" 200 911 0.020780
2016-02-26 20:29:36.608 1935 INFO eventlet.wsgi.server [req-a6c76499-242f-4ebe-9554-47e539252fa0 9b1f9b36d7354b1ea121ccfbae339d8b 85a11a1515f94848be7aa5b56adec8bf - - -] 127.0.0.1 - - [26/Feb/2016 20:29:36] "GET /images/8a724f78-2673-4ea1-b607-373626a15afb HTTP/1.1" 200 911 0.120694
2016-02-26 20:29:55.379 1935 INFO eventlet.wsgi.server [req-62a5e6a3-ae65-43ad-b337-3986a89a8e51 9b1f9b36d7354b1ea121ccfbae339d8b 85a11a1515f94848be7aa5b56adec8bf - - -] 127.0.0.1 - - [26/Feb/2016 20:29:55] "GET /images/detail?is_public=None&limit=20 HTTP/1.1" 200 1603 0.160333
2016-02-26 20:39:26.895 1944 INFO eventlet.wsgi.server [req-bb203b93-a94d-459c-bc9c-00ee7dafded9 9b1f9b36d7354b1ea121ccfbae339d8b 85a11a1515f94848be7aa5b56adec8bf - - -] 127.0.0.1 - - [26/Feb/2016 20:39:26] "GET /images/9535cff0-1980-4ac8-a702-a3b6234c88dd HTTP/1.1" 200 891 0.111321
2016-02-26 20:39:27.030 1930 INFO eventlet.wsgi.server [req-bded85a5-942d-485c-8ff7-54d9c0ba59d9 9b1f9b36d7354b1ea121ccfbae339d8b 85a11a1515f94848be7aa5b56adec8bf - - -] 127.0.0.1 - - [26/Feb/2016 20:39:27] "GET /images/9535cff0-1980-4ac8-a702-a3b6234c88dd HTTP/1.1" 200 891 0.118722
2016-02-26 20:39:27.120 1944 INFO eventlet.wsgi.server [req-501cb962-ed83-47d2-a9d1-eb8128c09706 9b1f9b36d7354b1ea121ccfbae339d8b 85a11a1515f94848be7aa5b56adec8bf - - -] 127.0.0.1 - - [26/Feb/2016 20:39:27] "GET /images/8a724f78-2673-4ea1-b607-373626a15afb HTTP/1.1" 200 911 0.015749
2016-02-26 20:39:36.433 1935 INFO eventlet.wsgi.server [req-e4310393-dab5-4bc7-b356-7001df5d9f03 9b1f9b36d7354b1ea121ccfbae339d8b 85a11a1515f94848be7aa5b56adec8bf - - -] 127.0.0.1 - - [26/Feb/2016 20:39:36] "GET /images/8a724f78-2673-4ea1-b607-373626a15afb HTTP/1.1" 200 911 0.104211
2016-02-26 20:39:55.516 1944 INFO eventlet.wsgi.server [req-693f8914-069c-49ba-ba82-d91e9522ba36 9b1f9b36d7354b1ea121ccfbae339d8b 85a11a1515f94848be7aa5b56adec8bf - - -] 127.0.0.1 - - [26/Feb/2016 20:39:55] "GET /images/detail?is_public=None&limit=20 HTTP/1.1" 200 1603 0.130518
2016-02-26 20:49:27.348 1930 INFO eventlet.wsgi.server [req-ac7f4657-0b87-4143-9fa7-a3d5de98eaeb 9b1f9b36d7354b1ea121ccfbae339d8b 85a11a1515f94848be7aa5b56adec8bf - - -] 127.0.0.1 - - [26/Feb/2016 20:49:27] "GET /images/9535cff0-1980-4ac8-a702-a3b6234c88dd HTTP/1.1" 200 891 0.235411
2016-02-26 20:49:27.503 1944 INFO eventlet.wsgi.server [req-9ddd0426-3bf1-42d0-8276-93e55eabf303 9b1f9b36d7354b1ea121ccfbae339d8b 85a11a1515f94848be7aa5b56adec8bf - - -] 127.0.0.1 - - [26/Feb/2016 20:49:27] "GET /images/9535cff0-1980-4ac8-a702-a3b6234c88dd HTTP/1.1" 200 891 0.136742
2016-02-26 20:49:28.059 1935 INFO eventlet.wsgi.server [req-a4b535ef-b79e-4d32-9c43-9a89cba45c04 9b1f9b36d7354b1ea121ccfbae339d8b 85a11a1515f94848be7aa5b56adec8bf - - -] 127.0.0.1 - - [26/Feb/2016 20:49:28] "GET /images/8a724f78-2673-4ea1-b607-373626a15afb HTTP/1.1" 200 911 0.257283
2016-02-26 20:49:36.741 1941 INFO eventlet.wsgi.server [req-fec38e6e-eddb-469a-8132-1013c57829ab 9b1f9b36d7354b1ea121ccfbae339d8b 85a11a1515f94848be7aa5b56adec8bf - - -] 127.0.0.1 - - [26/Feb/2016 20:49:36] "GET /images/8a724f78-2673-4ea1-b607-373626a15afb HTTP/1.1" 200 911 0.142972
2016-02-26 20:49:56.260 1941 INFO eventlet.wsgi.server [req-805ac9a0-d0e5-45f7-aa45-7c045b9124ac 9b1f9b36d7354b1ea121ccfbae339d8b 85a11a1515f94848be7aa5b56adec8bf - - -] 127.0.0.1 - - [26/Feb/2016 20:49:56] "GET /images/detail?is_public=None&limit=20 HTTP/1.1" 200 1603 0.275554
2016-02-26 20:59:27.036 1930 INFO eventlet.wsgi.server [req-ed0193da-0c93-497a-9e55-967a791ed447 9b1f9b36d7354b1ea121ccfbae339d8b 85a11a1515f94848be7aa5b56adec8bf - - -] 127.0.0.1 - - [26/Feb/2016 20:59:27] "GET /images/9535cff0-1980-4ac8-a702-a3b6234c88dd HTTP/1.1" 200 891 0.141175
2016-02-26 20:59:27.325 1944 INFO eventlet.wsgi.server [req-3163d53c-3327-4e46-9e45-8d71caf37e3d 9b1f9b36d7354b1ea121ccfbae339d8b 85a11a1515f94848be7aa5b56adec8bf - - -] 127.0.0.1 - - [26/Feb/2016 20:59:27] "GET /images/9535cff0-1980-4ac8-a702-a3b6234c88dd HTTP/1.1" 200 891 0.264182
2016-02-26 20:59:27.668 1935 INFO eventlet.wsgi.server [req-58358977-7123-4e71-9d21-aeae1175321f 9b1f9b36d7354b1ea121ccfbae339d8b 85a11a1515f94848be7aa5b56adec8bf - - -] 127.0.0.1 - - [26/Feb/2016 20:59:27] "GET /images/8a724f78-2673-4ea1-b607-373626a15afb HTTP/1.1" 200 911 0.112079
2016-02-26 20:59:36.774 1941 INFO eventlet.wsgi.server [req-f65cb95c-62cd-4f0c-ba69-9620cd669549 9b1f9b36d7354b1ea121ccfbae339d8b 85a11a1515f94848be7aa5b56adec8bf - - -] 127.0.0.1 - - [26/Feb/2016 20:59:36] "GET /images/8a724f78-2673-4ea1-b607-373626a15afb HTTP/1.1" 200 911 0.128412
2016-02-26 20:59:55.825 1935 INFO eventlet.wsgi.server [req-65f845b4-486b-4839-88bc-ca2e71bae07a 9b1f9b36d7354b1ea121ccfbae339d8b 85a11a1515f94848be7aa5b56adec8bf - - -] 127.0.0.1 - - [26/Feb/2016 20:59:55] "GET /images/detail?is_public=None&limit=20 HTTP/1.1" 200 1603 0.138194
2016-02-26 21:09:27.098 1930 INFO eventlet.wsgi.server [req-b5830c8f-76d9-43d5-8878-541a85910932 9b1f9b36d7354b1ea121ccfbae339d8b 85a11a1515f94848be7aa5b56adec8bf - - -] 127.0.0.1 - - [26/Feb/2016 21:09:27] "GET /images/9535cff0-1980-4ac8-a702-a3b6234c88dd HTTP/1.1" 200 891 0.113371
2016-02-26 21:09:27.137 1930 INFO eventlet.wsgi.server [req-b7802231-1202-4349-bf98-295c9138dda5 9b1f9b36d7354b1ea121ccfbae339d8b 85a11a1515f94848be7aa5b56adec8bf - - -] 127.0.0.1 - - [26/Feb/2016 21:09:27] "GET /images/9535cff0-1980-4ac8-a702-a3b6234c88dd HTTP/1.1" 200 891 0.019702
2016-02-26 21:09:27.328 1930 INFO eventlet.wsgi.server [req-79a7e86f-fd8e-4348-af24-0deb34421722 9b1f9b36d7354b1ea121ccfbae339d8b 85a11a1515f94848be7aa5b56adec8bf - - -] 127.0.0.1 - - [26/Feb/2016 21:09:27] "GET /images/8a724f78-2673-4ea1-b607-373626a15afb HTTP/1.1" 200 911 0.019290
2016-02-26 21:09:36.524 1935 INFO eventlet.wsgi.server [req-0f2b61f5-be18-482d-91b4-cda100899063 9b1f9b36d7354b1ea121ccfbae339d8b 85a11a1515f94848be7aa5b56adec8bf - - -] 127.0.0.1 - - [26/Feb/2016 21:09:36] "GET /images/8a724f78-2673-4ea1-b607-373626a15afb HTTP/1.1" 200 911 0.131579
2016-02-26 21:09:55.508 1941 INFO eventlet.wsgi.server [req-a22d81d2-be19-446a-970e-8a71ec4b5f6f 9b1f9b36d7354b1ea121ccfbae339d8b 85a11a1515f94848be7aa5b56adec8bf - - -] 127.0.0.1 - - [26/Feb/2016 21:09:55] "GET /images/detail?is_public=None&limit=20 HTTP/1.1" 200 1603 0.135910
2016-02-26 21:19:27.133 1944 INFO eventlet.wsgi.server [req-754f767f-3e0e-4148-a5a8-7f32250826a9 9b1f9b36d7354b1ea121ccfbae339d8b 85a11a1515f94848be7aa5b56adec8bf - - -] 127.0.0.1 - - [26/Feb/2016 21:19:27] "GET /images/9535cff0-1980-4ac8-a702-a3b6234c88dd HTTP/1.1" 200 891 0.158609
2016-02-26 21:19:27.292 1930 INFO eventlet.wsgi.server [req-a5b98944-7c80-41b9-82f6-3c665c06c078 9b1f9b36d7354b1ea121ccfbae339d8b 85a11a1515f94848be7aa5b56adec8bf - - -] 127.0.0.1 - - [26/Feb/2016 21:19:27] "GET /images/9535cff0-1980-4ac8-a702-a3b6234c88dd HTTP/1.1" 200 891 0.139098
2016-02-26 21:19:27.533 1935 INFO eventlet.wsgi.server [req-563233dd-05b2-4fc3-8215-782ab67ff539 9b1f9b36d7354b1ea121ccfbae339d8b 85a11a1515f94848be7aa5b56adec8bf - - -] 127.0.0.1 - - [26/Feb/2016 21:19:27] "GET /images/8a724f78-2673-4ea1-b607-373626a15afb HTTP/1.1" 200 911 0.140207
2016-02-26 21:19:36.844 1930 INFO eventlet.wsgi.server [req-52c86dd5-81b8-473e-8494-16945fa03ed6 9b1f9b36d7354b1ea121ccfbae339d8b 85a11a1515f94848be7aa5b56adec8bf - - -] 127.0.0.1 - - [26/Feb/2016 21:19:36] "GET /images/8a724f78-2673-4ea1-b607-373626a15afb HTTP/1.1" 200 911 0.162970
2016-02-26 21:19:55.963 1944 INFO eventlet.wsgi.server [req-7ec53411-ca6d-4595-ae7e-cc0679fda376 9b1f9b36d7354b1ea121ccfbae339d8b 85a11a1515f94848be7aa5b56adec8bf - - -] 127.0.0.1 - - [26/Feb/2016 21:19:55] "GET /images/detail?is_public=None&limit=20 HTTP/1.1" 200 1603 0.159455
2016-02-26 21:29:26.979 1941 INFO eventlet.wsgi.server [req-0f018dbc-e5a3-421c-8359-d4c100548dca 9b1f9b36d7354b1ea121ccfbae339d8b 85a11a1515f94848be7aa5b56adec8bf - - -] 127.0.0.1 - - [26/Feb/2016 21:29:26] "GET /images/9535cff0-1980-4ac8-a702-a3b6234c88dd HTTP/1.1" 200 891 0.138678
2016-02-26 21:29:27.120 1935 INFO eventlet.wsgi.server [req-40378487-c5bc-4b2c-9f79-f9da6680861d 9b1f9b36d7354b1ea121ccfbae339d8b 85a11a1515f94848be7aa5b56adec8bf - - -] 127.0.0.1 - - [26/Feb/2016 21:29:27] "GET /images/9535cff0-1980-4ac8-a702-a3b6234c88dd HTTP/1.1" 200 891 0.124819
2016-02-26 21:29:27.446 1944 INFO eventlet.wsgi.server [req-2c0e5a7a-aaaf-4436-9ebe-2d09d3244585 9b1f9b36d7354b1ea121ccfbae339d8b 85a11a1515f94848be7aa5b56adec8bf - - -] 127.0.0.1 - - [26/Feb/2016 21:29:27] "GET /images/8a724f78-2673-4ea1-b607-373626a15afb HTTP/1.1" 200 911 0.159388
2016-02-26 21:29:36.417 1941 INFO eventlet.wsgi.server [req-81ef7b33-81ab-4df5-9940-349d9723b839 9b1f9b36d7354b1ea121ccfbae339d8b 85a11a1515f94848be7aa5b56adec8bf - - -] 127.0.0.1 - - [26/Feb/2016 21:29:36] "GET /images/8a724f78-2673-4ea1-b607-373626a15afb HTTP/1.1" 200 911 0.093071
2016-02-26 21:29:55.444 1941 INFO eventlet.wsgi.server [req-7a52a32c-427a-478e-a064-22ec6569b48a 9b1f9b36d7354b1ea121ccfbae339d8b 85a11a1515f94848be7aa5b56adec8bf - - -] 127.0.0.1 - - [26/Feb/2016 21:29:55] "GET /images/detail?is_public=None&limit=20 HTTP/1.1" 200 1603 0.160189
2016-02-26 21:39:27.116 1930 INFO eventlet.wsgi.server [req-fb6d5a46-8950-492c-bc5e-f423fbddb181 9b1f9b36d7354b1ea121ccfbae339d8b 85a11a1515f94848be7aa5b56adec8bf - - -] 127.0.0.1 - - [26/Feb/2016 21:39:27] "GET /images/9535cff0-1980-4ac8-a702-a3b6234c88dd HTTP/1.1" 200 891 0.110577
2016-02-26 21:39:27.147 1930 INFO eventlet.wsgi.server [req-d40f6a67-f2d3-46d0-889e-7f0e611bb8dc 9b1f9b36d7354b1ea121ccfbae339d8b 85a11a1515f94848be7aa5b56adec8bf - - -] 127.0.0.1 - - [26/Feb/2016 21:39:27] "GET /images/9535cff0-1980-4ac8-a702-a3b6234c88dd HTTP/1.1" 200 891 0.014074
2016-02-26 21:39:27.391 1941 INFO eventlet.wsgi.server [req-9b82ff95-ed47-41e9-8223-af27e74b42f7 9b1f9b36d7354b1ea121ccfbae339d8b 85a11a1515f94848be7aa5b56adec8bf - - -] 127.0.0.1 - - [26/Feb/2016 21:39:27] "GET /images/8a724f78-2673-4ea1-b607-373626a15afb HTTP/1.1" 200 911 0.116699
2016-02-26 21:39:36.438 1941 INFO eventlet.wsgi.server [req-e994d71a-d14a-478a-aefa-18a6355a9edc 9b1f9b36d7354b1ea121ccfbae339d8b 85a11a1515f94848be7aa5b56adec8bf - - -] 127.0.0.1 - - [26/Feb/2016 21:39:36] "GET /images/8a724f78-2673-4ea1-b607-373626a15afb HTTP/1.1" 200 911 0.097843
2016-02-26 21:39:55.522 1935 INFO eventlet.wsgi.server [req-9aa1a8f0-02ce-4e2a-9220-cb5335333e61 9b1f9b36d7354b1ea121ccfbae339d8b 85a11a1515f94848be7aa5b56adec8bf - - -] 127.0.0.1 - - [26/Feb/2016 21:39:55] "GET /images/detail?is_public=None&limit=20 HTTP/1.1" 200 1603 0.165614
2016-02-26 21:49:27.193 1941 INFO eventlet.wsgi.server [req-ba5fe08f-903c-4b26-bc9a-d80212e86f08 9b1f9b36d7354b1ea121ccfbae339d8b 85a11a1515f94848be7aa5b56adec8bf - - -] 127.0.0.1 - - [26/Feb/2016 21:49:27] "GET /images/9535cff0-1980-4ac8-a702-a3b6234c88dd HTTP/1.1" 200 891 0.126173
2016-02-26 21:49:27.228 1941 INFO eventlet.wsgi.server [req-0618177d-0c1f-4eec-9bb6-390d32405d2f 9b1f9b36d7354b1ea121ccfbae339d8b 85a11a1515f94848be7aa5b56adec8bf - - -] 127.0.0.1 - - [26/Feb/2016 21:49:27] "GET /images/9535cff0-1980-4ac8-a702-a3b6234c88dd HTTP/1.1" 200 891 0.016138
2016-02-26 21:49:27.611 1930 INFO eventlet.wsgi.server [req-89198554-4769-4e76-992d-a180abd2c8e4 9b1f9b36d7354b1ea121ccfbae339d8b 85a11a1515f94848be7aa5b56adec8bf - - -] 127.0.0.1 - - [26/Feb/2016 21:49:27] "GET /images/8a724f78-2673-4ea1-b607-373626a15afb HTTP/1.1" 200 911 0.233025
2016-02-26 21:49:36.812 1935 INFO eventlet.wsgi.server [req-52c3ccc7-7171-4110-aa82-5fbff89b6ab5 9b1f9b36d7354b1ea121ccfbae339d8b 85a11a1515f94848be7aa5b56adec8bf - - -] 127.0.0.1 - - [26/Feb/2016 21:49:36] "GET /images/8a724f78-2673-4ea1-b607-373626a15afb HTTP/1.1" 200 911 0.231940
2016-02-26 21:49:56.753 1944 INFO eventlet.wsgi.server [req-9e5cb3cd-72f5-456c-bb73-ea23c0f3e819 9b1f9b36d7354b1ea121ccfbae339d8b 85a11a1515f94848be7aa5b56adec8bf - - -] 127.0.0.1 - - [26/Feb/2016 21:49:56] "GET /images/detail?is_public=None&limit=20 HTTP/1.1" 200 1603 0.167453
2016-02-26 21:59:27.185 1941 INFO eventlet.wsgi.server [req-f57ff2fa-dc06-4768-bd47-eec5de67420b 9b1f9b36d7354b1ea121ccfbae339d8b 85a11a1515f94848be7aa5b56adec8bf - - -] 127.0.0.1 - - [26/Feb/2016 21:59:27] "GET /images/9535cff0-1980-4ac8-a702-a3b6234c88dd HTTP/1.1" 200 891 0.235540
2016-02-26 21:59:27.215 1941 INFO eventlet.wsgi.server [req-b45af769-abe1-4d44-941c-100fb2945407 9b1f9b36d7354b1ea121ccfbae339d8b 85a11a1515f94848be7aa5b56adec8bf - - -] 127.0.0.1 - - [26/Feb/2016 21:59:27] "GET /images/9535cff0-1980-4ac8-a702-a3b6234c88dd HTTP/1.1" 200 891 0.014888
2016-02-26 21:59:27.417 1941 INFO eventlet.wsgi.server [req-0363ce3f-1ef8-447d-8d1d-b0a090baef97 9b1f9b36d7354b1ea121ccfbae339d8b 85a11a1515f94848be7aa5b56adec8bf - - -] 127.0.0.1 - - [26/Feb/2016 21:59:27] "GET /images/8a724f78-2673-4ea1-b607-373626a15afb HTTP/1.1" 200 911 0.018690
2016-02-26 21:59:36.755 1935 INFO eventlet.wsgi.server [req-abde2dbf-68ce-4e25-bdb8-882252de3e21 9b1f9b36d7354b1ea121ccfbae339d8b 85a11a1515f94848be7aa5b56adec8bf - - -] 127.0.0.1 - - [26/Feb/2016 21:59:36] "GET /images/8a724f78-2673-4ea1-b607-373626a15afb HTTP/1.1" 200 911 0.121217
2016-02-26 21:59:55.959 1935 INFO eventlet.wsgi.server [req-7fffcd5d-5c90-43a6-962b-1c7b72c133c2 9b1f9b36d7354b1ea121ccfbae339d8b 85a11a1515f94848be7aa5b56adec8bf - - -] 127.0.0.1 - - [26/Feb/2016 21:59:55] "GET /images/detail?is_public=None&limit=20 HTTP/1.1" 200 1603 0.153238
2016-02-26 22:09:27.124 1935 INFO eventlet.wsgi.server [req-2469cf4e-b6a5-48dc-91a0-6f8ae7cbddcd 9b1f9b36d7354b1ea121ccfbae339d8b 85a11a1515f94848be7aa5b56adec8bf - - -] 127.0.0.1 - - [26/Feb/2016 22:09:27] "GET /images/9535cff0-1980-4ac8-a702-a3b6234c88dd HTTP/1.1" 200 891 0.130096
2016-02-26 22:09:27.155 1935 INFO eventlet.wsgi.server [req-823d5079-3e85-4af1-9fe2-d33cbe5dcf03 9b1f9b36d7354b1ea121ccfbae339d8b 85a11a1515f94848be7aa5b56adec8bf - - -] 127.0.0.1 - - [26/Feb/2016 22:09:27] "GET /images/9535cff0-1980-4ac8-a702-a3b6234c88dd HTTP/1.1" 200 891 0.015549
2016-02-26 22:09:27.673 1944 INFO eventlet.wsgi.server [req-a5243f21-dc54-4abf-985b-073e4d739db7 9b1f9b36d7354b1ea121ccfbae339d8b 85a11a1515f94848be7aa5b56adec8bf - - -] 127.0.0.1 - - [26/Feb/2016 22:09:27] "GET /images/8a724f78-2673-4ea1-b607-373626a15afb HTTP/1.1" 200 911 0.240754
2016-02-26 22:09:36.552 1944 INFO eventlet.wsgi.server [req-3c64b5aa-7043-49da-be86-1986a7d3df77 9b1f9b36d7354b1ea121ccfbae339d8b 85a11a1515f94848be7aa5b56adec8bf - - -] 127.0.0.1 - - [26/Feb/2016 22:09:36] "GET /images/8a724f78-2673-4ea1-b607-373626a15afb HTTP/1.1" 200 911 0.120870
2016-02-26 22:09:55.401 1930 INFO eventlet.wsgi.server [req-ed85d66e-d419-4945-8640-3e348aba487f 9b1f9b36d7354b1ea121ccfbae339d8b 85a11a1515f94848be7aa5b56adec8bf - - -] 127.0.0.1 - - [26/Feb/2016 22:09:55] "GET /images/detail?is_public=None&limit=20 HTTP/1.1" 200 1603 0.186351
2016-02-26 22:19:27.036 1930 INFO eventlet.wsgi.server [req-bf0ded9f-c120-4b41-a8a3-6376c4cf7cc9 9b1f9b36d7354b1ea121ccfbae339d8b 85a11a1515f94848be7aa5b56adec8bf - - -] 127.0.0.1 - - [26/Feb/2016 22:19:27] "GET /images/9535cff0-1980-4ac8-a702-a3b6234c88dd HTTP/1.1" 200 891 0.125501
2016-02-26 22:19:27.169 1944 INFO eventlet.wsgi.server [req-cb09d5ea-8fb0-4d5d-b194-698f67b7dba0 9b1f9b36d7354b1ea121ccfbae339d8b 85a11a1515f94848be7aa5b56adec8bf - - -] 127.0.0.1 - - [26/Feb/2016 22:19:27] "GET /images/9535cff0-1980-4ac8-a702-a3b6234c88dd HTTP/1.1" 200 891 0.111690
2016-02-26 22:19:27.347 1930 INFO eventlet.wsgi.server [req-0ecf3d50-5ef0-4bd5-8645-1af39e702190 9b1f9b36d7354b1ea121ccfbae339d8b 85a11a1515f94848be7aa5b56adec8bf - - -] 127.0.0.1 - - [26/Feb/2016 22:19:27] "GET /images/8a724f78-2673-4ea1-b607-373626a15afb HTTP/1.1" 200 911 0.013594
2016-02-26 22:19:36.633 1930 INFO eventlet.wsgi.server [req-3991baff-05f2-4610-9308-951cd2c9828a 9b1f9b36d7354b1ea121ccfbae339d8b 85a11a1515f94848be7aa5b56adec8bf - - -] 127.0.0.1 - - [26/Feb/2016 22:19:36] "GET /images/8a724f78-2673-4ea1-b607-373626a15afb HTTP/1.1" 200 911 0.101632
2016-02-26 22:19:55.571 1941 INFO eventlet.wsgi.server [req-fd54f20c-20b5-4838-bdf6-23674bbc5a88 9b1f9b36d7354b1ea121ccfbae339d8b 85a11a1515f94848be7aa5b56adec8bf - - -] 127.0.0.1 - - [26/Feb/2016 22:19:55] "GET /images/detail?is_public=None&limit=20 HTTP/1.1" 200 1603 0.143207
2016-02-26 22:29:26.959 1935 INFO eventlet.wsgi.server [req-9e0f93c7-a0c0-406c-bb7d-4e37e8fc02c6 9b1f9b36d7354b1ea121ccfbae339d8b 85a11a1515f94848be7aa5b56adec8bf - - -] 127.0.0.1 - - [26/Feb/2016 22:29:26] "GET /images/9535cff0-1980-4ac8-a702-a3b6234c88dd HTTP/1.1" 200 891 0.107623
2016-02-26 22:29:26.989 1935 INFO eventlet.wsgi.server [req-a4e6ee80-6123-43fe-ae91-126e2bdc3d68 9b1f9b36d7354b1ea121ccfbae339d8b 85a11a1515f94848be7aa5b56adec8bf - - -] 127.0.0.1 - - [26/Feb/2016 22:29:26] "GET /images/9535cff0-1980-4ac8-a702-a3b6234c88dd HTTP/1.1" 200 891 0.015717
2016-02-26 22:29:27.221 1930 INFO eventlet.wsgi.server [req-5f531c2d-b6c1-4b86-bb9a-e804428c0798 9b1f9b36d7354b1ea121ccfbae339d8b 85a11a1515f94848be7aa5b56adec8bf - - -] 127.0.0.1 - - [26/Feb/2016 22:29:27] "GET /images/8a724f78-2673-4ea1-b607-373626a15afb HTTP/1.1" 200 911 0.111129
2016-02-26 22:29:36.522 1941 INFO eventlet.wsgi.server [req-9fdf732b-0f17-4e90-8267-532e899b98ea 9b1f9b36d7354b1ea121ccfbae339d8b 85a11a1515f94848be7aa5b56adec8bf - - -] 127.0.0.1 - - [26/Feb/2016 22:29:36] "GET /images/8a724f78-2673-4ea1-b607-373626a15afb HTTP/1.1" 200 911 0.131377
2016-02-26 22:29:55.305 1930 INFO eventlet.wsgi.server [req-611dd962-afca-4228-b0ec-69459bb65f6b 9b1f9b36d7354b1ea121ccfbae339d8b 85a11a1515f94848be7aa5b56adec8bf - - -] 127.0.0.1 - - [26/Feb/2016 22:29:55] "GET /images/detail?is_public=None&limit=20 HTTP/1.1" 200 1603 0.140573
2016-02-26 22:39:26.917 1935 INFO eventlet.wsgi.server [req-7f074738-3769-4e1b-a688-5d7d37aef4ad 9b1f9b36d7354b1ea121ccfbae339d8b 85a11a1515f94848be7aa5b56adec8bf - - -] 127.0.0.1 - - [26/Feb/2016 22:39:26] "GET /images/9535cff0-1980-4ac8-a702-a3b6234c88dd HTTP/1.1" 200 891 0.144052
2016-02-26 22:39:26.952 1935 INFO eventlet.wsgi.server [req-1646c30d-28d5-4311-9f81-4db3ecf3581e 9b1f9b36d7354b1ea121ccfbae339d8b 85a11a1515f94848be7aa5b56adec8bf - - -] 127.0.0.1 - - [26/Feb/2016 22:39:26] "GET /images/9535cff0-1980-4ac8-a702-a3b6234c88dd HTTP/1.1" 200 891 0.018055
2016-02-26 22:39:27.207 1941 INFO eventlet.wsgi.server [req-32d0c169-1e9f-4b1c-bd2b-ed8bd9a9e387 9b1f9b36d7354b1ea121ccfbae339d8b 85a11a1515f94848be7aa5b56adec8bf - - -] 127.0.0.1 - - [26/Feb/2016 22:39:27] "GET /images/8a724f78-2673-4ea1-b607-373626a15afb HTTP/1.1" 200 911 0.124593
2016-02-26 22:39:36.505 1935 INFO eventlet.wsgi.server [req-7b23d7fa-d7ae-49d9-b4be-95d5b6b3fd3d 9b1f9b36d7354b1ea121ccfbae339d8b 85a11a1515f94848be7aa5b56adec8bf - - -] 127.0.0.1 - - [26/Feb/2016 22:39:36] "GET /images/8a724f78-2673-4ea1-b607-373626a15afb HTTP/1.1" 200 911 0.117722
2016-02-26 22:39:55.758 1935 INFO eventlet.wsgi.server [req-41806821-cd30-425f-b408-c730ce1b4f42 9b1f9b36d7354b1ea121ccfbae339d8b 85a11a1515f94848be7aa5b56adec8bf - - -] 127.0.0.1 - - [26/Feb/2016 22:39:55] "GET /images/detail?is_public=None&limit=20 HTTP/1.1" 200 1603 0.138078
