2016-02-23 23:21:28.766 2187 INFO eventlet.wsgi.server [req-4f546255-5566-4673-b840-b2a995f1c042 e9483918caa940a48fe882ba092c7e0b 300b2cc45c3846939e589310ae714e46 - - -] 127.0.0.1 - - [23/Feb/2016 23:21:28] "GET /images/8a724f78-2673-4ea1-b607-373626a15afb HTTP/1.1" 200 911 0.159359
2016-02-23 23:22:01.502 2201 INFO eventlet.wsgi.server [req-2b6c3bf5-4716-4bcb-a414-f26e9da120ad 8b01dff85bb640f5ac72eb634117d3f1 802906d526ed42e8a5980f390847fa87 - - -] 127.0.0.1 - - [23/Feb/2016 23:22:01] "GET /images/detail?sort_key=created_at&sort_dir=desc&limit=1000 HTTP/1.1" 200 914 0.192314
2016-02-23 23:23:41.566 2177 INFO eventlet.wsgi.server [req-c342286d-7ce1-4ca3-ab69-b5b31838ffb7 e9483918caa940a48fe882ba092c7e0b 300b2cc45c3846939e589310ae714e46 - - -] 127.0.0.1 - - [23/Feb/2016 23:23:41] "GET /images/8a724f78-2673-4ea1-b607-373626a15afb HTTP/1.1" 200 911 0.172744
2016-02-23 23:23:51.282 2192 INFO eventlet.wsgi.server [req-ea9bc972-271f-48ed-b4c0-3ffbb2bb84f7 e9483918caa940a48fe882ba092c7e0b 300b2cc45c3846939e589310ae714e46 - - -] 127.0.0.1 - - [23/Feb/2016 23:23:51] "GET /images/8a724f78-2673-4ea1-b607-373626a15afb HTTP/1.1" 200 911 0.174041
2016-02-23 23:24:01.471 2192 INFO eventlet.wsgi.server [req-b4a830ff-caf6-49fb-8707-92353be8734a e9483918caa940a48fe882ba092c7e0b 300b2cc45c3846939e589310ae714e46 - - -] 127.0.0.1 - - [23/Feb/2016 23:24:01] "GET /images/8a724f78-2673-4ea1-b607-373626a15afb HTTP/1.1" 200 911 0.164072
2016-02-23 23:24:16.304 2201 INFO eventlet.wsgi.server [req-84093b69-de8b-40a0-bdbd-f3a182c58483 e9483918caa940a48fe882ba092c7e0b 300b2cc45c3846939e589310ae714e46 - - -] 127.0.0.1 - - [23/Feb/2016 23:24:16] "GET /images/8a724f78-2673-4ea1-b607-373626a15afb HTTP/1.1" 200 911 0.176995
2016-02-23 23:24:44.581 2201 INFO eventlet.wsgi.server [req-be25536d-e261-4830-8267-86d451fead0a e9483918caa940a48fe882ba092c7e0b 300b2cc45c3846939e589310ae714e46 - - -] 127.0.0.1 - - [23/Feb/2016 23:24:44] "GET /images/8a724f78-2673-4ea1-b607-373626a15afb HTTP/1.1" 200 911 0.184104
2016-02-23 23:24:51.175 2177 INFO eventlet.wsgi.server [req-bd24f9ff-e41c-46e2-814e-41abee23605a e9483918caa940a48fe882ba092c7e0b 300b2cc45c3846939e589310ae714e46 - - -] 127.0.0.1 - - [23/Feb/2016 23:24:51] "GET /images/8a724f78-2673-4ea1-b607-373626a15afb HTTP/1.1" 200 911 0.194036
2016-02-23 23:26:43.177 2177 INFO eventlet.wsgi.server [req-ed591358-13c6-4379-9721-1606697a9590 9b1f9b36d7354b1ea121ccfbae339d8b 85a11a1515f94848be7aa5b56adec8bf - - -] 127.0.0.1 - - [23/Feb/2016 23:26:43] "GET /images/8a724f78-2673-4ea1-b607-373626a15afb HTTP/1.1" 200 911 0.161015
2016-02-23 23:26:54.421 2201 INFO eventlet.wsgi.server [req-2ff5b9e4-be1c-4bed-95e5-ed7e19d41284 9b1f9b36d7354b1ea121ccfbae339d8b 85a11a1515f94848be7aa5b56adec8bf - - -] 127.0.0.1 - - [23/Feb/2016 23:26:54] "GET /images/8a724f78-2673-4ea1-b607-373626a15afb HTTP/1.1" 200 911 0.180343
2016-02-23 23:27:04.244 2187 INFO eventlet.wsgi.server [req-94f4a1e2-d0ca-48b9-a984-7f2baab65333 9b1f9b36d7354b1ea121ccfbae339d8b 85a11a1515f94848be7aa5b56adec8bf - - -] 127.0.0.1 - - [23/Feb/2016 23:27:04] "GET /images/detail?is_public=None&limit=20 HTTP/1.1" 200 914 0.186043
2016-02-23 23:27:28.468 2187 INFO eventlet.wsgi.server [req-41f411fd-1ba0-4e87-8c3c-cd26760d1a38 e9483918caa940a48fe882ba092c7e0b 300b2cc45c3846939e589310ae714e46 - - -] 127.0.0.1 - - [23/Feb/2016 23:27:28] "GET /images/8a724f78-2673-4ea1-b607-373626a15afb HTTP/1.1" 200 911 0.165860
2016-02-23 23:28:59.659 2201 INFO eventlet.wsgi.server [req-3f058a22-3732-4ac0-87b5-bf01831c88b5 e9483918caa940a48fe882ba092c7e0b 300b2cc45c3846939e589310ae714e46 - - -] 127.0.0.1 - - [23/Feb/2016 23:28:59] "GET /images/8a724f78-2673-4ea1-b607-373626a15afb HTTP/1.1" 200 911 0.170349
2016-02-23 23:29:24.951 2187 INFO eventlet.wsgi.server [req-96116e33-5752-4b02-8c9a-3455f50a5d06 e9483918caa940a48fe882ba092c7e0b 300b2cc45c3846939e589310ae714e46 - - -] 127.0.0.1 - - [23/Feb/2016 23:29:24] "GET /images/8a724f78-2673-4ea1-b607-373626a15afb HTTP/1.1" 200 911 0.188423
2016-02-23 23:29:30.512 2187 INFO eventlet.wsgi.server [req-b068ce8a-1fb6-4236-b4dd-e66615cc223b e9483918caa940a48fe882ba092c7e0b 300b2cc45c3846939e589310ae714e46 - - -] 127.0.0.1 - - [23/Feb/2016 23:29:30] "GET /images/8a724f78-2673-4ea1-b607-373626a15afb HTTP/1.1" 200 911 0.173481
2016-02-23 23:29:46.425 2177 INFO eventlet.wsgi.server [req-730986e6-9e9d-4ef3-bc67-472227f46dc1 8b01dff85bb640f5ac72eb634117d3f1 802906d526ed42e8a5980f390847fa87 - - -] 127.0.0.1 - - [23/Feb/2016 23:29:46] "GET /images/8a724f78-2673-4ea1-b607-373626a15afb HTTP/1.1" 200 911 0.207638
2016-02-23 23:30:22.064 2201 INFO eventlet.wsgi.server [req-8f5c8aaf-d521-46fc-9580-bd1491c26bc5 e9483918caa940a48fe882ba092c7e0b 300b2cc45c3846939e589310ae714e46 - - -] 127.0.0.1 - - [23/Feb/2016 23:30:22] "GET /images/8a724f78-2673-4ea1-b607-373626a15afb HTTP/1.1" 200 911 0.152275
2016-02-23 23:36:42.915 2187 INFO eventlet.wsgi.server [req-c1515cb8-22d0-4b8a-a128-4e3406bd6e5f 9b1f9b36d7354b1ea121ccfbae339d8b 85a11a1515f94848be7aa5b56adec8bf - - -] 127.0.0.1 - - [23/Feb/2016 23:36:42] "GET /images/8a724f78-2673-4ea1-b607-373626a15afb HTTP/1.1" 200 911 0.124736
2016-02-23 23:36:54.511 2187 INFO eventlet.wsgi.server [req-c4207727-c7e9-4e30-a7d4-07bbb690a1ac 9b1f9b36d7354b1ea121ccfbae339d8b 85a11a1515f94848be7aa5b56adec8bf - - -] 127.0.0.1 - - [23/Feb/2016 23:36:54] "GET /images/8a724f78-2673-4ea1-b607-373626a15afb HTTP/1.1" 200 911 0.141005
2016-02-23 23:37:04.185 2177 INFO eventlet.wsgi.server [req-9c1e1ed5-fe5e-40db-b0b1-fa59c81672e4 9b1f9b36d7354b1ea121ccfbae339d8b 85a11a1515f94848be7aa5b56adec8bf - - -] 127.0.0.1 - - [23/Feb/2016 23:37:04] "GET /images/detail?is_public=None&limit=20 HTTP/1.1" 200 914 0.198600
2016-02-24 19:46:17.896 1032 INFO glance.common.wsgi [-] Starting 4 workers
2016-02-24 19:46:18.020 1032 INFO glance.common.wsgi [-] Started child 1908
2016-02-24 19:46:18.074 1908 INFO eventlet.wsgi.server [-] (1908) wsgi starting up on http://0.0.0.0:9191/
2016-02-24 19:46:18.165 1032 INFO glance.common.wsgi [-] Started child 1912
2016-02-24 19:46:18.275 1912 INFO eventlet.wsgi.server [-] (1912) wsgi starting up on http://0.0.0.0:9191/
2016-02-24 19:46:18.333 1032 INFO glance.common.wsgi [-] Started child 1916
2016-02-24 19:46:18.386 1916 INFO eventlet.wsgi.server [-] (1916) wsgi starting up on http://0.0.0.0:9191/
2016-02-24 19:46:18.530 1032 INFO glance.common.wsgi [-] Started child 1923
2016-02-24 19:46:18.565 1923 INFO eventlet.wsgi.server [-] (1923) wsgi starting up on http://0.0.0.0:9191/
2016-02-24 19:55:49.754 1908 INFO eventlet.wsgi.server [req-5938f20d-099c-420b-b052-9470b7847580 9b1f9b36d7354b1ea121ccfbae339d8b 85a11a1515f94848be7aa5b56adec8bf - - -] 127.0.0.1 - - [24/Feb/2016 19:55:49] "GET /images/8a724f78-2673-4ea1-b607-373626a15afb HTTP/1.1" 200 911 0.586726
2016-02-24 19:56:09.529 1916 INFO eventlet.wsgi.server [req-f95a179d-df98-403c-a8db-7ff15b666b3b 9b1f9b36d7354b1ea121ccfbae339d8b 85a11a1515f94848be7aa5b56adec8bf - - -] 127.0.0.1 - - [24/Feb/2016 19:56:09] "GET /images/8a724f78-2673-4ea1-b607-373626a15afb HTTP/1.1" 200 911 0.559295
2016-02-24 19:56:19.474 1912 INFO eventlet.wsgi.server [req-795d48c2-b3f5-4a08-ad20-a7812cf23fc1 9b1f9b36d7354b1ea121ccfbae339d8b 85a11a1515f94848be7aa5b56adec8bf - - -] 127.0.0.1 - - [24/Feb/2016 19:56:19] "GET /images/detail?is_public=None&limit=20 HTTP/1.1" 200 914 0.572842
2016-02-24 20:05:48.537 1916 INFO eventlet.wsgi.server [req-174c549e-9e6b-4997-b84a-b345beff026d 9b1f9b36d7354b1ea121ccfbae339d8b 85a11a1515f94848be7aa5b56adec8bf - - -] 127.0.0.1 - - [24/Feb/2016 20:05:48] "GET /images/8a724f78-2673-4ea1-b607-373626a15afb HTTP/1.1" 200 911 0.153027
2016-02-24 20:06:09.526 1923 INFO eventlet.wsgi.server [req-bcb0ccff-de6a-4450-952c-6fcca28882b3 9b1f9b36d7354b1ea121ccfbae339d8b 85a11a1515f94848be7aa5b56adec8bf - - -] 127.0.0.1 - - [24/Feb/2016 20:06:09] "GET /images/8a724f78-2673-4ea1-b607-373626a15afb HTTP/1.1" 200 911 0.595266
2016-02-24 20:06:17.529 1908 INFO eventlet.wsgi.server [req-95c5910c-f721-4ded-a3bb-65a7b1989c51 9b1f9b36d7354b1ea121ccfbae339d8b 85a11a1515f94848be7aa5b56adec8bf - - -] 127.0.0.1 - - [24/Feb/2016 20:06:17] "GET /images/detail?is_public=None&limit=20 HTTP/1.1" 200 914 0.165707
2016-02-24 20:15:48.202 1908 INFO eventlet.wsgi.server [req-f1eee530-1366-4ae3-af06-6191509e59e1 9b1f9b36d7354b1ea121ccfbae339d8b 85a11a1515f94848be7aa5b56adec8bf - - -] 127.0.0.1 - - [24/Feb/2016 20:15:48] "GET /images/8a724f78-2673-4ea1-b607-373626a15afb HTTP/1.1" 200 911 0.125026
2016-02-24 20:16:08.447 1923 INFO eventlet.wsgi.server [req-ef60c755-b745-4c3a-ad47-972310b94d9c 9b1f9b36d7354b1ea121ccfbae339d8b 85a11a1515f94848be7aa5b56adec8bf - - -] 127.0.0.1 - - [24/Feb/2016 20:16:08] "GET /images/8a724f78-2673-4ea1-b607-373626a15afb HTTP/1.1" 200 911 0.112857
2016-02-24 20:16:17.207 1912 INFO eventlet.wsgi.server [req-cd9f220e-edfe-414b-bc33-ecb9abc873b3 9b1f9b36d7354b1ea121ccfbae339d8b 85a11a1515f94848be7aa5b56adec8bf - - -] 127.0.0.1 - - [24/Feb/2016 20:16:17] "GET /images/detail?is_public=None&limit=20 HTTP/1.1" 200 914 0.131635
2016-02-24 20:25:47.925 1916 INFO eventlet.wsgi.server [req-7bef6a42-b5bf-471d-a04d-3619de6714c4 9b1f9b36d7354b1ea121ccfbae339d8b 85a11a1515f94848be7aa5b56adec8bf - - -] 127.0.0.1 - - [24/Feb/2016 20:25:47] "GET /images/8a724f78-2673-4ea1-b607-373626a15afb HTTP/1.1" 200 911 0.132743
2016-02-24 20:26:08.633 1916 INFO eventlet.wsgi.server [req-8c72a2d9-dc3c-4f6f-a806-fd510e9467d5 9b1f9b36d7354b1ea121ccfbae339d8b 85a11a1515f94848be7aa5b56adec8bf - - -] 127.0.0.1 - - [24/Feb/2016 20:26:08] "GET /images/8a724f78-2673-4ea1-b607-373626a15afb HTTP/1.1" 200 911 0.149849
2016-02-24 20:26:17.282 1912 INFO eventlet.wsgi.server [req-a4b70c38-c743-4faf-bab9-f96656a30464 9b1f9b36d7354b1ea121ccfbae339d8b 85a11a1515f94848be7aa5b56adec8bf - - -] 127.0.0.1 - - [24/Feb/2016 20:26:17] "GET /images/detail?is_public=None&limit=20 HTTP/1.1" 200 914 0.166266
2016-02-24 20:35:48.046 1912 INFO eventlet.wsgi.server [req-0bafdc9c-a6e3-402d-a80a-a4f2a5c82cc0 9b1f9b36d7354b1ea121ccfbae339d8b 85a11a1515f94848be7aa5b56adec8bf - - -] 127.0.0.1 - - [24/Feb/2016 20:35:48] "GET /images/8a724f78-2673-4ea1-b607-373626a15afb HTTP/1.1" 200 911 0.124575
2016-02-24 20:36:08.566 1923 INFO eventlet.wsgi.server [req-3c272373-fcac-4f8f-81e1-27d38374f288 9b1f9b36d7354b1ea121ccfbae339d8b 85a11a1515f94848be7aa5b56adec8bf - - -] 127.0.0.1 - - [24/Feb/2016 20:36:08] "GET /images/8a724f78-2673-4ea1-b607-373626a15afb HTTP/1.1" 200 911 0.129900
2016-02-24 20:36:17.382 1916 INFO eventlet.wsgi.server [req-cae1e231-a1d4-471f-bf17-abe9e8d2d031 9b1f9b36d7354b1ea121ccfbae339d8b 85a11a1515f94848be7aa5b56adec8bf - - -] 127.0.0.1 - - [24/Feb/2016 20:36:17] "GET /images/detail?is_public=None&limit=20 HTTP/1.1" 200 914 0.137598
2016-02-24 20:45:02.897 1923 INFO eventlet.wsgi.server [req-f2d8f6a8-7770-4882-b255-d6f021331891 8b01dff85bb640f5ac72eb634117d3f1 802906d526ed42e8a5980f390847fa87 - - -] 127.0.0.1 - - [24/Feb/2016 20:45:02] "GET /images/detail?sort_key=created_at&sort_dir=desc&limit=1000 HTTP/1.1" 200 914 0.222481
2016-02-24 20:45:24.879 1916 INFO eventlet.wsgi.server [req-2d991266-bcf4-4149-90fe-1c42fbe9da2d 8b01dff85bb640f5ac72eb634117d3f1 802906d526ed42e8a5980f390847fa87 - - -] 127.0.0.1 - - [24/Feb/2016 20:45:24] "GET /images/detail?status=active&is_public=True&limit=1000&sort_dir=desc&sort_key=created_at HTTP/1.1" 200 914 0.183287
2016-02-24 20:45:24.952 1916 INFO eventlet.wsgi.server [req-9b454f9e-b707-4f24-aebb-6b306e86856f 8b01dff85bb640f5ac72eb634117d3f1 802906d526ed42e8a5980f390847fa87 - - -] 127.0.0.1 - - [24/Feb/2016 20:45:24] "GET /images/detail?status=active&sort_key=created_at&property-owner_id=802906d526ed42e8a5980f390847fa87&limit=1000&sort_dir=desc HTTP/1.1" 200 207 0.049031
2016-02-24 20:45:35.489 1912 INFO eventlet.wsgi.server [req-333e5d6d-e3b7-4cbb-aff3-7cdc9c995192 8b01dff85bb640f5ac72eb634117d3f1 802906d526ed42e8a5980f390847fa87 - - -] 127.0.0.1 - - [24/Feb/2016 20:45:35] "GET /images/detail?status=active&is_public=True&limit=1000&sort_dir=desc&sort_key=created_at HTTP/1.1" 200 914 0.194385
2016-02-24 20:45:35.566 1916 INFO eventlet.wsgi.server [req-c999bc5b-8c0b-4246-81f5-cb5b4dc4c918 8b01dff85bb640f5ac72eb634117d3f1 802906d526ed42e8a5980f390847fa87 - - -] 127.0.0.1 - - [24/Feb/2016 20:45:35] "GET /images/detail?status=active&sort_key=created_at&property-owner_id=802906d526ed42e8a5980f390847fa87&limit=1000&sort_dir=desc HTTP/1.1" 200 207 0.058441
2016-02-24 20:45:48.042 1912 INFO eventlet.wsgi.server [req-8024aedc-19c9-48dc-afce-4af550973120 9b1f9b36d7354b1ea121ccfbae339d8b 85a11a1515f94848be7aa5b56adec8bf - - -] 127.0.0.1 - - [24/Feb/2016 20:45:48] "GET /images/8a724f78-2673-4ea1-b607-373626a15afb HTTP/1.1" 200 911 0.124561
2016-02-24 20:46:08.617 1912 INFO eventlet.wsgi.server [req-0bba7b3e-4675-4e66-ac55-c0b7c6425884 9b1f9b36d7354b1ea121ccfbae339d8b 85a11a1515f94848be7aa5b56adec8bf - - -] 127.0.0.1 - - [24/Feb/2016 20:46:08] "GET /images/8a724f78-2673-4ea1-b607-373626a15afb HTTP/1.1" 200 911 0.176266
2016-02-24 20:46:14.080 1923 INFO eventlet.wsgi.server [req-a9bf36b8-d1b4-4869-a523-96e9f393e67f 8b01dff85bb640f5ac72eb634117d3f1 802906d526ed42e8a5980f390847fa87 - - -] 127.0.0.1 - - [24/Feb/2016 20:46:14] "GET /images/detail?status=active&is_public=True&limit=1000&sort_dir=desc&sort_key=created_at HTTP/1.1" 200 914 0.070575
2016-02-24 20:46:14.142 1923 INFO eventlet.wsgi.server [req-91769473-ff47-4a80-8b7d-337197604e47 8b01dff85bb640f5ac72eb634117d3f1 802906d526ed42e8a5980f390847fa87 - - -] 127.0.0.1 - - [24/Feb/2016 20:46:14] "GET /images/detail?status=active&sort_key=created_at&property-owner_id=802906d526ed42e8a5980f390847fa87&limit=1000&sort_dir=desc HTTP/1.1" 200 207 0.043148
2016-02-24 20:46:15.466 1916 INFO eventlet.wsgi.server [req-eccb0d33-5533-430f-9117-3ded8e4596ef 8b01dff85bb640f5ac72eb634117d3f1 802906d526ed42e8a5980f390847fa87 - - -] 127.0.0.1 - - [24/Feb/2016 20:46:15] "GET /images/8a724f78-2673-4ea1-b607-373626a15afb HTTP/1.1" 200 911 0.032846
2016-02-24 20:46:17.397 1923 INFO eventlet.wsgi.server [req-3fcdcda1-2c7d-458b-bd6a-283b31b98ada 9b1f9b36d7354b1ea121ccfbae339d8b 85a11a1515f94848be7aa5b56adec8bf - - -] 127.0.0.1 - - [24/Feb/2016 20:46:17] "GET /images/detail?is_public=None&limit=20 HTTP/1.1" 200 914 0.217878
2016-02-24 20:46:17.651 1912 INFO eventlet.wsgi.server [req-884b3002-fe59-491c-abbc-ae95c6c2eee4 8b01dff85bb640f5ac72eb634117d3f1 802906d526ed42e8a5980f390847fa87 - - -] 127.0.0.1 - - [24/Feb/2016 20:46:17] "GET /images/detail?sort_key=created_at&sort_dir=desc&limit=1000 HTTP/1.1" 200 914 0.096751
2016-02-24 20:46:19.841 1912 INFO eventlet.wsgi.server [req-7a993d70-024b-45a3-898b-a96b700e2d3a 8b01dff85bb640f5ac72eb634117d3f1 802906d526ed42e8a5980f390847fa87 - - -] 127.0.0.1 - - [24/Feb/2016 20:46:19] "GET /images/8a724f78-2673-4ea1-b607-373626a15afb HTTP/1.1" 200 911 0.026252
2016-02-24 20:46:23.430 1908 INFO eventlet.wsgi.server [req-2f11c371-feca-489e-8b02-047653756fcd 8b01dff85bb640f5ac72eb634117d3f1 802906d526ed42e8a5980f390847fa87 - - -] 127.0.0.1 - - [24/Feb/2016 20:46:23] "GET /images/8a724f78-2673-4ea1-b607-373626a15afb HTTP/1.1" 200 911 0.228500
2016-02-24 20:46:29.526 1923 INFO eventlet.wsgi.server [req-2d8dff85-b005-4a33-aa1e-b6e36d0ae143 8b01dff85bb640f5ac72eb634117d3f1 802906d526ed42e8a5980f390847fa87 - - -] 127.0.0.1 - - [24/Feb/2016 20:46:29] "GET /images/8a724f78-2673-4ea1-b607-373626a15afb HTTP/1.1" 200 911 0.049297
2016-02-24 20:46:38.276 1908 INFO eventlet.wsgi.server [req-d78d98d9-74cd-4148-89e8-ba1be7469078 8b01dff85bb640f5ac72eb634117d3f1 802906d526ed42e8a5980f390847fa87 - - -] 127.0.0.1 - - [24/Feb/2016 20:46:38] "GET /images/8a724f78-2673-4ea1-b607-373626a15afb HTTP/1.1" 200 911 0.051852
2016-02-24 20:46:49.588 1923 INFO eventlet.wsgi.server [req-8233f12a-92b0-4afa-a650-f2fe0b541259 8b01dff85bb640f5ac72eb634117d3f1 802906d526ed42e8a5980f390847fa87 - - -] 127.0.0.1 - - [24/Feb/2016 20:46:49] "GET /images/8a724f78-2673-4ea1-b607-373626a15afb HTTP/1.1" 200 911 0.023180
2016-02-24 20:47:03.240 1923 INFO eventlet.wsgi.server [req-9bcdf8c7-e8a2-451c-bfd3-4e34efbae7d6 8b01dff85bb640f5ac72eb634117d3f1 802906d526ed42e8a5980f390847fa87 - - -] 127.0.0.1 - - [24/Feb/2016 20:47:03] "GET /images/8a724f78-2673-4ea1-b607-373626a15afb HTTP/1.1" 200 911 0.069061
2016-02-24 20:47:19.260 1912 INFO eventlet.wsgi.server [req-ed530d4c-a12a-440a-a1ab-04f70efca7e4 8b01dff85bb640f5ac72eb634117d3f1 802906d526ed42e8a5980f390847fa87 - - -] 127.0.0.1 - - [24/Feb/2016 20:47:19] "GET /images/8a724f78-2673-4ea1-b607-373626a15afb HTTP/1.1" 200 911 0.037666
2016-02-24 20:47:37.971 1916 INFO eventlet.wsgi.server [req-3dc6ddb0-678d-40d6-a205-3d0a0a1bdde2 8b01dff85bb640f5ac72eb634117d3f1 802906d526ed42e8a5980f390847fa87 - - -] 127.0.0.1 - - [24/Feb/2016 20:47:37] "GET /images/8a724f78-2673-4ea1-b607-373626a15afb HTTP/1.1" 200 911 0.052185
2016-02-24 20:48:17.183 1916 INFO eventlet.wsgi.server [req-13aa5c2f-f978-4abc-b752-82adeef14c76 8b01dff85bb640f5ac72eb634117d3f1 802906d526ed42e8a5980f390847fa87 - - -] 127.0.0.1 - - [24/Feb/2016 20:48:17] "GET /images/8a724f78-2673-4ea1-b607-373626a15afb HTTP/1.1" 200 911 0.140577
2016-02-24 20:55:36.331 1908 INFO eventlet.wsgi.server [req-b57f1746-34f6-4ade-97d1-a6dd20c5e4a2 8b01dff85bb640f5ac72eb634117d3f1 802906d526ed42e8a5980f390847fa87 - - -] 127.0.0.1 - - [24/Feb/2016 20:55:36] "GET /images/8a724f78-2673-4ea1-b607-373626a15afb HTTP/1.1" 200 911 0.137702
2016-02-24 20:55:48.129 1916 INFO eventlet.wsgi.server [req-d3edfd0e-5ae2-4903-ab4b-7c8cbb487b8f 9b1f9b36d7354b1ea121ccfbae339d8b 85a11a1515f94848be7aa5b56adec8bf - - -] 127.0.0.1 - - [24/Feb/2016 20:55:48] "GET /images/8a724f78-2673-4ea1-b607-373626a15afb HTTP/1.1" 200 911 0.118470
2016-02-24 20:56:08.755 1923 INFO eventlet.wsgi.server [req-2bca2a9c-b894-40b0-bb62-93f5ed285aa8 9b1f9b36d7354b1ea121ccfbae339d8b 85a11a1515f94848be7aa5b56adec8bf - - -] 127.0.0.1 - - [24/Feb/2016 20:56:08] "GET /images/8a724f78-2673-4ea1-b607-373626a15afb HTTP/1.1" 200 911 0.125510
2016-02-24 20:56:18.142 1908 INFO eventlet.wsgi.server [req-734dee50-b588-45aa-8049-76f2142e09c6 9b1f9b36d7354b1ea121ccfbae339d8b 85a11a1515f94848be7aa5b56adec8bf - - -] 127.0.0.1 - - [24/Feb/2016 20:56:18] "GET /images/detail?is_public=None&limit=20 HTTP/1.1" 200 914 0.277919
2016-02-24 21:05:48.234 1912 INFO eventlet.wsgi.server [req-baf5da51-2f53-443c-be59-a4ccaa0939c1 9b1f9b36d7354b1ea121ccfbae339d8b 85a11a1515f94848be7aa5b56adec8bf - - -] 127.0.0.1 - - [24/Feb/2016 21:05:48] "GET /images/8a724f78-2673-4ea1-b607-373626a15afb HTTP/1.1" 200 911 0.294421
2016-02-24 21:06:09.016 1908 INFO eventlet.wsgi.server [req-88e37f50-3f88-4f44-a405-64fa2749a050 9b1f9b36d7354b1ea121ccfbae339d8b 85a11a1515f94848be7aa5b56adec8bf - - -] 127.0.0.1 - - [24/Feb/2016 21:06:09] "GET /images/8a724f78-2673-4ea1-b607-373626a15afb HTTP/1.1" 200 911 0.194085
2016-02-24 21:06:18.131 1912 INFO eventlet.wsgi.server [req-b0f2bbe6-2153-438f-8308-9b247dba3214 9b1f9b36d7354b1ea121ccfbae339d8b 85a11a1515f94848be7aa5b56adec8bf - - -] 127.0.0.1 - - [24/Feb/2016 21:06:18] "GET /images/detail?is_public=None&limit=20 HTTP/1.1" 200 914 0.199892
2016-02-24 21:09:22.750 1923 INFO eventlet.wsgi.server [req-a86c5d73-a306-43ee-af54-837f71b83045 e9483918caa940a48fe882ba092c7e0b 300b2cc45c3846939e589310ae714e46 - - -] 127.0.0.1 - - [24/Feb/2016 21:09:22] "GET /images/8a724f78-2673-4ea1-b607-373626a15afb HTTP/1.1" 200 911 0.277055
2016-02-24 21:09:22.983 1912 INFO eventlet.wsgi.server [req-8abf501f-1c96-471b-b8e8-f72e24cbe5af e9483918caa940a48fe882ba092c7e0b 300b2cc45c3846939e589310ae714e46 - - -] 127.0.0.1 - - [24/Feb/2016 21:09:22] "GET /images/8a724f78-2673-4ea1-b607-373626a15afb HTTP/1.1" 200 911 0.114765
2016-02-24 21:09:23.036 1912 INFO eventlet.wsgi.server [req-1a9db880-1735-4ff2-a77c-32fbf6931575 e9483918caa940a48fe882ba092c7e0b 300b2cc45c3846939e589310ae714e46 - - -] 127.0.0.1 - - [24/Feb/2016 21:09:23] "GET /images/8a724f78-2673-4ea1-b607-373626a15afb HTTP/1.1" 200 911 0.017963
2016-02-24 21:09:23.092 1923 INFO eventlet.wsgi.server [req-57d08eae-302c-46e6-aef6-047a9e5bde35 e9483918caa940a48fe882ba092c7e0b 300b2cc45c3846939e589310ae714e46 - - -] 127.0.0.1 - - [24/Feb/2016 21:09:23] "GET /images/8a724f78-2673-4ea1-b607-373626a15afb HTTP/1.1" 200 911 0.015119
2016-02-24 21:15:48.179 1923 INFO eventlet.wsgi.server [req-69cffb3c-3ca7-4620-85b5-fc0635ea34e6 9b1f9b36d7354b1ea121ccfbae339d8b 85a11a1515f94848be7aa5b56adec8bf - - -] 127.0.0.1 - - [24/Feb/2016 21:15:48] "GET /images/8a724f78-2673-4ea1-b607-373626a15afb HTTP/1.1" 200 911 0.137735
2016-02-24 21:16:08.524 1912 INFO eventlet.wsgi.server [req-57484b8a-1ad6-4df3-baf1-9e4abe14f2b2 9b1f9b36d7354b1ea121ccfbae339d8b 85a11a1515f94848be7aa5b56adec8bf - - -] 127.0.0.1 - - [24/Feb/2016 21:16:08] "GET /images/8a724f78-2673-4ea1-b607-373626a15afb HTTP/1.1" 200 911 0.142191
2016-02-24 21:16:17.722 1923 INFO eventlet.wsgi.server [req-1fa3593a-928a-4841-a8f2-ae2d17be554a 9b1f9b36d7354b1ea121ccfbae339d8b 85a11a1515f94848be7aa5b56adec8bf - - -] 127.0.0.1 - - [24/Feb/2016 21:16:17] "GET /images/detail?is_public=None&limit=20 HTTP/1.1" 200 914 0.167703
2016-02-24 21:25:48.176 1916 INFO eventlet.wsgi.server [req-8b392070-552d-4bd8-8185-f6291e790813 9b1f9b36d7354b1ea121ccfbae339d8b 85a11a1515f94848be7aa5b56adec8bf - - -] 127.0.0.1 - - [24/Feb/2016 21:25:48] "GET /images/8a724f78-2673-4ea1-b607-373626a15afb HTTP/1.1" 200 911 0.293283
2016-02-24 21:26:08.562 1923 INFO eventlet.wsgi.server [req-c3a57109-ac01-4975-b3bc-5cd6f22158b8 9b1f9b36d7354b1ea121ccfbae339d8b 85a11a1515f94848be7aa5b56adec8bf - - -] 127.0.0.1 - - [24/Feb/2016 21:26:08] "GET /images/8a724f78-2673-4ea1-b607-373626a15afb HTTP/1.1" 200 911 0.176987
2016-02-24 21:26:17.421 1908 INFO eventlet.wsgi.server [req-17408e65-e16f-46f2-b526-3a9852acf9af 9b1f9b36d7354b1ea121ccfbae339d8b 85a11a1515f94848be7aa5b56adec8bf - - -] 127.0.0.1 - - [24/Feb/2016 21:26:17] "GET /images/detail?is_public=None&limit=20 HTTP/1.1" 200 914 0.156651
2016-02-24 21:35:48.162 1916 INFO eventlet.wsgi.server [req-2220eb27-b2ad-47b3-b779-0846c9dbdb91 9b1f9b36d7354b1ea121ccfbae339d8b 85a11a1515f94848be7aa5b56adec8bf - - -] 127.0.0.1 - - [24/Feb/2016 21:35:48] "GET /images/8a724f78-2673-4ea1-b607-373626a15afb HTTP/1.1" 200 911 0.150363
2016-02-24 21:36:08.831 1912 INFO eventlet.wsgi.server [req-29ae3112-995a-4abe-ac23-a85cf43ac8e7 9b1f9b36d7354b1ea121ccfbae339d8b 85a11a1515f94848be7aa5b56adec8bf - - -] 127.0.0.1 - - [24/Feb/2016 21:36:08] "GET /images/8a724f78-2673-4ea1-b607-373626a15afb HTTP/1.1" 200 911 0.169430
2016-02-24 21:36:17.306 1916 INFO eventlet.wsgi.server [req-db4a2e9f-ac90-489f-bb09-0548c2be590f 9b1f9b36d7354b1ea121ccfbae339d8b 85a11a1515f94848be7aa5b56adec8bf - - -] 127.0.0.1 - - [24/Feb/2016 21:36:17] "GET /images/detail?is_public=None&limit=20 HTTP/1.1" 200 914 0.147003
2016-02-24 21:45:48.281 1912 INFO eventlet.wsgi.server [req-e6912342-ae93-4a95-8307-6db01eb5b1a8 9b1f9b36d7354b1ea121ccfbae339d8b 85a11a1515f94848be7aa5b56adec8bf - - -] 127.0.0.1 - - [24/Feb/2016 21:45:48] "GET /images/8a724f78-2673-4ea1-b607-373626a15afb HTTP/1.1" 200 911 0.168879
2016-02-24 21:46:08.611 1908 INFO eventlet.wsgi.server [req-3cf92506-8c08-487f-b661-645709c7e214 9b1f9b36d7354b1ea121ccfbae339d8b 85a11a1515f94848be7aa5b56adec8bf - - -] 127.0.0.1 - - [24/Feb/2016 21:46:08] "GET /images/8a724f78-2673-4ea1-b607-373626a15afb HTTP/1.1" 200 911 0.172757
2016-02-24 21:46:17.431 1916 INFO eventlet.wsgi.server [req-1ff8abc1-13e2-4002-8640-8366aebb28e3 9b1f9b36d7354b1ea121ccfbae339d8b 85a11a1515f94848be7aa5b56adec8bf - - -] 127.0.0.1 - - [24/Feb/2016 21:46:17] "GET /images/detail?is_public=None&limit=20 HTTP/1.1" 200 914 0.167372
2016-02-24 21:55:48.892 1912 INFO eventlet.wsgi.server [req-e8e1b727-3890-4fe6-8efb-e36496910b63 9b1f9b36d7354b1ea121ccfbae339d8b 85a11a1515f94848be7aa5b56adec8bf - - -] 127.0.0.1 - - [24/Feb/2016 21:55:48] "GET /images/8a724f78-2673-4ea1-b607-373626a15afb HTTP/1.1" 200 911 0.127665
2016-02-24 21:56:08.803 1923 INFO eventlet.wsgi.server [req-4f77f506-99bc-4662-afec-72317576b42d 9b1f9b36d7354b1ea121ccfbae339d8b 85a11a1515f94848be7aa5b56adec8bf - - -] 127.0.0.1 - - [24/Feb/2016 21:56:08] "GET /images/8a724f78-2673-4ea1-b607-373626a15afb HTTP/1.1" 200 911 0.147708
2016-02-24 21:56:18.912 1908 INFO eventlet.wsgi.server [req-429f931a-824b-4ab4-a108-441375becd9d 9b1f9b36d7354b1ea121ccfbae339d8b 85a11a1515f94848be7aa5b56adec8bf - - -] 127.0.0.1 - - [24/Feb/2016 21:56:18] "GET /images/detail?is_public=None&limit=20 HTTP/1.1" 200 914 0.322086
2016-02-24 22:05:48.287 1916 INFO eventlet.wsgi.server [req-d127fc4b-80a5-45dd-b6e6-8dffe08d8221 9b1f9b36d7354b1ea121ccfbae339d8b 85a11a1515f94848be7aa5b56adec8bf - - -] 127.0.0.1 - - [24/Feb/2016 22:05:48] "GET /images/8a724f78-2673-4ea1-b607-373626a15afb HTTP/1.1" 200 911 0.141379
2016-02-24 22:06:08.965 1912 INFO eventlet.wsgi.server [req-5c2a4d97-035c-48bd-99bc-7b584c604f5a 9b1f9b36d7354b1ea121ccfbae339d8b 85a11a1515f94848be7aa5b56adec8bf - - -] 127.0.0.1 - - [24/Feb/2016 22:06:08] "GET /images/8a724f78-2673-4ea1-b607-373626a15afb HTTP/1.1" 200 911 0.377792
2016-02-24 22:06:17.463 1923 INFO eventlet.wsgi.server [req-2ac13ee9-1080-4cb6-9d86-b91fae5faf13 9b1f9b36d7354b1ea121ccfbae339d8b 85a11a1515f94848be7aa5b56adec8bf - - -] 127.0.0.1 - - [24/Feb/2016 22:06:17] "GET /images/detail?is_public=None&limit=20 HTTP/1.1" 200 914 0.205863
2016-02-24 22:15:48.193 1916 INFO eventlet.wsgi.server [req-32971307-3c6a-4d8f-8cc2-9119868693d0 9b1f9b36d7354b1ea121ccfbae339d8b 85a11a1515f94848be7aa5b56adec8bf - - -] 127.0.0.1 - - [24/Feb/2016 22:15:48] "GET /images/8a724f78-2673-4ea1-b607-373626a15afb HTTP/1.1" 200 911 0.141842
2016-02-24 22:16:08.861 1916 INFO eventlet.wsgi.server [req-f391cc53-7ffc-432f-a8d1-9f0541e64ef5 9b1f9b36d7354b1ea121ccfbae339d8b 85a11a1515f94848be7aa5b56adec8bf - - -] 127.0.0.1 - - [24/Feb/2016 22:16:08] "GET /images/8a724f78-2673-4ea1-b607-373626a15afb HTTP/1.1" 200 911 0.202876
2016-02-24 22:16:18.024 1908 INFO eventlet.wsgi.server [req-f173e4f8-64a1-4d71-bd22-22f00d83f2d8 9b1f9b36d7354b1ea121ccfbae339d8b 85a11a1515f94848be7aa5b56adec8bf - - -] 127.0.0.1 - - [24/Feb/2016 22:16:18] "GET /images/detail?is_public=None&limit=20 HTTP/1.1" 200 914 0.165543
2016-02-24 22:25:48.301 1923 INFO eventlet.wsgi.server [req-c273d885-cc3d-4f58-833e-fed5f9e5ca83 9b1f9b36d7354b1ea121ccfbae339d8b 85a11a1515f94848be7aa5b56adec8bf - - -] 127.0.0.1 - - [24/Feb/2016 22:25:48] "GET /images/8a724f78-2673-4ea1-b607-373626a15afb HTTP/1.1" 200 911 0.284500
2016-02-24 22:26:08.621 1923 INFO eventlet.wsgi.server [req-bcd92dd7-2180-4a26-949f-c372b82c652a 9b1f9b36d7354b1ea121ccfbae339d8b 85a11a1515f94848be7aa5b56adec8bf - - -] 127.0.0.1 - - [24/Feb/2016 22:26:08] "GET /images/8a724f78-2673-4ea1-b607-373626a15afb HTTP/1.1" 200 911 0.145509
2016-02-24 22:26:17.532 1916 INFO eventlet.wsgi.server [req-2bee71d5-82ad-494e-aec9-2212907fd433 9b1f9b36d7354b1ea121ccfbae339d8b 85a11a1515f94848be7aa5b56adec8bf - - -] 127.0.0.1 - - [24/Feb/2016 22:26:17] "GET /images/detail?is_public=None&limit=20 HTTP/1.1" 200 914 0.286236
2016-02-24 22:35:48.194 1908 INFO eventlet.wsgi.server [req-70d320d1-d4a0-4388-8548-a6c59ca86438 9b1f9b36d7354b1ea121ccfbae339d8b 85a11a1515f94848be7aa5b56adec8bf - - -] 127.0.0.1 - - [24/Feb/2016 22:35:48] "GET /images/8a724f78-2673-4ea1-b607-373626a15afb HTTP/1.1" 200 911 0.158087
2016-02-24 22:36:08.833 1923 INFO eventlet.wsgi.server [req-4867c609-0b07-4d33-bf82-979061ba43be 9b1f9b36d7354b1ea121ccfbae339d8b 85a11a1515f94848be7aa5b56adec8bf - - -] 127.0.0.1 - - [24/Feb/2016 22:36:08] "GET /images/8a724f78-2673-4ea1-b607-373626a15afb HTTP/1.1" 200 911 0.182292
2016-02-24 22:36:17.527 1912 INFO eventlet.wsgi.server [req-2d6c95d6-38b9-4676-a930-f7221cc29e9c 9b1f9b36d7354b1ea121ccfbae339d8b 85a11a1515f94848be7aa5b56adec8bf - - -] 127.0.0.1 - - [24/Feb/2016 22:36:17] "GET /images/detail?is_public=None&limit=20 HTTP/1.1" 200 914 0.157986
2016-02-24 22:45:48.128 1912 INFO eventlet.wsgi.server [req-654f91ad-676b-4990-87d8-9525d6e72480 9b1f9b36d7354b1ea121ccfbae339d8b 85a11a1515f94848be7aa5b56adec8bf - - -] 127.0.0.1 - - [24/Feb/2016 22:45:48] "GET /images/8a724f78-2673-4ea1-b607-373626a15afb HTTP/1.1" 200 911 0.121644
2016-02-24 22:46:09.015 1912 INFO eventlet.wsgi.server [req-f4f100ac-ca33-4c86-8d6b-dd429b25f83a 9b1f9b36d7354b1ea121ccfbae339d8b 85a11a1515f94848be7aa5b56adec8bf - - -] 127.0.0.1 - - [24/Feb/2016 22:46:09] "GET /images/8a724f78-2673-4ea1-b607-373626a15afb HTTP/1.1" 200 911 0.196057
2016-02-24 22:46:17.542 1912 INFO eventlet.wsgi.server [req-b21de6b3-4b91-463a-977e-d0424f1039ed 9b1f9b36d7354b1ea121ccfbae339d8b 85a11a1515f94848be7aa5b56adec8bf - - -] 127.0.0.1 - - [24/Feb/2016 22:46:17] "GET /images/detail?is_public=None&limit=20 HTTP/1.1" 200 914 0.157962
2016-02-24 22:55:48.886 1923 INFO eventlet.wsgi.server [req-f1b0d9b8-715c-42a5-bee7-c1240e4085e5 9b1f9b36d7354b1ea121ccfbae339d8b 85a11a1515f94848be7aa5b56adec8bf - - -] 127.0.0.1 - - [24/Feb/2016 22:55:48] "GET /images/8a724f78-2673-4ea1-b607-373626a15afb HTTP/1.1" 200 911 0.165049
2016-02-24 22:56:09.297 1912 INFO eventlet.wsgi.server [req-7aedd228-edfe-47f4-8a4d-597373a4a525 9b1f9b36d7354b1ea121ccfbae339d8b 85a11a1515f94848be7aa5b56adec8bf - - -] 127.0.0.1 - - [24/Feb/2016 22:56:09] "GET /images/8a724f78-2673-4ea1-b607-373626a15afb HTTP/1.1" 200 911 0.192634
2016-02-24 22:56:17.725 1916 INFO eventlet.wsgi.server [req-d11bbdc8-c0d9-48a8-a76d-392f41f4ea32 9b1f9b36d7354b1ea121ccfbae339d8b 85a11a1515f94848be7aa5b56adec8bf - - -] 127.0.0.1 - - [24/Feb/2016 22:56:17] "GET /images/detail?is_public=None&limit=20 HTTP/1.1" 200 914 0.173833
2016-02-24 23:05:48.059 1923 INFO eventlet.wsgi.server [req-2fdb039b-7a1b-4d97-b4ad-1a7529fd332e 9b1f9b36d7354b1ea121ccfbae339d8b 85a11a1515f94848be7aa5b56adec8bf - - -] 127.0.0.1 - - [24/Feb/2016 23:05:48] "GET /images/8a724f78-2673-4ea1-b607-373626a15afb HTTP/1.1" 200 911 0.149205
2016-02-24 23:06:08.829 1923 INFO eventlet.wsgi.server [req-322602d5-4623-483b-96f0-3b3608d58dc5 9b1f9b36d7354b1ea121ccfbae339d8b 85a11a1515f94848be7aa5b56adec8bf - - -] 127.0.0.1 - - [24/Feb/2016 23:06:08] "GET /images/8a724f78-2673-4ea1-b607-373626a15afb HTTP/1.1" 200 911 0.180722
2016-02-24 23:06:18.082 1912 INFO eventlet.wsgi.server [req-457bd2be-cf2c-4990-a497-02a59d7eda0a 9b1f9b36d7354b1ea121ccfbae339d8b 85a11a1515f94848be7aa5b56adec8bf - - -] 127.0.0.1 - - [24/Feb/2016 23:06:18] "GET /images/detail?is_public=None&limit=20 HTTP/1.1" 200 914 0.281579
2016-02-24 23:15:48.245 1916 INFO eventlet.wsgi.server [req-fc1ea1b4-0d05-4a25-a968-633ccc1cc679 9b1f9b36d7354b1ea121ccfbae339d8b 85a11a1515f94848be7aa5b56adec8bf - - -] 127.0.0.1 - - [24/Feb/2016 23:15:48] "GET /images/8a724f78-2673-4ea1-b607-373626a15afb HTTP/1.1" 200 911 0.142842
2016-02-24 23:16:08.968 1912 INFO eventlet.wsgi.server [req-728b02ce-56ce-46b1-8306-5f71b382e6a1 9b1f9b36d7354b1ea121ccfbae339d8b 85a11a1515f94848be7aa5b56adec8bf - - -] 127.0.0.1 - - [24/Feb/2016 23:16:08] "GET /images/8a724f78-2673-4ea1-b607-373626a15afb HTTP/1.1" 200 911 0.300585
2016-02-24 23:16:18.187 1908 INFO eventlet.wsgi.server [req-40b5915c-77e7-4f89-b209-6a9b367aff3f 9b1f9b36d7354b1ea121ccfbae339d8b 85a11a1515f94848be7aa5b56adec8bf - - -] 127.0.0.1 - - [24/Feb/2016 23:16:18] "GET /images/detail?is_public=None&limit=20 HTTP/1.1" 200 914 0.333805
2016-02-25 19:46:50.076 1025 INFO glance.common.wsgi [-] Starting 4 workers
2016-02-25 19:46:50.197 1025 INFO glance.common.wsgi [-] Started child 1858
2016-02-25 19:46:50.251 1858 INFO eventlet.wsgi.server [-] (1858) wsgi starting up on http://0.0.0.0:9191/
2016-02-25 19:46:50.295 1025 INFO glance.common.wsgi [-] Started child 1862
2016-02-25 19:46:50.329 1862 INFO eventlet.wsgi.server [-] (1862) wsgi starting up on http://0.0.0.0:9191/
2016-02-25 19:46:50.443 1025 INFO glance.common.wsgi [-] Started child 1866
2016-02-25 19:46:50.495 1866 INFO eventlet.wsgi.server [-] (1866) wsgi starting up on http://0.0.0.0:9191/
2016-02-25 19:46:50.624 1025 INFO glance.common.wsgi [-] Started child 1868
2016-02-25 19:46:50.661 1868 INFO eventlet.wsgi.server [-] (1868) wsgi starting up on http://0.0.0.0:9191/
2016-02-25 19:55:23.834 1862 INFO eventlet.wsgi.server [req-0f2098a8-51a4-4c3e-a5b5-b60b11d73bf4 9b1f9b36d7354b1ea121ccfbae339d8b 85a11a1515f94848be7aa5b56adec8bf - - -] 127.0.0.1 - - [25/Feb/2016 19:55:23] "GET /images/8a724f78-2673-4ea1-b607-373626a15afb HTTP/1.1" 200 911 0.543612
2016-02-25 19:56:33.473 1868 INFO eventlet.wsgi.server [req-f0922097-4bc5-48b2-915c-ce3acbeaf9cc 9b1f9b36d7354b1ea121ccfbae339d8b 85a11a1515f94848be7aa5b56adec8bf - - -] 127.0.0.1 - - [25/Feb/2016 19:56:33] "GET /images/8a724f78-2673-4ea1-b607-373626a15afb HTTP/1.1" 200 911 0.481756
2016-02-25 19:56:51.302 1866 INFO eventlet.wsgi.server [req-5a65d27a-5153-4e0e-ab7a-d91924f11a0c 9b1f9b36d7354b1ea121ccfbae339d8b 85a11a1515f94848be7aa5b56adec8bf - - -] 127.0.0.1 - - [25/Feb/2016 19:56:51] "GET /images/detail?is_public=None&limit=20 HTTP/1.1" 200 914 0.574001
2016-02-25 20:05:22.879 1868 INFO eventlet.wsgi.server [req-2351190e-dab8-4ca7-96ca-696dbfe85155 9b1f9b36d7354b1ea121ccfbae339d8b 85a11a1515f94848be7aa5b56adec8bf - - -] 127.0.0.1 - - [25/Feb/2016 20:05:22] "GET /images/8a724f78-2673-4ea1-b607-373626a15afb HTTP/1.1" 200 911 0.142949
2016-02-25 20:06:32.937 1862 INFO eventlet.wsgi.server [req-a961d208-d85e-41ec-b7c9-49999a67c8e5 9b1f9b36d7354b1ea121ccfbae339d8b 85a11a1515f94848be7aa5b56adec8bf - - -] 127.0.0.1 - - [25/Feb/2016 20:06:32] "GET /images/8a724f78-2673-4ea1-b607-373626a15afb HTTP/1.1" 200 911 0.153009
2016-02-25 20:06:50.873 1858 INFO eventlet.wsgi.server [req-d48abf2a-952d-48b3-b700-59458cf5e7ee 9b1f9b36d7354b1ea121ccfbae339d8b 85a11a1515f94848be7aa5b56adec8bf - - -] 127.0.0.1 - - [25/Feb/2016 20:06:50] "GET /images/detail?is_public=None&limit=20 HTTP/1.1" 200 914 0.525879
2016-02-25 20:15:22.615 1862 INFO eventlet.wsgi.server [req-01f07440-00f5-4b7a-a85f-9a87d4c54b19 9b1f9b36d7354b1ea121ccfbae339d8b 85a11a1515f94848be7aa5b56adec8bf - - -] 127.0.0.1 - - [25/Feb/2016 20:15:22] "GET /images/8a724f78-2673-4ea1-b607-373626a15afb HTTP/1.1" 200 911 0.131274
2016-02-25 20:16:32.712 1868 INFO eventlet.wsgi.server [req-861d9159-c65f-47c9-9901-e92dfbe86426 9b1f9b36d7354b1ea121ccfbae339d8b 85a11a1515f94848be7aa5b56adec8bf - - -] 127.0.0.1 - - [25/Feb/2016 20:16:32] "GET /images/8a724f78-2673-4ea1-b607-373626a15afb HTTP/1.1" 200 911 0.117766
2016-02-25 20:16:50.756 1868 INFO eventlet.wsgi.server [req-847fcef1-47f3-4e7c-8d99-4bfc99bd2fc8 9b1f9b36d7354b1ea121ccfbae339d8b 85a11a1515f94848be7aa5b56adec8bf - - -] 127.0.0.1 - - [25/Feb/2016 20:16:50] "GET /images/detail?is_public=None&limit=20 HTTP/1.1" 200 914 0.145594
2016-02-25 20:25:22.566 1862 INFO eventlet.wsgi.server [req-acfe2c05-3a36-44b6-a7ab-5ed462980141 9b1f9b36d7354b1ea121ccfbae339d8b 85a11a1515f94848be7aa5b56adec8bf - - -] 127.0.0.1 - - [25/Feb/2016 20:25:22] "GET /images/8a724f78-2673-4ea1-b607-373626a15afb HTTP/1.1" 200 911 0.121791
2016-02-25 20:26:32.653 1868 INFO eventlet.wsgi.server [req-cd71f97b-c048-4eb3-a513-f33aa561cea8 9b1f9b36d7354b1ea121ccfbae339d8b 85a11a1515f94848be7aa5b56adec8bf - - -] 127.0.0.1 - - [25/Feb/2016 20:26:32] "GET /images/8a724f78-2673-4ea1-b607-373626a15afb HTTP/1.1" 200 911 0.135842
2016-02-25 20:26:50.745 1866 INFO eventlet.wsgi.server [req-a506f5f8-699d-4d68-92b8-235d6720743c 9b1f9b36d7354b1ea121ccfbae339d8b 85a11a1515f94848be7aa5b56adec8bf - - -] 127.0.0.1 - - [25/Feb/2016 20:26:50] "GET /images/detail?is_public=None&limit=20 HTTP/1.1" 200 914 0.136627
2016-02-25 20:35:22.539 1866 INFO eventlet.wsgi.server [req-9ef7732b-f51d-423e-9ea5-14b45bc90138 9b1f9b36d7354b1ea121ccfbae339d8b 85a11a1515f94848be7aa5b56adec8bf - - -] 127.0.0.1 - - [25/Feb/2016 20:35:22] "GET /images/8a724f78-2673-4ea1-b607-373626a15afb HTTP/1.1" 200 911 0.121964
2016-02-25 20:36:32.804 1862 INFO eventlet.wsgi.server [req-b51903da-8e7a-4e21-8c39-d185c88c67e3 9b1f9b36d7354b1ea121ccfbae339d8b 85a11a1515f94848be7aa5b56adec8bf - - -] 127.0.0.1 - - [25/Feb/2016 20:36:32] "GET /images/8a724f78-2673-4ea1-b607-373626a15afb HTTP/1.1" 200 911 0.202790
2016-02-25 20:36:50.450 1868 INFO eventlet.wsgi.server [req-e47ff47f-64ad-4083-b6d8-23322148faea 9b1f9b36d7354b1ea121ccfbae339d8b 85a11a1515f94848be7aa5b56adec8bf - - -] 127.0.0.1 - - [25/Feb/2016 20:36:50] "GET /images/detail?is_public=None&limit=20 HTTP/1.1" 200 914 0.142527
2016-02-25 20:45:22.556 1862 INFO eventlet.wsgi.server [req-f8e7e020-962c-452e-b4e8-95b54dd11045 9b1f9b36d7354b1ea121ccfbae339d8b 85a11a1515f94848be7aa5b56adec8bf - - -] 127.0.0.1 - - [25/Feb/2016 20:45:22] "GET /images/8a724f78-2673-4ea1-b607-373626a15afb HTTP/1.1" 200 911 0.175731
2016-02-25 20:46:32.932 1862 INFO eventlet.wsgi.server [req-ab8288fe-746c-456d-9439-889f19dff997 9b1f9b36d7354b1ea121ccfbae339d8b 85a11a1515f94848be7aa5b56adec8bf - - -] 127.0.0.1 - - [25/Feb/2016 20:46:32] "GET /images/8a724f78-2673-4ea1-b607-373626a15afb HTTP/1.1" 200 911 0.148734
2016-02-25 20:46:50.730 1868 INFO eventlet.wsgi.server [req-5af11837-6086-4916-a08a-ce9283a19663 9b1f9b36d7354b1ea121ccfbae339d8b 85a11a1515f94848be7aa5b56adec8bf - - -] 127.0.0.1 - - [25/Feb/2016 20:46:50] "GET /images/detail?is_public=None&limit=20 HTTP/1.1" 200 914 0.138782
2016-02-25 20:48:22.411 1858 INFO eventlet.wsgi.server [req-286b4ef3-0894-408c-896f-decb32fcadb7 e9483918caa940a48fe882ba092c7e0b 300b2cc45c3846939e589310ae714e46 - - -] 127.0.0.1 - - [25/Feb/2016 20:48:22] "GET /images/detail?sort_key=name&sort_dir=asc&limit=20 HTTP/1.1" 200 914 0.167974
2016-02-25 20:49:16.075 1862 INFO glance.registry.api.v1.images [req-a56c302e-e81f-44c1-9718-318d03550080 e9483918caa940a48fe882ba092c7e0b 300b2cc45c3846939e589310ae714e46 - - -] Successfully created image 9535cff0-1980-4ac8-a702-a3b6234c88dd
2016-02-25 20:49:16.077 1862 INFO eventlet.wsgi.server [req-a56c302e-e81f-44c1-9718-318d03550080 e9483918caa940a48fe882ba092c7e0b 300b2cc45c3846939e589310ae714e46 - - -] 127.0.0.1 - - [25/Feb/2016 20:49:16] "POST /images HTTP/1.1" 200 891 0.148048
2016-02-25 20:49:16.193 1862 INFO eventlet.wsgi.server [req-2dfd2983-0833-4f54-9adb-c48e493a19aa e9483918caa940a48fe882ba092c7e0b 300b2cc45c3846939e589310ae714e46 - - -] 127.0.0.1 - - [25/Feb/2016 20:49:16] "GET /images/9535cff0-1980-4ac8-a702-a3b6234c88dd HTTP/1.1" 200 891 0.017821
2016-02-25 20:49:16.700 1858 INFO glance.registry.api.v1.images [req-ed9f1ac9-f79b-4160-8700-64d51f3b7db7 e9483918caa940a48fe882ba092c7e0b 300b2cc45c3846939e589310ae714e46 - - -] Updating metadata for image 9535cff0-1980-4ac8-a702-a3b6234c88dd
2016-02-25 20:49:16.702 1858 INFO eventlet.wsgi.server [req-ed9f1ac9-f79b-4160-8700-64d51f3b7db7 e9483918caa940a48fe882ba092c7e0b 300b2cc45c3846939e589310ae714e46 - - -] 127.0.0.1 - - [25/Feb/2016 20:49:16] "PUT /images/9535cff0-1980-4ac8-a702-a3b6234c88dd HTTP/1.1" 200 891 0.168350
2016-02-25 20:49:16.869 1866 INFO eventlet.wsgi.server [req-1e5e43a3-0f3b-452d-94b0-24b58ed11a3a e9483918caa940a48fe882ba092c7e0b 300b2cc45c3846939e589310ae714e46 - - -] 127.0.0.1 - - [25/Feb/2016 20:49:16] "GET /images/9535cff0-1980-4ac8-a702-a3b6234c88dd/members HTTP/1.1" 200 208 0.142417
2016-02-25 20:49:25.523 1868 INFO eventlet.wsgi.server [req-75e8083f-b6cc-42b2-bf31-318a8e70da2f e9483918caa940a48fe882ba092c7e0b 300b2cc45c3846939e589310ae714e46 - - -] 127.0.0.1 - - [25/Feb/2016 20:49:25] "GET /images/detail?sort_key=name&sort_dir=asc&limit=20 HTTP/1.1" 200 1603 0.161914
2016-02-25 20:55:22.869 1866 INFO eventlet.wsgi.server [req-d8fd462b-5cfc-4b9a-a135-711fbe5ca985 9b1f9b36d7354b1ea121ccfbae339d8b 85a11a1515f94848be7aa5b56adec8bf - - -] 127.0.0.1 - - [25/Feb/2016 20:55:22] "GET /images/8a724f78-2673-4ea1-b607-373626a15afb HTTP/1.1" 200 911 0.118534
2016-02-25 20:56:33.254 1868 INFO eventlet.wsgi.server [req-78bd86a6-cb4d-4df4-af37-ef509279952d 9b1f9b36d7354b1ea121ccfbae339d8b 85a11a1515f94848be7aa5b56adec8bf - - -] 127.0.0.1 - - [25/Feb/2016 20:56:33] "GET /images/8a724f78-2673-4ea1-b607-373626a15afb HTTP/1.1" 200 911 0.246921
2016-02-25 20:56:51.150 1868 INFO eventlet.wsgi.server [req-72109c86-565f-4ea8-9b61-02cb99b1bc53 9b1f9b36d7354b1ea121ccfbae339d8b 85a11a1515f94848be7aa5b56adec8bf - - -] 127.0.0.1 - - [25/Feb/2016 20:56:51] "GET /images/detail?is_public=None&limit=20 HTTP/1.1" 200 1603 0.255396
2016-02-25 21:04:15.423 1866 INFO glance.registry.api.v1.images [req-c6e298b8-9b3b-4b86-b440-68938182b084 e9483918caa940a48fe882ba092c7e0b 300b2cc45c3846939e589310ae714e46 - - -] Successfully created image 10717506-1635-4d89-9004-c6438efc98c7
2016-02-25 21:04:15.426 1866 INFO eventlet.wsgi.server [req-c6e298b8-9b3b-4b86-b440-68938182b084 e9483918caa940a48fe882ba092c7e0b 300b2cc45c3846939e589310ae714e46 - - -] 127.0.0.1 - - [25/Feb/2016 21:04:15] "POST /images HTTP/1.1" 200 891 0.313011
2016-02-25 21:04:15.701 1862 INFO eventlet.wsgi.server [req-f4fb0ec8-fcd0-48e3-bf89-88e5aad3335b e9483918caa940a48fe882ba092c7e0b 300b2cc45c3846939e589310ae714e46 - - -] 127.0.0.1 - - [25/Feb/2016 21:04:15] "GET /images/10717506-1635-4d89-9004-c6438efc98c7 HTTP/1.1" 200 891 0.253976
2016-02-25 21:04:16.109 1866 INFO glance.registry.api.v1.images [req-52eec37b-9ffd-4cd6-ab97-51b2ed1e6127 e9483918caa940a48fe882ba092c7e0b 300b2cc45c3846939e589310ae714e46 - - -] Updating metadata for image 10717506-1635-4d89-9004-c6438efc98c7
2016-02-25 21:04:16.111 1866 INFO eventlet.wsgi.server [req-52eec37b-9ffd-4cd6-ab97-51b2ed1e6127 e9483918caa940a48fe882ba092c7e0b 300b2cc45c3846939e589310ae714e46 - - -] 127.0.0.1 - - [25/Feb/2016 21:04:16] "PUT /images/10717506-1635-4d89-9004-c6438efc98c7 HTTP/1.1" 200 891 0.061183
2016-02-25 21:04:16.147 1866 INFO eventlet.wsgi.server [req-d257cd5b-e6d7-44f3-95c5-12442998afc8 e9483918caa940a48fe882ba092c7e0b 300b2cc45c3846939e589310ae714e46 - - -] 127.0.0.1 - - [25/Feb/2016 21:04:16] "GET /images/10717506-1635-4d89-9004-c6438efc98c7/members HTTP/1.1" 200 208 0.017026
2016-02-25 21:04:28.549 1858 INFO eventlet.wsgi.server [req-62d3e473-b03f-404c-b514-65c747159508 e9483918caa940a48fe882ba092c7e0b 300b2cc45c3846939e589310ae714e46 - - -] 127.0.0.1 - - [25/Feb/2016 21:04:28] "GET /images/detail?sort_key=name&sort_dir=asc&limit=20 HTTP/1.1" 200 2291 0.151343
2016-02-25 21:05:22.476 1862 INFO eventlet.wsgi.server [req-9dd5b108-3848-4069-8391-4bf2a2bfcdd2 9b1f9b36d7354b1ea121ccfbae339d8b 85a11a1515f94848be7aa5b56adec8bf - - -] 127.0.0.1 - - [25/Feb/2016 21:05:22] "GET /images/8a724f78-2673-4ea1-b607-373626a15afb HTTP/1.1" 200 911 0.116568
2016-02-25 21:06:32.918 1868 INFO eventlet.wsgi.server [req-41e0ae44-4fc2-4d20-805b-01a09b6fb35a 9b1f9b36d7354b1ea121ccfbae339d8b 85a11a1515f94848be7aa5b56adec8bf - - -] 127.0.0.1 - - [25/Feb/2016 21:06:32] "GET /images/8a724f78-2673-4ea1-b607-373626a15afb HTTP/1.1" 200 911 0.142676
2016-02-25 21:06:38.020 1858 INFO eventlet.wsgi.server [req-70b1275a-b419-47e9-99e6-09df9719d461 e9483918caa940a48fe882ba092c7e0b 300b2cc45c3846939e589310ae714e46 - - -] 127.0.0.1 - - [25/Feb/2016 21:06:38] "GET /images/detail?is_public=none&limit=20 HTTP/1.1" 200 2291 0.153264
2016-02-25 21:06:38.342 1858 INFO eventlet.wsgi.server [req-767b88c1-802b-4665-a22e-9dbe8ce91731 e9483918caa940a48fe882ba092c7e0b 300b2cc45c3846939e589310ae714e46 - - -] 127.0.0.1 - - [25/Feb/2016 21:06:38] "GET /images/10717506-1635-4d89-9004-c6438efc98c7 HTTP/1.1" 200 891 0.017711
2016-02-25 21:06:38.476 1862 INFO eventlet.wsgi.server [req-095e71a1-a5e9-4b69-a6d3-cbc07f260b1c e9483918caa940a48fe882ba092c7e0b 300b2cc45c3846939e589310ae714e46 - - -] 127.0.0.1 - - [25/Feb/2016 21:06:38] "GET /images/10717506-1635-4d89-9004-c6438efc98c7 HTTP/1.1" 200 891 0.115213
2016-02-25 21:06:38.623 1862 INFO eventlet.wsgi.server [req-7ea54c30-d92c-4b97-9208-e7a529fcbd94 e9483918caa940a48fe882ba092c7e0b 300b2cc45c3846939e589310ae714e46 - - -] 127.0.0.1 - - [25/Feb/2016 21:06:38] "GET /images/9535cff0-1980-4ac8-a702-a3b6234c88dd HTTP/1.1" 200 891 0.019099
2016-02-25 21:06:38.761 1866 INFO eventlet.wsgi.server [req-ab3e6456-11a6-4a3d-b8dc-e32094c28196 e9483918caa940a48fe882ba092c7e0b 300b2cc45c3846939e589310ae714e46 - - -] 127.0.0.1 - - [25/Feb/2016 21:06:38] "GET /images/9535cff0-1980-4ac8-a702-a3b6234c88dd HTTP/1.1" 200 891 0.119589
2016-02-25 21:06:50.694 1866 INFO eventlet.wsgi.server [req-952a2947-1fc0-4774-8c14-4639e60b34e7 9b1f9b36d7354b1ea121ccfbae339d8b 85a11a1515f94848be7aa5b56adec8bf - - -] 127.0.0.1 - - [25/Feb/2016 21:06:50] "GET /images/detail?is_public=None&limit=20 HTTP/1.1" 200 2291 0.170052
2016-02-25 21:08:34.091 1866 INFO eventlet.wsgi.server [req-e9214a45-fa06-4809-9986-d2b1ea8082ed e9483918caa940a48fe882ba092c7e0b 300b2cc45c3846939e589310ae714e46 - - -] 127.0.0.1 - - [25/Feb/2016 21:08:34] "GET /images/detail?sort_key=name&sort_dir=asc&limit=20 HTTP/1.1" 200 2291 0.155366
2016-02-25 21:11:26.873 1858 INFO eventlet.wsgi.server [req-71351f40-66e9-4d2b-8343-8c5966a517ac e9483918caa940a48fe882ba092c7e0b 300b2cc45c3846939e589310ae714e46 - - -] 127.0.0.1 - - [25/Feb/2016 21:11:26] "GET /images/detail?sort_key=name&sort_dir=asc&limit=20 HTTP/1.1" 200 2291 0.309362
2016-02-25 21:11:40.051 1868 INFO eventlet.wsgi.server [req-9d2a6eca-0109-4cc5-9087-6b97bbfebb59 e9483918caa940a48fe882ba092c7e0b 300b2cc45c3846939e589310ae714e46 - - -] 127.0.0.1 - - [25/Feb/2016 21:11:40] "GET /images/10717506-1635-4d89-9004-c6438efc98c7 HTTP/1.1" 200 891 0.129058
2016-02-25 21:11:40.178 1858 INFO eventlet.wsgi.server [req-1b08fe01-b311-47b0-a5cf-504825ad5a73 e9483918caa940a48fe882ba092c7e0b 300b2cc45c3846939e589310ae714e46 - - -] 127.0.0.1 - - [25/Feb/2016 21:11:40] "GET /images/10717506-1635-4d89-9004-c6438efc98c7 HTTP/1.1" 200 891 0.097951
2016-02-25 21:11:40.209 1858 INFO eventlet.wsgi.server [req-3629a65f-72b3-4779-9645-213b9fcfb0f8 e9483918caa940a48fe882ba092c7e0b 300b2cc45c3846939e589310ae714e46 - - -] 127.0.0.1 - - [25/Feb/2016 21:11:40] "GET /images/10717506-1635-4d89-9004-c6438efc98c7 HTTP/1.1" 200 891 0.013508
2016-02-25 21:11:40.246 1858 INFO glance.registry.api.v1.images [req-ae64ab32-66e0-41e7-bb05-9a08ec915ec7 e9483918caa940a48fe882ba092c7e0b 300b2cc45c3846939e589310ae714e46 - - -] Updating metadata for image 10717506-1635-4d89-9004-c6438efc98c7
2016-02-25 21:11:40.248 1858 INFO eventlet.wsgi.server [req-ae64ab32-66e0-41e7-bb05-9a08ec915ec7 e9483918caa940a48fe882ba092c7e0b 300b2cc45c3846939e589310ae714e46 - - -] 127.0.0.1 - - [25/Feb/2016 21:11:40] "PUT /images/10717506-1635-4d89-9004-c6438efc98c7 HTTP/1.1" 200 892 0.034694
2016-02-25 21:11:40.352 1858 INFO glance.registry.api.v1.images [req-3ffc4864-9a28-486e-b274-412ba1caab88 e9483918caa940a48fe882ba092c7e0b 300b2cc45c3846939e589310ae714e46 - - -] Successfully deleted image 10717506-1635-4d89-9004-c6438efc98c7
2016-02-25 21:11:40.354 1858 INFO eventlet.wsgi.server [req-3ffc4864-9a28-486e-b274-412ba1caab88 e9483918caa940a48fe882ba092c7e0b 300b2cc45c3846939e589310ae714e46 - - -] 127.0.0.1 - - [25/Feb/2016 21:11:40] "DELETE /images/10717506-1635-4d89-9004-c6438efc98c7 HTTP/1.1" 200 725 0.056921
2016-02-25 21:11:44.708 1862 INFO eventlet.wsgi.server [req-da32391c-af9e-4b1b-911b-cd06a23f0716 e9483918caa940a48fe882ba092c7e0b 300b2cc45c3846939e589310ae714e46 - - -] 127.0.0.1 - - [25/Feb/2016 21:11:44] "GET /images/detail?sort_key=name&sort_dir=asc&limit=20 HTTP/1.1" 200 1603 0.154368
2016-02-25 21:11:56.046 1858 INFO eventlet.wsgi.server [req-d37a1313-c34d-4c73-915a-8fa3d2410dfb e9483918caa940a48fe882ba092c7e0b 300b2cc45c3846939e589310ae714e46 - - -] 127.0.0.1 - - [25/Feb/2016 21:11:56] "GET /images/detail?is_public=none&limit=20 HTTP/1.1" 200 1603 0.136180
2016-02-25 21:11:56.114 1858 INFO eventlet.wsgi.server [req-dc75d233-9865-4ef6-9423-749df1c0ff0b e9483918caa940a48fe882ba092c7e0b 300b2cc45c3846939e589310ae714e46 - - -] 127.0.0.1 - - [25/Feb/2016 21:11:56] "GET /images/9535cff0-1980-4ac8-a702-a3b6234c88dd HTTP/1.1" 200 891 0.016019
2016-02-25 21:11:56.148 1858 INFO eventlet.wsgi.server [req-08922b21-6acd-40dd-b5e9-e2c360495c6f e9483918caa940a48fe882ba092c7e0b 300b2cc45c3846939e589310ae714e46 - - -] 127.0.0.1 - - [25/Feb/2016 21:11:56] "GET /images/9535cff0-1980-4ac8-a702-a3b6234c88dd HTTP/1.1" 200 891 0.018516
2016-02-25 21:11:56.294 1858 INFO eventlet.wsgi.server [req-c1cbc1f7-a608-456c-9f63-2a0263915d07 e9483918caa940a48fe882ba092c7e0b 300b2cc45c3846939e589310ae714e46 - - -] 127.0.0.1 - - [25/Feb/2016 21:11:56] "GET /images/9535cff0-1980-4ac8-a702-a3b6234c88dd HTTP/1.1" 200 891 0.013202
2016-02-25 21:11:56.424 1868 INFO eventlet.wsgi.server [req-46734478-4606-4b63-90ca-4e49380aff25 e9483918caa940a48fe882ba092c7e0b 300b2cc45c3846939e589310ae714e46 - - -] 127.0.0.1 - - [25/Feb/2016 21:11:56] "GET /images/9535cff0-1980-4ac8-a702-a3b6234c88dd HTTP/1.1" 200 891 0.116491
2016-02-25 21:11:57.289 1862 INFO eventlet.wsgi.server [req-9fd40144-4047-4066-b4d3-ddbe4801dd25 e9483918caa940a48fe882ba092c7e0b 300b2cc45c3846939e589310ae714e46 - - -] 127.0.0.1 - - [25/Feb/2016 21:11:57] "GET /images/9535cff0-1980-4ac8-a702-a3b6234c88dd HTTP/1.1" 200 891 0.097697
2016-02-25 21:11:57.426 1866 INFO eventlet.wsgi.server [req-30c2c7ac-94ab-4160-ab1c-adbb9b4e2f23 e9483918caa940a48fe882ba092c7e0b 300b2cc45c3846939e589310ae714e46 - - -] 127.0.0.1 - - [25/Feb/2016 21:11:57] "GET /images/9535cff0-1980-4ac8-a702-a3b6234c88dd HTTP/1.1" 200 891 0.119329
2016-02-25 21:11:58.190 1866 INFO eventlet.wsgi.server [req-ecb10692-32cd-4b1f-860f-dec64bf2952a e9483918caa940a48fe882ba092c7e0b 300b2cc45c3846939e589310ae714e46 - - -] 127.0.0.1 - - [25/Feb/2016 21:11:58] "GET /images/9535cff0-1980-4ac8-a702-a3b6234c88dd HTTP/1.1" 200 891 0.016438
2016-02-25 21:12:07.872 1862 INFO eventlet.wsgi.server [req-abd4d161-1d8d-41dc-8fb2-47a035af4ee4 e9483918caa940a48fe882ba092c7e0b 300b2cc45c3846939e589310ae714e46 - - -] 127.0.0.1 - - [25/Feb/2016 21:12:07] "GET /images/detail?sort_key=created_at&sort_dir=desc&limit=1000 HTTP/1.1" 200 1603 0.180479
2016-02-25 21:12:10.390 1858 INFO eventlet.wsgi.server [req-79bb1ef7-7b07-4426-9cd5-e50b1dbc3443 e9483918caa940a48fe882ba092c7e0b 300b2cc45c3846939e589310ae714e46 - - -] 127.0.0.1 - - [25/Feb/2016 21:12:10] "GET /images/9535cff0-1980-4ac8-a702-a3b6234c88dd HTTP/1.1" 200 891 0.131803
